

================================================================
== Vitis HLS Report for 'dataflow_in_loop_VITIS_LOOP_149_1_1'
================================================================
* Date:           Mon Jun 30 08:25:41 2025

* Version:        2024.2 (Build 5238294 on Nov  8 2024)
* Project:        reconstruct
* Solution:       hls (Vivado IP Flow Target)
* Product family: zynquplusRFSOC
* Target device:  xczu49dr-ffvf1760-2-e


================================================================
== Performance Estimates
================================================================
+ Timing: 
    * Summary: 
    +--------+----------+----------+------------+
    |  Clock |  Target  | Estimated| Uncertainty|
    +--------+----------+----------+------------+
    |ap_clk  |  10.00 ns|  7.705 ns|     2.70 ns|
    +--------+----------+----------+------------+

+ Latency: 
    * Summary: 
    +---------+---------+-----------+-----------+------+------+----------+
    |  Latency (cycles) |   Latency (absolute)  |   Interval  | Pipeline |
    |   min   |   max   |    min    |    max    |  min |  max |   Type   |
    +---------+---------+-----------+-----------+------+------+----------+
    |     4888|     4888|  48.880 us|  48.880 us|  3868|  3868|  dataflow|
    +---------+---------+-----------+-----------+------+------+----------+

    + Detail: 
        * Instance: 
        N/A

        * Loop: 
        N/A

============================================================
+ Verbose Summary: Synthesis Manager
============================================================
InlineROM: 1
ExposeGlobal: 0
============================================================
+ Verbose Summary: CDFG Model
============================================================
IsTopModel: 0
ResetActiveHigh: 1
IsCombinational: 2
IsDatapathOnly: 0
HasWiredReturn: 1
HasMFsm: 0
HasVarLatency: 1
IsPipeline: 0
IsRtlPipelined: 0
IsInstanceOverlapped: 0
IsDontTouch: 0
HasImplIP: 0
IsGatedGlobalClock: 0


============================================================
+ Verbose Summary: Schedule
============================================================
* Number of FSM states : 7
* Pipeline : 0
* Dataflow Pipeline: 1
  DF-Pipeline-0: Size = 7, States = { 1 2 3 4 5 6 7 }

* FSM state transitions: 
1 --> 2 
2 --> 3 
3 --> 4 
4 --> 5 
5 --> 6 
6 --> 7 
7 --> 

* FSM state operations: 

State 1 <SV = 0> <Delay = 1.96>
ST_1 : Operation 8 [1/1] (0.00ns)   --->   "%atomLocations1_read = read i64 @_ssdm_op_Read.ap_auto.i64, i64 %atomLocations1"   --->   Operation 8 'read' 'atomLocations1_read' <Predicate = true> <Delay = 0.00>
ST_1 : Operation 9 [1/1] (0.00ns)   --->   "%projShape1_read = read i32 @_ssdm_op_Read.ap_auto.i32, i32 %projShape1"   --->   Operation 9 'read' 'projShape1_read' <Predicate = true> <Delay = 0.00>
ST_1 : Operation 10 [1/1] (0.00ns)   --->   "%projShape0_read = read i32 @_ssdm_op_Read.ap_auto.i32, i32 %projShape0"   --->   Operation 10 'read' 'projShape0_read' <Predicate = true> <Delay = 0.00>
ST_1 : Operation 11 [1/1] (0.00ns)   --->   "%psfSupersample_read = read i32 @_ssdm_op_Read.ap_auto.i32, i32 %psfSupersample"   --->   Operation 11 'read' 'psfSupersample_read' <Predicate = true> <Delay = 0.00>
ST_1 : Operation 12 [1/1] (0.00ns)   --->   "%conv_read = read i16 @_ssdm_op_Read.ap_auto.i16, i16 %conv"   --->   Operation 12 'read' 'conv_read' <Predicate = true> <Delay = 0.00>
ST_1 : Operation 13 [1/1] (0.00ns)   --->   "%localImages = alloca i64 1"   --->   Operation 13 'alloca' 'localImages' <Predicate = true> <Delay = 0.00> <CoreInst = "FIFO_SRL">   --->   Core 80 'FIFO_SRL' <Latency = 0> <II = 1> <Delay = 1.83> <Storage> <Opcode : 'read' 'write' 'nbread' 'nbwrite'> <Ports = 0> <Width = 256> <Depth = 4> <FIFO>
ST_1 : Operation 14 [1/1] (0.00ns)   --->   "%curr_localImage = alloca i64 1" [../image_analysis.cpp:154]   --->   Operation 14 'alloca' 'curr_localImage' <Predicate = true> <Delay = 0.00>
ST_1 : Operation 15 [1/1] (0.00ns)   --->   "%curr_localImage_1_99 = alloca i64 1" [../image_analysis.cpp:154]   --->   Operation 15 'alloca' 'curr_localImage_1_99' <Predicate = true> <Delay = 0.00>
ST_1 : Operation 16 [1/1] (0.00ns)   --->   "%curr_localImage_2_100 = alloca i64 1" [../image_analysis.cpp:154]   --->   Operation 16 'alloca' 'curr_localImage_2_100' <Predicate = true> <Delay = 0.00>
ST_1 : Operation 17 [1/1] (0.00ns)   --->   "%curr_localImage_3_101 = alloca i64 1" [../image_analysis.cpp:154]   --->   Operation 17 'alloca' 'curr_localImage_3_101' <Predicate = true> <Delay = 0.00>
ST_1 : Operation 18 [1/1] (0.00ns)   --->   "%curr_localImage_4_102 = alloca i64 1" [../image_analysis.cpp:154]   --->   Operation 18 'alloca' 'curr_localImage_4_102' <Predicate = true> <Delay = 0.00>
ST_1 : Operation 19 [1/1] (0.00ns)   --->   "%curr_localImage_5_103 = alloca i64 1" [../image_analysis.cpp:154]   --->   Operation 19 'alloca' 'curr_localImage_5_103' <Predicate = true> <Delay = 0.00>
ST_1 : Operation 20 [1/1] (0.00ns)   --->   "%curr_localImage_6_104 = alloca i64 1" [../image_analysis.cpp:154]   --->   Operation 20 'alloca' 'curr_localImage_6_104' <Predicate = true> <Delay = 0.00>
ST_1 : Operation 21 [1/1] (0.00ns)   --->   "%curr_localImage_7_105 = alloca i64 1" [../image_analysis.cpp:154]   --->   Operation 21 'alloca' 'curr_localImage_7_105' <Predicate = true> <Delay = 0.00>
ST_1 : Operation 22 [1/1] (0.00ns)   --->   "%curr_localImage_8_106 = alloca i64 1" [../image_analysis.cpp:154]   --->   Operation 22 'alloca' 'curr_localImage_8_106' <Predicate = true> <Delay = 0.00>
ST_1 : Operation 23 [1/1] (0.00ns)   --->   "%curr_localImage_9_107 = alloca i64 1" [../image_analysis.cpp:154]   --->   Operation 23 'alloca' 'curr_localImage_9_107' <Predicate = true> <Delay = 0.00>
ST_1 : Operation 24 [1/1] (0.00ns)   --->   "%curr_localImage_10_108 = alloca i64 1" [../image_analysis.cpp:154]   --->   Operation 24 'alloca' 'curr_localImage_10_108' <Predicate = true> <Delay = 0.00>
ST_1 : Operation 25 [1/1] (0.00ns)   --->   "%curr_localImage_11_109 = alloca i64 1" [../image_analysis.cpp:154]   --->   Operation 25 'alloca' 'curr_localImage_11_109' <Predicate = true> <Delay = 0.00>
ST_1 : Operation 26 [1/1] (0.00ns)   --->   "%curr_localImage_12_110 = alloca i64 1" [../image_analysis.cpp:154]   --->   Operation 26 'alloca' 'curr_localImage_12_110' <Predicate = true> <Delay = 0.00>
ST_1 : Operation 27 [1/1] (0.00ns)   --->   "%curr_localImage_13_111 = alloca i64 1" [../image_analysis.cpp:154]   --->   Operation 27 'alloca' 'curr_localImage_13_111' <Predicate = true> <Delay = 0.00>
ST_1 : Operation 28 [1/1] (0.00ns)   --->   "%curr_localImage_14_112 = alloca i64 1" [../image_analysis.cpp:154]   --->   Operation 28 'alloca' 'curr_localImage_14_112' <Predicate = true> <Delay = 0.00>
ST_1 : Operation 29 [1/1] (0.00ns)   --->   "%curr_localImage_15 = alloca i64 1" [../image_analysis.cpp:154]   --->   Operation 29 'alloca' 'curr_localImage_15' <Predicate = true> <Delay = 0.00>
ST_1 : Operation 30 [1/1] (0.00ns)   --->   "%curr_localImage_14 = alloca i64 1" [../image_analysis.cpp:154]   --->   Operation 30 'alloca' 'curr_localImage_14' <Predicate = true> <Delay = 0.00>
ST_1 : Operation 31 [1/1] (0.00ns)   --->   "%curr_localImage_13 = alloca i64 1" [../image_analysis.cpp:154]   --->   Operation 31 'alloca' 'curr_localImage_13' <Predicate = true> <Delay = 0.00>
ST_1 : Operation 32 [1/1] (0.00ns)   --->   "%curr_localImage_12 = alloca i64 1" [../image_analysis.cpp:154]   --->   Operation 32 'alloca' 'curr_localImage_12' <Predicate = true> <Delay = 0.00>
ST_1 : Operation 33 [1/1] (0.00ns)   --->   "%curr_localImage_11 = alloca i64 1" [../image_analysis.cpp:154]   --->   Operation 33 'alloca' 'curr_localImage_11' <Predicate = true> <Delay = 0.00>
ST_1 : Operation 34 [1/1] (0.00ns)   --->   "%curr_localImage_10 = alloca i64 1" [../image_analysis.cpp:154]   --->   Operation 34 'alloca' 'curr_localImage_10' <Predicate = true> <Delay = 0.00>
ST_1 : Operation 35 [1/1] (0.00ns)   --->   "%curr_localImage_9 = alloca i64 1" [../image_analysis.cpp:154]   --->   Operation 35 'alloca' 'curr_localImage_9' <Predicate = true> <Delay = 0.00>
ST_1 : Operation 36 [1/1] (0.00ns)   --->   "%curr_localImage_8 = alloca i64 1" [../image_analysis.cpp:154]   --->   Operation 36 'alloca' 'curr_localImage_8' <Predicate = true> <Delay = 0.00>
ST_1 : Operation 37 [1/1] (0.00ns)   --->   "%curr_localImage_7 = alloca i64 1" [../image_analysis.cpp:154]   --->   Operation 37 'alloca' 'curr_localImage_7' <Predicate = true> <Delay = 0.00>
ST_1 : Operation 38 [1/1] (0.00ns)   --->   "%curr_localImage_6 = alloca i64 1" [../image_analysis.cpp:154]   --->   Operation 38 'alloca' 'curr_localImage_6' <Predicate = true> <Delay = 0.00>
ST_1 : Operation 39 [1/1] (0.00ns)   --->   "%curr_localImage_5 = alloca i64 1" [../image_analysis.cpp:154]   --->   Operation 39 'alloca' 'curr_localImage_5' <Predicate = true> <Delay = 0.00>
ST_1 : Operation 40 [1/1] (0.00ns)   --->   "%curr_localImage_4 = alloca i64 1" [../image_analysis.cpp:154]   --->   Operation 40 'alloca' 'curr_localImage_4' <Predicate = true> <Delay = 0.00>
ST_1 : Operation 41 [1/1] (0.00ns)   --->   "%curr_localImage_3 = alloca i64 1" [../image_analysis.cpp:154]   --->   Operation 41 'alloca' 'curr_localImage_3' <Predicate = true> <Delay = 0.00>
ST_1 : Operation 42 [1/1] (0.00ns)   --->   "%curr_localImage_2 = alloca i64 1" [../image_analysis.cpp:154]   --->   Operation 42 'alloca' 'curr_localImage_2' <Predicate = true> <Delay = 0.00>
ST_1 : Operation 43 [1/1] (0.00ns)   --->   "%curr_localImage_1 = alloca i64 1" [../image_analysis.cpp:154]   --->   Operation 43 'alloca' 'curr_localImage_1' <Predicate = true> <Delay = 0.00>
ST_1 : Operation 44 [1/1] (0.00ns)   --->   "%curr_localImage_16 = alloca i64 1" [../image_analysis.cpp:154]   --->   Operation 44 'alloca' 'curr_localImage_16' <Predicate = true> <Delay = 0.00>
ST_1 : Operation 45 [1/1] (0.00ns)   --->   "%curr_fullImage = alloca i64 1" [../image_analysis.cpp:153]   --->   Operation 45 'alloca' 'curr_fullImage' <Predicate = true> <Delay = 0.00>
ST_1 : Operation 46 [1/1] (0.00ns)   --->   "%curr_fullImage_1_113 = alloca i64 1" [../image_analysis.cpp:153]   --->   Operation 46 'alloca' 'curr_fullImage_1_113' <Predicate = true> <Delay = 0.00>
ST_1 : Operation 47 [1/1] (0.00ns)   --->   "%curr_fullImage_2_114 = alloca i64 1" [../image_analysis.cpp:153]   --->   Operation 47 'alloca' 'curr_fullImage_2_114' <Predicate = true> <Delay = 0.00>
ST_1 : Operation 48 [1/1] (0.00ns)   --->   "%curr_fullImage_3_115 = alloca i64 1" [../image_analysis.cpp:153]   --->   Operation 48 'alloca' 'curr_fullImage_3_115' <Predicate = true> <Delay = 0.00>
ST_1 : Operation 49 [1/1] (0.00ns)   --->   "%curr_fullImage_4_116 = alloca i64 1" [../image_analysis.cpp:153]   --->   Operation 49 'alloca' 'curr_fullImage_4_116' <Predicate = true> <Delay = 0.00>
ST_1 : Operation 50 [1/1] (0.00ns)   --->   "%curr_fullImage_5_117 = alloca i64 1" [../image_analysis.cpp:153]   --->   Operation 50 'alloca' 'curr_fullImage_5_117' <Predicate = true> <Delay = 0.00>
ST_1 : Operation 51 [1/1] (0.00ns)   --->   "%curr_fullImage_6_118 = alloca i64 1" [../image_analysis.cpp:153]   --->   Operation 51 'alloca' 'curr_fullImage_6_118' <Predicate = true> <Delay = 0.00>
ST_1 : Operation 52 [1/1] (0.00ns)   --->   "%curr_fullImage_7_119 = alloca i64 1" [../image_analysis.cpp:153]   --->   Operation 52 'alloca' 'curr_fullImage_7_119' <Predicate = true> <Delay = 0.00>
ST_1 : Operation 53 [1/1] (0.00ns)   --->   "%curr_fullImage_8_120 = alloca i64 1" [../image_analysis.cpp:153]   --->   Operation 53 'alloca' 'curr_fullImage_8_120' <Predicate = true> <Delay = 0.00>
ST_1 : Operation 54 [1/1] (0.00ns)   --->   "%curr_fullImage_9_121 = alloca i64 1" [../image_analysis.cpp:153]   --->   Operation 54 'alloca' 'curr_fullImage_9_121' <Predicate = true> <Delay = 0.00>
ST_1 : Operation 55 [1/1] (0.00ns)   --->   "%curr_fullImage_10_122 = alloca i64 1" [../image_analysis.cpp:153]   --->   Operation 55 'alloca' 'curr_fullImage_10_122' <Predicate = true> <Delay = 0.00>
ST_1 : Operation 56 [1/1] (0.00ns)   --->   "%curr_fullImage_11_123 = alloca i64 1" [../image_analysis.cpp:153]   --->   Operation 56 'alloca' 'curr_fullImage_11_123' <Predicate = true> <Delay = 0.00>
ST_1 : Operation 57 [1/1] (0.00ns)   --->   "%curr_fullImage_12_124 = alloca i64 1" [../image_analysis.cpp:153]   --->   Operation 57 'alloca' 'curr_fullImage_12_124' <Predicate = true> <Delay = 0.00>
ST_1 : Operation 58 [1/1] (0.00ns)   --->   "%curr_fullImage_13_125 = alloca i64 1" [../image_analysis.cpp:153]   --->   Operation 58 'alloca' 'curr_fullImage_13_125' <Predicate = true> <Delay = 0.00>
ST_1 : Operation 59 [1/1] (0.00ns)   --->   "%curr_fullImage_14_126 = alloca i64 1" [../image_analysis.cpp:153]   --->   Operation 59 'alloca' 'curr_fullImage_14_126' <Predicate = true> <Delay = 0.00>
ST_1 : Operation 60 [1/1] (0.00ns)   --->   "%curr_fullImage_15 = alloca i64 1" [../image_analysis.cpp:153]   --->   Operation 60 'alloca' 'curr_fullImage_15' <Predicate = true> <Delay = 0.00>
ST_1 : Operation 61 [1/1] (0.00ns)   --->   "%curr_fullImage_14 = alloca i64 1" [../image_analysis.cpp:153]   --->   Operation 61 'alloca' 'curr_fullImage_14' <Predicate = true> <Delay = 0.00>
ST_1 : Operation 62 [1/1] (0.00ns)   --->   "%curr_fullImage_13 = alloca i64 1" [../image_analysis.cpp:153]   --->   Operation 62 'alloca' 'curr_fullImage_13' <Predicate = true> <Delay = 0.00>
ST_1 : Operation 63 [1/1] (0.00ns)   --->   "%curr_fullImage_12 = alloca i64 1" [../image_analysis.cpp:153]   --->   Operation 63 'alloca' 'curr_fullImage_12' <Predicate = true> <Delay = 0.00>
ST_1 : Operation 64 [1/1] (0.00ns)   --->   "%curr_fullImage_11 = alloca i64 1" [../image_analysis.cpp:153]   --->   Operation 64 'alloca' 'curr_fullImage_11' <Predicate = true> <Delay = 0.00>
ST_1 : Operation 65 [1/1] (0.00ns)   --->   "%curr_fullImage_10 = alloca i64 1" [../image_analysis.cpp:153]   --->   Operation 65 'alloca' 'curr_fullImage_10' <Predicate = true> <Delay = 0.00>
ST_1 : Operation 66 [1/1] (0.00ns)   --->   "%curr_fullImage_9 = alloca i64 1" [../image_analysis.cpp:153]   --->   Operation 66 'alloca' 'curr_fullImage_9' <Predicate = true> <Delay = 0.00>
ST_1 : Operation 67 [1/1] (0.00ns)   --->   "%curr_fullImage_8 = alloca i64 1" [../image_analysis.cpp:153]   --->   Operation 67 'alloca' 'curr_fullImage_8' <Predicate = true> <Delay = 0.00>
ST_1 : Operation 68 [1/1] (0.00ns)   --->   "%curr_fullImage_7 = alloca i64 1" [../image_analysis.cpp:153]   --->   Operation 68 'alloca' 'curr_fullImage_7' <Predicate = true> <Delay = 0.00>
ST_1 : Operation 69 [1/1] (0.00ns)   --->   "%curr_fullImage_6 = alloca i64 1" [../image_analysis.cpp:153]   --->   Operation 69 'alloca' 'curr_fullImage_6' <Predicate = true> <Delay = 0.00>
ST_1 : Operation 70 [1/1] (0.00ns)   --->   "%curr_fullImage_5 = alloca i64 1" [../image_analysis.cpp:153]   --->   Operation 70 'alloca' 'curr_fullImage_5' <Predicate = true> <Delay = 0.00>
ST_1 : Operation 71 [1/1] (0.00ns)   --->   "%curr_fullImage_4 = alloca i64 1" [../image_analysis.cpp:153]   --->   Operation 71 'alloca' 'curr_fullImage_4' <Predicate = true> <Delay = 0.00>
ST_1 : Operation 72 [1/1] (0.00ns)   --->   "%curr_fullImage_3 = alloca i64 1" [../image_analysis.cpp:153]   --->   Operation 72 'alloca' 'curr_fullImage_3' <Predicate = true> <Delay = 0.00>
ST_1 : Operation 73 [1/1] (0.00ns)   --->   "%curr_fullImage_2 = alloca i64 1" [../image_analysis.cpp:153]   --->   Operation 73 'alloca' 'curr_fullImage_2' <Predicate = true> <Delay = 0.00>
ST_1 : Operation 74 [1/1] (0.00ns)   --->   "%curr_fullImage_1 = alloca i64 1" [../image_analysis.cpp:153]   --->   Operation 74 'alloca' 'curr_fullImage_1' <Predicate = true> <Delay = 0.00>
ST_1 : Operation 75 [1/1] (0.00ns)   --->   "%curr_fullImage_16 = alloca i64 1" [../image_analysis.cpp:153]   --->   Operation 75 'alloca' 'curr_fullImage_16' <Predicate = true> <Delay = 0.00>
ST_1 : Operation 76 [2/2] (1.96ns)   --->   "%call_ln165 = call void @getLocalImages_single, i16 %conv_read, i32 %psfSupersample_read, i32 %projShape0_read, i32 %projShape1_read, i64 %atomLocations, i64 %atomLocations1_read, i256 %localImages, i23 %mask_table, i24 %one_half_table" [../image_analysis.cpp:165]   --->   Operation 76 'call' 'call_ln165' <Predicate = true> <Delay = 1.96> <CoreType = "Generic">   --->   Generic Core

State 2 <SV = 1> <Delay = 0.00>
ST_2 : Operation 77 [1/2] (0.00ns)   --->   "%call_ln165 = call void @getLocalImages_single, i16 %conv_read, i32 %psfSupersample_read, i32 %projShape0_read, i32 %projShape1_read, i64 %atomLocations, i64 %atomLocations1_read, i256 %localImages, i23 %mask_table, i24 %one_half_table" [../image_analysis.cpp:165]   --->   Operation 77 'call' 'call_ln165' <Predicate = true> <Delay = 0.00> <CoreType = "Generic">   --->   Generic Core

State 3 <SV = 2> <Delay = 7.30>
ST_3 : Operation 78 [1/1] (0.00ns)   --->   "%imageProjs_local3_read = read i64 @_ssdm_op_Read.ap_auto.i64, i64 %imageProjs_local3"   --->   Operation 78 'read' 'imageProjs_local3_read' <Predicate = true> <Delay = 0.00>
ST_3 : Operation 79 [1/1] (0.00ns)   --->   "%fullImage2_read = read i64 @_ssdm_op_Read.ap_auto.i64, i64 %fullImage2"   --->   Operation 79 'read' 'fullImage2_read' <Predicate = true> <Delay = 0.00>
ST_3 : Operation 80 [1/1] (0.00ns)   --->   "%tmp = read i64 @_ssdm_op_Read.ap_auto.i64, i64 %empty"   --->   Operation 80 'read' 'tmp' <Predicate = true> <Delay = 0.00>
ST_3 : Operation 81 [2/2] (7.30ns)   --->   "%curr_imageProjs = call i32 @Image_extract, i256 %localImages, i32 %fullImage, i64 %fullImage2_read, i32 %curr_fullImage_16, i32 %curr_fullImage_1, i32 %curr_fullImage_2, i32 %curr_fullImage_3, i32 %curr_fullImage_4, i32 %curr_fullImage_5, i32 %curr_fullImage_6, i32 %curr_fullImage_7, i32 %curr_fullImage_8, i32 %curr_fullImage_9, i32 %curr_fullImage_10, i32 %curr_fullImage_11, i32 %curr_fullImage_12, i32 %curr_fullImage_13, i32 %curr_fullImage_14, i32 %curr_fullImage_15, i32 %curr_fullImage_14_126, i32 %curr_fullImage_13_125, i32 %curr_fullImage_12_124, i32 %curr_fullImage_11_123, i32 %curr_fullImage_10_122, i32 %curr_fullImage_9_121, i32 %curr_fullImage_8_120, i32 %curr_fullImage_7_119, i32 %curr_fullImage_6_118, i32 %curr_fullImage_5_117, i32 %curr_fullImage_4_116, i32 %curr_fullImage_3_115, i32 %curr_fullImage_2_114, i32 %curr_fullImage_1_113, i32 %curr_fullImage, i32 %imageProjs_local, i64 %imageProjs_local3_read, i32 %curr_localImage_16, i32 %curr_localImage_1, i32 %curr_localImage_2, i32 %curr_localImage_3, i32 %curr_localImage_4, i32 %curr_localImage_5, i32 %curr_localImage_6, i32 %curr_localImage_7, i32 %curr_localImage_8, i32 %curr_localImage_9, i32 %curr_localImage_10, i32 %curr_localImage_11, i32 %curr_localImage_12, i32 %curr_localImage_13, i32 %curr_localImage_14, i32 %curr_localImage_15, i32 %curr_localImage_14_112, i32 %curr_localImage_13_111, i32 %curr_localImage_12_110, i32 %curr_localImage_11_109, i32 %curr_localImage_10_108, i32 %curr_localImage_9_107, i32 %curr_localImage_8_106, i32 %curr_localImage_7_105, i32 %curr_localImage_6_104, i32 %curr_localImage_5_103, i32 %curr_localImage_4_102, i32 %curr_localImage_3_101, i32 %curr_localImage_2_100, i32 %curr_localImage_1_99, i32 %curr_localImage, i32 %imageProjs, i64 %tmp" [../image_analysis.cpp:166]   --->   Operation 81 'call' 'curr_imageProjs' <Predicate = true> <Delay = 7.30> <CoreInst = "FIFO_SRL">   --->   Core 80 'FIFO_SRL' <Latency = 0> <II = 1> <Delay = 1.83> <Storage> <Opcode : 'read' 'write' 'nbread' 'nbwrite'> <Ports = 0> <Width = 32> <Depth = 2> <FIFO>

State 4 <SV = 3> <Delay = 0.00>
ST_4 : Operation 82 [1/2] (0.00ns)   --->   "%curr_imageProjs = call i32 @Image_extract, i256 %localImages, i32 %fullImage, i64 %fullImage2_read, i32 %curr_fullImage_16, i32 %curr_fullImage_1, i32 %curr_fullImage_2, i32 %curr_fullImage_3, i32 %curr_fullImage_4, i32 %curr_fullImage_5, i32 %curr_fullImage_6, i32 %curr_fullImage_7, i32 %curr_fullImage_8, i32 %curr_fullImage_9, i32 %curr_fullImage_10, i32 %curr_fullImage_11, i32 %curr_fullImage_12, i32 %curr_fullImage_13, i32 %curr_fullImage_14, i32 %curr_fullImage_15, i32 %curr_fullImage_14_126, i32 %curr_fullImage_13_125, i32 %curr_fullImage_12_124, i32 %curr_fullImage_11_123, i32 %curr_fullImage_10_122, i32 %curr_fullImage_9_121, i32 %curr_fullImage_8_120, i32 %curr_fullImage_7_119, i32 %curr_fullImage_6_118, i32 %curr_fullImage_5_117, i32 %curr_fullImage_4_116, i32 %curr_fullImage_3_115, i32 %curr_fullImage_2_114, i32 %curr_fullImage_1_113, i32 %curr_fullImage, i32 %imageProjs_local, i64 %imageProjs_local3_read, i32 %curr_localImage_16, i32 %curr_localImage_1, i32 %curr_localImage_2, i32 %curr_localImage_3, i32 %curr_localImage_4, i32 %curr_localImage_5, i32 %curr_localImage_6, i32 %curr_localImage_7, i32 %curr_localImage_8, i32 %curr_localImage_9, i32 %curr_localImage_10, i32 %curr_localImage_11, i32 %curr_localImage_12, i32 %curr_localImage_13, i32 %curr_localImage_14, i32 %curr_localImage_15, i32 %curr_localImage_14_112, i32 %curr_localImage_13_111, i32 %curr_localImage_12_110, i32 %curr_localImage_11_109, i32 %curr_localImage_10_108, i32 %curr_localImage_9_107, i32 %curr_localImage_8_106, i32 %curr_localImage_7_105, i32 %curr_localImage_6_104, i32 %curr_localImage_5_103, i32 %curr_localImage_4_102, i32 %curr_localImage_3_101, i32 %curr_localImage_2_100, i32 %curr_localImage_1_99, i32 %curr_localImage, i32 %imageProjs, i64 %tmp" [../image_analysis.cpp:166]   --->   Operation 82 'call' 'curr_imageProjs' <Predicate = true> <Delay = 0.00> <CoreInst = "FIFO_SRL">   --->   Core 80 'FIFO_SRL' <Latency = 0> <II = 1> <Delay = 1.83> <Storage> <Opcode : 'read' 'write' 'nbread' 'nbwrite'> <Ports = 0> <Width = 32> <Depth = 2> <FIFO>

State 5 <SV = 4> <Delay = 0.00>
ST_5 : Operation 83 [2/2] (0.00ns)   --->   "%call_ret1 = call i64 @conv_kernel, i32 %curr_fullImage_16, i32 %curr_fullImage_1, i32 %curr_fullImage_2, i32 %curr_fullImage_3, i32 %curr_fullImage_4, i32 %curr_fullImage_5, i32 %curr_fullImage_6, i32 %curr_fullImage_7, i32 %curr_fullImage_8, i32 %curr_fullImage_9, i32 %curr_fullImage_10, i32 %curr_fullImage_11, i32 %curr_fullImage_12, i32 %curr_fullImage_13, i32 %curr_fullImage_14, i32 %curr_fullImage_15, i32 %curr_fullImage_14_126, i32 %curr_fullImage_13_125, i32 %curr_fullImage_12_124, i32 %curr_fullImage_11_123, i32 %curr_fullImage_10_122, i32 %curr_fullImage_9_121, i32 %curr_fullImage_8_120, i32 %curr_fullImage_7_119, i32 %curr_fullImage_6_118, i32 %curr_fullImage_5_117, i32 %curr_fullImage_4_116, i32 %curr_fullImage_3_115, i32 %curr_fullImage_2_114, i32 %curr_fullImage_1_113, i32 %curr_fullImage, i32 %curr_localImage_16, i32 %curr_localImage_1, i32 %curr_localImage_2, i32 %curr_localImage_3, i32 %curr_localImage_4, i32 %curr_localImage_5, i32 %curr_localImage_6, i32 %curr_localImage_7, i32 %curr_localImage_8, i32 %curr_localImage_9, i32 %curr_localImage_10, i32 %curr_localImage_11, i32 %curr_localImage_12, i32 %curr_localImage_13, i32 %curr_localImage_14, i32 %curr_localImage_15, i32 %curr_localImage_14_112, i32 %curr_localImage_13_111, i32 %curr_localImage_12_110, i32 %curr_localImage_11_109, i32 %curr_localImage_10_108, i32 %curr_localImage_9_107, i32 %curr_localImage_8_106, i32 %curr_localImage_7_105, i32 %curr_localImage_6_104, i32 %curr_localImage_5_103, i32 %curr_localImage_4_102, i32 %curr_localImage_3_101, i32 %curr_localImage_2_100, i32 %curr_localImage_1_99, i32 %curr_localImage" [../image_analysis.cpp:168]   --->   Operation 83 'call' 'call_ret1' <Predicate = true> <Delay = 0.00> <CoreType = "Generic">   --->   Generic Core

State 6 <SV = 5> <Delay = 1.83>
ST_6 : Operation 84 [1/1] (0.00ns)   --->   "%emissions4_read = read i64 @_ssdm_op_Read.ap_auto.i64, i64 %emissions4"   --->   Operation 84 'read' 'emissions4_read' <Predicate = true> <Delay = 0.00>
ST_6 : Operation 85 [1/1] (0.00ns)   --->   "%idx_0_read = read i16 @_ssdm_op_Read.ap_auto.i16, i16 %idx_0"   --->   Operation 85 'read' 'idx_0_read' <Predicate = true> <Delay = 0.00>
ST_6 : Operation 86 [1/1] (1.08ns)   --->   "%call_ret = call i64 @dataflow_in_loop_VITIS_LOOP_149_1.1_Block_newFuncRoot_proc, i16 %idx_0_read, i64 %emissions4_read" [../image_analysis.cpp:169]   --->   Operation 86 'call' 'call_ret' <Predicate = true> <Delay = 1.08> <CoreInst = "FIFO_SRL">   --->   Core 80 'FIFO_SRL' <Latency = 0> <II = 1> <Delay = 1.83> <Storage> <Opcode : 'read' 'write' 'nbread' 'nbwrite'> <Ports = 0> <Width = 64> <Depth = 2> <FIFO>
ST_6 : Operation 87 [1/2] (0.00ns)   --->   "%call_ret1 = call i64 @conv_kernel, i32 %curr_fullImage_16, i32 %curr_fullImage_1, i32 %curr_fullImage_2, i32 %curr_fullImage_3, i32 %curr_fullImage_4, i32 %curr_fullImage_5, i32 %curr_fullImage_6, i32 %curr_fullImage_7, i32 %curr_fullImage_8, i32 %curr_fullImage_9, i32 %curr_fullImage_10, i32 %curr_fullImage_11, i32 %curr_fullImage_12, i32 %curr_fullImage_13, i32 %curr_fullImage_14, i32 %curr_fullImage_15, i32 %curr_fullImage_14_126, i32 %curr_fullImage_13_125, i32 %curr_fullImage_12_124, i32 %curr_fullImage_11_123, i32 %curr_fullImage_10_122, i32 %curr_fullImage_9_121, i32 %curr_fullImage_8_120, i32 %curr_fullImage_7_119, i32 %curr_fullImage_6_118, i32 %curr_fullImage_5_117, i32 %curr_fullImage_4_116, i32 %curr_fullImage_3_115, i32 %curr_fullImage_2_114, i32 %curr_fullImage_1_113, i32 %curr_fullImage, i32 %curr_localImage_16, i32 %curr_localImage_1, i32 %curr_localImage_2, i32 %curr_localImage_3, i32 %curr_localImage_4, i32 %curr_localImage_5, i32 %curr_localImage_6, i32 %curr_localImage_7, i32 %curr_localImage_8, i32 %curr_localImage_9, i32 %curr_localImage_10, i32 %curr_localImage_11, i32 %curr_localImage_12, i32 %curr_localImage_13, i32 %curr_localImage_14, i32 %curr_localImage_15, i32 %curr_localImage_14_112, i32 %curr_localImage_13_111, i32 %curr_localImage_12_110, i32 %curr_localImage_11_109, i32 %curr_localImage_10_108, i32 %curr_localImage_9_107, i32 %curr_localImage_8_106, i32 %curr_localImage_7_105, i32 %curr_localImage_6_104, i32 %curr_localImage_5_103, i32 %curr_localImage_4_102, i32 %curr_localImage_3_101, i32 %curr_localImage_2_100, i32 %curr_localImage_1_99, i32 %curr_localImage" [../image_analysis.cpp:168]   --->   Operation 87 'call' 'call_ret1' <Predicate = true> <Delay = 0.00> <CoreType = "Generic">   --->   Generic Core
ST_6 : Operation 88 [1/1] (0.00ns)   --->   "%projSumUsed = extractvalue i64 %call_ret1" [../image_analysis.cpp:168]   --->   Operation 88 'extractvalue' 'projSumUsed' <Predicate = true> <Delay = 0.00> <CoreInst = "FIFO_SRL">   --->   Core 80 'FIFO_SRL' <Latency = 0> <II = 1> <Delay = 1.83> <Storage> <Opcode : 'read' 'write' 'nbread' 'nbwrite'> <Ports = 0> <Width = 32> <Depth = 2> <FIFO>
ST_6 : Operation 89 [1/1] (0.00ns)   --->   "%sum = extractvalue i64 %call_ret1" [../image_analysis.cpp:168]   --->   Operation 89 'extractvalue' 'sum' <Predicate = true> <Delay = 0.00> <CoreInst = "FIFO_SRL">   --->   Core 80 'FIFO_SRL' <Latency = 0> <II = 1> <Delay = 1.83> <Storage> <Opcode : 'read' 'write' 'nbread' 'nbwrite'> <Ports = 0> <Width = 32> <Depth = 2> <FIFO>
ST_6 : Operation 90 [2/2] (1.83ns)   --->   "%call_ln169 = call void @post_process, i32 %projSumUsed, i32 %sum, i32 %curr_imageProjs, i32 %emissions, i64 %call_ret" [../image_analysis.cpp:169]   --->   Operation 90 'call' 'call_ln169' <Predicate = true> <Delay = 1.83> <CoreType = "Generic">   --->   Generic Core

State 7 <SV = 6> <Delay = 0.00>
ST_7 : Operation 91 [1/1] (0.00ns)   --->   "%specdataflowpipeline_ln0 = specdataflowpipeline void @_ssdm_op_SpecDataflowPipeline, i32 4294967295, i32 0, void @empty_17"   --->   Operation 91 'specdataflowpipeline' 'specdataflowpipeline_ln0' <Predicate = true> <Delay = 0.00>
ST_7 : Operation 92 [1/1] (0.00ns)   --->   "%specinterface_ln0 = specinterface void @_ssdm_op_SpecInterface, i32 %emissions, void @empty_16, i32 0, i32 0, void @empty_17, i32 0, i32 1024, void @empty_0, void @empty_19, void @empty_17, i32 16, i32 16, i32 16, i32 16, void @empty_17, void @empty_17, i32 4294967295, i32 0, i32 0"   --->   Operation 92 'specinterface' 'specinterface_ln0' <Predicate = true> <Delay = 0.00>
ST_7 : Operation 93 [1/1] (0.00ns)   --->   "%specinterface_ln0 = specinterface void @_ssdm_op_SpecInterface, i32 %fullImage, void @empty_16, i32 0, i32 0, void @empty_17, i32 0, i32 589824, void @empty, void @empty_19, void @empty_17, i32 16, i32 16, i32 16, i32 16, void @empty_17, void @empty_17, i32 4294967295, i32 0, i32 0"   --->   Operation 93 'specinterface' 'specinterface_ln0' <Predicate = true> <Delay = 0.00>
ST_7 : Operation 94 [1/1] (0.00ns)   --->   "%specinterface_ln0 = specinterface void @_ssdm_op_SpecInterface, i32 %imageProjs, void @empty_16, i32 0, i32 0, void @empty_17, i32 0, i32 0, void @empty_25, void @empty_19, void @empty_17, i32 16, i32 16, i32 16, i32 16, void @empty_17, void @empty_17, i32 4294967295, i32 0, i32 0"   --->   Operation 94 'specinterface' 'specinterface_ln0' <Predicate = true> <Delay = 0.00>
ST_7 : Operation 95 [1/1] (0.00ns)   --->   "%specinterface_ln0 = specinterface void @_ssdm_op_SpecInterface, i32 %imageProjs_local, void @empty_16, i32 0, i32 0, void @empty_17, i32 0, i32 0, void @empty_20, void @empty_19, void @empty_17, i32 16, i32 16, i32 16, i32 16, void @empty_17, void @empty_17, i32 4294967295, i32 0, i32 0"   --->   Operation 95 'specinterface' 'specinterface_ln0' <Predicate = true> <Delay = 0.00>
ST_7 : Operation 96 [1/1] (0.00ns)   --->   "%specinterface_ln0 = specinterface void @_ssdm_op_SpecInterface, i64 %atomLocations, void @empty_16, i32 0, i32 0, void @empty_17, i32 0, i32 1024, void @empty_18, void @empty_19, void @empty_17, i32 16, i32 16, i32 16, i32 16, void @empty_17, void @empty_17, i32 4294967295, i32 0, i32 0"   --->   Operation 96 'specinterface' 'specinterface_ln0' <Predicate = true> <Delay = 0.00>
ST_7 : Operation 97 [1/1] (0.00ns)   --->   "%empty_98 = specchannel i32 @_ssdm_op_SpecChannel, void @localImages_str, i32 1, void @p_str, void @p_str, i32 4, i32 4, i256 %localImages, i256 %localImages"   --->   Operation 97 'specchannel' 'empty_98' <Predicate = true> <Delay = 0.00>
ST_7 : Operation 98 [1/1] (0.00ns)   --->   "%specinterface_ln0 = specinterface void @_ssdm_op_SpecInterface, i256 %localImages, void @empty_27, i32 0, i32 0, void @empty_17, i32 0, i32 0, void @empty_17, void @empty_17, void @empty_17, i32 0, i32 0, i32 0, i32 0, void @empty_17, void @empty_17, i32 4294967295, i32 0, i32 0"   --->   Operation 98 'specinterface' 'specinterface_ln0' <Predicate = true> <Delay = 0.00>
ST_7 : Operation 99 [1/2] (0.00ns)   --->   "%call_ln169 = call void @post_process, i32 %projSumUsed, i32 %sum, i32 %curr_imageProjs, i32 %emissions, i64 %call_ret" [../image_analysis.cpp:169]   --->   Operation 99 'call' 'call_ln169' <Predicate = true> <Delay = 0.00> <CoreType = "Generic">   --->   Generic Core
ST_7 : Operation 100 [1/1] (0.00ns)   --->   "%ret_ln0 = ret"   --->   Operation 100 'ret' 'ret_ln0' <Predicate = true> <Delay = 0.00>


============================================================
+ Verbose Summary: Timing violations
============================================================
Target clock period: 10.000ns, clock uncertainty: 2.700ns.

 <State 1>: 1.966ns
The critical path consists of the following:
	wire read operation ('atomLocations1_read') on port 'atomLocations1' [24]  (0.000 ns)
	'call' operation 0 bit ('call_ln165', ../image_analysis.cpp:165) to 'getLocalImages_single' [100]  (1.966 ns)

 <State 2>: 0.000ns
The critical path consists of the following:

 <State 3>: 7.300ns
The critical path consists of the following:
	wire read operation ('imageProjs_local3_read') on port 'imageProjs_local3' [21]  (0.000 ns)
	'call' operation 32 bit ('curr_imageProjs', ../image_analysis.cpp:166) to 'Image_extract' [101]  (7.300 ns)

 <State 4>: 0.000ns
The critical path consists of the following:

 <State 5>: 0.000ns
The critical path consists of the following:

 <State 6>: 1.838ns
The critical path consists of the following:
	'call' operation 64 bit ('call_ret1', ../image_analysis.cpp:168) to 'conv_kernel' [102]  (0.000 ns)
	'call' operation 0 bit ('call_ln169', ../image_analysis.cpp:169) to 'post_process' [105]  (1.838 ns)

 <State 7>: 0.000ns
The critical path consists of the following:


============================================================
+ Verbose Summary: Binding
============================================================
N/A
* FSMD analyzer results:
  - Output states:
 - Input state : 
  - Chain level:
	State 1
	State 2
	State 3
	State 4
	State 5
	State 6
	State 7


============================================================
+ Verbose Summary: Datapath Resource usage 
============================================================
N/A
