

================================================================
== Vitis HLS Report for 'dataflow_in_loop_VITIS_LOOP_241_1_1_Block_newFuncRoot_proc'
================================================================
* Date:           Sat Jul 26 18:26:03 2025

* Version:        2024.2 (Build 5238294 on Nov  8 2024)
* Project:        reconstruct
* Solution:       hls (Vivado IP Flow Target)
* Product family: zynquplusRFSOC
* Target device:  xczu49dr-ffvf1760-2-e


================================================================
== Performance Estimates
================================================================
+ Timing: 
    * Summary: 
    +--------+----------+----------+------------+
    |  Clock |  Target  | Estimated| Uncertainty|
    +--------+----------+----------+------------+
    |ap_clk  |  10.00 ns|  1.085 ns|     2.70 ns|
    +--------+----------+----------+------------+

+ Latency: 
    * Summary: 
    +---------+---------+----------+----------+-----+-----+---------+
    |  Latency (cycles) |  Latency (absolute) |  Interval | Pipeline|
    |   min   |   max   |    min   |    max   | min | max |   Type  |
    +---------+---------+----------+----------+-----+-----+---------+
    |        0|        0|      0 ns|      0 ns|    0|    0|       no|
    +---------+---------+----------+----------+-----+-----+---------+

    + Detail: 
        * Instance: 
        N/A

        * Loop: 
        N/A

============================================================
+ Verbose Summary: Synthesis Manager
============================================================
InlineROM: 1
ExposeGlobal: 0
============================================================
+ Verbose Summary: CDFG Model
============================================================
IsTopModel: 0
ResetActiveHigh: 1
IsCombinational: 2
IsDatapathOnly: 0
HasWiredReturn: 1
HasMFsm: 0
HasVarLatency: 0
IsPipeline: 0
IsRtlPipelined: 0
IsInstanceOverlapped: 0
IsDontTouch: 0
HasImplIP: 0
IsGatedGlobalClock: 0


============================================================
+ Verbose Summary: Schedule
============================================================
* Number of FSM states : 1
* Pipeline : 0
* Dataflow Pipeline: 0

* FSM state transitions: 
1 --> 

* FSM state operations: 

State 1 <SV = 0> <Delay = 1.08>
ST_1 : Operation 2 [1/1] (0.00ns)   --->   "%emissions4_read = read i64 @_ssdm_op_Read.ap_auto.i64, i64 %emissions4" [../image_analysis.cpp:263]   --->   Operation 2 'read' 'emissions4_read' <Predicate = true> <Delay = 0.00>
ST_1 : Operation 3 [1/1] (0.00ns)   --->   "%idx_0_read = read i16 @_ssdm_op_Read.ap_auto.i16, i16 %idx_0" [../image_analysis.cpp:263]   --->   Operation 3 'read' 'idx_0_read' <Predicate = true> <Delay = 0.00>
ST_1 : Operation 4 [1/1] (0.00ns)   --->   "%shl_ln = bitconcatenate i18 @_ssdm_op_BitConcatenate.i18.i16.i2, i16 %idx_0_read, i2 0" [../image_analysis.cpp:263]   --->   Operation 4 'bitconcatenate' 'shl_ln' <Predicate = true> <Delay = 0.00>
ST_1 : Operation 5 [1/1] (0.00ns)   --->   "%zext_ln263 = zext i18 %shl_ln" [../image_analysis.cpp:263]   --->   Operation 5 'zext' 'zext_ln263' <Predicate = true> <Delay = 0.00>
ST_1 : Operation 6 [1/1] (1.08ns)   --->   "%add_ln263 = add i64 %zext_ln263, i64 %emissions4_read" [../image_analysis.cpp:263]   --->   Operation 6 'add' 'add_ln263' <Predicate = true> <Delay = 1.08> <CoreInst = "Adder">   --->   Core 1 'Adder' <Latency = 0> <II = 1> <Delay = 1.08> <FuncUnit> <Opcode : 'add' 'sub'> <InPorts = 2> <OutPorts = 1>
ST_1 : Operation 7 [1/1] (0.00ns)   --->   "%ret_ln263 = ret i64 %add_ln263" [../image_analysis.cpp:263]   --->   Operation 7 'ret' 'ret_ln263' <Predicate = true> <Delay = 0.00>


============================================================
+ Verbose Summary: Binding
============================================================
STG Binding: 
---------------- STG Properties BEGIN ----------------
- Is combinational: 0
- Is one-state seq: 1
- Is datapath-only: 0
- Is pipelined: 0
- Is top level: 0
Port [ Return ] is wired: 1; IO mode=ap_ctrl_hs:ce=0
Port [ idx_0]:  wired=1; compound=0; hidden=0; nouse=0; global=0; static=0; extern=0; dir=0; type=0; pingpong=0; private_global=0; IO mode=ap_none:ce=0
Port [ emissions4]:  wired=1; compound=0; hidden=0; nouse=0; global=0; static=0; extern=0; dir=0; type=0; pingpong=0; private_global=0; IO mode=ap_none:ce=0
---------------- STG Properties END ------------------

---------------- Datapath Model BEGIN ----------------

<LifeTime>
<method=bitvector/>
emissions4_read (read          ) [ 00]
idx_0_read      (read          ) [ 00]
shl_ln          (bitconcatenate) [ 00]
zext_ln263      (zext          ) [ 00]
add_ln263       (add           ) [ 00]
ret_ln263       (ret           ) [ 00]
</LifeTime>

<model>

<comp_list>
<comp id="0" class="1000" name="idx_0">
<pin_list>
<pin id="1" dir="1" index="0" bw="1" slack="0"/>
</pin_list>
<bind>
<StgValue><ssdm name="idx_0"/></StgValue>
</bind>
</comp>

<comp id="2" class="1000" name="emissions4">
<pin_list>
<pin id="3" dir="1" index="0" bw="1" slack="0"/>
</pin_list>
<bind>
<StgValue><ssdm name="emissions4"/></StgValue>
</bind>
</comp>

<comp id="4" class="1001" name="const_4">
<pin_list>
<pin id="5" dir="1" index="0" bw="1" slack="0"/>
</pin_list>
<bind>
<StgValue><ssdm name="_ssdm_op_Read.ap_auto.i64"/></StgValue>
</bind>
</comp>

<comp id="6" class="1001" name="const_6">
<pin_list>
<pin id="7" dir="1" index="0" bw="1" slack="0"/>
</pin_list>
<bind>
<StgValue><ssdm name="_ssdm_op_Read.ap_auto.i16"/></StgValue>
</bind>
</comp>

<comp id="8" class="1001" name="const_8">
<pin_list>
<pin id="9" dir="1" index="0" bw="1" slack="0"/>
</pin_list>
<bind>
<StgValue><ssdm name="_ssdm_op_BitConcatenate.i18.i16.i2"/></StgValue>
</bind>
</comp>

<comp id="10" class="1001" name="const_10">
<pin_list>
<pin id="11" dir="1" index="0" bw="1" slack="0"/>
</pin_list>
<bind>
<StgValue><ssdm name=""/></StgValue>
</bind>
</comp>

<comp id="12" class="1004" name="emissions4_read_read_fu_12">
<pin_list>
<pin id="13" dir="0" index="0" bw="64" slack="0"/>
<pin id="14" dir="0" index="1" bw="64" slack="0"/>
<pin id="15" dir="1" index="2" bw="64" slack="0"/>
</pin_list>
<bind>
<opcode="read(1150) " fcode="read"/>
<opset="emissions4_read/1 "/>
</bind>
</comp>

<comp id="18" class="1004" name="idx_0_read_read_fu_18">
<pin_list>
<pin id="19" dir="0" index="0" bw="16" slack="0"/>
<pin id="20" dir="0" index="1" bw="16" slack="0"/>
<pin id="21" dir="1" index="2" bw="16" slack="0"/>
</pin_list>
<bind>
<opcode="read(1150) " fcode="read"/>
<opset="idx_0_read/1 "/>
</bind>
</comp>

<comp id="24" class="1004" name="shl_ln_fu_24">
<pin_list>
<pin id="25" dir="0" index="0" bw="18" slack="0"/>
<pin id="26" dir="0" index="1" bw="16" slack="0"/>
<pin id="27" dir="0" index="2" bw="1" slack="0"/>
<pin id="28" dir="1" index="3" bw="18" slack="0"/>
</pin_list>
<bind>
<opcode="bitconcatenate(1004) " fcode="bitconcatenate"/>
<opset="shl_ln/1 "/>
</bind>
</comp>

<comp id="32" class="1004" name="zext_ln263_fu_32">
<pin_list>
<pin id="33" dir="0" index="0" bw="18" slack="0"/>
<pin id="34" dir="1" index="1" bw="64" slack="0"/>
</pin_list>
<bind>
<opcode="zext(34) " fcode="zext"/>
<opset="zext_ln263/1 "/>
</bind>
</comp>

<comp id="36" class="1004" name="add_ln263_fu_36">
<pin_list>
<pin id="37" dir="0" index="0" bw="18" slack="0"/>
<pin id="38" dir="0" index="1" bw="64" slack="0"/>
<pin id="39" dir="1" index="2" bw="64" slack="2147483647"/>
</pin_list>
<bind>
<opcode="add(8) " fcode="add"/>
<opset="add_ln263/1 "/>
</bind>
</comp>

</comp_list>

<net_list>
<net id="16"><net_src comp="4" pin="0"/><net_sink comp="12" pin=0"/></net>

<net id="17"><net_src comp="2" pin="0"/><net_sink comp="12" pin=1"/></net>

<net id="22"><net_src comp="6" pin="0"/><net_sink comp="18" pin=0"/></net>

<net id="23"><net_src comp="0" pin="0"/><net_sink comp="18" pin=1"/></net>

<net id="29"><net_src comp="8" pin="0"/><net_sink comp="24" pin=0"/></net>

<net id="30"><net_src comp="18" pin="2"/><net_sink comp="24" pin=1"/></net>

<net id="31"><net_src comp="10" pin="0"/><net_sink comp="24" pin=2"/></net>

<net id="35"><net_src comp="24" pin="3"/><net_sink comp="32" pin=0"/></net>

<net id="40"><net_src comp="32" pin="1"/><net_sink comp="36" pin=0"/></net>

<net id="41"><net_src comp="12" pin="2"/><net_sink comp="36" pin=1"/></net>

</net_list>

</model> 
---------------- Datapath Model END ------------------

* FSMD analyzer results:
  - Output states:
 - Input state : 
	Port: dataflow_in_loop_VITIS_LOOP_241_1.1_Block_newFuncRoot_proc : idx_0 | {1 }
	Port: dataflow_in_loop_VITIS_LOOP_241_1.1_Block_newFuncRoot_proc : emissions4 | {1 }
  - Chain level:
	State 1
		zext_ln263 : 1
		add_ln263 : 2
		ret_ln263 : 3


============================================================
+ Verbose Summary: Datapath Resource usage 
============================================================

* Functional unit list:
|----------|----------------------------|---------|---------|
| Operation|       Functional Unit      |    FF   |   LUT   |
|----------|----------------------------|---------|---------|
|    add   |       add_ln263_fu_36      |    0    |    71   |
|----------|----------------------------|---------|---------|
|   read   | emissions4_read_read_fu_12 |    0    |    0    |
|          |    idx_0_read_read_fu_18   |    0    |    0    |
|----------|----------------------------|---------|---------|
|bitconcatenate|        shl_ln_fu_24        |    0    |    0    |
|----------|----------------------------|---------|---------|
|   zext   |      zext_ln263_fu_32      |    0    |    0    |
|----------|----------------------------|---------|---------|
|   Total  |                            |    0    |    71   |
|----------|----------------------------|---------|---------|

Memories:
N/A

* Register list:
N/A

* Multiplexer (MUX) list: 
|--------|------|------|------|--------|
|  Comp  |  Pin | Size |  BW  | S x BW |
|--------|------|------|------|--------|
|  Total |      |      |      |    0   |
|--------|------|------|------|--------|



* Summary:
+-----------+--------+--------+
|           |   FF   |   LUT  |
+-----------+--------+--------+
|  Function |    0   |   71   |
|   Memory  |    -   |    -   |
|Multiplexer|    -   |    -   |
|  Register |    -   |    -   |
+-----------+--------+--------+
|   Total   |    0   |   71   |
+-----------+--------+--------+
