F:\LMU\quantumMA\opimization\reconstructv1maxi\hls_component\reconstruct\hls\.autopilot\db\image_analysis.pp.0.cpp:27903:5: warning: Added loop label VITIS_LOOP_36_1:   [xilinx-label-all-loops]
    for(unsigned char i = 0; i < 31; i++){
    ^~~
    VITIS_LOOP_36_1: 
F:\LMU\quantumMA\opimization\reconstructv1maxi\hls_component\reconstruct\hls\.autopilot\db\image_analysis.pp.0.cpp:27903:5: note: FIX-IT applied suggested code changes
F:\LMU\quantumMA\opimization\reconstructv1maxi\hls_component\reconstruct\hls\.autopilot\db\image_analysis.pp.0.cpp:27904:9: warning: Added loop label VITIS_LOOP_37_2:   [xilinx-label-all-loops]
        for(unsigned char j = 0; j < 31; j++){
        ^~~
        VITIS_LOOP_37_2: 
F:\LMU\quantumMA\opimization\reconstructv1maxi\hls_component\reconstruct\hls\.autopilot\db\image_analysis.pp.0.cpp:27904:9: note: FIX-IT applied suggested code changes
F:\LMU\quantumMA\opimization\reconstructv1maxi\hls_component\reconstruct\hls\.autopilot\db\image_analysis.pp.0.cpp:27927:5: warning: Added loop label VITIS_LOOP_104_1:   [xilinx-label-all-loops]
    for(unsigned char i = 0; i < 31; i++){
    ^~~
    VITIS_LOOP_104_1: 
F:\LMU\quantumMA\opimization\reconstructv1maxi\hls_component\reconstruct\hls\.autopilot\db\image_analysis.pp.0.cpp:27927:5: note: FIX-IT applied suggested code changes
F:\LMU\quantumMA\opimization\reconstructv1maxi\hls_component\reconstruct\hls\.autopilot\db\image_analysis.pp.0.cpp:27928:9: warning: Added loop label VITIS_LOOP_105_2:   [xilinx-label-all-loops]
        for(unsigned char j = 0; j < 31; j++){
        ^~~
        VITIS_LOOP_105_2: 
F:\LMU\quantumMA\opimization\reconstructv1maxi\hls_component\reconstruct\hls\.autopilot\db\image_analysis.pp.0.cpp:27928:9: note: FIX-IT applied suggested code changes
F:\LMU\quantumMA\opimization\reconstructv1maxi\hls_component\reconstruct\hls\.autopilot\db\image_analysis.pp.0.cpp:27979:2: warning: Added loop label VITIS_LOOP_152_1:   [xilinx-label-all-loops]
 for(unsigned short idx = 0; idx < atomLocationsSize; idx++){
 ^~~
 VITIS_LOOP_152_1: 
F:\LMU\quantumMA\opimization\reconstructv1maxi\hls_component\reconstruct\hls\.autopilot\db\image_analysis.pp.0.cpp:27979:2: note: FIX-IT applied suggested code changes
