In file included from ../image_analysis.cpp:2:
In file included from ../image_analysis.hpp:4:
F:/Vitis/2024.2/common/technology/autopilot\hls_burst_maxi.h:27:9: warning: HLS pragma dump _XLX_SEP_ PragmaIsValid=1_XLX_SEP_ PragmaType=inline_XLX_SEP_ PragmaContext=_XLX_SEP_ PragmaFunction=burst_maxi<T>_XLX_SEP_ PragmaOptions=_XLX_SEP_ [-Wdump-hls-pragmas]
#pragma HLS inline
        ^
F:/Vitis/2024.2/common/technology/autopilot\hls_burst_maxi.h:31:9: warning: HLS pragma dump _XLX_SEP_ PragmaIsValid=1_XLX_SEP_ PragmaType=inline_XLX_SEP_ PragmaContext=_XLX_SEP_ PragmaFunction=read_request_XLX_SEP_ PragmaOptions=_XLX_SEP_ [-Wdump-hls-pragmas]
#pragma HLS inline
        ^
F:/Vitis/2024.2/common/technology/autopilot\hls_burst_maxi.h:36:9: warning: HLS pragma dump _XLX_SEP_ PragmaIsValid=1_XLX_SEP_ PragmaType=inline_XLX_SEP_ PragmaContext=_XLX_SEP_ PragmaFunction=read_XLX_SEP_ PragmaOptions=_XLX_SEP_ [-Wdump-hls-pragmas]
#pragma HLS inline
        ^
F:/Vitis/2024.2/common/technology/autopilot\hls_burst_maxi.h:43:9: warning: HLS pragma dump _XLX_SEP_ PragmaIsValid=1_XLX_SEP_ PragmaType=inline_XLX_SEP_ PragmaContext=_XLX_SEP_ PragmaFunction=write_request_XLX_SEP_ PragmaOptions=_XLX_SEP_ [-Wdump-hls-pragmas]
#pragma HLS inline
        ^
F:/Vitis/2024.2/common/technology/autopilot\hls_burst_maxi.h:48:9: warning: HLS pragma dump _XLX_SEP_ PragmaIsValid=1_XLX_SEP_ PragmaType=inline_XLX_SEP_ PragmaContext=_XLX_SEP_ PragmaFunction=write_XLX_SEP_ PragmaOptions=_XLX_SEP_ [-Wdump-hls-pragmas]
#pragma HLS inline
        ^
F:/Vitis/2024.2/common/technology/autopilot\hls_burst_maxi.h:53:9: warning: HLS pragma dump _XLX_SEP_ PragmaIsValid=1_XLX_SEP_ PragmaType=inline_XLX_SEP_ PragmaContext=_XLX_SEP_ PragmaFunction=write_response_XLX_SEP_ PragmaOptions=_XLX_SEP_ [-Wdump-hls-pragmas]
#pragma HLS inline
        ^
../image_analysis.cpp:122:9: warning: HLS pragma dump _XLX_SEP_ PragmaIsValid=1_XLX_SEP_ PragmaType=unroll_XLX_SEP_ PragmaContext=_XLX_SEP_ PragmaFunction=Image_extract_next_XLX_SEP_ PragmaOptions=_XLX_SEP_ [-Wdump-hls-pragmas]
#pragma HLS UNROLL
        ^
../image_analysis.cpp:142:9: warning: HLS pragma dump _XLX_SEP_ PragmaIsValid=1_XLX_SEP_ PragmaType=unroll_XLX_SEP_ PragmaContext=_XLX_SEP_ PragmaFunction=vector_sum_XLX_SEP_ PragmaOptions=_XLX_SEP_ [-Wdump-hls-pragmas]
#pragma HLS UNROLL
        ^
../image_analysis.cpp:148:9: warning: HLS pragma dump _XLX_SEP_ PragmaIsValid=1_XLX_SEP_ PragmaType=unroll_XLX_SEP_ PragmaContext=_XLX_SEP_ PragmaFunction=vector_sum_XLX_SEP_ PragmaOptions=_XLX_SEP_ [-Wdump-hls-pragmas]
#pragma HLS UNROLL
        ^
../image_analysis.cpp:153:9: warning: HLS pragma dump _XLX_SEP_ PragmaIsValid=1_XLX_SEP_ PragmaType=unroll_XLX_SEP_ PragmaContext=_XLX_SEP_ PragmaFunction=vector_sum_XLX_SEP_ PragmaOptions=_XLX_SEP_ [-Wdump-hls-pragmas]
#pragma HLS UNROLL
        ^
../image_analysis.cpp:158:9: warning: HLS pragma dump _XLX_SEP_ PragmaIsValid=1_XLX_SEP_ PragmaType=unroll_XLX_SEP_ PragmaContext=_XLX_SEP_ PragmaFunction=vector_sum_XLX_SEP_ PragmaOptions=_XLX_SEP_ [-Wdump-hls-pragmas]
#pragma HLS UNROLL
        ^
../image_analysis.cpp:169:9: warning: HLS pragma dump _XLX_SEP_ PragmaIsValid=1_XLX_SEP_ PragmaType=unroll_XLX_SEP_ PragmaContext=_XLX_SEP_ PragmaFunction=vector_sum_prod_XLX_SEP_ PragmaOptions=_XLX_SEP_ [-Wdump-hls-pragmas]
#pragma HLS UNROLL
        ^
../image_analysis.cpp:181:9: warning: HLS pragma dump _XLX_SEP_ PragmaIsValid=1_XLX_SEP_ PragmaType=pipeline_XLX_SEP_ PragmaContext=_XLX_SEP_ PragmaFunction=matrix_sum_prod_XLX_SEP_ PragmaOptions=_XLX_SEP_ [-Wdump-hls-pragmas]
#pragma HLS PIPELINE
        ^
../image_analysis.cpp:187:9: warning: HLS pragma dump _XLX_SEP_ PragmaIsValid=1_XLX_SEP_ PragmaType=unroll_XLX_SEP_ PragmaContext=_XLX_SEP_ PragmaFunction=matrix_sum_prod_XLX_SEP_ PragmaOptions=_XLX_SEP_ [-Wdump-hls-pragmas]
#pragma HLS UNROLL
        ^
../image_analysis.cpp:199:9: warning: HLS pragma dump _XLX_SEP_ PragmaIsValid=1_XLX_SEP_ PragmaType=pipeline_XLX_SEP_ PragmaContext=_XLX_SEP_ PragmaFunction=post_process_XLX_SEP_ PragmaOptions=II=1_XLX_SEP_ [-Wdump-hls-pragmas]
#pragma HLS PIPELINE II=1
        ^
directive:1:9: warning: HLS pragma dump _XLX_SEP_ PragmaIsValid=1_XLX_SEP_ PragmaType=top_XLX_SEP_ PragmaContext=directive_XLX_SEP_ PragmaFunction=reconstruct_XLX_SEP_ PragmaOptions=name=reconstruct_XLX_SEP_ [-Wdump-hls-pragmas]
#pragma HLSDIRECTIVE TOP name=reconstruct
        ^
../image_analysis.cpp:221:9: warning: HLS pragma dump _XLX_SEP_ PragmaIsValid=1_XLX_SEP_ PragmaType=interface_XLX_SEP_ PragmaContext=_XLX_SEP_ PragmaFunction=reconstruct_XLX_SEP_ PragmaOptions=port=return mode=s_axilite bundle=control_XLX_SEP_ [-Wdump-hls-pragmas]
#pragma HLS INTERFACE port=return mode=s_axilite bundle=control
        ^
../image_analysis.cpp:223:9: warning: HLS pragma dump _XLX_SEP_ PragmaIsValid=1_XLX_SEP_ PragmaType=interface_XLX_SEP_ PragmaContext=_XLX_SEP_ PragmaFunction=reconstruct_XLX_SEP_ PragmaOptions=port=atomLocationsSize mode=s_axilite bundle=scalar_data_XLX_SEP_ [-Wdump-hls-pragmas]
#pragma HLS INTERFACE port=atomLocationsSize mode=s_axilite bundle=scalar_data
        ^
../image_analysis.cpp:224:9: warning: HLS pragma dump _XLX_SEP_ PragmaIsValid=1_XLX_SEP_ PragmaType=interface_XLX_SEP_ PragmaContext=_XLX_SEP_ PragmaFunction=reconstruct_XLX_SEP_ PragmaOptions=port=projShape0 mode=s_axilite bundle=scalar_data_XLX_SEP_ [-Wdump-hls-pragmas]
#pragma HLS INTERFACE port=projShape0 mode=s_axilite bundle=scalar_data
        ^
../image_analysis.cpp:225:9: warning: HLS pragma dump _XLX_SEP_ PragmaIsValid=1_XLX_SEP_ PragmaType=interface_XLX_SEP_ PragmaContext=_XLX_SEP_ PragmaFunction=reconstruct_XLX_SEP_ PragmaOptions=port=projShape1 mode=s_axilite bundle=scalar_data_XLX_SEP_ [-Wdump-hls-pragmas]
#pragma HLS INTERFACE port=projShape1 mode=s_axilite bundle=scalar_data
        ^
../image_analysis.cpp:227:9: warning: HLS pragma dump _XLX_SEP_ PragmaIsValid=1_XLX_SEP_ PragmaType=interface_XLX_SEP_ PragmaContext=_XLX_SEP_ PragmaFunction=reconstruct_XLX_SEP_ PragmaOptions=port=atomLocations mode=m_axi bundle=atomLocations depth=1600_XLX_SEP_ [-Wdump-hls-pragmas]
#pragma HLS INTERFACE port=atomLocations mode=m_axi bundle=atomLocations depth=1600
        ^
../image_analysis.cpp:229:9: warning: HLS pragma dump _XLX_SEP_ PragmaIsValid=1_XLX_SEP_ PragmaType=interface_XLX_SEP_ PragmaContext=_XLX_SEP_ PragmaFunction=reconstruct_XLX_SEP_ PragmaOptions=port=psfSupersample mode=s_axilite bundle=scalar_data_XLX_SEP_ [-Wdump-hls-pragmas]
#pragma HLS INTERFACE port=psfSupersample mode=s_axilite bundle=scalar_data
        ^
../image_analysis.cpp:230:9: warning: HLS pragma dump _XLX_SEP_ PragmaIsValid=1_XLX_SEP_ PragmaType=interface_XLX_SEP_ PragmaContext=_XLX_SEP_ PragmaFunction=reconstruct_XLX_SEP_ PragmaOptions=port=imageProjectionSize mode=s_axilite bundle=scalar_data_XLX_SEP_ [-Wdump-hls-pragmas]
#pragma HLS INTERFACE port=imageProjectionSize mode=s_axilite bundle=scalar_data
        ^
../image_analysis.cpp:232:9: warning: HLS pragma dump _XLX_SEP_ PragmaIsValid=1_XLX_SEP_ PragmaType=interface_XLX_SEP_ PragmaContext=_XLX_SEP_ PragmaFunction=reconstruct_XLX_SEP_ PragmaOptions=port=imageProjs_local mode=m_axi bundle=imageProjs_local_XLX_SEP_ [-Wdump-hls-pragmas]
#pragma HLS INTERFACE port=imageProjs_local mode=m_axi bundle=imageProjs_local
        ^
../image_analysis.cpp:233:9: warning: HLS pragma dump _XLX_SEP_ PragmaIsValid=1_XLX_SEP_ PragmaType=interface_XLX_SEP_ PragmaContext=_XLX_SEP_ PragmaFunction=reconstruct_XLX_SEP_ PragmaOptions=port=imageProjs mode=m_axi bundle=imageProjs_XLX_SEP_ [-Wdump-hls-pragmas]
#pragma HLS INTERFACE port=imageProjs mode=m_axi bundle=imageProjs
        ^
../image_analysis.cpp:234:9: warning: HLS pragma dump _XLX_SEP_ PragmaIsValid=1_XLX_SEP_ PragmaType=interface_XLX_SEP_ PragmaContext=_XLX_SEP_ PragmaFunction=reconstruct_XLX_SEP_ PragmaOptions=port=imageProjs_local_size mode=m_axi bundle=imageProjs_local_size_XLX_SEP_ [-Wdump-hls-pragmas]
#pragma HLS INTERFACE port=imageProjs_local_size mode=m_axi bundle=imageProjs_local_size
        ^
../image_analysis.cpp:236:9: warning: HLS pragma dump _XLX_SEP_ PragmaIsValid=1_XLX_SEP_ PragmaType=interface_XLX_SEP_ PragmaContext=_XLX_SEP_ PragmaFunction=reconstruct_XLX_SEP_ PragmaOptions=port=fullImage mode=m_axi bundle=fullImage depth=1024*1024 num_read_outstanding=64 max_read_burst_length=64_XLX_SEP_ [-Wdump-hls-pragmas]
#pragma HLS INTERFACE port=fullImage mode=m_axi bundle=fullImage depth=1024*1024 num_read_outstanding=64 max_read_burst_length=64
        ^
../image_analysis.cpp:239:9: warning: HLS pragma dump _XLX_SEP_ PragmaIsValid=1_XLX_SEP_ PragmaType=interface_XLX_SEP_ PragmaContext=_XLX_SEP_ PragmaFunction=reconstruct_XLX_SEP_ PragmaOptions=port=fullImage_rows mode=s_axilite bundle=scalar_data_XLX_SEP_ [-Wdump-hls-pragmas]
#pragma HLS INTERFACE port=fullImage_rows mode=s_axilite bundle=scalar_data
        ^
../image_analysis.cpp:240:9: warning: HLS pragma dump _XLX_SEP_ PragmaIsValid=1_XLX_SEP_ PragmaType=interface_XLX_SEP_ PragmaContext=_XLX_SEP_ PragmaFunction=reconstruct_XLX_SEP_ PragmaOptions=port=fullImage_cols mode=s_axilite bundle=scalar_data_XLX_SEP_ [-Wdump-hls-pragmas]
#pragma HLS INTERFACE port=fullImage_cols mode=s_axilite bundle=scalar_data
        ^
../image_analysis.cpp:242:9: warning: HLS pragma dump _XLX_SEP_ PragmaIsValid=1_XLX_SEP_ PragmaType=interface_XLX_SEP_ PragmaContext=_XLX_SEP_ PragmaFunction=reconstruct_XLX_SEP_ PragmaOptions=port=emissions mode=m_axi bundle=emissions depth=1600_XLX_SEP_ [-Wdump-hls-pragmas]
#pragma HLS INTERFACE port=emissions mode=m_axi bundle=emissions depth=1600
        ^
../image_analysis.cpp:246:9: warning: HLS pragma dump _XLX_SEP_ PragmaIsValid=1_XLX_SEP_ PragmaType=dataflow_XLX_SEP_ PragmaContext=_XLX_SEP_ PragmaFunction=reconstruct_XLX_SEP_ PragmaOptions=_XLX_SEP_ [-Wdump-hls-pragmas]
#pragma HLS DATAFLOW
        ^
../image_analysis.cpp:254:9: warning: HLS pragma dump _XLX_SEP_ PragmaIsValid=1_XLX_SEP_ PragmaType=loop_tripcount_XLX_SEP_ PragmaContext=_XLX_SEP_ PragmaFunction=reconstruct_XLX_SEP_ PragmaOptions=max=1600 min=1600 avg=1600_XLX_SEP_ [-Wdump-hls-pragmas]
#pragma HLS LOOP_TRIPCOUNT max=1600 min=1600 avg=1600
        ^
32 warnings generated.
