

================================================================
== Vitis HLS Report for 'Image_extract'
================================================================
* Date:           Wed Aug  6 13:39:09 2025

* Version:        2024.2 (Build 5238294 on Nov  8 2024)
* Project:        reconstruct
* Solution:       hls (Vivado IP Flow Target)
* Product family: zynquplusRFSOC
* Target device:  xczu49dr-ffvf1760-2-e


================================================================
== Performance Estimates
================================================================
+ Timing: 
    * Summary: 
    +--------+----------+----------+------------+
    |  Clock |  Target  | Estimated| Uncertainty|
    +--------+----------+----------+------------+
    |ap_clk  |  10.00 ns|  7.300 ns|     2.70 ns|
    +--------+----------+----------+------------+

+ Latency: 
    * Summary: 
    +---------+---------+----------+----------+-----+-----+---------+
    |  Latency (cycles) |  Latency (absolute) |  Interval | Pipeline|
    |   min   |   max   |    min   |    max   | min | max |   Type  |
    +---------+---------+----------+----------+-----+-----+---------+
    |      982|      982|  9.820 us|  9.820 us|  982|  982|       no|
    +---------+---------+----------+----------+-----+-----+---------+

    + Detail: 
        * Instance: 
        +-------------------------------------------------------------------+--------------------------------------------------------+---------+---------+----------+----------+-----+-----+------------------------------------------------+
        |                                                                   |                                                        |  Latency (cycles) |  Latency (absolute) |  Interval |                    Pipeline                    |
        |                              Instance                             |                         Module                         |   min   |   max   |    min   |    max   | min | max |                      Type                      |
        +-------------------------------------------------------------------+--------------------------------------------------------+---------+---------+----------+----------+-----+-----+------------------------------------------------+
        |grp_Image_extract_Pipeline_VITIS_LOOP_36_1_VITIS_LOOP_37_2_fu_237  |Image_extract_Pipeline_VITIS_LOOP_36_1_VITIS_LOOP_37_2  |      972|      972|  9.720 us|  9.720 us|  961|  961|  loop auto-rewind stp (delay=0 clock cycles(s))|
        +-------------------------------------------------------------------+--------------------------------------------------------+---------+---------+----------+----------+-----+-----+------------------------------------------------+

        * Loop: 
        N/A

============================================================
+ Verbose Summary: Synthesis Manager
============================================================
InlineROM: 1
ExposeGlobal: 0
============================================================
+ Verbose Summary: CDFG Model
============================================================
IsTopModel: 0
ResetActiveHigh: 1
IsCombinational: 2
IsDatapathOnly: 0
HasWiredReturn: 1
HasMFsm: 0
HasVarLatency: 1
IsPipeline: 0
IsRtlPipelined: 0
IsInstanceOverlapped: 0
IsDontTouch: 0
HasImplIP: 0
IsGatedGlobalClock: 0


============================================================
+ Verbose Summary: Schedule
============================================================
* Number of FSM states : 11
* Pipeline : 0
* Dataflow Pipeline: 0

* FSM state transitions: 
1 --> 2 
2 --> 3 
3 --> 4 
4 --> 5 
5 --> 6 
6 --> 7 
7 --> 8 
8 --> 9 
9 --> 10 
10 --> 11 
11 --> 

* FSM state operations: 

State 1 <SV = 0> <Delay = 7.30>
ST_1 : Operation 12 [1/1] (0.00ns)   --->   "%tmp = read i64 @_ssdm_op_Read.ap_auto.i64, i64 %empty" [../image_analysis.cpp:26->../image_analysis.cpp:169]   --->   Operation 12 'read' 'tmp' <Predicate = true> <Delay = 0.00>
ST_1 : Operation 13 [1/1] (0.00ns)   --->   "%imageProjs_local3_read = read i64 @_ssdm_op_Read.ap_auto.i64, i64 %imageProjs_local3" [../image_analysis.cpp:26->../image_analysis.cpp:169]   --->   Operation 13 'read' 'imageProjs_local3_read' <Predicate = true> <Delay = 0.00>
ST_1 : Operation 14 [1/1] (0.00ns)   --->   "%p_cast = partselect i62 @_ssdm_op_PartSelect.i62.i64.i32.i32, i64 %tmp, i32 2, i32 63" [../image_analysis.cpp:26->../image_analysis.cpp:169]   --->   Operation 14 'partselect' 'p_cast' <Predicate = true> <Delay = 0.00>
ST_1 : Operation 15 [1/1] (0.00ns)   --->   "%p_cast_cast = sext i62 %p_cast" [../image_analysis.cpp:26->../image_analysis.cpp:169]   --->   Operation 15 'sext' 'p_cast_cast' <Predicate = true> <Delay = 0.00>
ST_1 : Operation 16 [1/1] (0.00ns)   --->   "%imageProjs_addr = getelementptr i32 %imageProjs, i64 %p_cast_cast" [../image_analysis.cpp:26->../image_analysis.cpp:169]   --->   Operation 16 'getelementptr' 'imageProjs_addr' <Predicate = true> <Delay = 0.00>
ST_1 : Operation 17 [8/8] (7.30ns)   --->   "%imageProjs_load_req = readreq i1 @_ssdm_op_ReadReq.m_axi.i32P1A, i32 %imageProjs_addr, i64 1" [../image_analysis.cpp:26->../image_analysis.cpp:169]   --->   Operation 17 'readreq' 'imageProjs_load_req' <Predicate = true> <Delay = 7.30> <CoreInst = "m_axi">   --->   Core 119 'm_axi' <Latency = 6> <II = 1> <Delay = 1.00> <Adapter> <Opcode : 'read' 'write' 'readreq' 'writereq' 'writeresp'>
ST_1 : Operation 18 [1/1] (0.00ns)   --->   "%trunc_ln = partselect i62 @_ssdm_op_PartSelect.i62.i64.i32.i32, i64 %imageProjs_local3_read, i32 2, i32 63" [../image_analysis.cpp:36->../image_analysis.cpp:169]   --->   Operation 18 'partselect' 'trunc_ln' <Predicate = true> <Delay = 0.00>
ST_1 : Operation 19 [1/1] (0.00ns)   --->   "%sext_ln36 = sext i62 %trunc_ln" [../image_analysis.cpp:36->../image_analysis.cpp:169]   --->   Operation 19 'sext' 'sext_ln36' <Predicate = true> <Delay = 0.00>
ST_1 : Operation 20 [1/1] (0.00ns)   --->   "%imageProjs_local_addr = getelementptr i32 %imageProjs_local, i64 %sext_ln36" [../image_analysis.cpp:36->../image_analysis.cpp:169]   --->   Operation 20 'getelementptr' 'imageProjs_local_addr' <Predicate = true> <Delay = 0.00>
ST_1 : Operation 21 [8/8] (7.30ns)   --->   "%empty_268 = readreq i1 @_ssdm_op_ReadReq.m_axi.p1i32, i32 %imageProjs_local_addr, i64 961" [../image_analysis.cpp:36->../image_analysis.cpp:169]   --->   Operation 21 'readreq' 'empty_268' <Predicate = true> <Delay = 7.30> <CoreInst = "m_axi">   --->   Core 119 'm_axi' <Latency = 6> <II = 1> <Delay = 1.00> <Adapter> <Opcode : 'read' 'write' 'readreq' 'writereq' 'writeresp'>

State 2 <SV = 1> <Delay = 7.30>
ST_2 : Operation 22 [7/8] (7.30ns)   --->   "%imageProjs_load_req = readreq i1 @_ssdm_op_ReadReq.m_axi.i32P1A, i32 %imageProjs_addr, i64 1" [../image_analysis.cpp:26->../image_analysis.cpp:169]   --->   Operation 22 'readreq' 'imageProjs_load_req' <Predicate = true> <Delay = 7.30> <CoreInst = "m_axi">   --->   Core 119 'm_axi' <Latency = 6> <II = 1> <Delay = 1.00> <Adapter> <Opcode : 'read' 'write' 'readreq' 'writereq' 'writeresp'>
ST_2 : Operation 23 [7/8] (7.30ns)   --->   "%empty_268 = readreq i1 @_ssdm_op_ReadReq.m_axi.p1i32, i32 %imageProjs_local_addr, i64 961" [../image_analysis.cpp:36->../image_analysis.cpp:169]   --->   Operation 23 'readreq' 'empty_268' <Predicate = true> <Delay = 7.30> <CoreInst = "m_axi">   --->   Core 119 'm_axi' <Latency = 6> <II = 1> <Delay = 1.00> <Adapter> <Opcode : 'read' 'write' 'readreq' 'writereq' 'writeresp'>

State 3 <SV = 2> <Delay = 7.30>
ST_3 : Operation 24 [6/8] (7.30ns)   --->   "%imageProjs_load_req = readreq i1 @_ssdm_op_ReadReq.m_axi.i32P1A, i32 %imageProjs_addr, i64 1" [../image_analysis.cpp:26->../image_analysis.cpp:169]   --->   Operation 24 'readreq' 'imageProjs_load_req' <Predicate = true> <Delay = 7.30> <CoreInst = "m_axi">   --->   Core 119 'm_axi' <Latency = 6> <II = 1> <Delay = 1.00> <Adapter> <Opcode : 'read' 'write' 'readreq' 'writereq' 'writeresp'>
ST_3 : Operation 25 [6/8] (7.30ns)   --->   "%empty_268 = readreq i1 @_ssdm_op_ReadReq.m_axi.p1i32, i32 %imageProjs_local_addr, i64 961" [../image_analysis.cpp:36->../image_analysis.cpp:169]   --->   Operation 25 'readreq' 'empty_268' <Predicate = true> <Delay = 7.30> <CoreInst = "m_axi">   --->   Core 119 'm_axi' <Latency = 6> <II = 1> <Delay = 1.00> <Adapter> <Opcode : 'read' 'write' 'readreq' 'writereq' 'writeresp'>

State 4 <SV = 3> <Delay = 7.30>
ST_4 : Operation 26 [5/8] (7.30ns)   --->   "%imageProjs_load_req = readreq i1 @_ssdm_op_ReadReq.m_axi.i32P1A, i32 %imageProjs_addr, i64 1" [../image_analysis.cpp:26->../image_analysis.cpp:169]   --->   Operation 26 'readreq' 'imageProjs_load_req' <Predicate = true> <Delay = 7.30> <CoreInst = "m_axi">   --->   Core 119 'm_axi' <Latency = 6> <II = 1> <Delay = 1.00> <Adapter> <Opcode : 'read' 'write' 'readreq' 'writereq' 'writeresp'>
ST_4 : Operation 27 [5/8] (7.30ns)   --->   "%empty_268 = readreq i1 @_ssdm_op_ReadReq.m_axi.p1i32, i32 %imageProjs_local_addr, i64 961" [../image_analysis.cpp:36->../image_analysis.cpp:169]   --->   Operation 27 'readreq' 'empty_268' <Predicate = true> <Delay = 7.30> <CoreInst = "m_axi">   --->   Core 119 'm_axi' <Latency = 6> <II = 1> <Delay = 1.00> <Adapter> <Opcode : 'read' 'write' 'readreq' 'writereq' 'writeresp'>

State 5 <SV = 4> <Delay = 7.30>
ST_5 : Operation 28 [4/8] (7.30ns)   --->   "%imageProjs_load_req = readreq i1 @_ssdm_op_ReadReq.m_axi.i32P1A, i32 %imageProjs_addr, i64 1" [../image_analysis.cpp:26->../image_analysis.cpp:169]   --->   Operation 28 'readreq' 'imageProjs_load_req' <Predicate = true> <Delay = 7.30> <CoreInst = "m_axi">   --->   Core 119 'm_axi' <Latency = 6> <II = 1> <Delay = 1.00> <Adapter> <Opcode : 'read' 'write' 'readreq' 'writereq' 'writeresp'>
ST_5 : Operation 29 [4/8] (7.30ns)   --->   "%empty_268 = readreq i1 @_ssdm_op_ReadReq.m_axi.p1i32, i32 %imageProjs_local_addr, i64 961" [../image_analysis.cpp:36->../image_analysis.cpp:169]   --->   Operation 29 'readreq' 'empty_268' <Predicate = true> <Delay = 7.30> <CoreInst = "m_axi">   --->   Core 119 'm_axi' <Latency = 6> <II = 1> <Delay = 1.00> <Adapter> <Opcode : 'read' 'write' 'readreq' 'writereq' 'writeresp'>

State 6 <SV = 5> <Delay = 7.30>
ST_6 : Operation 30 [3/8] (7.30ns)   --->   "%imageProjs_load_req = readreq i1 @_ssdm_op_ReadReq.m_axi.i32P1A, i32 %imageProjs_addr, i64 1" [../image_analysis.cpp:26->../image_analysis.cpp:169]   --->   Operation 30 'readreq' 'imageProjs_load_req' <Predicate = true> <Delay = 7.30> <CoreInst = "m_axi">   --->   Core 119 'm_axi' <Latency = 6> <II = 1> <Delay = 1.00> <Adapter> <Opcode : 'read' 'write' 'readreq' 'writereq' 'writeresp'>
ST_6 : Operation 31 [3/8] (7.30ns)   --->   "%empty_268 = readreq i1 @_ssdm_op_ReadReq.m_axi.p1i32, i32 %imageProjs_local_addr, i64 961" [../image_analysis.cpp:36->../image_analysis.cpp:169]   --->   Operation 31 'readreq' 'empty_268' <Predicate = true> <Delay = 7.30> <CoreInst = "m_axi">   --->   Core 119 'm_axi' <Latency = 6> <II = 1> <Delay = 1.00> <Adapter> <Opcode : 'read' 'write' 'readreq' 'writereq' 'writeresp'>

State 7 <SV = 6> <Delay = 7.30>
ST_7 : Operation 32 [2/8] (7.30ns)   --->   "%imageProjs_load_req = readreq i1 @_ssdm_op_ReadReq.m_axi.i32P1A, i32 %imageProjs_addr, i64 1" [../image_analysis.cpp:26->../image_analysis.cpp:169]   --->   Operation 32 'readreq' 'imageProjs_load_req' <Predicate = true> <Delay = 7.30> <CoreInst = "m_axi">   --->   Core 119 'm_axi' <Latency = 6> <II = 1> <Delay = 1.00> <Adapter> <Opcode : 'read' 'write' 'readreq' 'writereq' 'writeresp'>
ST_7 : Operation 33 [2/8] (7.30ns)   --->   "%empty_268 = readreq i1 @_ssdm_op_ReadReq.m_axi.p1i32, i32 %imageProjs_local_addr, i64 961" [../image_analysis.cpp:36->../image_analysis.cpp:169]   --->   Operation 33 'readreq' 'empty_268' <Predicate = true> <Delay = 7.30> <CoreInst = "m_axi">   --->   Core 119 'm_axi' <Latency = 6> <II = 1> <Delay = 1.00> <Adapter> <Opcode : 'read' 'write' 'readreq' 'writereq' 'writeresp'>

State 8 <SV = 7> <Delay = 7.30>
ST_8 : Operation 34 [1/8] (7.30ns)   --->   "%imageProjs_load_req = readreq i1 @_ssdm_op_ReadReq.m_axi.i32P1A, i32 %imageProjs_addr, i64 1" [../image_analysis.cpp:26->../image_analysis.cpp:169]   --->   Operation 34 'readreq' 'imageProjs_load_req' <Predicate = true> <Delay = 7.30> <CoreInst = "m_axi">   --->   Core 119 'm_axi' <Latency = 6> <II = 1> <Delay = 1.00> <Adapter> <Opcode : 'read' 'write' 'readreq' 'writereq' 'writeresp'>
ST_8 : Operation 35 [1/8] (7.30ns)   --->   "%empty_268 = readreq i1 @_ssdm_op_ReadReq.m_axi.p1i32, i32 %imageProjs_local_addr, i64 961" [../image_analysis.cpp:36->../image_analysis.cpp:169]   --->   Operation 35 'readreq' 'empty_268' <Predicate = true> <Delay = 7.30> <CoreInst = "m_axi">   --->   Core 119 'm_axi' <Latency = 6> <II = 1> <Delay = 1.00> <Adapter> <Opcode : 'read' 'write' 'readreq' 'writereq' 'writeresp'>

State 9 <SV = 8> <Delay = 7.30>
ST_9 : Operation 36 [1/1] (7.30ns)   --->   "%imageProjs_addr_read = read i32 @_ssdm_op_Read.m_axi.i32P1A, i32 %imageProjs_addr" [../image_analysis.cpp:26->../image_analysis.cpp:169]   --->   Operation 36 'read' 'imageProjs_addr_read' <Predicate = true> <Delay = 7.30> <CoreInst = "m_axi">   --->   Core 119 'm_axi' <Latency = 3> <II = 1> <Delay = 1.00> <Adapter> <Opcode : 'read' 'write' 'readreq' 'writereq' 'writeresp'>
ST_9 : Operation 37 [1/1] ( I:1.83ns O:1.83ns )   --->   "%localImages_read = read i256 @_ssdm_op_Read.ap_fifo.volatile.i256P0A, i256 %localImages" [../image_analysis.cpp:29->../image_analysis.cpp:169]   --->   Operation 37 'read' 'localImages_read' <Predicate = true> <Delay = 1.83> <CoreInst = "FIFO_SRL">   --->   Core 80 'FIFO_SRL' <Latency = 0> <II = 1> <Delay = 1.83> <Storage> <Opcode : 'read' 'write' 'nbread' 'nbwrite'> <Ports = 0> <Width = 256> <Depth = 4> <FIFO>
ST_9 : Operation 38 [1/1] (0.00ns)   --->   "%curr_info_X_min = partselect i32 @_ssdm_op_PartSelect.i32.i256.i32.i32, i256 %localImages_read, i32 64, i32 95" [../image_analysis.cpp:29->../image_analysis.cpp:169]   --->   Operation 38 'partselect' 'curr_info_X_min' <Predicate = true> <Delay = 0.00>
ST_9 : Operation 39 [1/1] (0.00ns)   --->   "%curr_info_Y_min = partselect i32 @_ssdm_op_PartSelect.i32.i256.i32.i32, i256 %localImages_read, i32 96, i32 127" [../image_analysis.cpp:29->../image_analysis.cpp:169]   --->   Operation 39 'partselect' 'curr_info_Y_min' <Predicate = true> <Delay = 0.00>

State 10 <SV = 9> <Delay = 7.30>
ST_10 : Operation 40 [1/1] (0.00ns)   --->   "%fullImage2_read = read i64 @_ssdm_op_Read.ap_auto.i64, i64 %fullImage2" [../image_analysis.cpp:26->../image_analysis.cpp:169]   --->   Operation 40 'read' 'fullImage2_read' <Predicate = true> <Delay = 0.00>
ST_10 : Operation 41 [2/2] (7.30ns)   --->   "%call_ln36 = call void @Image_extract_Pipeline_VITIS_LOOP_36_1_VITIS_LOOP_37_2, i32 %imageProjs_local, i62 %trunc_ln, i32 %curr_info_Y_min, i32 %curr_info_X_min, i64 %fullImage2_read, i32 %fullImage, i32 %curr_fullImage, i32 %curr_fullImage_1, i32 %curr_fullImage_2, i32 %curr_fullImage_3, i32 %curr_fullImage_4, i32 %curr_fullImage_5, i32 %curr_fullImage_6, i32 %curr_fullImage_7, i32 %curr_fullImage_8, i32 %curr_fullImage_9, i32 %curr_fullImage_10, i32 %curr_fullImage_11, i32 %curr_fullImage_12, i32 %curr_fullImage_13, i32 %curr_fullImage_14, i32 %curr_fullImage_15, i32 %curr_fullImage_14_70, i32 %curr_fullImage_13_71, i32 %curr_fullImage_12_72, i32 %curr_fullImage_11_73, i32 %curr_fullImage_10_74, i32 %curr_fullImage_9_75, i32 %curr_fullImage_8_76, i32 %curr_fullImage_7_77, i32 %curr_fullImage_6_78, i32 %curr_fullImage_5_79, i32 %curr_fullImage_4_80, i32 %curr_fullImage_3_81, i32 %curr_fullImage_2_82, i32 %curr_fullImage_1_83, i32 %curr_fullImage_16, i32 %curr_localImage, i32 %curr_localImage_1, i32 %curr_localImage_2, i32 %curr_localImage_3, i32 %curr_localImage_4, i32 %curr_localImage_5, i32 %curr_localImage_6, i32 %curr_localImage_7, i32 %curr_localImage_8, i32 %curr_localImage_9, i32 %curr_localImage_10, i32 %curr_localImage_11, i32 %curr_localImage_12, i32 %curr_localImage_13, i32 %curr_localImage_14, i32 %curr_localImage_15, i32 %curr_localImage_14_84, i32 %curr_localImage_13_85, i32 %curr_localImage_12_86, i32 %curr_localImage_11_87, i32 %curr_localImage_10_88, i32 %curr_localImage_9_89, i32 %curr_localImage_8_90, i32 %curr_localImage_7_91, i32 %curr_localImage_6_92, i32 %curr_localImage_5_93, i32 %curr_localImage_4_94, i32 %curr_localImage_3_95, i32 %curr_localImage_2_96, i32 %curr_localImage_1_97, i32 %curr_localImage_16" [../image_analysis.cpp:36->../image_analysis.cpp:169]   --->   Operation 41 'call' 'call_ln36' <Predicate = true> <Delay = 7.30> <CoreType = "Generic">   --->   Generic Core

State 11 <SV = 10> <Delay = 0.00>
ST_11 : Operation 42 [1/1] (0.00ns)   --->   "%specinterface_ln0 = specinterface void @_ssdm_op_SpecInterface, i32 %imageProjs, void @empty_16, i32 0, i32 0, void @empty_17, i32 0, i32 0, void @empty_25, void @empty_19, void @empty_17, i32 16, i32 16, i32 16, i32 16, void @empty_17, void @empty_17, i32 4294967295, i32 0, i32 0"   --->   Operation 42 'specinterface' 'specinterface_ln0' <Predicate = true> <Delay = 0.00>
ST_11 : Operation 43 [1/1] (0.00ns)   --->   "%curr_imageProjs_write_assign = bitcast i32 %imageProjs_addr_read" [../image_analysis.cpp:26->../image_analysis.cpp:169]   --->   Operation 43 'bitcast' 'curr_imageProjs_write_assign' <Predicate = true> <Delay = 0.00>
ST_11 : Operation 44 [1/1] (0.00ns)   --->   "%specinterface_ln0 = specinterface void @_ssdm_op_SpecInterface, i256 %localImages, void @empty_27, i32 0, i32 0, void @empty_17, i32 0, i32 0, void @empty_17, void @empty_17, void @empty_17, i32 0, i32 0, i32 0, i32 0, void @empty_17, void @empty_17, i32 4294967295, i32 0, i32 0"   --->   Operation 44 'specinterface' 'specinterface_ln0' <Predicate = true> <Delay = 0.00>
ST_11 : Operation 45 [1/1] (0.00ns)   --->   "%specinterface_ln0 = specinterface void @_ssdm_op_SpecInterface, i32 %imageProjs_local, void @empty_16, i32 0, i32 0, void @empty_17, i32 0, i32 0, void @empty_20, void @empty_19, void @empty_17, i32 16, i32 16, i32 16, i32 16, void @empty_17, void @empty_17, i32 4294967295, i32 0, i32 0"   --->   Operation 45 'specinterface' 'specinterface_ln0' <Predicate = true> <Delay = 0.00>
ST_11 : Operation 46 [1/1] (0.00ns)   --->   "%specinterface_ln0 = specinterface void @_ssdm_op_SpecInterface, i32 %fullImage, void @empty_16, i32 0, i32 0, void @empty_17, i32 0, i32 160000, void @empty, void @empty_19, void @empty_17, i32 16, i32 16, i32 16, i32 16, void @empty_17, void @empty_17, i32 4294967295, i32 0, i32 0"   --->   Operation 46 'specinterface' 'specinterface_ln0' <Predicate = true> <Delay = 0.00>
ST_11 : Operation 47 [1/2] (0.00ns)   --->   "%call_ln36 = call void @Image_extract_Pipeline_VITIS_LOOP_36_1_VITIS_LOOP_37_2, i32 %imageProjs_local, i62 %trunc_ln, i32 %curr_info_Y_min, i32 %curr_info_X_min, i64 %fullImage2_read, i32 %fullImage, i32 %curr_fullImage, i32 %curr_fullImage_1, i32 %curr_fullImage_2, i32 %curr_fullImage_3, i32 %curr_fullImage_4, i32 %curr_fullImage_5, i32 %curr_fullImage_6, i32 %curr_fullImage_7, i32 %curr_fullImage_8, i32 %curr_fullImage_9, i32 %curr_fullImage_10, i32 %curr_fullImage_11, i32 %curr_fullImage_12, i32 %curr_fullImage_13, i32 %curr_fullImage_14, i32 %curr_fullImage_15, i32 %curr_fullImage_14_70, i32 %curr_fullImage_13_71, i32 %curr_fullImage_12_72, i32 %curr_fullImage_11_73, i32 %curr_fullImage_10_74, i32 %curr_fullImage_9_75, i32 %curr_fullImage_8_76, i32 %curr_fullImage_7_77, i32 %curr_fullImage_6_78, i32 %curr_fullImage_5_79, i32 %curr_fullImage_4_80, i32 %curr_fullImage_3_81, i32 %curr_fullImage_2_82, i32 %curr_fullImage_1_83, i32 %curr_fullImage_16, i32 %curr_localImage, i32 %curr_localImage_1, i32 %curr_localImage_2, i32 %curr_localImage_3, i32 %curr_localImage_4, i32 %curr_localImage_5, i32 %curr_localImage_6, i32 %curr_localImage_7, i32 %curr_localImage_8, i32 %curr_localImage_9, i32 %curr_localImage_10, i32 %curr_localImage_11, i32 %curr_localImage_12, i32 %curr_localImage_13, i32 %curr_localImage_14, i32 %curr_localImage_15, i32 %curr_localImage_14_84, i32 %curr_localImage_13_85, i32 %curr_localImage_12_86, i32 %curr_localImage_11_87, i32 %curr_localImage_10_88, i32 %curr_localImage_9_89, i32 %curr_localImage_8_90, i32 %curr_localImage_7_91, i32 %curr_localImage_6_92, i32 %curr_localImage_5_93, i32 %curr_localImage_4_94, i32 %curr_localImage_3_95, i32 %curr_localImage_2_96, i32 %curr_localImage_1_97, i32 %curr_localImage_16" [../image_analysis.cpp:36->../image_analysis.cpp:169]   --->   Operation 47 'call' 'call_ln36' <Predicate = true> <Delay = 0.00> <CoreType = "Generic">   --->   Generic Core
ST_11 : Operation 48 [1/1] (0.00ns)   --->   "%ret_ln169 = ret i32 %curr_imageProjs_write_assign" [../image_analysis.cpp:169]   --->   Operation 48 'ret' 'ret_ln169' <Predicate = true> <Delay = 0.00>


============================================================
+ Verbose Summary: Binding
============================================================
STG Binding: 
---------------- STG Properties BEGIN ----------------
- Is combinational: 0
- Is one-state seq: 0
- Is datapath-only: 0
- Is pipelined: 0
- Is top level: 0
Port [ Return ] is wired: 1; IO mode=ap_ctrl_hs:ce=0
Port [ localImages]:  wired=1; compound=1; hidden=0; nouse=0; global=0; static=0; extern=0; dir=0; type=3; pingpong=0; private_global=0; IO mode=ap_fifo:ce=0
Port [ fullImage]:  wired=1; compound=1; hidden=0; nouse=0; global=0; static=0; extern=0; dir=0; type=4; pingpong=0; private_global=0; IO mode=m_axi:ce=0
Port [ fullImage2]:  wired=1; compound=0; hidden=0; nouse=0; global=0; static=0; extern=0; dir=0; type=0; pingpong=0; private_global=0; IO mode=ap_none:ce=0
Port [ curr_fullImage_16]:  wired=1; compound=1; hidden=0; nouse=0; global=0; static=0; extern=0; dir=1; type=1; pingpong=1; private_global=0; MemPort=[03]; IO mode=ap_memory:ce=0
Port [ curr_fullImage_1_83]:  wired=1; compound=1; hidden=0; nouse=0; global=0; static=0; extern=0; dir=1; type=1; pingpong=1; private_global=0; MemPort=[03]; IO mode=ap_memory:ce=0
Port [ curr_fullImage_2_82]:  wired=1; compound=1; hidden=0; nouse=0; global=0; static=0; extern=0; dir=1; type=1; pingpong=1; private_global=0; MemPort=[03]; IO mode=ap_memory:ce=0
Port [ curr_fullImage_3_81]:  wired=1; compound=1; hidden=0; nouse=0; global=0; static=0; extern=0; dir=1; type=1; pingpong=1; private_global=0; MemPort=[03]; IO mode=ap_memory:ce=0
Port [ curr_fullImage_4_80]:  wired=1; compound=1; hidden=0; nouse=0; global=0; static=0; extern=0; dir=1; type=1; pingpong=1; private_global=0; MemPort=[03]; IO mode=ap_memory:ce=0
Port [ curr_fullImage_5_79]:  wired=1; compound=1; hidden=0; nouse=0; global=0; static=0; extern=0; dir=1; type=1; pingpong=1; private_global=0; MemPort=[03]; IO mode=ap_memory:ce=0
Port [ curr_fullImage_6_78]:  wired=1; compound=1; hidden=0; nouse=0; global=0; static=0; extern=0; dir=1; type=1; pingpong=1; private_global=0; MemPort=[03]; IO mode=ap_memory:ce=0
Port [ curr_fullImage_7_77]:  wired=1; compound=1; hidden=0; nouse=0; global=0; static=0; extern=0; dir=1; type=1; pingpong=1; private_global=0; MemPort=[03]; IO mode=ap_memory:ce=0
Port [ curr_fullImage_8_76]:  wired=1; compound=1; hidden=0; nouse=0; global=0; static=0; extern=0; dir=1; type=1; pingpong=1; private_global=0; MemPort=[03]; IO mode=ap_memory:ce=0
Port [ curr_fullImage_9_75]:  wired=1; compound=1; hidden=0; nouse=0; global=0; static=0; extern=0; dir=1; type=1; pingpong=1; private_global=0; MemPort=[03]; IO mode=ap_memory:ce=0
Port [ curr_fullImage_10_74]:  wired=1; compound=1; hidden=0; nouse=0; global=0; static=0; extern=0; dir=1; type=1; pingpong=1; private_global=0; MemPort=[03]; IO mode=ap_memory:ce=0
Port [ curr_fullImage_11_73]:  wired=1; compound=1; hidden=0; nouse=0; global=0; static=0; extern=0; dir=1; type=1; pingpong=1; private_global=0; MemPort=[03]; IO mode=ap_memory:ce=0
Port [ curr_fullImage_12_72]:  wired=1; compound=1; hidden=0; nouse=0; global=0; static=0; extern=0; dir=1; type=1; pingpong=1; private_global=0; MemPort=[03]; IO mode=ap_memory:ce=0
Port [ curr_fullImage_13_71]:  wired=1; compound=1; hidden=0; nouse=0; global=0; static=0; extern=0; dir=1; type=1; pingpong=1; private_global=0; MemPort=[03]; IO mode=ap_memory:ce=0
Port [ curr_fullImage_14_70]:  wired=1; compound=1; hidden=0; nouse=0; global=0; static=0; extern=0; dir=1; type=1; pingpong=1; private_global=0; MemPort=[03]; IO mode=ap_memory:ce=0
Port [ curr_fullImage_15]:  wired=1; compound=1; hidden=0; nouse=0; global=0; static=0; extern=0; dir=1; type=1; pingpong=1; private_global=0; MemPort=[03]; IO mode=ap_memory:ce=0
Port [ curr_fullImage_14]:  wired=1; compound=1; hidden=0; nouse=0; global=0; static=0; extern=0; dir=1; type=1; pingpong=1; private_global=0; MemPort=[03]; IO mode=ap_memory:ce=0
Port [ curr_fullImage_13]:  wired=1; compound=1; hidden=0; nouse=0; global=0; static=0; extern=0; dir=1; type=1; pingpong=1; private_global=0; MemPort=[03]; IO mode=ap_memory:ce=0
Port [ curr_fullImage_12]:  wired=1; compound=1; hidden=0; nouse=0; global=0; static=0; extern=0; dir=1; type=1; pingpong=1; private_global=0; MemPort=[03]; IO mode=ap_memory:ce=0
Port [ curr_fullImage_11]:  wired=1; compound=1; hidden=0; nouse=0; global=0; static=0; extern=0; dir=1; type=1; pingpong=1; private_global=0; MemPort=[03]; IO mode=ap_memory:ce=0
Port [ curr_fullImage_10]:  wired=1; compound=1; hidden=0; nouse=0; global=0; static=0; extern=0; dir=1; type=1; pingpong=1; private_global=0; MemPort=[03]; IO mode=ap_memory:ce=0
Port [ curr_fullImage_9]:  wired=1; compound=1; hidden=0; nouse=0; global=0; static=0; extern=0; dir=1; type=1; pingpong=1; private_global=0; MemPort=[03]; IO mode=ap_memory:ce=0
Port [ curr_fullImage_8]:  wired=1; compound=1; hidden=0; nouse=0; global=0; static=0; extern=0; dir=1; type=1; pingpong=1; private_global=0; MemPort=[03]; IO mode=ap_memory:ce=0
Port [ curr_fullImage_7]:  wired=1; compound=1; hidden=0; nouse=0; global=0; static=0; extern=0; dir=1; type=1; pingpong=1; private_global=0; MemPort=[03]; IO mode=ap_memory:ce=0
Port [ curr_fullImage_6]:  wired=1; compound=1; hidden=0; nouse=0; global=0; static=0; extern=0; dir=1; type=1; pingpong=1; private_global=0; MemPort=[03]; IO mode=ap_memory:ce=0
Port [ curr_fullImage_5]:  wired=1; compound=1; hidden=0; nouse=0; global=0; static=0; extern=0; dir=1; type=1; pingpong=1; private_global=0; MemPort=[03]; IO mode=ap_memory:ce=0
Port [ curr_fullImage_4]:  wired=1; compound=1; hidden=0; nouse=0; global=0; static=0; extern=0; dir=1; type=1; pingpong=1; private_global=0; MemPort=[03]; IO mode=ap_memory:ce=0
Port [ curr_fullImage_3]:  wired=1; compound=1; hidden=0; nouse=0; global=0; static=0; extern=0; dir=1; type=1; pingpong=1; private_global=0; MemPort=[03]; IO mode=ap_memory:ce=0
Port [ curr_fullImage_2]:  wired=1; compound=1; hidden=0; nouse=0; global=0; static=0; extern=0; dir=1; type=1; pingpong=1; private_global=0; MemPort=[03]; IO mode=ap_memory:ce=0
Port [ curr_fullImage_1]:  wired=1; compound=1; hidden=0; nouse=0; global=0; static=0; extern=0; dir=1; type=1; pingpong=1; private_global=0; MemPort=[03]; IO mode=ap_memory:ce=0
Port [ curr_fullImage]:  wired=1; compound=1; hidden=0; nouse=0; global=0; static=0; extern=0; dir=1; type=1; pingpong=1; private_global=0; MemPort=[03]; IO mode=ap_memory:ce=0
Port [ imageProjs_local]:  wired=1; compound=1; hidden=0; nouse=0; global=0; static=0; extern=0; dir=0; type=4; pingpong=0; private_global=0; IO mode=m_axi:ce=0
Port [ imageProjs_local3]:  wired=1; compound=0; hidden=0; nouse=0; global=0; static=0; extern=0; dir=0; type=0; pingpong=0; private_global=0; IO mode=ap_none:ce=0
Port [ curr_localImage_16]:  wired=1; compound=1; hidden=0; nouse=0; global=0; static=0; extern=0; dir=1; type=1; pingpong=1; private_global=0; MemPort=[03]; IO mode=ap_memory:ce=0
Port [ curr_localImage_1_97]:  wired=1; compound=1; hidden=0; nouse=0; global=0; static=0; extern=0; dir=1; type=1; pingpong=1; private_global=0; MemPort=[03]; IO mode=ap_memory:ce=0
Port [ curr_localImage_2_96]:  wired=1; compound=1; hidden=0; nouse=0; global=0; static=0; extern=0; dir=1; type=1; pingpong=1; private_global=0; MemPort=[03]; IO mode=ap_memory:ce=0
Port [ curr_localImage_3_95]:  wired=1; compound=1; hidden=0; nouse=0; global=0; static=0; extern=0; dir=1; type=1; pingpong=1; private_global=0; MemPort=[03]; IO mode=ap_memory:ce=0
Port [ curr_localImage_4_94]:  wired=1; compound=1; hidden=0; nouse=0; global=0; static=0; extern=0; dir=1; type=1; pingpong=1; private_global=0; MemPort=[03]; IO mode=ap_memory:ce=0
Port [ curr_localImage_5_93]:  wired=1; compound=1; hidden=0; nouse=0; global=0; static=0; extern=0; dir=1; type=1; pingpong=1; private_global=0; MemPort=[03]; IO mode=ap_memory:ce=0
Port [ curr_localImage_6_92]:  wired=1; compound=1; hidden=0; nouse=0; global=0; static=0; extern=0; dir=1; type=1; pingpong=1; private_global=0; MemPort=[03]; IO mode=ap_memory:ce=0
Port [ curr_localImage_7_91]:  wired=1; compound=1; hidden=0; nouse=0; global=0; static=0; extern=0; dir=1; type=1; pingpong=1; private_global=0; MemPort=[03]; IO mode=ap_memory:ce=0
Port [ curr_localImage_8_90]:  wired=1; compound=1; hidden=0; nouse=0; global=0; static=0; extern=0; dir=1; type=1; pingpong=1; private_global=0; MemPort=[03]; IO mode=ap_memory:ce=0
Port [ curr_localImage_9_89]:  wired=1; compound=1; hidden=0; nouse=0; global=0; static=0; extern=0; dir=1; type=1; pingpong=1; private_global=0; MemPort=[03]; IO mode=ap_memory:ce=0
Port [ curr_localImage_10_88]:  wired=1; compound=1; hidden=0; nouse=0; global=0; static=0; extern=0; dir=1; type=1; pingpong=1; private_global=0; MemPort=[03]; IO mode=ap_memory:ce=0
Port [ curr_localImage_11_87]:  wired=1; compound=1; hidden=0; nouse=0; global=0; static=0; extern=0; dir=1; type=1; pingpong=1; private_global=0; MemPort=[03]; IO mode=ap_memory:ce=0
Port [ curr_localImage_12_86]:  wired=1; compound=1; hidden=0; nouse=0; global=0; static=0; extern=0; dir=1; type=1; pingpong=1; private_global=0; MemPort=[03]; IO mode=ap_memory:ce=0
Port [ curr_localImage_13_85]:  wired=1; compound=1; hidden=0; nouse=0; global=0; static=0; extern=0; dir=1; type=1; pingpong=1; private_global=0; MemPort=[03]; IO mode=ap_memory:ce=0
Port [ curr_localImage_14_84]:  wired=1; compound=1; hidden=0; nouse=0; global=0; static=0; extern=0; dir=1; type=1; pingpong=1; private_global=0; MemPort=[03]; IO mode=ap_memory:ce=0
Port [ curr_localImage_15]:  wired=1; compound=1; hidden=0; nouse=0; global=0; static=0; extern=0; dir=1; type=1; pingpong=1; private_global=0; MemPort=[03]; IO mode=ap_memory:ce=0
Port [ curr_localImage_14]:  wired=1; compound=1; hidden=0; nouse=0; global=0; static=0; extern=0; dir=1; type=1; pingpong=1; private_global=0; MemPort=[03]; IO mode=ap_memory:ce=0
Port [ curr_localImage_13]:  wired=1; compound=1; hidden=0; nouse=0; global=0; static=0; extern=0; dir=1; type=1; pingpong=1; private_global=0; MemPort=[03]; IO mode=ap_memory:ce=0
Port [ curr_localImage_12]:  wired=1; compound=1; hidden=0; nouse=0; global=0; static=0; extern=0; dir=1; type=1; pingpong=1; private_global=0; MemPort=[03]; IO mode=ap_memory:ce=0
Port [ curr_localImage_11]:  wired=1; compound=1; hidden=0; nouse=0; global=0; static=0; extern=0; dir=1; type=1; pingpong=1; private_global=0; MemPort=[03]; IO mode=ap_memory:ce=0
Port [ curr_localImage_10]:  wired=1; compound=1; hidden=0; nouse=0; global=0; static=0; extern=0; dir=1; type=1; pingpong=1; private_global=0; MemPort=[03]; IO mode=ap_memory:ce=0
Port [ curr_localImage_9]:  wired=1; compound=1; hidden=0; nouse=0; global=0; static=0; extern=0; dir=1; type=1; pingpong=1; private_global=0; MemPort=[03]; IO mode=ap_memory:ce=0
Port [ curr_localImage_8]:  wired=1; compound=1; hidden=0; nouse=0; global=0; static=0; extern=0; dir=1; type=1; pingpong=1; private_global=0; MemPort=[03]; IO mode=ap_memory:ce=0
Port [ curr_localImage_7]:  wired=1; compound=1; hidden=0; nouse=0; global=0; static=0; extern=0; dir=1; type=1; pingpong=1; private_global=0; MemPort=[03]; IO mode=ap_memory:ce=0
Port [ curr_localImage_6]:  wired=1; compound=1; hidden=0; nouse=0; global=0; static=0; extern=0; dir=1; type=1; pingpong=1; private_global=0; MemPort=[03]; IO mode=ap_memory:ce=0
Port [ curr_localImage_5]:  wired=1; compound=1; hidden=0; nouse=0; global=0; static=0; extern=0; dir=1; type=1; pingpong=1; private_global=0; MemPort=[03]; IO mode=ap_memory:ce=0
Port [ curr_localImage_4]:  wired=1; compound=1; hidden=0; nouse=0; global=0; static=0; extern=0; dir=1; type=1; pingpong=1; private_global=0; MemPort=[03]; IO mode=ap_memory:ce=0
Port [ curr_localImage_3]:  wired=1; compound=1; hidden=0; nouse=0; global=0; static=0; extern=0; dir=1; type=1; pingpong=1; private_global=0; MemPort=[03]; IO mode=ap_memory:ce=0
Port [ curr_localImage_2]:  wired=1; compound=1; hidden=0; nouse=0; global=0; static=0; extern=0; dir=1; type=1; pingpong=1; private_global=0; MemPort=[03]; IO mode=ap_memory:ce=0
Port [ curr_localImage_1]:  wired=1; compound=1; hidden=0; nouse=0; global=0; static=0; extern=0; dir=1; type=1; pingpong=1; private_global=0; MemPort=[03]; IO mode=ap_memory:ce=0
Port [ curr_localImage]:  wired=1; compound=1; hidden=0; nouse=0; global=0; static=0; extern=0; dir=1; type=1; pingpong=1; private_global=0; MemPort=[03]; IO mode=ap_memory:ce=0
Port [ imageProjs]:  wired=1; compound=1; hidden=0; nouse=0; global=0; static=0; extern=0; dir=0; type=4; pingpong=0; private_global=0; IO mode=m_axi:ce=0
Port [ empty]:  wired=1; compound=0; hidden=0; nouse=0; global=0; static=0; extern=0; dir=0; type=0; pingpong=0; private_global=0; IO mode=ap_none:ce=0
---------------- STG Properties END ------------------

---------------- Datapath Model BEGIN ----------------

<LifeTime>
<method=bitvector/>
tmp                          (read         ) [ 000000000000]
imageProjs_local3_read       (read         ) [ 000000000000]
p_cast                       (partselect   ) [ 000000000000]
p_cast_cast                  (sext         ) [ 000000000000]
imageProjs_addr              (getelementptr) [ 001111111100]
trunc_ln                     (partselect   ) [ 001111111111]
sext_ln36                    (sext         ) [ 000000000000]
imageProjs_local_addr        (getelementptr) [ 001111111000]
imageProjs_load_req          (readreq      ) [ 000000000000]
empty_268                    (readreq      ) [ 000000000000]
imageProjs_addr_read         (read         ) [ 000000000011]
localImages_read             (read         ) [ 000000000000]
curr_info_X_min              (partselect   ) [ 000000000011]
curr_info_Y_min              (partselect   ) [ 000000000011]
fullImage2_read              (read         ) [ 000000000001]
specinterface_ln0            (specinterface) [ 000000000000]
curr_imageProjs_write_assign (bitcast      ) [ 000000000000]
specinterface_ln0            (specinterface) [ 000000000000]
specinterface_ln0            (specinterface) [ 000000000000]
specinterface_ln0            (specinterface) [ 000000000000]
call_ln36                    (call         ) [ 000000000000]
ret_ln169                    (ret          ) [ 000000000000]
</LifeTime>

<model>

<comp_list>
<comp id="0" class="1000" name="localImages">
<pin_list>
<pin id="1" dir="1" index="0" bw="1" slack="0"/>
</pin_list>
<bind>
<StgValue><ssdm name="localImages"/></StgValue>
</bind>
</comp>

<comp id="2" class="1000" name="fullImage">
<pin_list>
<pin id="3" dir="1" index="0" bw="1" slack="0"/>
</pin_list>
<bind>
<StgValue><ssdm name="fullImage"/><MemPortTyVec>0 </MemPortTyVec>
</StgValue>
</bind>
</comp>

<comp id="4" class="1000" name="fullImage2">
<pin_list>
<pin id="5" dir="1" index="0" bw="1" slack="0"/>
</pin_list>
<bind>
<StgValue><ssdm name="fullImage2"/></StgValue>
</bind>
</comp>

<comp id="6" class="1000" name="curr_fullImage_16">
<pin_list>
<pin id="7" dir="1" index="0" bw="1" slack="0"/>
</pin_list>
<bind>
<StgValue><ssdm name="curr_fullImage_16"/><MemPortTyVec>0 3 </MemPortTyVec>
</StgValue>
</bind>
</comp>

<comp id="8" class="1000" name="curr_fullImage_1_83">
<pin_list>
<pin id="9" dir="1" index="0" bw="1" slack="0"/>
</pin_list>
<bind>
<StgValue><ssdm name="curr_fullImage_1_83"/><MemPortTyVec>0 3 </MemPortTyVec>
</StgValue>
</bind>
</comp>

<comp id="10" class="1000" name="curr_fullImage_2_82">
<pin_list>
<pin id="11" dir="1" index="0" bw="1" slack="0"/>
</pin_list>
<bind>
<StgValue><ssdm name="curr_fullImage_2_82"/><MemPortTyVec>0 3 </MemPortTyVec>
</StgValue>
</bind>
</comp>

<comp id="12" class="1000" name="curr_fullImage_3_81">
<pin_list>
<pin id="13" dir="1" index="0" bw="1" slack="0"/>
</pin_list>
<bind>
<StgValue><ssdm name="curr_fullImage_3_81"/><MemPortTyVec>0 3 </MemPortTyVec>
</StgValue>
</bind>
</comp>

<comp id="14" class="1000" name="curr_fullImage_4_80">
<pin_list>
<pin id="15" dir="1" index="0" bw="1" slack="0"/>
</pin_list>
<bind>
<StgValue><ssdm name="curr_fullImage_4_80"/><MemPortTyVec>0 3 </MemPortTyVec>
</StgValue>
</bind>
</comp>

<comp id="16" class="1000" name="curr_fullImage_5_79">
<pin_list>
<pin id="17" dir="1" index="0" bw="1" slack="0"/>
</pin_list>
<bind>
<StgValue><ssdm name="curr_fullImage_5_79"/><MemPortTyVec>0 3 </MemPortTyVec>
</StgValue>
</bind>
</comp>

<comp id="18" class="1000" name="curr_fullImage_6_78">
<pin_list>
<pin id="19" dir="1" index="0" bw="1" slack="0"/>
</pin_list>
<bind>
<StgValue><ssdm name="curr_fullImage_6_78"/><MemPortTyVec>0 3 </MemPortTyVec>
</StgValue>
</bind>
</comp>

<comp id="20" class="1000" name="curr_fullImage_7_77">
<pin_list>
<pin id="21" dir="1" index="0" bw="1" slack="0"/>
</pin_list>
<bind>
<StgValue><ssdm name="curr_fullImage_7_77"/><MemPortTyVec>0 3 </MemPortTyVec>
</StgValue>
</bind>
</comp>

<comp id="22" class="1000" name="curr_fullImage_8_76">
<pin_list>
<pin id="23" dir="1" index="0" bw="1" slack="0"/>
</pin_list>
<bind>
<StgValue><ssdm name="curr_fullImage_8_76"/><MemPortTyVec>0 3 </MemPortTyVec>
</StgValue>
</bind>
</comp>

<comp id="24" class="1000" name="curr_fullImage_9_75">
<pin_list>
<pin id="25" dir="1" index="0" bw="1" slack="0"/>
</pin_list>
<bind>
<StgValue><ssdm name="curr_fullImage_9_75"/><MemPortTyVec>0 3 </MemPortTyVec>
</StgValue>
</bind>
</comp>

<comp id="26" class="1000" name="curr_fullImage_10_74">
<pin_list>
<pin id="27" dir="1" index="0" bw="1" slack="0"/>
</pin_list>
<bind>
<StgValue><ssdm name="curr_fullImage_10_74"/><MemPortTyVec>0 3 </MemPortTyVec>
</StgValue>
</bind>
</comp>

<comp id="28" class="1000" name="curr_fullImage_11_73">
<pin_list>
<pin id="29" dir="1" index="0" bw="1" slack="0"/>
</pin_list>
<bind>
<StgValue><ssdm name="curr_fullImage_11_73"/><MemPortTyVec>0 3 </MemPortTyVec>
</StgValue>
</bind>
</comp>

<comp id="30" class="1000" name="curr_fullImage_12_72">
<pin_list>
<pin id="31" dir="1" index="0" bw="1" slack="0"/>
</pin_list>
<bind>
<StgValue><ssdm name="curr_fullImage_12_72"/><MemPortTyVec>0 3 </MemPortTyVec>
</StgValue>
</bind>
</comp>

<comp id="32" class="1000" name="curr_fullImage_13_71">
<pin_list>
<pin id="33" dir="1" index="0" bw="1" slack="0"/>
</pin_list>
<bind>
<StgValue><ssdm name="curr_fullImage_13_71"/><MemPortTyVec>0 3 </MemPortTyVec>
</StgValue>
</bind>
</comp>

<comp id="34" class="1000" name="curr_fullImage_14_70">
<pin_list>
<pin id="35" dir="1" index="0" bw="1" slack="0"/>
</pin_list>
<bind>
<StgValue><ssdm name="curr_fullImage_14_70"/><MemPortTyVec>0 3 </MemPortTyVec>
</StgValue>
</bind>
</comp>

<comp id="36" class="1000" name="curr_fullImage_15">
<pin_list>
<pin id="37" dir="1" index="0" bw="1" slack="0"/>
</pin_list>
<bind>
<StgValue><ssdm name="curr_fullImage_15"/><MemPortTyVec>0 3 </MemPortTyVec>
</StgValue>
</bind>
</comp>

<comp id="38" class="1000" name="curr_fullImage_14">
<pin_list>
<pin id="39" dir="1" index="0" bw="1" slack="0"/>
</pin_list>
<bind>
<StgValue><ssdm name="curr_fullImage_14"/><MemPortTyVec>0 3 </MemPortTyVec>
</StgValue>
</bind>
</comp>

<comp id="40" class="1000" name="curr_fullImage_13">
<pin_list>
<pin id="41" dir="1" index="0" bw="1" slack="0"/>
</pin_list>
<bind>
<StgValue><ssdm name="curr_fullImage_13"/><MemPortTyVec>0 3 </MemPortTyVec>
</StgValue>
</bind>
</comp>

<comp id="42" class="1000" name="curr_fullImage_12">
<pin_list>
<pin id="43" dir="1" index="0" bw="1" slack="0"/>
</pin_list>
<bind>
<StgValue><ssdm name="curr_fullImage_12"/><MemPortTyVec>0 3 </MemPortTyVec>
</StgValue>
</bind>
</comp>

<comp id="44" class="1000" name="curr_fullImage_11">
<pin_list>
<pin id="45" dir="1" index="0" bw="1" slack="0"/>
</pin_list>
<bind>
<StgValue><ssdm name="curr_fullImage_11"/><MemPortTyVec>0 3 </MemPortTyVec>
</StgValue>
</bind>
</comp>

<comp id="46" class="1000" name="curr_fullImage_10">
<pin_list>
<pin id="47" dir="1" index="0" bw="1" slack="0"/>
</pin_list>
<bind>
<StgValue><ssdm name="curr_fullImage_10"/><MemPortTyVec>0 3 </MemPortTyVec>
</StgValue>
</bind>
</comp>

<comp id="48" class="1000" name="curr_fullImage_9">
<pin_list>
<pin id="49" dir="1" index="0" bw="1" slack="0"/>
</pin_list>
<bind>
<StgValue><ssdm name="curr_fullImage_9"/><MemPortTyVec>0 3 </MemPortTyVec>
</StgValue>
</bind>
</comp>

<comp id="50" class="1000" name="curr_fullImage_8">
<pin_list>
<pin id="51" dir="1" index="0" bw="1" slack="0"/>
</pin_list>
<bind>
<StgValue><ssdm name="curr_fullImage_8"/><MemPortTyVec>0 3 </MemPortTyVec>
</StgValue>
</bind>
</comp>

<comp id="52" class="1000" name="curr_fullImage_7">
<pin_list>
<pin id="53" dir="1" index="0" bw="1" slack="0"/>
</pin_list>
<bind>
<StgValue><ssdm name="curr_fullImage_7"/><MemPortTyVec>0 3 </MemPortTyVec>
</StgValue>
</bind>
</comp>

<comp id="54" class="1000" name="curr_fullImage_6">
<pin_list>
<pin id="55" dir="1" index="0" bw="1" slack="0"/>
</pin_list>
<bind>
<StgValue><ssdm name="curr_fullImage_6"/><MemPortTyVec>0 3 </MemPortTyVec>
</StgValue>
</bind>
</comp>

<comp id="56" class="1000" name="curr_fullImage_5">
<pin_list>
<pin id="57" dir="1" index="0" bw="1" slack="0"/>
</pin_list>
<bind>
<StgValue><ssdm name="curr_fullImage_5"/><MemPortTyVec>0 3 </MemPortTyVec>
</StgValue>
</bind>
</comp>

<comp id="58" class="1000" name="curr_fullImage_4">
<pin_list>
<pin id="59" dir="1" index="0" bw="1" slack="0"/>
</pin_list>
<bind>
<StgValue><ssdm name="curr_fullImage_4"/><MemPortTyVec>0 3 </MemPortTyVec>
</StgValue>
</bind>
</comp>

<comp id="60" class="1000" name="curr_fullImage_3">
<pin_list>
<pin id="61" dir="1" index="0" bw="1" slack="0"/>
</pin_list>
<bind>
<StgValue><ssdm name="curr_fullImage_3"/><MemPortTyVec>0 3 </MemPortTyVec>
</StgValue>
</bind>
</comp>

<comp id="62" class="1000" name="curr_fullImage_2">
<pin_list>
<pin id="63" dir="1" index="0" bw="1" slack="0"/>
</pin_list>
<bind>
<StgValue><ssdm name="curr_fullImage_2"/><MemPortTyVec>0 3 </MemPortTyVec>
</StgValue>
</bind>
</comp>

<comp id="64" class="1000" name="curr_fullImage_1">
<pin_list>
<pin id="65" dir="1" index="0" bw="1" slack="0"/>
</pin_list>
<bind>
<StgValue><ssdm name="curr_fullImage_1"/><MemPortTyVec>0 3 </MemPortTyVec>
</StgValue>
</bind>
</comp>

<comp id="66" class="1000" name="curr_fullImage">
<pin_list>
<pin id="67" dir="1" index="0" bw="1" slack="0"/>
</pin_list>
<bind>
<StgValue><ssdm name="curr_fullImage"/><MemPortTyVec>0 3 </MemPortTyVec>
</StgValue>
</bind>
</comp>

<comp id="68" class="1000" name="imageProjs_local">
<pin_list>
<pin id="69" dir="1" index="0" bw="1" slack="0"/>
</pin_list>
<bind>
<StgValue><ssdm name="imageProjs_local"/><MemPortTyVec>0 </MemPortTyVec>
</StgValue>
</bind>
</comp>

<comp id="70" class="1000" name="imageProjs_local3">
<pin_list>
<pin id="71" dir="1" index="0" bw="1" slack="0"/>
</pin_list>
<bind>
<StgValue><ssdm name="imageProjs_local3"/></StgValue>
</bind>
</comp>

<comp id="72" class="1000" name="curr_localImage_16">
<pin_list>
<pin id="73" dir="1" index="0" bw="1" slack="0"/>
</pin_list>
<bind>
<StgValue><ssdm name="curr_localImage_16"/><MemPortTyVec>0 3 </MemPortTyVec>
</StgValue>
</bind>
</comp>

<comp id="74" class="1000" name="curr_localImage_1_97">
<pin_list>
<pin id="75" dir="1" index="0" bw="1" slack="0"/>
</pin_list>
<bind>
<StgValue><ssdm name="curr_localImage_1_97"/><MemPortTyVec>0 3 </MemPortTyVec>
</StgValue>
</bind>
</comp>

<comp id="76" class="1000" name="curr_localImage_2_96">
<pin_list>
<pin id="77" dir="1" index="0" bw="1" slack="0"/>
</pin_list>
<bind>
<StgValue><ssdm name="curr_localImage_2_96"/><MemPortTyVec>0 3 </MemPortTyVec>
</StgValue>
</bind>
</comp>

<comp id="78" class="1000" name="curr_localImage_3_95">
<pin_list>
<pin id="79" dir="1" index="0" bw="1" slack="0"/>
</pin_list>
<bind>
<StgValue><ssdm name="curr_localImage_3_95"/><MemPortTyVec>0 3 </MemPortTyVec>
</StgValue>
</bind>
</comp>

<comp id="80" class="1000" name="curr_localImage_4_94">
<pin_list>
<pin id="81" dir="1" index="0" bw="1" slack="0"/>
</pin_list>
<bind>
<StgValue><ssdm name="curr_localImage_4_94"/><MemPortTyVec>0 3 </MemPortTyVec>
</StgValue>
</bind>
</comp>

<comp id="82" class="1000" name="curr_localImage_5_93">
<pin_list>
<pin id="83" dir="1" index="0" bw="1" slack="0"/>
</pin_list>
<bind>
<StgValue><ssdm name="curr_localImage_5_93"/><MemPortTyVec>0 3 </MemPortTyVec>
</StgValue>
</bind>
</comp>

<comp id="84" class="1000" name="curr_localImage_6_92">
<pin_list>
<pin id="85" dir="1" index="0" bw="1" slack="0"/>
</pin_list>
<bind>
<StgValue><ssdm name="curr_localImage_6_92"/><MemPortTyVec>0 3 </MemPortTyVec>
</StgValue>
</bind>
</comp>

<comp id="86" class="1000" name="curr_localImage_7_91">
<pin_list>
<pin id="87" dir="1" index="0" bw="1" slack="0"/>
</pin_list>
<bind>
<StgValue><ssdm name="curr_localImage_7_91"/><MemPortTyVec>0 3 </MemPortTyVec>
</StgValue>
</bind>
</comp>

<comp id="88" class="1000" name="curr_localImage_8_90">
<pin_list>
<pin id="89" dir="1" index="0" bw="1" slack="0"/>
</pin_list>
<bind>
<StgValue><ssdm name="curr_localImage_8_90"/><MemPortTyVec>0 3 </MemPortTyVec>
</StgValue>
</bind>
</comp>

<comp id="90" class="1000" name="curr_localImage_9_89">
<pin_list>
<pin id="91" dir="1" index="0" bw="1" slack="0"/>
</pin_list>
<bind>
<StgValue><ssdm name="curr_localImage_9_89"/><MemPortTyVec>0 3 </MemPortTyVec>
</StgValue>
</bind>
</comp>

<comp id="92" class="1000" name="curr_localImage_10_88">
<pin_list>
<pin id="93" dir="1" index="0" bw="1" slack="0"/>
</pin_list>
<bind>
<StgValue><ssdm name="curr_localImage_10_88"/><MemPortTyVec>0 3 </MemPortTyVec>
</StgValue>
</bind>
</comp>

<comp id="94" class="1000" name="curr_localImage_11_87">
<pin_list>
<pin id="95" dir="1" index="0" bw="1" slack="0"/>
</pin_list>
<bind>
<StgValue><ssdm name="curr_localImage_11_87"/><MemPortTyVec>0 3 </MemPortTyVec>
</StgValue>
</bind>
</comp>

<comp id="96" class="1000" name="curr_localImage_12_86">
<pin_list>
<pin id="97" dir="1" index="0" bw="1" slack="0"/>
</pin_list>
<bind>
<StgValue><ssdm name="curr_localImage_12_86"/><MemPortTyVec>0 3 </MemPortTyVec>
</StgValue>
</bind>
</comp>

<comp id="98" class="1000" name="curr_localImage_13_85">
<pin_list>
<pin id="99" dir="1" index="0" bw="1" slack="0"/>
</pin_list>
<bind>
<StgValue><ssdm name="curr_localImage_13_85"/><MemPortTyVec>0 3 </MemPortTyVec>
</StgValue>
</bind>
</comp>

<comp id="100" class="1000" name="curr_localImage_14_84">
<pin_list>
<pin id="101" dir="1" index="0" bw="1" slack="0"/>
</pin_list>
<bind>
<StgValue><ssdm name="curr_localImage_14_84"/><MemPortTyVec>0 3 </MemPortTyVec>
</StgValue>
</bind>
</comp>

<comp id="102" class="1000" name="curr_localImage_15">
<pin_list>
<pin id="103" dir="1" index="0" bw="1" slack="0"/>
</pin_list>
<bind>
<StgValue><ssdm name="curr_localImage_15"/><MemPortTyVec>0 3 </MemPortTyVec>
</StgValue>
</bind>
</comp>

<comp id="104" class="1000" name="curr_localImage_14">
<pin_list>
<pin id="105" dir="1" index="0" bw="1" slack="0"/>
</pin_list>
<bind>
<StgValue><ssdm name="curr_localImage_14"/><MemPortTyVec>0 3 </MemPortTyVec>
</StgValue>
</bind>
</comp>

<comp id="106" class="1000" name="curr_localImage_13">
<pin_list>
<pin id="107" dir="1" index="0" bw="1" slack="0"/>
</pin_list>
<bind>
<StgValue><ssdm name="curr_localImage_13"/><MemPortTyVec>0 3 </MemPortTyVec>
</StgValue>
</bind>
</comp>

<comp id="108" class="1000" name="curr_localImage_12">
<pin_list>
<pin id="109" dir="1" index="0" bw="1" slack="0"/>
</pin_list>
<bind>
<StgValue><ssdm name="curr_localImage_12"/><MemPortTyVec>0 3 </MemPortTyVec>
</StgValue>
</bind>
</comp>

<comp id="110" class="1000" name="curr_localImage_11">
<pin_list>
<pin id="111" dir="1" index="0" bw="1" slack="0"/>
</pin_list>
<bind>
<StgValue><ssdm name="curr_localImage_11"/><MemPortTyVec>0 3 </MemPortTyVec>
</StgValue>
</bind>
</comp>

<comp id="112" class="1000" name="curr_localImage_10">
<pin_list>
<pin id="113" dir="1" index="0" bw="1" slack="0"/>
</pin_list>
<bind>
<StgValue><ssdm name="curr_localImage_10"/><MemPortTyVec>0 3 </MemPortTyVec>
</StgValue>
</bind>
</comp>

<comp id="114" class="1000" name="curr_localImage_9">
<pin_list>
<pin id="115" dir="1" index="0" bw="1" slack="0"/>
</pin_list>
<bind>
<StgValue><ssdm name="curr_localImage_9"/><MemPortTyVec>0 3 </MemPortTyVec>
</StgValue>
</bind>
</comp>

<comp id="116" class="1000" name="curr_localImage_8">
<pin_list>
<pin id="117" dir="1" index="0" bw="1" slack="0"/>
</pin_list>
<bind>
<StgValue><ssdm name="curr_localImage_8"/><MemPortTyVec>0 3 </MemPortTyVec>
</StgValue>
</bind>
</comp>

<comp id="118" class="1000" name="curr_localImage_7">
<pin_list>
<pin id="119" dir="1" index="0" bw="1" slack="0"/>
</pin_list>
<bind>
<StgValue><ssdm name="curr_localImage_7"/><MemPortTyVec>0 3 </MemPortTyVec>
</StgValue>
</bind>
</comp>

<comp id="120" class="1000" name="curr_localImage_6">
<pin_list>
<pin id="121" dir="1" index="0" bw="1" slack="0"/>
</pin_list>
<bind>
<StgValue><ssdm name="curr_localImage_6"/><MemPortTyVec>0 3 </MemPortTyVec>
</StgValue>
</bind>
</comp>

<comp id="122" class="1000" name="curr_localImage_5">
<pin_list>
<pin id="123" dir="1" index="0" bw="1" slack="0"/>
</pin_list>
<bind>
<StgValue><ssdm name="curr_localImage_5"/><MemPortTyVec>0 3 </MemPortTyVec>
</StgValue>
</bind>
</comp>

<comp id="124" class="1000" name="curr_localImage_4">
<pin_list>
<pin id="125" dir="1" index="0" bw="1" slack="0"/>
</pin_list>
<bind>
<StgValue><ssdm name="curr_localImage_4"/><MemPortTyVec>0 3 </MemPortTyVec>
</StgValue>
</bind>
</comp>

<comp id="126" class="1000" name="curr_localImage_3">
<pin_list>
<pin id="127" dir="1" index="0" bw="1" slack="0"/>
</pin_list>
<bind>
<StgValue><ssdm name="curr_localImage_3"/><MemPortTyVec>0 3 </MemPortTyVec>
</StgValue>
</bind>
</comp>

<comp id="128" class="1000" name="curr_localImage_2">
<pin_list>
<pin id="129" dir="1" index="0" bw="1" slack="0"/>
</pin_list>
<bind>
<StgValue><ssdm name="curr_localImage_2"/><MemPortTyVec>0 3 </MemPortTyVec>
</StgValue>
</bind>
</comp>

<comp id="130" class="1000" name="curr_localImage_1">
<pin_list>
<pin id="131" dir="1" index="0" bw="1" slack="0"/>
</pin_list>
<bind>
<StgValue><ssdm name="curr_localImage_1"/><MemPortTyVec>0 3 </MemPortTyVec>
</StgValue>
</bind>
</comp>

<comp id="132" class="1000" name="curr_localImage">
<pin_list>
<pin id="133" dir="1" index="0" bw="1" slack="0"/>
</pin_list>
<bind>
<StgValue><ssdm name="curr_localImage"/><MemPortTyVec>0 3 </MemPortTyVec>
</StgValue>
</bind>
</comp>

<comp id="134" class="1000" name="imageProjs">
<pin_list>
<pin id="135" dir="1" index="0" bw="1" slack="0"/>
</pin_list>
<bind>
<StgValue><ssdm name="imageProjs"/><MemPortTyVec>0 </MemPortTyVec>
</StgValue>
</bind>
</comp>

<comp id="136" class="1000" name="empty">
<pin_list>
<pin id="137" dir="1" index="0" bw="1" slack="0"/>
</pin_list>
<bind>
<StgValue><ssdm name="empty"/></StgValue>
</bind>
</comp>

<comp id="138" class="1001" name="const_138">
<pin_list>
<pin id="139" dir="1" index="0" bw="1" slack="0"/>
</pin_list>
<bind>
<StgValue><ssdm name="_ssdm_op_Read.ap_auto.i64"/></StgValue>
</bind>
</comp>

<comp id="140" class="1001" name="const_140">
<pin_list>
<pin id="141" dir="1" index="0" bw="1" slack="0"/>
</pin_list>
<bind>
<StgValue><ssdm name="_ssdm_op_PartSelect.i62.i64.i32.i32"/></StgValue>
</bind>
</comp>

<comp id="142" class="1001" name="const_142">
<pin_list>
<pin id="143" dir="1" index="0" bw="1" slack="0"/>
</pin_list>
<bind>
<StgValue><ssdm name=""/></StgValue>
</bind>
</comp>

<comp id="144" class="1001" name="const_144">
<pin_list>
<pin id="145" dir="1" index="0" bw="1" slack="0"/>
</pin_list>
<bind>
<StgValue><ssdm name=""/></StgValue>
</bind>
</comp>

<comp id="146" class="1001" name="const_146">
<pin_list>
<pin id="147" dir="1" index="0" bw="1" slack="0"/>
</pin_list>
<bind>
<StgValue><ssdm name="_ssdm_op_ReadReq.m_axi.i32P1A"/></StgValue>
</bind>
</comp>

<comp id="148" class="1001" name="const_148">
<pin_list>
<pin id="149" dir="1" index="0" bw="1" slack="0"/>
</pin_list>
<bind>
<StgValue><ssdm name=""/></StgValue>
</bind>
</comp>

<comp id="150" class="1001" name="const_150">
<pin_list>
<pin id="151" dir="1" index="0" bw="1" slack="0"/>
</pin_list>
<bind>
<StgValue><ssdm name="_ssdm_op_ReadReq.m_axi.p1i32"/></StgValue>
</bind>
</comp>

<comp id="152" class="1001" name="const_152">
<pin_list>
<pin id="153" dir="1" index="0" bw="1" slack="0"/>
</pin_list>
<bind>
<StgValue><ssdm name=""/></StgValue>
</bind>
</comp>

<comp id="154" class="1001" name="const_154">
<pin_list>
<pin id="155" dir="1" index="0" bw="1" slack="0"/>
</pin_list>
<bind>
<StgValue><ssdm name="_ssdm_op_Read.m_axi.i32P1A"/></StgValue>
</bind>
</comp>

<comp id="156" class="1001" name="const_156">
<pin_list>
<pin id="157" dir="1" index="0" bw="1" slack="0"/>
</pin_list>
<bind>
<StgValue><ssdm name="_ssdm_op_Read.ap_fifo.volatile.i256P0A"/></StgValue>
</bind>
</comp>

<comp id="158" class="1001" name="const_158">
<pin_list>
<pin id="159" dir="1" index="0" bw="1" slack="0"/>
</pin_list>
<bind>
<StgValue><ssdm name="_ssdm_op_PartSelect.i32.i256.i32.i32"/></StgValue>
</bind>
</comp>

<comp id="160" class="1001" name="const_160">
<pin_list>
<pin id="161" dir="1" index="0" bw="1" slack="0"/>
</pin_list>
<bind>
<StgValue><ssdm name=""/></StgValue>
</bind>
</comp>

<comp id="162" class="1001" name="const_162">
<pin_list>
<pin id="163" dir="1" index="0" bw="1" slack="0"/>
</pin_list>
<bind>
<StgValue><ssdm name=""/></StgValue>
</bind>
</comp>

<comp id="164" class="1001" name="const_164">
<pin_list>
<pin id="165" dir="1" index="0" bw="1" slack="0"/>
</pin_list>
<bind>
<StgValue><ssdm name=""/></StgValue>
</bind>
</comp>

<comp id="166" class="1001" name="const_166">
<pin_list>
<pin id="167" dir="1" index="0" bw="1" slack="0"/>
</pin_list>
<bind>
<StgValue><ssdm name=""/></StgValue>
</bind>
</comp>

<comp id="168" class="1001" name="const_168">
<pin_list>
<pin id="169" dir="1" index="0" bw="1" slack="0"/>
</pin_list>
<bind>
<StgValue><ssdm name="Image_extract_Pipeline_VITIS_LOOP_36_1_VITIS_LOOP_37_2"/></StgValue>
</bind>
</comp>

<comp id="170" class="1001" name="const_170">
<pin_list>
<pin id="171" dir="1" index="0" bw="1" slack="2147483647"/>
</pin_list>
<bind>
<StgValue><ssdm name="_ssdm_op_SpecInterface"/></StgValue>
</bind>
</comp>

<comp id="172" class="1001" name="const_172">
<pin_list>
<pin id="173" dir="1" index="0" bw="1" slack="2147483647"/>
</pin_list>
<bind>
<StgValue><ssdm name="empty_16"/></StgValue>
</bind>
</comp>

<comp id="174" class="1001" name="const_174">
<pin_list>
<pin id="175" dir="1" index="0" bw="1" slack="2147483647"/>
</pin_list>
<bind>
<StgValue><ssdm name=""/></StgValue>
</bind>
</comp>

<comp id="176" class="1001" name="const_176">
<pin_list>
<pin id="177" dir="1" index="0" bw="1" slack="2147483647"/>
</pin_list>
<bind>
<StgValue><ssdm name="empty_17"/></StgValue>
</bind>
</comp>

<comp id="178" class="1001" name="const_178">
<pin_list>
<pin id="179" dir="1" index="0" bw="1" slack="2147483647"/>
</pin_list>
<bind>
<StgValue><ssdm name="empty_25"/></StgValue>
</bind>
</comp>

<comp id="180" class="1001" name="const_180">
<pin_list>
<pin id="181" dir="1" index="0" bw="1" slack="2147483647"/>
</pin_list>
<bind>
<StgValue><ssdm name="empty_19"/></StgValue>
</bind>
</comp>

<comp id="182" class="1001" name="const_182">
<pin_list>
<pin id="183" dir="1" index="0" bw="1" slack="2147483647"/>
</pin_list>
<bind>
<StgValue><ssdm name=""/></StgValue>
</bind>
</comp>

<comp id="184" class="1001" name="const_184">
<pin_list>
<pin id="185" dir="1" index="0" bw="1" slack="2147483647"/>
</pin_list>
<bind>
<StgValue><ssdm name=""/></StgValue>
</bind>
</comp>

<comp id="186" class="1001" name="const_186">
<pin_list>
<pin id="187" dir="1" index="0" bw="1" slack="2147483647"/>
</pin_list>
<bind>
<StgValue><ssdm name="empty_27"/></StgValue>
</bind>
</comp>

<comp id="188" class="1001" name="const_188">
<pin_list>
<pin id="189" dir="1" index="0" bw="1" slack="2147483647"/>
</pin_list>
<bind>
<StgValue><ssdm name="empty_20"/></StgValue>
</bind>
</comp>

<comp id="190" class="1001" name="const_190">
<pin_list>
<pin id="191" dir="1" index="0" bw="1" slack="2147483647"/>
</pin_list>
<bind>
<StgValue><ssdm name=""/></StgValue>
</bind>
</comp>

<comp id="192" class="1001" name="const_192">
<pin_list>
<pin id="193" dir="1" index="0" bw="1" slack="2147483647"/>
</pin_list>
<bind>
<StgValue><ssdm name="empty"/></StgValue>
</bind>
</comp>

<comp id="194" class="1004" name="tmp_read_fu_194">
<pin_list>
<pin id="195" dir="0" index="0" bw="64" slack="0"/>
<pin id="196" dir="0" index="1" bw="64" slack="0"/>
<pin id="197" dir="1" index="2" bw="64" slack="0"/>
</pin_list>
<bind>
<opcode="read(1150) " fcode="read"/>
<opset="tmp/1 "/>
</bind>
</comp>

<comp id="200" class="1004" name="imageProjs_local3_read_read_fu_200">
<pin_list>
<pin id="201" dir="0" index="0" bw="64" slack="0"/>
<pin id="202" dir="0" index="1" bw="64" slack="0"/>
<pin id="203" dir="1" index="2" bw="64" slack="0"/>
</pin_list>
<bind>
<opcode="read(1150) " fcode="read"/>
<opset="imageProjs_local3_read/1 "/>
</bind>
</comp>

<comp id="206" class="1004" name="grp_readreq_fu_206">
<pin_list>
<pin id="207" dir="0" index="0" bw="1" slack="0"/>
<pin id="208" dir="0" index="1" bw="32" slack="0"/>
<pin id="209" dir="0" index="2" bw="1" slack="0"/>
<pin id="210" dir="1" index="3" bw="1" slack="2147483647"/>
</pin_list>
<bind>
<opcode="readreq(1154) " fcode="readreq"/>
<opset="imageProjs_load_req/1 "/>
</bind>
</comp>

<comp id="213" class="1004" name="grp_readreq_fu_213">
<pin_list>
<pin id="214" dir="0" index="0" bw="1" slack="0"/>
<pin id="215" dir="0" index="1" bw="32" slack="0"/>
<pin id="216" dir="0" index="2" bw="11" slack="0"/>
<pin id="217" dir="1" index="3" bw="1" slack="2147483647"/>
</pin_list>
<bind>
<opcode="readreq(1154) " fcode="readreq"/>
<opset="empty_268/1 "/>
</bind>
</comp>

<comp id="220" class="1004" name="imageProjs_addr_read_read_fu_220">
<pin_list>
<pin id="221" dir="0" index="0" bw="32" slack="0"/>
<pin id="222" dir="0" index="1" bw="32" slack="8"/>
<pin id="223" dir="1" index="2" bw="32" slack="2"/>
</pin_list>
<bind>
<opcode="read(1150) " fcode="read"/>
<opset="imageProjs_addr_read/9 "/>
</bind>
</comp>

<comp id="225" class="1004" name="localImages_read_read_fu_225">
<pin_list>
<pin id="226" dir="0" index="0" bw="256" slack="0"/>
<pin id="227" dir="0" index="1" bw="256" slack="0"/>
<pin id="228" dir="1" index="2" bw="256" slack="0"/>
</pin_list>
<bind>
<opcode="read(1150) " fcode="read"/>
<opset="localImages_read/9 "/>
</bind>
</comp>

<comp id="231" class="1004" name="fullImage2_read_read_fu_231">
<pin_list>
<pin id="232" dir="0" index="0" bw="64" slack="0"/>
<pin id="233" dir="0" index="1" bw="64" slack="0"/>
<pin id="234" dir="1" index="2" bw="64" slack="0"/>
</pin_list>
<bind>
<opcode="read(1150) " fcode="read"/>
<opset="fullImage2_read/10 "/>
</bind>
</comp>

<comp id="237" class="1004" name="grp_Image_extract_Pipeline_VITIS_LOOP_36_1_VITIS_LOOP_37_2_fu_237">
<pin_list>
<pin id="238" dir="0" index="0" bw="0" slack="0"/>
<pin id="239" dir="0" index="1" bw="32" slack="0"/>
<pin id="240" dir="0" index="2" bw="62" slack="9"/>
<pin id="241" dir="0" index="3" bw="32" slack="1"/>
<pin id="242" dir="0" index="4" bw="32" slack="1"/>
<pin id="243" dir="0" index="5" bw="64" slack="0"/>
<pin id="244" dir="0" index="6" bw="32" slack="0"/>
<pin id="245" dir="0" index="7" bw="32" slack="0"/>
<pin id="246" dir="0" index="8" bw="32" slack="0"/>
<pin id="247" dir="0" index="9" bw="32" slack="0"/>
<pin id="248" dir="0" index="10" bw="32" slack="0"/>
<pin id="249" dir="0" index="11" bw="32" slack="0"/>
<pin id="250" dir="0" index="12" bw="32" slack="0"/>
<pin id="251" dir="0" index="13" bw="32" slack="0"/>
<pin id="252" dir="0" index="14" bw="32" slack="0"/>
<pin id="253" dir="0" index="15" bw="32" slack="0"/>
<pin id="254" dir="0" index="16" bw="32" slack="0"/>
<pin id="255" dir="0" index="17" bw="32" slack="0"/>
<pin id="256" dir="0" index="18" bw="32" slack="0"/>
<pin id="257" dir="0" index="19" bw="32" slack="0"/>
<pin id="258" dir="0" index="20" bw="32" slack="0"/>
<pin id="259" dir="0" index="21" bw="32" slack="0"/>
<pin id="260" dir="0" index="22" bw="32" slack="0"/>
<pin id="261" dir="0" index="23" bw="32" slack="0"/>
<pin id="262" dir="0" index="24" bw="32" slack="0"/>
<pin id="263" dir="0" index="25" bw="32" slack="0"/>
<pin id="264" dir="0" index="26" bw="32" slack="0"/>
<pin id="265" dir="0" index="27" bw="32" slack="0"/>
<pin id="266" dir="0" index="28" bw="32" slack="0"/>
<pin id="267" dir="0" index="29" bw="32" slack="0"/>
<pin id="268" dir="0" index="30" bw="32" slack="0"/>
<pin id="269" dir="0" index="31" bw="32" slack="0"/>
<pin id="270" dir="0" index="32" bw="32" slack="0"/>
<pin id="271" dir="0" index="33" bw="32" slack="0"/>
<pin id="272" dir="0" index="34" bw="32" slack="0"/>
<pin id="273" dir="0" index="35" bw="32" slack="0"/>
<pin id="274" dir="0" index="36" bw="32" slack="0"/>
<pin id="275" dir="0" index="37" bw="32" slack="0"/>
<pin id="276" dir="0" index="38" bw="32" slack="0"/>
<pin id="277" dir="0" index="39" bw="32" slack="0"/>
<pin id="278" dir="0" index="40" bw="32" slack="0"/>
<pin id="279" dir="0" index="41" bw="32" slack="0"/>
<pin id="280" dir="0" index="42" bw="32" slack="0"/>
<pin id="281" dir="0" index="43" bw="32" slack="0"/>
<pin id="282" dir="0" index="44" bw="32" slack="0"/>
<pin id="283" dir="0" index="45" bw="32" slack="0"/>
<pin id="284" dir="0" index="46" bw="32" slack="0"/>
<pin id="285" dir="0" index="47" bw="32" slack="0"/>
<pin id="286" dir="0" index="48" bw="32" slack="0"/>
<pin id="287" dir="0" index="49" bw="32" slack="0"/>
<pin id="288" dir="0" index="50" bw="32" slack="0"/>
<pin id="289" dir="0" index="51" bw="32" slack="0"/>
<pin id="290" dir="0" index="52" bw="32" slack="0"/>
<pin id="291" dir="0" index="53" bw="32" slack="0"/>
<pin id="292" dir="0" index="54" bw="32" slack="0"/>
<pin id="293" dir="0" index="55" bw="32" slack="0"/>
<pin id="294" dir="0" index="56" bw="32" slack="0"/>
<pin id="295" dir="0" index="57" bw="32" slack="0"/>
<pin id="296" dir="0" index="58" bw="32" slack="0"/>
<pin id="297" dir="0" index="59" bw="32" slack="0"/>
<pin id="298" dir="0" index="60" bw="32" slack="0"/>
<pin id="299" dir="0" index="61" bw="32" slack="0"/>
<pin id="300" dir="0" index="62" bw="32" slack="0"/>
<pin id="301" dir="0" index="63" bw="32" slack="0"/>
<pin id="302" dir="0" index="64" bw="32" slack="0"/>
<pin id="303" dir="0" index="65" bw="32" slack="0"/>
<pin id="304" dir="0" index="66" bw="32" slack="0"/>
<pin id="305" dir="0" index="67" bw="32" slack="0"/>
<pin id="306" dir="0" index="68" bw="32" slack="0"/>
<pin id="307" dir="1" index="69" bw="0" slack="2147483647"/>
</pin_list>
<bind>
<opcode="call(48) " fcode="call"/>
<opset="call_ln36/10 "/>
</bind>
</comp>

<comp id="374" class="1004" name="p_cast_fu_374">
<pin_list>
<pin id="375" dir="0" index="0" bw="62" slack="0"/>
<pin id="376" dir="0" index="1" bw="64" slack="0"/>
<pin id="377" dir="0" index="2" bw="3" slack="0"/>
<pin id="378" dir="0" index="3" bw="7" slack="0"/>
<pin id="379" dir="1" index="4" bw="62" slack="0"/>
</pin_list>
<bind>
<opcode="partselect(1002) " fcode="partselect"/>
<opset="p_cast/1 "/>
</bind>
</comp>

<comp id="384" class="1004" name="p_cast_cast_fu_384">
<pin_list>
<pin id="385" dir="0" index="0" bw="62" slack="0"/>
<pin id="386" dir="1" index="1" bw="64" slack="0"/>
</pin_list>
<bind>
<opcode="sext(35) " fcode="sext"/>
<opset="p_cast_cast/1 "/>
</bind>
</comp>

<comp id="388" class="1004" name="imageProjs_addr_fu_388">
<pin_list>
<pin id="389" dir="0" index="0" bw="32" slack="0"/>
<pin id="390" dir="0" index="1" bw="62" slack="0"/>
<pin id="391" dir="1" index="2" bw="32" slack="0"/>
</pin_list>
<bind>
<opcode="getelementptr(29) " fcode="getelementptr"/>
<opset="imageProjs_addr/1 "/>
</bind>
</comp>

<comp id="395" class="1004" name="trunc_ln_fu_395">
<pin_list>
<pin id="396" dir="0" index="0" bw="62" slack="0"/>
<pin id="397" dir="0" index="1" bw="64" slack="0"/>
<pin id="398" dir="0" index="2" bw="3" slack="0"/>
<pin id="399" dir="0" index="3" bw="7" slack="0"/>
<pin id="400" dir="1" index="4" bw="62" slack="0"/>
</pin_list>
<bind>
<opcode="partselect(1002) " fcode="partselect"/>
<opset="trunc_ln/1 "/>
</bind>
</comp>

<comp id="405" class="1004" name="sext_ln36_fu_405">
<pin_list>
<pin id="406" dir="0" index="0" bw="62" slack="0"/>
<pin id="407" dir="1" index="1" bw="64" slack="0"/>
</pin_list>
<bind>
<opcode="sext(35) " fcode="sext"/>
<opset="sext_ln36/1 "/>
</bind>
</comp>

<comp id="409" class="1004" name="imageProjs_local_addr_fu_409">
<pin_list>
<pin id="410" dir="0" index="0" bw="32" slack="0"/>
<pin id="411" dir="0" index="1" bw="62" slack="0"/>
<pin id="412" dir="1" index="2" bw="32" slack="0"/>
</pin_list>
<bind>
<opcode="getelementptr(29) " fcode="getelementptr"/>
<opset="imageProjs_local_addr/1 "/>
</bind>
</comp>

<comp id="416" class="1004" name="curr_info_X_min_fu_416">
<pin_list>
<pin id="417" dir="0" index="0" bw="32" slack="0"/>
<pin id="418" dir="0" index="1" bw="256" slack="0"/>
<pin id="419" dir="0" index="2" bw="8" slack="0"/>
<pin id="420" dir="0" index="3" bw="8" slack="0"/>
<pin id="421" dir="1" index="4" bw="32" slack="1"/>
</pin_list>
<bind>
<opcode="partselect(1002) " fcode="partselect"/>
<opset="curr_info_X_min/9 "/>
</bind>
</comp>

<comp id="426" class="1004" name="curr_info_Y_min_fu_426">
<pin_list>
<pin id="427" dir="0" index="0" bw="32" slack="0"/>
<pin id="428" dir="0" index="1" bw="256" slack="0"/>
<pin id="429" dir="0" index="2" bw="8" slack="0"/>
<pin id="430" dir="0" index="3" bw="8" slack="0"/>
<pin id="431" dir="1" index="4" bw="32" slack="1"/>
</pin_list>
<bind>
<opcode="partselect(1002) " fcode="partselect"/>
<opset="curr_info_Y_min/9 "/>
</bind>
</comp>

<comp id="436" class="1004" name="curr_imageProjs_write_assign_fu_436">
<pin_list>
<pin id="437" dir="0" index="0" bw="32" slack="2"/>
<pin id="438" dir="1" index="1" bw="32" slack="2147483647"/>
</pin_list>
<bind>
<opcode="bitcast(44) " fcode="bitcast"/>
<opset="curr_imageProjs_write_assign/11 "/>
</bind>
</comp>

<comp id="439" class="1005" name="imageProjs_addr_reg_439">
<pin_list>
<pin id="440" dir="0" index="0" bw="32" slack="1"/>
<pin id="441" dir="1" index="1" bw="32" slack="1"/>
</pin_list>
<bind>
<opset="imageProjs_addr "/>
</bind>
</comp>

<comp id="445" class="1005" name="trunc_ln_reg_445">
<pin_list>
<pin id="446" dir="0" index="0" bw="62" slack="9"/>
<pin id="447" dir="1" index="1" bw="62" slack="9"/>
</pin_list>
<bind>
<opset="trunc_ln "/>
</bind>
</comp>

<comp id="450" class="1005" name="imageProjs_local_addr_reg_450">
<pin_list>
<pin id="451" dir="0" index="0" bw="32" slack="1"/>
<pin id="452" dir="1" index="1" bw="32" slack="1"/>
</pin_list>
<bind>
<opset="imageProjs_local_addr "/>
</bind>
</comp>

<comp id="455" class="1005" name="imageProjs_addr_read_reg_455">
<pin_list>
<pin id="456" dir="0" index="0" bw="32" slack="2"/>
<pin id="457" dir="1" index="1" bw="32" slack="2"/>
</pin_list>
<bind>
<opset="imageProjs_addr_read "/>
</bind>
</comp>

<comp id="460" class="1005" name="curr_info_X_min_reg_460">
<pin_list>
<pin id="461" dir="0" index="0" bw="32" slack="1"/>
<pin id="462" dir="1" index="1" bw="32" slack="1"/>
</pin_list>
<bind>
<opset="curr_info_X_min "/>
</bind>
</comp>

<comp id="465" class="1005" name="curr_info_Y_min_reg_465">
<pin_list>
<pin id="466" dir="0" index="0" bw="32" slack="1"/>
<pin id="467" dir="1" index="1" bw="32" slack="1"/>
</pin_list>
<bind>
<opset="curr_info_Y_min "/>
</bind>
</comp>

<comp id="470" class="1005" name="fullImage2_read_reg_470">
<pin_list>
<pin id="471" dir="0" index="0" bw="64" slack="1"/>
<pin id="472" dir="1" index="1" bw="64" slack="1"/>
</pin_list>
<bind>
<opset="fullImage2_read "/>
</bind>
</comp>

</comp_list>

<net_list>
<net id="198"><net_src comp="138" pin="0"/><net_sink comp="194" pin=0"/></net>

<net id="199"><net_src comp="136" pin="0"/><net_sink comp="194" pin=1"/></net>

<net id="204"><net_src comp="138" pin="0"/><net_sink comp="200" pin=0"/></net>

<net id="205"><net_src comp="70" pin="0"/><net_sink comp="200" pin=1"/></net>

<net id="211"><net_src comp="146" pin="0"/><net_sink comp="206" pin=0"/></net>

<net id="212"><net_src comp="148" pin="0"/><net_sink comp="206" pin=2"/></net>

<net id="218"><net_src comp="150" pin="0"/><net_sink comp="213" pin=0"/></net>

<net id="219"><net_src comp="152" pin="0"/><net_sink comp="213" pin=2"/></net>

<net id="224"><net_src comp="154" pin="0"/><net_sink comp="220" pin=0"/></net>

<net id="229"><net_src comp="156" pin="0"/><net_sink comp="225" pin=0"/></net>

<net id="230"><net_src comp="0" pin="0"/><net_sink comp="225" pin=1"/></net>

<net id="235"><net_src comp="138" pin="0"/><net_sink comp="231" pin=0"/></net>

<net id="236"><net_src comp="4" pin="0"/><net_sink comp="231" pin=1"/></net>

<net id="308"><net_src comp="168" pin="0"/><net_sink comp="237" pin=0"/></net>

<net id="309"><net_src comp="68" pin="0"/><net_sink comp="237" pin=1"/></net>

<net id="310"><net_src comp="231" pin="2"/><net_sink comp="237" pin=5"/></net>

<net id="311"><net_src comp="2" pin="0"/><net_sink comp="237" pin=6"/></net>

<net id="312"><net_src comp="66" pin="0"/><net_sink comp="237" pin=7"/></net>

<net id="313"><net_src comp="64" pin="0"/><net_sink comp="237" pin=8"/></net>

<net id="314"><net_src comp="62" pin="0"/><net_sink comp="237" pin=9"/></net>

<net id="315"><net_src comp="60" pin="0"/><net_sink comp="237" pin=10"/></net>

<net id="316"><net_src comp="58" pin="0"/><net_sink comp="237" pin=11"/></net>

<net id="317"><net_src comp="56" pin="0"/><net_sink comp="237" pin=12"/></net>

<net id="318"><net_src comp="54" pin="0"/><net_sink comp="237" pin=13"/></net>

<net id="319"><net_src comp="52" pin="0"/><net_sink comp="237" pin=14"/></net>

<net id="320"><net_src comp="50" pin="0"/><net_sink comp="237" pin=15"/></net>

<net id="321"><net_src comp="48" pin="0"/><net_sink comp="237" pin=16"/></net>

<net id="322"><net_src comp="46" pin="0"/><net_sink comp="237" pin=17"/></net>

<net id="323"><net_src comp="44" pin="0"/><net_sink comp="237" pin=18"/></net>

<net id="324"><net_src comp="42" pin="0"/><net_sink comp="237" pin=19"/></net>

<net id="325"><net_src comp="40" pin="0"/><net_sink comp="237" pin=20"/></net>

<net id="326"><net_src comp="38" pin="0"/><net_sink comp="237" pin=21"/></net>

<net id="327"><net_src comp="36" pin="0"/><net_sink comp="237" pin=22"/></net>

<net id="328"><net_src comp="34" pin="0"/><net_sink comp="237" pin=23"/></net>

<net id="329"><net_src comp="32" pin="0"/><net_sink comp="237" pin=24"/></net>

<net id="330"><net_src comp="30" pin="0"/><net_sink comp="237" pin=25"/></net>

<net id="331"><net_src comp="28" pin="0"/><net_sink comp="237" pin=26"/></net>

<net id="332"><net_src comp="26" pin="0"/><net_sink comp="237" pin=27"/></net>

<net id="333"><net_src comp="24" pin="0"/><net_sink comp="237" pin=28"/></net>

<net id="334"><net_src comp="22" pin="0"/><net_sink comp="237" pin=29"/></net>

<net id="335"><net_src comp="20" pin="0"/><net_sink comp="237" pin=30"/></net>

<net id="336"><net_src comp="18" pin="0"/><net_sink comp="237" pin=31"/></net>

<net id="337"><net_src comp="16" pin="0"/><net_sink comp="237" pin=32"/></net>

<net id="338"><net_src comp="14" pin="0"/><net_sink comp="237" pin=33"/></net>

<net id="339"><net_src comp="12" pin="0"/><net_sink comp="237" pin=34"/></net>

<net id="340"><net_src comp="10" pin="0"/><net_sink comp="237" pin=35"/></net>

<net id="341"><net_src comp="8" pin="0"/><net_sink comp="237" pin=36"/></net>

<net id="342"><net_src comp="6" pin="0"/><net_sink comp="237" pin=37"/></net>

<net id="343"><net_src comp="132" pin="0"/><net_sink comp="237" pin=38"/></net>

<net id="344"><net_src comp="130" pin="0"/><net_sink comp="237" pin=39"/></net>

<net id="345"><net_src comp="128" pin="0"/><net_sink comp="237" pin=40"/></net>

<net id="346"><net_src comp="126" pin="0"/><net_sink comp="237" pin=41"/></net>

<net id="347"><net_src comp="124" pin="0"/><net_sink comp="237" pin=42"/></net>

<net id="348"><net_src comp="122" pin="0"/><net_sink comp="237" pin=43"/></net>

<net id="349"><net_src comp="120" pin="0"/><net_sink comp="237" pin=44"/></net>

<net id="350"><net_src comp="118" pin="0"/><net_sink comp="237" pin=45"/></net>

<net id="351"><net_src comp="116" pin="0"/><net_sink comp="237" pin=46"/></net>

<net id="352"><net_src comp="114" pin="0"/><net_sink comp="237" pin=47"/></net>

<net id="353"><net_src comp="112" pin="0"/><net_sink comp="237" pin=48"/></net>

<net id="354"><net_src comp="110" pin="0"/><net_sink comp="237" pin=49"/></net>

<net id="355"><net_src comp="108" pin="0"/><net_sink comp="237" pin=50"/></net>

<net id="356"><net_src comp="106" pin="0"/><net_sink comp="237" pin=51"/></net>

<net id="357"><net_src comp="104" pin="0"/><net_sink comp="237" pin=52"/></net>

<net id="358"><net_src comp="102" pin="0"/><net_sink comp="237" pin=53"/></net>

<net id="359"><net_src comp="100" pin="0"/><net_sink comp="237" pin=54"/></net>

<net id="360"><net_src comp="98" pin="0"/><net_sink comp="237" pin=55"/></net>

<net id="361"><net_src comp="96" pin="0"/><net_sink comp="237" pin=56"/></net>

<net id="362"><net_src comp="94" pin="0"/><net_sink comp="237" pin=57"/></net>

<net id="363"><net_src comp="92" pin="0"/><net_sink comp="237" pin=58"/></net>

<net id="364"><net_src comp="90" pin="0"/><net_sink comp="237" pin=59"/></net>

<net id="365"><net_src comp="88" pin="0"/><net_sink comp="237" pin=60"/></net>

<net id="366"><net_src comp="86" pin="0"/><net_sink comp="237" pin=61"/></net>

<net id="367"><net_src comp="84" pin="0"/><net_sink comp="237" pin=62"/></net>

<net id="368"><net_src comp="82" pin="0"/><net_sink comp="237" pin=63"/></net>

<net id="369"><net_src comp="80" pin="0"/><net_sink comp="237" pin=64"/></net>

<net id="370"><net_src comp="78" pin="0"/><net_sink comp="237" pin=65"/></net>

<net id="371"><net_src comp="76" pin="0"/><net_sink comp="237" pin=66"/></net>

<net id="372"><net_src comp="74" pin="0"/><net_sink comp="237" pin=67"/></net>

<net id="373"><net_src comp="72" pin="0"/><net_sink comp="237" pin=68"/></net>

<net id="380"><net_src comp="140" pin="0"/><net_sink comp="374" pin=0"/></net>

<net id="381"><net_src comp="194" pin="2"/><net_sink comp="374" pin=1"/></net>

<net id="382"><net_src comp="142" pin="0"/><net_sink comp="374" pin=2"/></net>

<net id="383"><net_src comp="144" pin="0"/><net_sink comp="374" pin=3"/></net>

<net id="387"><net_src comp="374" pin="4"/><net_sink comp="384" pin=0"/></net>

<net id="392"><net_src comp="134" pin="0"/><net_sink comp="388" pin=0"/></net>

<net id="393"><net_src comp="384" pin="1"/><net_sink comp="388" pin=1"/></net>

<net id="394"><net_src comp="388" pin="2"/><net_sink comp="206" pin=1"/></net>

<net id="401"><net_src comp="140" pin="0"/><net_sink comp="395" pin=0"/></net>

<net id="402"><net_src comp="200" pin="2"/><net_sink comp="395" pin=1"/></net>

<net id="403"><net_src comp="142" pin="0"/><net_sink comp="395" pin=2"/></net>

<net id="404"><net_src comp="144" pin="0"/><net_sink comp="395" pin=3"/></net>

<net id="408"><net_src comp="395" pin="4"/><net_sink comp="405" pin=0"/></net>

<net id="413"><net_src comp="68" pin="0"/><net_sink comp="409" pin=0"/></net>

<net id="414"><net_src comp="405" pin="1"/><net_sink comp="409" pin=1"/></net>

<net id="415"><net_src comp="409" pin="2"/><net_sink comp="213" pin=1"/></net>

<net id="422"><net_src comp="158" pin="0"/><net_sink comp="416" pin=0"/></net>

<net id="423"><net_src comp="225" pin="2"/><net_sink comp="416" pin=1"/></net>

<net id="424"><net_src comp="160" pin="0"/><net_sink comp="416" pin=2"/></net>

<net id="425"><net_src comp="162" pin="0"/><net_sink comp="416" pin=3"/></net>

<net id="432"><net_src comp="158" pin="0"/><net_sink comp="426" pin=0"/></net>

<net id="433"><net_src comp="225" pin="2"/><net_sink comp="426" pin=1"/></net>

<net id="434"><net_src comp="164" pin="0"/><net_sink comp="426" pin=2"/></net>

<net id="435"><net_src comp="166" pin="0"/><net_sink comp="426" pin=3"/></net>

<net id="442"><net_src comp="388" pin="2"/><net_sink comp="439" pin=0"/></net>

<net id="443"><net_src comp="439" pin="1"/><net_sink comp="206" pin=1"/></net>

<net id="444"><net_src comp="439" pin="1"/><net_sink comp="220" pin=1"/></net>

<net id="448"><net_src comp="395" pin="4"/><net_sink comp="445" pin=0"/></net>

<net id="449"><net_src comp="445" pin="1"/><net_sink comp="237" pin=2"/></net>

<net id="453"><net_src comp="409" pin="2"/><net_sink comp="450" pin=0"/></net>

<net id="454"><net_src comp="450" pin="1"/><net_sink comp="213" pin=1"/></net>

<net id="458"><net_src comp="220" pin="2"/><net_sink comp="455" pin=0"/></net>

<net id="459"><net_src comp="455" pin="1"/><net_sink comp="436" pin=0"/></net>

<net id="463"><net_src comp="416" pin="4"/><net_sink comp="460" pin=0"/></net>

<net id="464"><net_src comp="460" pin="1"/><net_sink comp="237" pin=4"/></net>

<net id="468"><net_src comp="426" pin="4"/><net_sink comp="465" pin=0"/></net>

<net id="469"><net_src comp="465" pin="1"/><net_sink comp="237" pin=3"/></net>

<net id="473"><net_src comp="231" pin="2"/><net_sink comp="470" pin=0"/></net>

<net id="474"><net_src comp="470" pin="1"/><net_sink comp="237" pin=5"/></net>

</net_list>

</model> 
---------------- Datapath Model END ------------------

* FSMD analyzer results:
  - Output states:
	Port: curr_fullImage_16 | {10 11 }
	Port: curr_fullImage_1_83 | {10 11 }
	Port: curr_fullImage_2_82 | {10 11 }
	Port: curr_fullImage_3_81 | {10 11 }
	Port: curr_fullImage_4_80 | {10 11 }
	Port: curr_fullImage_5_79 | {10 11 }
	Port: curr_fullImage_6_78 | {10 11 }
	Port: curr_fullImage_7_77 | {10 11 }
	Port: curr_fullImage_8_76 | {10 11 }
	Port: curr_fullImage_9_75 | {10 11 }
	Port: curr_fullImage_10_74 | {10 11 }
	Port: curr_fullImage_11_73 | {10 11 }
	Port: curr_fullImage_12_72 | {10 11 }
	Port: curr_fullImage_13_71 | {10 11 }
	Port: curr_fullImage_14_70 | {10 11 }
	Port: curr_fullImage_15 | {10 11 }
	Port: curr_fullImage_14 | {10 11 }
	Port: curr_fullImage_13 | {10 11 }
	Port: curr_fullImage_12 | {10 11 }
	Port: curr_fullImage_11 | {10 11 }
	Port: curr_fullImage_10 | {10 11 }
	Port: curr_fullImage_9 | {10 11 }
	Port: curr_fullImage_8 | {10 11 }
	Port: curr_fullImage_7 | {10 11 }
	Port: curr_fullImage_6 | {10 11 }
	Port: curr_fullImage_5 | {10 11 }
	Port: curr_fullImage_4 | {10 11 }
	Port: curr_fullImage_3 | {10 11 }
	Port: curr_fullImage_2 | {10 11 }
	Port: curr_fullImage_1 | {10 11 }
	Port: curr_fullImage | {10 11 }
	Port: curr_localImage_16 | {10 11 }
	Port: curr_localImage_1_97 | {10 11 }
	Port: curr_localImage_2_96 | {10 11 }
	Port: curr_localImage_3_95 | {10 11 }
	Port: curr_localImage_4_94 | {10 11 }
	Port: curr_localImage_5_93 | {10 11 }
	Port: curr_localImage_6_92 | {10 11 }
	Port: curr_localImage_7_91 | {10 11 }
	Port: curr_localImage_8_90 | {10 11 }
	Port: curr_localImage_9_89 | {10 11 }
	Port: curr_localImage_10_88 | {10 11 }
	Port: curr_localImage_11_87 | {10 11 }
	Port: curr_localImage_12_86 | {10 11 }
	Port: curr_localImage_13_85 | {10 11 }
	Port: curr_localImage_14_84 | {10 11 }
	Port: curr_localImage_15 | {10 11 }
	Port: curr_localImage_14 | {10 11 }
	Port: curr_localImage_13 | {10 11 }
	Port: curr_localImage_12 | {10 11 }
	Port: curr_localImage_11 | {10 11 }
	Port: curr_localImage_10 | {10 11 }
	Port: curr_localImage_9 | {10 11 }
	Port: curr_localImage_8 | {10 11 }
	Port: curr_localImage_7 | {10 11 }
	Port: curr_localImage_6 | {10 11 }
	Port: curr_localImage_5 | {10 11 }
	Port: curr_localImage_4 | {10 11 }
	Port: curr_localImage_3 | {10 11 }
	Port: curr_localImage_2 | {10 11 }
	Port: curr_localImage_1 | {10 11 }
	Port: curr_localImage | {10 11 }
 - Input state : 
	Port: Image_extract : localImages | {9 }
	Port: Image_extract : fullImage | {10 11 }
	Port: Image_extract : fullImage2 | {10 }
	Port: Image_extract : imageProjs_local | {1 2 3 4 5 6 7 8 10 11 }
	Port: Image_extract : imageProjs_local3 | {1 }
	Port: Image_extract : imageProjs | {1 2 3 4 5 6 7 8 9 }
	Port: Image_extract : empty | {1 }
  - Chain level:
	State 1
		p_cast_cast : 1
		imageProjs_addr : 2
		imageProjs_load_req : 3
		sext_ln36 : 1
		imageProjs_local_addr : 2
		empty_268 : 3
	State 2
	State 3
	State 4
	State 5
	State 6
	State 7
	State 8
	State 9
	State 10
	State 11
		ret_ln169 : 1


============================================================
+ Verbose Summary: Datapath Resource usage 
============================================================

* Functional unit list:
|----------|-------------------------------------------------------------------|---------|---------|
| Operation|                          Functional Unit                          |    FF   |   LUT   |
|----------|-------------------------------------------------------------------|---------|---------|
|   call   | grp_Image_extract_Pipeline_VITIS_LOOP_36_1_VITIS_LOOP_37_2_fu_237 |   199   |   305   |
|----------|-------------------------------------------------------------------|---------|---------|
|          |                          tmp_read_fu_194                          |    0    |    0    |
|          |                 imageProjs_local3_read_read_fu_200                |    0    |    0    |
|   read   |                  imageProjs_addr_read_read_fu_220                 |    0    |    0    |
|          |                    localImages_read_read_fu_225                   |    0    |    0    |
|          |                    fullImage2_read_read_fu_231                    |    0    |    0    |
|----------|-------------------------------------------------------------------|---------|---------|
|  readreq |                         grp_readreq_fu_206                        |    0    |    0    |
|          |                         grp_readreq_fu_213                        |    0    |    0    |
|----------|-------------------------------------------------------------------|---------|---------|
|          |                           p_cast_fu_374                           |    0    |    0    |
|partselect|                          trunc_ln_fu_395                          |    0    |    0    |
|          |                       curr_info_X_min_fu_416                      |    0    |    0    |
|          |                       curr_info_Y_min_fu_426                      |    0    |    0    |
|----------|-------------------------------------------------------------------|---------|---------|
|   sext   |                         p_cast_cast_fu_384                        |    0    |    0    |
|          |                          sext_ln36_fu_405                         |    0    |    0    |
|----------|-------------------------------------------------------------------|---------|---------|
|   Total  |                                                                   |   199   |   305   |
|----------|-------------------------------------------------------------------|---------|---------|

Memories:
N/A

* Register list:
+-----------------------------+--------+
|                             |   FF   |
+-----------------------------+--------+
|   curr_info_X_min_reg_460   |   32   |
|   curr_info_Y_min_reg_465   |   32   |
|   fullImage2_read_reg_470   |   64   |
| imageProjs_addr_read_reg_455|   32   |
|   imageProjs_addr_reg_439   |   32   |
|imageProjs_local_addr_reg_450|   32   |
|       trunc_ln_reg_445      |   62   |
+-----------------------------+--------+
|            Total            |   286  |
+-----------------------------+--------+

* Multiplexer (MUX) list: 
|-------------------------------------------------------------------|------|------|------|--------||---------||---------||---------|
|                                Comp                               |  Pin | Size |  BW  | S x BW ||  Delay  ||    FF   ||   LUT   |
|-------------------------------------------------------------------|------|------|------|--------||---------||---------||---------|
|                         grp_readreq_fu_206                        |  p1  |   2  |  32  |   64   ||    0    ||    9    |
|                         grp_readreq_fu_213                        |  p1  |   2  |  32  |   64   ||    0    ||    9    |
| grp_Image_extract_Pipeline_VITIS_LOOP_36_1_VITIS_LOOP_37_2_fu_237 |  p5  |   2  |  64  |   128  ||    0    ||    9    |
|-------------------------------------------------------------------|------|------|------|--------||---------||---------||---------|
|                               Total                               |      |      |      |   256  ||  1.281  ||    0    ||    27   |
|-------------------------------------------------------------------|------|------|------|--------||---------||---------||---------|



* Summary:
+-----------+--------+--------+--------+
|           |  Delay |   FF   |   LUT  |
+-----------+--------+--------+--------+
|  Function |    -   |   199  |   305  |
|   Memory  |    -   |    -   |    -   |
|Multiplexer|    1   |    0   |   27   |
|  Register |    -   |   286  |    -   |
+-----------+--------+--------+--------+
|   Total   |    1   |   485  |   332  |
+-----------+--------+--------+--------+
