

================================================================
== Vitis HLS Report for 'Image_extract_Pipeline_VITIS_LOOP_77_1_VITIS_LOOP_78_2'
================================================================
* Date:           Mon Jun 30 08:25:23 2025

* Version:        2024.2 (Build 5238294 on Nov  8 2024)
* Project:        reconstruct
* Solution:       hls (Vivado IP Flow Target)
* Product family: zynquplusRFSOC
* Target device:  xczu49dr-ffvf1760-2-e


================================================================
== Performance Estimates
================================================================
+ Timing: 
    * Summary: 
    +--------+----------+----------+------------+
    |  Clock |  Target  | Estimated| Uncertainty|
    +--------+----------+----------+------------+
    |ap_clk  |  10.00 ns|  7.300 ns|     2.70 ns|
    +--------+----------+----------+------------+

+ Latency: 
    * Summary: 
    +---------+---------+----------+----------+-----+-----+------------------------------------------------+
    |  Latency (cycles) |  Latency (absolute) |  Interval |                    Pipeline                    |
    |   min   |   max   |    min   |    max   | min | max |                      Type                      |
    +---------+---------+----------+----------+-----+-----+------------------------------------------------+
    |      972|      972|  9.720 us|  9.720 us|  961|  961|  loop auto-rewind stp (delay=0 clock cycles(s))|
    +---------+---------+----------+----------+-----+-----+------------------------------------------------+

    + Detail: 
        * Instance: 
        N/A

        * Loop: 
        +-----------------------------------+---------+---------+----------+-----------+-----------+------+----------+
        |                                   |  Latency (cycles) | Iteration|  Initiation Interval  | Trip |          |
        |             Loop Name             |   min   |   max   |  Latency |  achieved |   target  | Count| Pipelined|
        +-----------------------------------+---------+---------+----------+-----------+-----------+------+----------+
        |- VITIS_LOOP_77_1_VITIS_LOOP_78_2  |      970|      970|        11|          1|          1|   961|       yes|
        +-----------------------------------+---------+---------+----------+-----------+-----------+------+----------+

============================================================
+ Verbose Summary: Synthesis Manager
============================================================
InlineROM: 1
ExposeGlobal: 0
============================================================
+ Verbose Summary: CDFG Model
============================================================
IsTopModel: 0
ResetActiveHigh: 1
IsCombinational: 0
IsDatapathOnly: 0
HasWiredReturn: 1
HasMFsm: 2
HasVarLatency: 1
IsPipeline: 0
IsRtlPipelined: 0
IsInstanceOverlapped: 0
IsDontTouch: 0
HasImplIP: 0
IsGatedGlobalClock: 0

+ Individual pipeline summary: 
  * Pipeline-0: initiation interval (II) = 1, depth = 11


============================================================
+ Verbose Summary: Schedule
============================================================
* Number of FSM states : 11
* Pipeline : 1
  Pipeline-0 : II = 1, D = 11, States = { 1 2 3 4 5 6 7 8 9 10 11 }
* Dataflow Pipeline: 0

* FSM state transitions: 
1 --> 2 
2 --> 3 
3 --> 4 
4 --> 5 
5 --> 6 
6 --> 7 
7 --> 8 
8 --> 9 
9 --> 10 
10 --> 11 
11 --> 

* FSM state operations: 

State 1 <SV = 0> <Delay = 7.30>
ST_1 : Operation 14 [1/1] (0.00ns)   --->   "%indvar_flatten378 = alloca i32 1"   --->   Operation 14 'alloca' 'indvar_flatten378' <Predicate = true> <Delay = 0.00>
ST_1 : Operation 15 [1/1] (0.00ns)   --->   "%i379 = alloca i32 1"   --->   Operation 15 'alloca' 'i379' <Predicate = true> <Delay = 0.00>
ST_1 : Operation 16 [1/1] (0.00ns)   --->   "%j380 = alloca i32 1"   --->   Operation 16 'alloca' 'j380' <Predicate = true> <Delay = 0.00>
ST_1 : Operation 17 [1/1] (0.00ns)   --->   "%add_ln77_2382 = alloca i32 1"   --->   Operation 17 'alloca' 'add_ln77_2382' <Predicate = true> <Delay = 0.00>
ST_1 : Operation 18 [1/1] (0.00ns)   --->   "%fullImage2_read = read i64 @_ssdm_op_Read.ap_auto.i64, i64 %fullImage2"   --->   Operation 18 'read' 'fullImage2_read' <Predicate = true> <Delay = 0.00>
ST_1 : Operation 19 [1/1] (0.00ns)   --->   "%curr_info_X_min_read = read i32 @_ssdm_op_Read.ap_auto.i32, i32 %curr_info_X_min"   --->   Operation 19 'read' 'curr_info_X_min_read' <Predicate = true> <Delay = 0.00>
ST_1 : Operation 20 [1/1] (0.00ns)   --->   "%lshr_ln70_1_cast_i_read = read i24 @_ssdm_op_Read.ap_auto.i24, i24 %lshr_ln70_1_cast_i"   --->   Operation 20 'read' 'lshr_ln70_1_cast_i_read' <Predicate = true> <Delay = 0.00>
ST_1 : Operation 21 [1/1] (0.00ns)   --->   "%sext_ln77_read = read i62 @_ssdm_op_Read.ap_auto.i62, i62 %sext_ln77"   --->   Operation 21 'read' 'sext_ln77_read' <Predicate = true> <Delay = 0.00>
ST_1 : Operation 22 [1/1] (0.00ns)   --->   "%sext_ln77_cast = sext i62 %sext_ln77_read"   --->   Operation 22 'sext' 'sext_ln77_cast' <Predicate = true> <Delay = 0.00>
ST_1 : Operation 23 [1/1] (0.00ns)   --->   "%specinterface_ln0 = specinterface void @_ssdm_op_SpecInterface, i32 %fullImage, void @empty_16, i32 0, i32 0, void @empty_17, i32 0, i32 589824, void @empty, void @empty_19, void @empty_17, i32 16, i32 16, i32 16, i32 16, void @empty_17, void @empty_17, i32 4294967295, i32 0, i32 0"   --->   Operation 23 'specinterface' 'specinterface_ln0' <Predicate = true> <Delay = 0.00>
ST_1 : Operation 24 [1/1] (0.00ns)   --->   "%specinterface_ln0 = specinterface void @_ssdm_op_SpecInterface, i32 %imageProjs_local, void @empty_16, i32 0, i32 0, void @empty_17, i32 0, i32 0, void @empty_20, void @empty_19, void @empty_17, i32 16, i32 16, i32 16, i32 16, void @empty_17, void @empty_17, i32 4294967295, i32 0, i32 0"   --->   Operation 24 'specinterface' 'specinterface_ln0' <Predicate = true> <Delay = 0.00>
ST_1 : Operation 25 [1/1] (0.42ns)   --->   "%store_ln0 = store i5 1, i5 %add_ln77_2382"   --->   Operation 25 'store' 'store_ln0' <Predicate = true> <Delay = 0.42>
ST_1 : Operation 26 [1/1] (0.42ns)   --->   "%store_ln0 = store i5 0, i5 %j380"   --->   Operation 26 'store' 'store_ln0' <Predicate = true> <Delay = 0.42>
ST_1 : Operation 27 [1/1] (0.42ns)   --->   "%store_ln0 = store i5 0, i5 %i379"   --->   Operation 27 'store' 'store_ln0' <Predicate = true> <Delay = 0.42>
ST_1 : Operation 28 [1/1] (0.42ns)   --->   "%store_ln0 = store i10 0, i10 %indvar_flatten378"   --->   Operation 28 'store' 'store_ln0' <Predicate = true> <Delay = 0.42>
ST_1 : Operation 29 [1/1] (0.42ns)   --->   "%br_ln0 = br void %for.inc71.i"   --->   Operation 29 'br' 'br_ln0' <Predicate = true> <Delay = 0.42>
ST_1 : Operation 30 [1/1] (0.00ns)   --->   "%icmp_ln78381 = phi i1 0, void %newFuncRoot, i1 %icmp_ln78, void %arrayidx3644.exit.i" [../image_analysis.cpp:78->../image_analysis.cpp:166]   --->   Operation 30 'phi' 'icmp_ln78381' <Predicate = true> <Delay = 0.00>
ST_1 : Operation 31 [1/1] (0.00ns)   --->   "%indvar_flatten378_load = load i10 %indvar_flatten378" [../image_analysis.cpp:77->../image_analysis.cpp:166]   --->   Operation 31 'load' 'indvar_flatten378_load' <Predicate = true> <Delay = 0.00>
ST_1 : Operation 32 [1/1] (0.00ns)   --->   "%i379_load = load i5 %i379" [../image_analysis.cpp:77->../image_analysis.cpp:166]   --->   Operation 32 'load' 'i379_load' <Predicate = true> <Delay = 0.00>
ST_1 : Operation 33 [1/1] (0.00ns)   --->   "%j380_load = load i5 %j380" [../image_analysis.cpp:77->../image_analysis.cpp:166]   --->   Operation 33 'load' 'j380_load' <Predicate = true> <Delay = 0.00>
ST_1 : Operation 34 [1/1] (0.00ns)   --->   "%add_ln77_2382_load = load i5 %add_ln77_2382" [../image_analysis.cpp:77->../image_analysis.cpp:166]   --->   Operation 34 'load' 'add_ln77_2382_load' <Predicate = true> <Delay = 0.00>
ST_1 : Operation 35 [1/1] (0.00ns)   --->   "%imageProjs_local_addr = getelementptr i32 %imageProjs_local, i64 %sext_ln77_cast" [../image_analysis.cpp:77->../image_analysis.cpp:166]   --->   Operation 35 'getelementptr' 'imageProjs_local_addr' <Predicate = true> <Delay = 0.00>
ST_1 : Operation 36 [1/1] (0.00ns)   --->   "%specloopname_ln0 = specloopname void @_ssdm_op_SpecLoopName, void @VITIS_LOOP_77_1_VITIS_LOOP_78_2_str"   --->   Operation 36 'specloopname' 'specloopname_ln0' <Predicate = true> <Delay = 0.00>
ST_1 : Operation 37 [1/1] (0.00ns)   --->   "%speclooptripcount_ln0 = speclooptripcount void @_ssdm_op_SpecLoopTripCount, i64 961, i64 961, i64 961"   --->   Operation 37 'speclooptripcount' 'speclooptripcount_ln0' <Predicate = true> <Delay = 0.00>
ST_1 : Operation 38 [1/1] (0.41ns)   --->   "%select_ln77 = select i1 %icmp_ln78381, i5 0, i5 %j380_load" [../image_analysis.cpp:77->../image_analysis.cpp:166]   --->   Operation 38 'select' 'select_ln77' <Predicate = true> <Delay = 0.41> <CoreInst = "Sel">   --->   Core 73 'Sel' <Latency = 0> <II = 1> <Delay = 0.41> <FuncUnit> <Opcode : 'select'> <InPorts = 3> <OutPorts = 1>
ST_1 : Operation 39 [1/1] (0.41ns)   --->   "%i = select i1 %icmp_ln78381, i5 %add_ln77_2382_load, i5 %i379_load" [../image_analysis.cpp:77->../image_analysis.cpp:166]   --->   Operation 39 'select' 'i' <Predicate = true> <Delay = 0.41> <CoreInst = "Sel">   --->   Core 73 'Sel' <Latency = 0> <II = 1> <Delay = 0.41> <FuncUnit> <Opcode : 'select'> <InPorts = 3> <OutPorts = 1>
ST_1 : Operation 40 [1/1] (0.78ns)   --->   "%first_iter_0 = icmp_eq  i5 %select_ln77, i5 0" [../image_analysis.cpp:77->../image_analysis.cpp:166]   --->   Operation 40 'icmp' 'first_iter_0' <Predicate = true> <Delay = 0.78> <CoreInst = "Cmp">   --->   Core 9 'Cmp' <Latency = 0> <II = 1> <Delay = 0.78> <FuncUnit> <Opcode : 'seteq' 'setne' 'setle' 'setge' 'setlt' 'setgt'> <InPorts = 2> <OutPorts = 1>
ST_1 : Operation 41 [1/1] (0.00ns)   --->   "%i_cast_i = zext i5 %i" [../image_analysis.cpp:77->../image_analysis.cpp:166]   --->   Operation 41 'zext' 'i_cast_i' <Predicate = true> <Delay = 0.00>
ST_1 : Operation 42 [1/1] (0.93ns)   --->   "%tmp2_i = add i24 %lshr_ln70_1_cast_i_read, i24 %i_cast_i" [../image_analysis.cpp:77->../image_analysis.cpp:166]   --->   Operation 42 'add' 'tmp2_i' <Predicate = true> <Delay = 0.93> <CoreInst = "Adder">   --->   Core 1 'Adder' <Latency = 0> <II = 1> <Delay = 0.93> <FuncUnit> <Opcode : 'add' 'sub'> <InPorts = 2> <OutPorts = 1>
ST_1 : Operation 43 [1/1] (0.00ns)   --->   "%tmp1_i = bitconcatenate i32 @_ssdm_op_BitConcatenate.i32.i24.i8, i24 %tmp2_i, i8 0" [../image_analysis.cpp:77->../image_analysis.cpp:166]   --->   Operation 43 'bitconcatenate' 'tmp1_i' <Predicate = true> <Delay = 0.00>
ST_1 : Operation 44 [1/1] (1.01ns)   --->   "%add_ln77 = add i32 %tmp1_i, i32 %curr_info_X_min_read" [../image_analysis.cpp:77->../image_analysis.cpp:166]   --->   Operation 44 'add' 'add_ln77' <Predicate = true> <Delay = 1.01> <CoreInst = "Adder">   --->   Core 1 'Adder' <Latency = 0> <II = 1> <Delay = 1.01> <FuncUnit> <Opcode : 'add' 'sub'> <InPorts = 2> <OutPorts = 1>
ST_1 : Operation 45 [1/1] (0.00ns)   --->   "%shl_ln = bitconcatenate i34 @_ssdm_op_BitConcatenate.i34.i32.i2, i32 %add_ln77, i2 0" [../image_analysis.cpp:77->../image_analysis.cpp:166]   --->   Operation 45 'bitconcatenate' 'shl_ln' <Predicate = true> <Delay = 0.00>
ST_1 : Operation 46 [1/1] (0.00ns)   --->   "%zext_ln77 = zext i34 %shl_ln" [../image_analysis.cpp:77->../image_analysis.cpp:166]   --->   Operation 46 'zext' 'zext_ln77' <Predicate = true> <Delay = 0.00>
ST_1 : Operation 47 [1/1] (1.08ns)   --->   "%add_ln77_1 = add i64 %zext_ln77, i64 %fullImage2_read" [../image_analysis.cpp:77->../image_analysis.cpp:166]   --->   Operation 47 'add' 'add_ln77_1' <Predicate = true> <Delay = 1.08> <CoreInst = "Adder">   --->   Core 1 'Adder' <Latency = 0> <II = 1> <Delay = 1.08> <FuncUnit> <Opcode : 'add' 'sub'> <InPorts = 2> <OutPorts = 1>
ST_1 : Operation 48 [1/1] (0.00ns)   --->   "%trunc_ln2 = partselect i62 @_ssdm_op_PartSelect.i62.i64.i32.i32, i64 %add_ln77_1, i32 2, i32 63" [../image_analysis.cpp:78->../image_analysis.cpp:166]   --->   Operation 48 'partselect' 'trunc_ln2' <Predicate = true> <Delay = 0.00>
ST_1 : Operation 49 [1/1] (0.00ns)   --->   "%sext_ln78 = sext i62 %trunc_ln2" [../image_analysis.cpp:78->../image_analysis.cpp:166]   --->   Operation 49 'sext' 'sext_ln78' <Predicate = true> <Delay = 0.00>
ST_1 : Operation 50 [1/1] (0.00ns)   --->   "%fullImage_addr = getelementptr i32 %fullImage, i64 %sext_ln78" [../image_analysis.cpp:78->../image_analysis.cpp:166]   --->   Operation 50 'getelementptr' 'fullImage_addr' <Predicate = true> <Delay = 0.00>
ST_1 : Operation 51 [1/1] (0.78ns)   --->   "%add_ln77_3 = add i10 %indvar_flatten378_load, i10 1" [../image_analysis.cpp:77->../image_analysis.cpp:166]   --->   Operation 51 'add' 'add_ln77_3' <Predicate = true> <Delay = 0.78> <CoreInst = "Adder">   --->   Core 1 'Adder' <Latency = 0> <II = 1> <Delay = 0.78> <FuncUnit> <Opcode : 'add' 'sub'> <InPorts = 2> <OutPorts = 1>
ST_1 : Operation 52 [1/1] (0.00ns)   --->   "%br_ln78 = br i1 %first_iter_0, void %for.body14.split.i, void %for.first.iter.for.body14.i" [../image_analysis.cpp:78->../image_analysis.cpp:166]   --->   Operation 52 'br' 'br_ln78' <Predicate = true> <Delay = 0.00>
ST_1 : Operation 53 [1/1] (7.30ns)   --->   "%imageProjs_local_addr_read = read i32 @_ssdm_op_Read.m_axi.p1i32, i32 %imageProjs_local_addr" [../image_analysis.cpp:80->../image_analysis.cpp:166]   --->   Operation 53 'read' 'imageProjs_local_addr_read' <Predicate = true> <Delay = 7.30> <CoreInst = "m_axi">   --->   Core 119 'm_axi' <Latency = 3> <II = 1> <Delay = 1.00> <Adapter> <Opcode : 'read' 'write' 'readreq' 'writereq' 'writeresp'>
ST_1 : Operation 54 [1/1] (0.00ns)   --->   "%bitcast_ln80 = bitcast i32 %imageProjs_local_addr_read" [../image_analysis.cpp:80->../image_analysis.cpp:166]   --->   Operation 54 'bitcast' 'bitcast_ln80' <Predicate = true> <Delay = 0.00>
ST_1 : Operation 55 [1/1] (0.78ns)   --->   "%switch_ln80 = switch i5 %i, void %arrayidx3644.case.30.i, i5 0, void %arrayidx3644.case.0.i, i5 1, void %arrayidx3644.case.1.i, i5 2, void %arrayidx3644.case.2.i, i5 3, void %arrayidx3644.case.3.i, i5 4, void %arrayidx3644.case.4.i, i5 5, void %arrayidx3644.case.5.i, i5 6, void %arrayidx3644.case.6.i, i5 7, void %arrayidx3644.case.7.i, i5 8, void %arrayidx3644.case.8.i, i5 9, void %arrayidx3644.case.9.i, i5 10, void %arrayidx3644.case.10.i, i5 11, void %arrayidx3644.case.11.i, i5 12, void %arrayidx3644.case.12.i, i5 13, void %arrayidx3644.case.13.i, i5 14, void %arrayidx3644.case.14.i, i5 15, void %arrayidx3644.case.15.i, i5 16, void %arrayidx3644.case.16.i, i5 17, void %arrayidx3644.case.17.i, i5 18, void %arrayidx3644.case.18.i, i5 19, void %arrayidx3644.case.19.i, i5 20, void %arrayidx3644.case.20.i, i5 21, void %arrayidx3644.case.21.i, i5 22, void %arrayidx3644.case.22.i, i5 23, void %arrayidx3644.case.23.i, i5 24, void %arrayidx3644.case.24.i, i5 25, void %arrayidx3644.case.25.i, i5 26, void %arrayidx3644.case.26.i, i5 27, void %arrayidx3644.case.27.i, i5 28, void %arrayidx3644.case.28.i, i5 29, void %arrayidx3644.case.29.i" [../image_analysis.cpp:80->../image_analysis.cpp:166]   --->   Operation 55 'switch' 'switch_ln80' <Predicate = true> <Delay = 0.78>
ST_1 : Operation 56 [1/1] (0.78ns)   --->   "%j = add i5 %select_ln77, i5 1" [../image_analysis.cpp:78->../image_analysis.cpp:166]   --->   Operation 56 'add' 'j' <Predicate = true> <Delay = 0.78> <CoreInst = "Adder">   --->   Core 1 'Adder' <Latency = 0> <II = 1> <Delay = 0.78> <FuncUnit> <Opcode : 'add' 'sub'> <InPorts = 2> <OutPorts = 1>
ST_1 : Operation 57 [1/1] (0.78ns)   --->   "%icmp_ln78 = icmp_eq  i5 %j, i5 31" [../image_analysis.cpp:78->../image_analysis.cpp:166]   --->   Operation 57 'icmp' 'icmp_ln78' <Predicate = true> <Delay = 0.78> <CoreInst = "Cmp">   --->   Core 9 'Cmp' <Latency = 0> <II = 1> <Delay = 0.78> <FuncUnit> <Opcode : 'seteq' 'setne' 'setle' 'setge' 'setlt' 'setgt'> <InPorts = 2> <OutPorts = 1>
ST_1 : Operation 58 [1/1] (0.78ns)   --->   "%add_ln77_2 = add i5 %i, i5 1" [../image_analysis.cpp:77->../image_analysis.cpp:166]   --->   Operation 58 'add' 'add_ln77_2' <Predicate = true> <Delay = 0.78> <CoreInst = "Adder">   --->   Core 1 'Adder' <Latency = 0> <II = 1> <Delay = 0.78> <FuncUnit> <Opcode : 'add' 'sub'> <InPorts = 2> <OutPorts = 1>
ST_1 : Operation 59 [1/1] (0.78ns)   --->   "%icmp_ln77 = icmp_eq  i10 %indvar_flatten378_load, i10 960" [../image_analysis.cpp:77->../image_analysis.cpp:166]   --->   Operation 59 'icmp' 'icmp_ln77' <Predicate = true> <Delay = 0.78> <CoreInst = "Cmp">   --->   Core 9 'Cmp' <Latency = 0> <II = 1> <Delay = 0.78> <FuncUnit> <Opcode : 'seteq' 'setne' 'setle' 'setge' 'setlt' 'setgt'> <InPorts = 2> <OutPorts = 1>
ST_1 : Operation 60 [1/1] (0.42ns)   --->   "%store_ln77 = store i5 %add_ln77_2, i5 %add_ln77_2382" [../image_analysis.cpp:77->../image_analysis.cpp:166]   --->   Operation 60 'store' 'store_ln77' <Predicate = true> <Delay = 0.42>
ST_1 : Operation 61 [1/1] (0.42ns)   --->   "%store_ln78 = store i5 %j, i5 %j380" [../image_analysis.cpp:78->../image_analysis.cpp:166]   --->   Operation 61 'store' 'store_ln78' <Predicate = true> <Delay = 0.42>
ST_1 : Operation 62 [1/1] (0.42ns)   --->   "%store_ln77 = store i5 %i, i5 %i379" [../image_analysis.cpp:77->../image_analysis.cpp:166]   --->   Operation 62 'store' 'store_ln77' <Predicate = true> <Delay = 0.42>
ST_1 : Operation 63 [1/1] (0.42ns)   --->   "%store_ln77 = store i10 %add_ln77_3, i10 %indvar_flatten378" [../image_analysis.cpp:77->../image_analysis.cpp:166]   --->   Operation 63 'store' 'store_ln77' <Predicate = true> <Delay = 0.42>
ST_1 : Operation 64 [1/1] (0.00ns)   --->   "%br_ln77 = br i1 %icmp_ln77, void %for.inc71.i, void %Image_extract.exit.exitStub" [../image_analysis.cpp:77->../image_analysis.cpp:166]   --->   Operation 64 'br' 'br_ln77' <Predicate = true> <Delay = 0.00>

State 2 <SV = 1> <Delay = 7.30>
ST_2 : Operation 65 [8/8] (7.30ns)   --->   "%empty_268 = readreq i1 @_ssdm_op_ReadReq.m_axi.p1i32, i32 %fullImage_addr, i64 31" [../image_analysis.cpp:78->../image_analysis.cpp:166]   --->   Operation 65 'readreq' 'empty_268' <Predicate = (first_iter_0)> <Delay = 7.30> <CoreInst = "m_axi">   --->   Core 119 'm_axi' <Latency = 6> <II = 1> <Delay = 1.00> <Adapter> <Opcode : 'read' 'write' 'readreq' 'writereq' 'writeresp'>
ST_2 : Operation 66 [1/1] (0.00ns)   --->   "%zext_ln78 = zext i5 %select_ln77" [../image_analysis.cpp:78->../image_analysis.cpp:166]   --->   Operation 66 'zext' 'zext_ln78' <Predicate = true> <Delay = 0.00>
ST_2 : Operation 67 [1/1] (0.00ns)   --->   "%curr_localImage_16_addr = getelementptr i32 %curr_localImage_16, i64 0, i64 %zext_ln78" [../image_analysis.cpp:80->../image_analysis.cpp:166]   --->   Operation 67 'getelementptr' 'curr_localImage_16_addr' <Predicate = true> <Delay = 0.00>
ST_2 : Operation 68 [1/1] (0.00ns)   --->   "%curr_localImage_1_addr = getelementptr i32 %curr_localImage_1_56, i64 0, i64 %zext_ln78" [../image_analysis.cpp:80->../image_analysis.cpp:166]   --->   Operation 68 'getelementptr' 'curr_localImage_1_addr' <Predicate = true> <Delay = 0.00>
ST_2 : Operation 69 [1/1] (0.00ns)   --->   "%curr_localImage_2_addr = getelementptr i32 %curr_localImage_2_57, i64 0, i64 %zext_ln78" [../image_analysis.cpp:80->../image_analysis.cpp:166]   --->   Operation 69 'getelementptr' 'curr_localImage_2_addr' <Predicate = true> <Delay = 0.00>
ST_2 : Operation 70 [1/1] (0.00ns)   --->   "%curr_localImage_3_addr = getelementptr i32 %curr_localImage_3_58, i64 0, i64 %zext_ln78" [../image_analysis.cpp:80->../image_analysis.cpp:166]   --->   Operation 70 'getelementptr' 'curr_localImage_3_addr' <Predicate = true> <Delay = 0.00>
ST_2 : Operation 71 [1/1] (0.00ns)   --->   "%curr_localImage_4_addr = getelementptr i32 %curr_localImage_4_59, i64 0, i64 %zext_ln78" [../image_analysis.cpp:80->../image_analysis.cpp:166]   --->   Operation 71 'getelementptr' 'curr_localImage_4_addr' <Predicate = true> <Delay = 0.00>
ST_2 : Operation 72 [1/1] (0.00ns)   --->   "%curr_localImage_5_addr = getelementptr i32 %curr_localImage_5_60, i64 0, i64 %zext_ln78" [../image_analysis.cpp:80->../image_analysis.cpp:166]   --->   Operation 72 'getelementptr' 'curr_localImage_5_addr' <Predicate = true> <Delay = 0.00>
ST_2 : Operation 73 [1/1] (0.00ns)   --->   "%curr_localImage_6_addr = getelementptr i32 %curr_localImage_6_61, i64 0, i64 %zext_ln78" [../image_analysis.cpp:80->../image_analysis.cpp:166]   --->   Operation 73 'getelementptr' 'curr_localImage_6_addr' <Predicate = true> <Delay = 0.00>
ST_2 : Operation 74 [1/1] (0.00ns)   --->   "%curr_localImage_7_addr = getelementptr i32 %curr_localImage_7_62, i64 0, i64 %zext_ln78" [../image_analysis.cpp:80->../image_analysis.cpp:166]   --->   Operation 74 'getelementptr' 'curr_localImage_7_addr' <Predicate = true> <Delay = 0.00>
ST_2 : Operation 75 [1/1] (0.00ns)   --->   "%curr_localImage_8_addr = getelementptr i32 %curr_localImage_8_63, i64 0, i64 %zext_ln78" [../image_analysis.cpp:80->../image_analysis.cpp:166]   --->   Operation 75 'getelementptr' 'curr_localImage_8_addr' <Predicate = true> <Delay = 0.00>
ST_2 : Operation 76 [1/1] (0.00ns)   --->   "%curr_localImage_9_addr = getelementptr i32 %curr_localImage_9_64, i64 0, i64 %zext_ln78" [../image_analysis.cpp:80->../image_analysis.cpp:166]   --->   Operation 76 'getelementptr' 'curr_localImage_9_addr' <Predicate = true> <Delay = 0.00>
ST_2 : Operation 77 [1/1] (0.00ns)   --->   "%curr_localImage_10_addr = getelementptr i32 %curr_localImage_10_65, i64 0, i64 %zext_ln78" [../image_analysis.cpp:80->../image_analysis.cpp:166]   --->   Operation 77 'getelementptr' 'curr_localImage_10_addr' <Predicate = true> <Delay = 0.00>
ST_2 : Operation 78 [1/1] (0.00ns)   --->   "%curr_localImage_11_addr = getelementptr i32 %curr_localImage_11_66, i64 0, i64 %zext_ln78" [../image_analysis.cpp:80->../image_analysis.cpp:166]   --->   Operation 78 'getelementptr' 'curr_localImage_11_addr' <Predicate = true> <Delay = 0.00>
ST_2 : Operation 79 [1/1] (0.00ns)   --->   "%curr_localImage_12_addr = getelementptr i32 %curr_localImage_12_67, i64 0, i64 %zext_ln78" [../image_analysis.cpp:80->../image_analysis.cpp:166]   --->   Operation 79 'getelementptr' 'curr_localImage_12_addr' <Predicate = true> <Delay = 0.00>
ST_2 : Operation 80 [1/1] (0.00ns)   --->   "%curr_localImage_13_addr = getelementptr i32 %curr_localImage_13_68, i64 0, i64 %zext_ln78" [../image_analysis.cpp:80->../image_analysis.cpp:166]   --->   Operation 80 'getelementptr' 'curr_localImage_13_addr' <Predicate = true> <Delay = 0.00>
ST_2 : Operation 81 [1/1] (0.00ns)   --->   "%curr_localImage_14_addr = getelementptr i32 %curr_localImage_14_69, i64 0, i64 %zext_ln78" [../image_analysis.cpp:80->../image_analysis.cpp:166]   --->   Operation 81 'getelementptr' 'curr_localImage_14_addr' <Predicate = true> <Delay = 0.00>
ST_2 : Operation 82 [1/1] (0.00ns)   --->   "%curr_localImage_15_addr = getelementptr i32 %curr_localImage_15, i64 0, i64 %zext_ln78" [../image_analysis.cpp:80->../image_analysis.cpp:166]   --->   Operation 82 'getelementptr' 'curr_localImage_15_addr' <Predicate = true> <Delay = 0.00>
ST_2 : Operation 83 [1/1] (0.00ns)   --->   "%curr_localImage_14_addr_240 = getelementptr i32 %curr_localImage_14, i64 0, i64 %zext_ln78" [../image_analysis.cpp:80->../image_analysis.cpp:166]   --->   Operation 83 'getelementptr' 'curr_localImage_14_addr_240' <Predicate = true> <Delay = 0.00>
ST_2 : Operation 84 [1/1] (0.00ns)   --->   "%curr_localImage_13_addr_241 = getelementptr i32 %curr_localImage_13, i64 0, i64 %zext_ln78" [../image_analysis.cpp:80->../image_analysis.cpp:166]   --->   Operation 84 'getelementptr' 'curr_localImage_13_addr_241' <Predicate = true> <Delay = 0.00>
ST_2 : Operation 85 [1/1] (0.00ns)   --->   "%curr_localImage_12_addr_242 = getelementptr i32 %curr_localImage_12, i64 0, i64 %zext_ln78" [../image_analysis.cpp:80->../image_analysis.cpp:166]   --->   Operation 85 'getelementptr' 'curr_localImage_12_addr_242' <Predicate = true> <Delay = 0.00>
ST_2 : Operation 86 [1/1] (0.00ns)   --->   "%curr_localImage_11_addr_243 = getelementptr i32 %curr_localImage_11, i64 0, i64 %zext_ln78" [../image_analysis.cpp:80->../image_analysis.cpp:166]   --->   Operation 86 'getelementptr' 'curr_localImage_11_addr_243' <Predicate = true> <Delay = 0.00>
ST_2 : Operation 87 [1/1] (0.00ns)   --->   "%curr_localImage_10_addr_244 = getelementptr i32 %curr_localImage_10, i64 0, i64 %zext_ln78" [../image_analysis.cpp:80->../image_analysis.cpp:166]   --->   Operation 87 'getelementptr' 'curr_localImage_10_addr_244' <Predicate = true> <Delay = 0.00>
ST_2 : Operation 88 [1/1] (0.00ns)   --->   "%curr_localImage_9_addr_245 = getelementptr i32 %curr_localImage_9, i64 0, i64 %zext_ln78" [../image_analysis.cpp:80->../image_analysis.cpp:166]   --->   Operation 88 'getelementptr' 'curr_localImage_9_addr_245' <Predicate = true> <Delay = 0.00>
ST_2 : Operation 89 [1/1] (0.00ns)   --->   "%curr_localImage_8_addr_246 = getelementptr i32 %curr_localImage_8, i64 0, i64 %zext_ln78" [../image_analysis.cpp:80->../image_analysis.cpp:166]   --->   Operation 89 'getelementptr' 'curr_localImage_8_addr_246' <Predicate = true> <Delay = 0.00>
ST_2 : Operation 90 [1/1] (0.00ns)   --->   "%curr_localImage_7_addr_247 = getelementptr i32 %curr_localImage_7, i64 0, i64 %zext_ln78" [../image_analysis.cpp:80->../image_analysis.cpp:166]   --->   Operation 90 'getelementptr' 'curr_localImage_7_addr_247' <Predicate = true> <Delay = 0.00>
ST_2 : Operation 91 [1/1] (0.00ns)   --->   "%curr_localImage_6_addr_248 = getelementptr i32 %curr_localImage_6, i64 0, i64 %zext_ln78" [../image_analysis.cpp:80->../image_analysis.cpp:166]   --->   Operation 91 'getelementptr' 'curr_localImage_6_addr_248' <Predicate = true> <Delay = 0.00>
ST_2 : Operation 92 [1/1] (0.00ns)   --->   "%curr_localImage_5_addr_249 = getelementptr i32 %curr_localImage_5, i64 0, i64 %zext_ln78" [../image_analysis.cpp:80->../image_analysis.cpp:166]   --->   Operation 92 'getelementptr' 'curr_localImage_5_addr_249' <Predicate = true> <Delay = 0.00>
ST_2 : Operation 93 [1/1] (0.00ns)   --->   "%curr_localImage_4_addr_250 = getelementptr i32 %curr_localImage_4, i64 0, i64 %zext_ln78" [../image_analysis.cpp:80->../image_analysis.cpp:166]   --->   Operation 93 'getelementptr' 'curr_localImage_4_addr_250' <Predicate = true> <Delay = 0.00>
ST_2 : Operation 94 [1/1] (0.00ns)   --->   "%curr_localImage_3_addr_251 = getelementptr i32 %curr_localImage_3, i64 0, i64 %zext_ln78" [../image_analysis.cpp:80->../image_analysis.cpp:166]   --->   Operation 94 'getelementptr' 'curr_localImage_3_addr_251' <Predicate = true> <Delay = 0.00>
ST_2 : Operation 95 [1/1] (0.00ns)   --->   "%curr_localImage_2_addr_252 = getelementptr i32 %curr_localImage_2, i64 0, i64 %zext_ln78" [../image_analysis.cpp:80->../image_analysis.cpp:166]   --->   Operation 95 'getelementptr' 'curr_localImage_2_addr_252' <Predicate = true> <Delay = 0.00>
ST_2 : Operation 96 [1/1] (0.00ns)   --->   "%curr_localImage_1_addr_253 = getelementptr i32 %curr_localImage_1, i64 0, i64 %zext_ln78" [../image_analysis.cpp:80->../image_analysis.cpp:166]   --->   Operation 96 'getelementptr' 'curr_localImage_1_addr_253' <Predicate = true> <Delay = 0.00>
ST_2 : Operation 97 [1/1] (0.00ns)   --->   "%curr_localImage_addr = getelementptr i32 %curr_localImage, i64 0, i64 %zext_ln78" [../image_analysis.cpp:80->../image_analysis.cpp:166]   --->   Operation 97 'getelementptr' 'curr_localImage_addr' <Predicate = true> <Delay = 0.00>
ST_2 : Operation 98 [1/1] ( I:0.67ns O:0.67ns )   --->   "%store_ln80 = store i32 %bitcast_ln80, i5 %curr_localImage_1_addr_253" [../image_analysis.cpp:80->../image_analysis.cpp:166]   --->   Operation 98 'store' 'store_ln80' <Predicate = (i == 29)> <Delay = 0.67> <CoreInst = "RAM">   --->   Core 82 'RAM' <Latency = 1> <II = 1> <Delay = 0.67> <Storage> <Opcode : 'load' 'store'> <Ports = 2> <Width = 32> <Depth = 31> <RAM>
ST_2 : Operation 99 [1/1] ( I:0.67ns O:0.67ns )   --->   "%store_ln80 = store i32 %bitcast_ln80, i5 %curr_localImage_2_addr_252" [../image_analysis.cpp:80->../image_analysis.cpp:166]   --->   Operation 99 'store' 'store_ln80' <Predicate = (i == 28)> <Delay = 0.67> <CoreInst = "RAM">   --->   Core 82 'RAM' <Latency = 1> <II = 1> <Delay = 0.67> <Storage> <Opcode : 'load' 'store'> <Ports = 2> <Width = 32> <Depth = 31> <RAM>
ST_2 : Operation 100 [1/1] ( I:0.67ns O:0.67ns )   --->   "%store_ln80 = store i32 %bitcast_ln80, i5 %curr_localImage_3_addr_251" [../image_analysis.cpp:80->../image_analysis.cpp:166]   --->   Operation 100 'store' 'store_ln80' <Predicate = (i == 27)> <Delay = 0.67> <CoreInst = "RAM">   --->   Core 82 'RAM' <Latency = 1> <II = 1> <Delay = 0.67> <Storage> <Opcode : 'load' 'store'> <Ports = 2> <Width = 32> <Depth = 31> <RAM>
ST_2 : Operation 101 [1/1] ( I:0.67ns O:0.67ns )   --->   "%store_ln80 = store i32 %bitcast_ln80, i5 %curr_localImage_4_addr_250" [../image_analysis.cpp:80->../image_analysis.cpp:166]   --->   Operation 101 'store' 'store_ln80' <Predicate = (i == 26)> <Delay = 0.67> <CoreInst = "RAM">   --->   Core 82 'RAM' <Latency = 1> <II = 1> <Delay = 0.67> <Storage> <Opcode : 'load' 'store'> <Ports = 2> <Width = 32> <Depth = 31> <RAM>
ST_2 : Operation 102 [1/1] ( I:0.67ns O:0.67ns )   --->   "%store_ln80 = store i32 %bitcast_ln80, i5 %curr_localImage_5_addr_249" [../image_analysis.cpp:80->../image_analysis.cpp:166]   --->   Operation 102 'store' 'store_ln80' <Predicate = (i == 25)> <Delay = 0.67> <CoreInst = "RAM">   --->   Core 82 'RAM' <Latency = 1> <II = 1> <Delay = 0.67> <Storage> <Opcode : 'load' 'store'> <Ports = 2> <Width = 32> <Depth = 31> <RAM>
ST_2 : Operation 103 [1/1] ( I:0.67ns O:0.67ns )   --->   "%store_ln80 = store i32 %bitcast_ln80, i5 %curr_localImage_6_addr_248" [../image_analysis.cpp:80->../image_analysis.cpp:166]   --->   Operation 103 'store' 'store_ln80' <Predicate = (i == 24)> <Delay = 0.67> <CoreInst = "RAM">   --->   Core 82 'RAM' <Latency = 1> <II = 1> <Delay = 0.67> <Storage> <Opcode : 'load' 'store'> <Ports = 2> <Width = 32> <Depth = 31> <RAM>
ST_2 : Operation 104 [1/1] ( I:0.67ns O:0.67ns )   --->   "%store_ln80 = store i32 %bitcast_ln80, i5 %curr_localImage_7_addr_247" [../image_analysis.cpp:80->../image_analysis.cpp:166]   --->   Operation 104 'store' 'store_ln80' <Predicate = (i == 23)> <Delay = 0.67> <CoreInst = "RAM">   --->   Core 82 'RAM' <Latency = 1> <II = 1> <Delay = 0.67> <Storage> <Opcode : 'load' 'store'> <Ports = 2> <Width = 32> <Depth = 31> <RAM>
ST_2 : Operation 105 [1/1] ( I:0.67ns O:0.67ns )   --->   "%store_ln80 = store i32 %bitcast_ln80, i5 %curr_localImage_8_addr_246" [../image_analysis.cpp:80->../image_analysis.cpp:166]   --->   Operation 105 'store' 'store_ln80' <Predicate = (i == 22)> <Delay = 0.67> <CoreInst = "RAM">   --->   Core 82 'RAM' <Latency = 1> <II = 1> <Delay = 0.67> <Storage> <Opcode : 'load' 'store'> <Ports = 2> <Width = 32> <Depth = 31> <RAM>
ST_2 : Operation 106 [1/1] ( I:0.67ns O:0.67ns )   --->   "%store_ln80 = store i32 %bitcast_ln80, i5 %curr_localImage_9_addr_245" [../image_analysis.cpp:80->../image_analysis.cpp:166]   --->   Operation 106 'store' 'store_ln80' <Predicate = (i == 21)> <Delay = 0.67> <CoreInst = "RAM">   --->   Core 82 'RAM' <Latency = 1> <II = 1> <Delay = 0.67> <Storage> <Opcode : 'load' 'store'> <Ports = 2> <Width = 32> <Depth = 31> <RAM>
ST_2 : Operation 107 [1/1] ( I:0.67ns O:0.67ns )   --->   "%store_ln80 = store i32 %bitcast_ln80, i5 %curr_localImage_10_addr_244" [../image_analysis.cpp:80->../image_analysis.cpp:166]   --->   Operation 107 'store' 'store_ln80' <Predicate = (i == 20)> <Delay = 0.67> <CoreInst = "RAM">   --->   Core 82 'RAM' <Latency = 1> <II = 1> <Delay = 0.67> <Storage> <Opcode : 'load' 'store'> <Ports = 2> <Width = 32> <Depth = 31> <RAM>
ST_2 : Operation 108 [1/1] ( I:0.67ns O:0.67ns )   --->   "%store_ln80 = store i32 %bitcast_ln80, i5 %curr_localImage_11_addr_243" [../image_analysis.cpp:80->../image_analysis.cpp:166]   --->   Operation 108 'store' 'store_ln80' <Predicate = (i == 19)> <Delay = 0.67> <CoreInst = "RAM">   --->   Core 82 'RAM' <Latency = 1> <II = 1> <Delay = 0.67> <Storage> <Opcode : 'load' 'store'> <Ports = 2> <Width = 32> <Depth = 31> <RAM>
ST_2 : Operation 109 [1/1] ( I:0.67ns O:0.67ns )   --->   "%store_ln80 = store i32 %bitcast_ln80, i5 %curr_localImage_12_addr_242" [../image_analysis.cpp:80->../image_analysis.cpp:166]   --->   Operation 109 'store' 'store_ln80' <Predicate = (i == 18)> <Delay = 0.67> <CoreInst = "RAM">   --->   Core 82 'RAM' <Latency = 1> <II = 1> <Delay = 0.67> <Storage> <Opcode : 'load' 'store'> <Ports = 2> <Width = 32> <Depth = 31> <RAM>
ST_2 : Operation 110 [1/1] ( I:0.67ns O:0.67ns )   --->   "%store_ln80 = store i32 %bitcast_ln80, i5 %curr_localImage_13_addr_241" [../image_analysis.cpp:80->../image_analysis.cpp:166]   --->   Operation 110 'store' 'store_ln80' <Predicate = (i == 17)> <Delay = 0.67> <CoreInst = "RAM">   --->   Core 82 'RAM' <Latency = 1> <II = 1> <Delay = 0.67> <Storage> <Opcode : 'load' 'store'> <Ports = 2> <Width = 32> <Depth = 31> <RAM>
ST_2 : Operation 111 [1/1] ( I:0.67ns O:0.67ns )   --->   "%store_ln80 = store i32 %bitcast_ln80, i5 %curr_localImage_14_addr_240" [../image_analysis.cpp:80->../image_analysis.cpp:166]   --->   Operation 111 'store' 'store_ln80' <Predicate = (i == 16)> <Delay = 0.67> <CoreInst = "RAM">   --->   Core 82 'RAM' <Latency = 1> <II = 1> <Delay = 0.67> <Storage> <Opcode : 'load' 'store'> <Ports = 2> <Width = 32> <Depth = 31> <RAM>
ST_2 : Operation 112 [1/1] ( I:0.67ns O:0.67ns )   --->   "%store_ln80 = store i32 %bitcast_ln80, i5 %curr_localImage_15_addr" [../image_analysis.cpp:80->../image_analysis.cpp:166]   --->   Operation 112 'store' 'store_ln80' <Predicate = (i == 15)> <Delay = 0.67> <CoreInst = "RAM">   --->   Core 82 'RAM' <Latency = 1> <II = 1> <Delay = 0.67> <Storage> <Opcode : 'load' 'store'> <Ports = 2> <Width = 32> <Depth = 31> <RAM>
ST_2 : Operation 113 [1/1] ( I:0.67ns O:0.67ns )   --->   "%store_ln80 = store i32 %bitcast_ln80, i5 %curr_localImage_14_addr" [../image_analysis.cpp:80->../image_analysis.cpp:166]   --->   Operation 113 'store' 'store_ln80' <Predicate = (i == 14)> <Delay = 0.67> <CoreInst = "RAM">   --->   Core 82 'RAM' <Latency = 1> <II = 1> <Delay = 0.67> <Storage> <Opcode : 'load' 'store'> <Ports = 2> <Width = 32> <Depth = 31> <RAM>
ST_2 : Operation 114 [1/1] ( I:0.67ns O:0.67ns )   --->   "%store_ln80 = store i32 %bitcast_ln80, i5 %curr_localImage_13_addr" [../image_analysis.cpp:80->../image_analysis.cpp:166]   --->   Operation 114 'store' 'store_ln80' <Predicate = (i == 13)> <Delay = 0.67> <CoreInst = "RAM">   --->   Core 82 'RAM' <Latency = 1> <II = 1> <Delay = 0.67> <Storage> <Opcode : 'load' 'store'> <Ports = 2> <Width = 32> <Depth = 31> <RAM>
ST_2 : Operation 115 [1/1] ( I:0.67ns O:0.67ns )   --->   "%store_ln80 = store i32 %bitcast_ln80, i5 %curr_localImage_12_addr" [../image_analysis.cpp:80->../image_analysis.cpp:166]   --->   Operation 115 'store' 'store_ln80' <Predicate = (i == 12)> <Delay = 0.67> <CoreInst = "RAM">   --->   Core 82 'RAM' <Latency = 1> <II = 1> <Delay = 0.67> <Storage> <Opcode : 'load' 'store'> <Ports = 2> <Width = 32> <Depth = 31> <RAM>
ST_2 : Operation 116 [1/1] ( I:0.67ns O:0.67ns )   --->   "%store_ln80 = store i32 %bitcast_ln80, i5 %curr_localImage_11_addr" [../image_analysis.cpp:80->../image_analysis.cpp:166]   --->   Operation 116 'store' 'store_ln80' <Predicate = (i == 11)> <Delay = 0.67> <CoreInst = "RAM">   --->   Core 82 'RAM' <Latency = 1> <II = 1> <Delay = 0.67> <Storage> <Opcode : 'load' 'store'> <Ports = 2> <Width = 32> <Depth = 31> <RAM>
ST_2 : Operation 117 [1/1] ( I:0.67ns O:0.67ns )   --->   "%store_ln80 = store i32 %bitcast_ln80, i5 %curr_localImage_10_addr" [../image_analysis.cpp:80->../image_analysis.cpp:166]   --->   Operation 117 'store' 'store_ln80' <Predicate = (i == 10)> <Delay = 0.67> <CoreInst = "RAM">   --->   Core 82 'RAM' <Latency = 1> <II = 1> <Delay = 0.67> <Storage> <Opcode : 'load' 'store'> <Ports = 2> <Width = 32> <Depth = 31> <RAM>
ST_2 : Operation 118 [1/1] ( I:0.67ns O:0.67ns )   --->   "%store_ln80 = store i32 %bitcast_ln80, i5 %curr_localImage_9_addr" [../image_analysis.cpp:80->../image_analysis.cpp:166]   --->   Operation 118 'store' 'store_ln80' <Predicate = (i == 9)> <Delay = 0.67> <CoreInst = "RAM">   --->   Core 82 'RAM' <Latency = 1> <II = 1> <Delay = 0.67> <Storage> <Opcode : 'load' 'store'> <Ports = 2> <Width = 32> <Depth = 31> <RAM>
ST_2 : Operation 119 [1/1] ( I:0.67ns O:0.67ns )   --->   "%store_ln80 = store i32 %bitcast_ln80, i5 %curr_localImage_8_addr" [../image_analysis.cpp:80->../image_analysis.cpp:166]   --->   Operation 119 'store' 'store_ln80' <Predicate = (i == 8)> <Delay = 0.67> <CoreInst = "RAM">   --->   Core 82 'RAM' <Latency = 1> <II = 1> <Delay = 0.67> <Storage> <Opcode : 'load' 'store'> <Ports = 2> <Width = 32> <Depth = 31> <RAM>
ST_2 : Operation 120 [1/1] ( I:0.67ns O:0.67ns )   --->   "%store_ln80 = store i32 %bitcast_ln80, i5 %curr_localImage_7_addr" [../image_analysis.cpp:80->../image_analysis.cpp:166]   --->   Operation 120 'store' 'store_ln80' <Predicate = (i == 7)> <Delay = 0.67> <CoreInst = "RAM">   --->   Core 82 'RAM' <Latency = 1> <II = 1> <Delay = 0.67> <Storage> <Opcode : 'load' 'store'> <Ports = 2> <Width = 32> <Depth = 31> <RAM>
ST_2 : Operation 121 [1/1] ( I:0.67ns O:0.67ns )   --->   "%store_ln80 = store i32 %bitcast_ln80, i5 %curr_localImage_6_addr" [../image_analysis.cpp:80->../image_analysis.cpp:166]   --->   Operation 121 'store' 'store_ln80' <Predicate = (i == 6)> <Delay = 0.67> <CoreInst = "RAM">   --->   Core 82 'RAM' <Latency = 1> <II = 1> <Delay = 0.67> <Storage> <Opcode : 'load' 'store'> <Ports = 2> <Width = 32> <Depth = 31> <RAM>
ST_2 : Operation 122 [1/1] ( I:0.67ns O:0.67ns )   --->   "%store_ln80 = store i32 %bitcast_ln80, i5 %curr_localImage_5_addr" [../image_analysis.cpp:80->../image_analysis.cpp:166]   --->   Operation 122 'store' 'store_ln80' <Predicate = (i == 5)> <Delay = 0.67> <CoreInst = "RAM">   --->   Core 82 'RAM' <Latency = 1> <II = 1> <Delay = 0.67> <Storage> <Opcode : 'load' 'store'> <Ports = 2> <Width = 32> <Depth = 31> <RAM>
ST_2 : Operation 123 [1/1] ( I:0.67ns O:0.67ns )   --->   "%store_ln80 = store i32 %bitcast_ln80, i5 %curr_localImage_4_addr" [../image_analysis.cpp:80->../image_analysis.cpp:166]   --->   Operation 123 'store' 'store_ln80' <Predicate = (i == 4)> <Delay = 0.67> <CoreInst = "RAM">   --->   Core 82 'RAM' <Latency = 1> <II = 1> <Delay = 0.67> <Storage> <Opcode : 'load' 'store'> <Ports = 2> <Width = 32> <Depth = 31> <RAM>
ST_2 : Operation 124 [1/1] ( I:0.67ns O:0.67ns )   --->   "%store_ln80 = store i32 %bitcast_ln80, i5 %curr_localImage_3_addr" [../image_analysis.cpp:80->../image_analysis.cpp:166]   --->   Operation 124 'store' 'store_ln80' <Predicate = (i == 3)> <Delay = 0.67> <CoreInst = "RAM">   --->   Core 82 'RAM' <Latency = 1> <II = 1> <Delay = 0.67> <Storage> <Opcode : 'load' 'store'> <Ports = 2> <Width = 32> <Depth = 31> <RAM>
ST_2 : Operation 125 [1/1] ( I:0.67ns O:0.67ns )   --->   "%store_ln80 = store i32 %bitcast_ln80, i5 %curr_localImage_2_addr" [../image_analysis.cpp:80->../image_analysis.cpp:166]   --->   Operation 125 'store' 'store_ln80' <Predicate = (i == 2)> <Delay = 0.67> <CoreInst = "RAM">   --->   Core 82 'RAM' <Latency = 1> <II = 1> <Delay = 0.67> <Storage> <Opcode : 'load' 'store'> <Ports = 2> <Width = 32> <Depth = 31> <RAM>
ST_2 : Operation 126 [1/1] ( I:0.67ns O:0.67ns )   --->   "%store_ln80 = store i32 %bitcast_ln80, i5 %curr_localImage_1_addr" [../image_analysis.cpp:80->../image_analysis.cpp:166]   --->   Operation 126 'store' 'store_ln80' <Predicate = (i == 1)> <Delay = 0.67> <CoreInst = "RAM">   --->   Core 82 'RAM' <Latency = 1> <II = 1> <Delay = 0.67> <Storage> <Opcode : 'load' 'store'> <Ports = 2> <Width = 32> <Depth = 31> <RAM>
ST_2 : Operation 127 [1/1] ( I:0.67ns O:0.67ns )   --->   "%store_ln80 = store i32 %bitcast_ln80, i5 %curr_localImage_16_addr" [../image_analysis.cpp:80->../image_analysis.cpp:166]   --->   Operation 127 'store' 'store_ln80' <Predicate = (i == 0)> <Delay = 0.67> <CoreInst = "RAM">   --->   Core 82 'RAM' <Latency = 1> <II = 1> <Delay = 0.67> <Storage> <Opcode : 'load' 'store'> <Ports = 2> <Width = 32> <Depth = 31> <RAM>
ST_2 : Operation 128 [1/1] ( I:0.67ns O:0.67ns )   --->   "%store_ln80 = store i32 %bitcast_ln80, i5 %curr_localImage_addr" [../image_analysis.cpp:80->../image_analysis.cpp:166]   --->   Operation 128 'store' 'store_ln80' <Predicate = (i == 31) | (i == 30)> <Delay = 0.67> <CoreInst = "RAM">   --->   Core 82 'RAM' <Latency = 1> <II = 1> <Delay = 0.67> <Storage> <Opcode : 'load' 'store'> <Ports = 2> <Width = 32> <Depth = 31> <RAM>

State 3 <SV = 2> <Delay = 7.30>
ST_3 : Operation 129 [7/8] (7.30ns)   --->   "%empty_268 = readreq i1 @_ssdm_op_ReadReq.m_axi.p1i32, i32 %fullImage_addr, i64 31" [../image_analysis.cpp:78->../image_analysis.cpp:166]   --->   Operation 129 'readreq' 'empty_268' <Predicate = (first_iter_0)> <Delay = 7.30> <CoreInst = "m_axi">   --->   Core 119 'm_axi' <Latency = 6> <II = 1> <Delay = 1.00> <Adapter> <Opcode : 'read' 'write' 'readreq' 'writereq' 'writeresp'>

State 4 <SV = 3> <Delay = 7.30>
ST_4 : Operation 130 [6/8] (7.30ns)   --->   "%empty_268 = readreq i1 @_ssdm_op_ReadReq.m_axi.p1i32, i32 %fullImage_addr, i64 31" [../image_analysis.cpp:78->../image_analysis.cpp:166]   --->   Operation 130 'readreq' 'empty_268' <Predicate = (first_iter_0)> <Delay = 7.30> <CoreInst = "m_axi">   --->   Core 119 'm_axi' <Latency = 6> <II = 1> <Delay = 1.00> <Adapter> <Opcode : 'read' 'write' 'readreq' 'writereq' 'writeresp'>

State 5 <SV = 4> <Delay = 7.30>
ST_5 : Operation 131 [5/8] (7.30ns)   --->   "%empty_268 = readreq i1 @_ssdm_op_ReadReq.m_axi.p1i32, i32 %fullImage_addr, i64 31" [../image_analysis.cpp:78->../image_analysis.cpp:166]   --->   Operation 131 'readreq' 'empty_268' <Predicate = (first_iter_0)> <Delay = 7.30> <CoreInst = "m_axi">   --->   Core 119 'm_axi' <Latency = 6> <II = 1> <Delay = 1.00> <Adapter> <Opcode : 'read' 'write' 'readreq' 'writereq' 'writeresp'>

State 6 <SV = 5> <Delay = 7.30>
ST_6 : Operation 132 [4/8] (7.30ns)   --->   "%empty_268 = readreq i1 @_ssdm_op_ReadReq.m_axi.p1i32, i32 %fullImage_addr, i64 31" [../image_analysis.cpp:78->../image_analysis.cpp:166]   --->   Operation 132 'readreq' 'empty_268' <Predicate = (first_iter_0)> <Delay = 7.30> <CoreInst = "m_axi">   --->   Core 119 'm_axi' <Latency = 6> <II = 1> <Delay = 1.00> <Adapter> <Opcode : 'read' 'write' 'readreq' 'writereq' 'writeresp'>

State 7 <SV = 6> <Delay = 7.30>
ST_7 : Operation 133 [3/8] (7.30ns)   --->   "%empty_268 = readreq i1 @_ssdm_op_ReadReq.m_axi.p1i32, i32 %fullImage_addr, i64 31" [../image_analysis.cpp:78->../image_analysis.cpp:166]   --->   Operation 133 'readreq' 'empty_268' <Predicate = (first_iter_0)> <Delay = 7.30> <CoreInst = "m_axi">   --->   Core 119 'm_axi' <Latency = 6> <II = 1> <Delay = 1.00> <Adapter> <Opcode : 'read' 'write' 'readreq' 'writereq' 'writeresp'>

State 8 <SV = 7> <Delay = 7.30>
ST_8 : Operation 134 [2/8] (7.30ns)   --->   "%empty_268 = readreq i1 @_ssdm_op_ReadReq.m_axi.p1i32, i32 %fullImage_addr, i64 31" [../image_analysis.cpp:78->../image_analysis.cpp:166]   --->   Operation 134 'readreq' 'empty_268' <Predicate = (first_iter_0)> <Delay = 7.30> <CoreInst = "m_axi">   --->   Core 119 'm_axi' <Latency = 6> <II = 1> <Delay = 1.00> <Adapter> <Opcode : 'read' 'write' 'readreq' 'writereq' 'writeresp'>

State 9 <SV = 8> <Delay = 7.30>
ST_9 : Operation 135 [1/8] (7.30ns)   --->   "%empty_268 = readreq i1 @_ssdm_op_ReadReq.m_axi.p1i32, i32 %fullImage_addr, i64 31" [../image_analysis.cpp:78->../image_analysis.cpp:166]   --->   Operation 135 'readreq' 'empty_268' <Predicate = (first_iter_0)> <Delay = 7.30> <CoreInst = "m_axi">   --->   Core 119 'm_axi' <Latency = 6> <II = 1> <Delay = 1.00> <Adapter> <Opcode : 'read' 'write' 'readreq' 'writereq' 'writeresp'>
ST_9 : Operation 136 [1/1] (0.00ns)   --->   "%br_ln78 = br void %for.body14.split.i" [../image_analysis.cpp:78->../image_analysis.cpp:166]   --->   Operation 136 'br' 'br_ln78' <Predicate = (first_iter_0)> <Delay = 0.00>

State 10 <SV = 9> <Delay = 7.30>
ST_10 : Operation 137 [1/1] (7.30ns)   --->   "%fullImage_addr_read = read i32 @_ssdm_op_Read.m_axi.p1i32, i32 %fullImage_addr" [../image_analysis.cpp:81->../image_analysis.cpp:166]   --->   Operation 137 'read' 'fullImage_addr_read' <Predicate = true> <Delay = 7.30> <CoreInst = "m_axi">   --->   Core 119 'm_axi' <Latency = 3> <II = 1> <Delay = 1.00> <Adapter> <Opcode : 'read' 'write' 'readreq' 'writereq' 'writeresp'>
ST_10 : Operation 138 [1/1] (0.00ns)   --->   "%bitcast_ln81 = bitcast i32 %fullImage_addr_read" [../image_analysis.cpp:81->../image_analysis.cpp:166]   --->   Operation 138 'bitcast' 'bitcast_ln81' <Predicate = true> <Delay = 0.00>

State 11 <SV = 10> <Delay = 0.67>
ST_11 : Operation 139 [1/1] (0.00ns)   --->   "%specpipeline_ln78 = specpipeline void @_ssdm_op_SpecPipeline, i32 4294967295, i32 0, i32 0, i32 0, void @empty_17" [../image_analysis.cpp:78->../image_analysis.cpp:166]   --->   Operation 139 'specpipeline' 'specpipeline_ln78' <Predicate = true> <Delay = 0.00>
ST_11 : Operation 140 [1/1] (0.00ns)   --->   "%curr_fullImage_16_addr = getelementptr i32 %curr_fullImage_16, i64 0, i64 %zext_ln78" [../image_analysis.cpp:81->../image_analysis.cpp:166]   --->   Operation 140 'getelementptr' 'curr_fullImage_16_addr' <Predicate = true> <Delay = 0.00>
ST_11 : Operation 141 [1/1] (0.00ns)   --->   "%curr_fullImage_1_addr = getelementptr i32 %curr_fullImage_1_42, i64 0, i64 %zext_ln78" [../image_analysis.cpp:81->../image_analysis.cpp:166]   --->   Operation 141 'getelementptr' 'curr_fullImage_1_addr' <Predicate = true> <Delay = 0.00>
ST_11 : Operation 142 [1/1] (0.00ns)   --->   "%curr_fullImage_2_addr = getelementptr i32 %curr_fullImage_2_43, i64 0, i64 %zext_ln78" [../image_analysis.cpp:81->../image_analysis.cpp:166]   --->   Operation 142 'getelementptr' 'curr_fullImage_2_addr' <Predicate = true> <Delay = 0.00>
ST_11 : Operation 143 [1/1] (0.00ns)   --->   "%curr_fullImage_3_addr = getelementptr i32 %curr_fullImage_3_44, i64 0, i64 %zext_ln78" [../image_analysis.cpp:81->../image_analysis.cpp:166]   --->   Operation 143 'getelementptr' 'curr_fullImage_3_addr' <Predicate = true> <Delay = 0.00>
ST_11 : Operation 144 [1/1] (0.00ns)   --->   "%curr_fullImage_4_addr = getelementptr i32 %curr_fullImage_4_45, i64 0, i64 %zext_ln78" [../image_analysis.cpp:81->../image_analysis.cpp:166]   --->   Operation 144 'getelementptr' 'curr_fullImage_4_addr' <Predicate = true> <Delay = 0.00>
ST_11 : Operation 145 [1/1] (0.00ns)   --->   "%curr_fullImage_5_addr = getelementptr i32 %curr_fullImage_5_46, i64 0, i64 %zext_ln78" [../image_analysis.cpp:81->../image_analysis.cpp:166]   --->   Operation 145 'getelementptr' 'curr_fullImage_5_addr' <Predicate = true> <Delay = 0.00>
ST_11 : Operation 146 [1/1] (0.00ns)   --->   "%curr_fullImage_6_addr = getelementptr i32 %curr_fullImage_6_47, i64 0, i64 %zext_ln78" [../image_analysis.cpp:81->../image_analysis.cpp:166]   --->   Operation 146 'getelementptr' 'curr_fullImage_6_addr' <Predicate = true> <Delay = 0.00>
ST_11 : Operation 147 [1/1] (0.00ns)   --->   "%curr_fullImage_7_addr = getelementptr i32 %curr_fullImage_7_48, i64 0, i64 %zext_ln78" [../image_analysis.cpp:81->../image_analysis.cpp:166]   --->   Operation 147 'getelementptr' 'curr_fullImage_7_addr' <Predicate = true> <Delay = 0.00>
ST_11 : Operation 148 [1/1] (0.00ns)   --->   "%curr_fullImage_8_addr = getelementptr i32 %curr_fullImage_8_49, i64 0, i64 %zext_ln78" [../image_analysis.cpp:81->../image_analysis.cpp:166]   --->   Operation 148 'getelementptr' 'curr_fullImage_8_addr' <Predicate = true> <Delay = 0.00>
ST_11 : Operation 149 [1/1] (0.00ns)   --->   "%curr_fullImage_9_addr = getelementptr i32 %curr_fullImage_9_50, i64 0, i64 %zext_ln78" [../image_analysis.cpp:81->../image_analysis.cpp:166]   --->   Operation 149 'getelementptr' 'curr_fullImage_9_addr' <Predicate = true> <Delay = 0.00>
ST_11 : Operation 150 [1/1] (0.00ns)   --->   "%curr_fullImage_10_addr = getelementptr i32 %curr_fullImage_10_51, i64 0, i64 %zext_ln78" [../image_analysis.cpp:81->../image_analysis.cpp:166]   --->   Operation 150 'getelementptr' 'curr_fullImage_10_addr' <Predicate = true> <Delay = 0.00>
ST_11 : Operation 151 [1/1] (0.00ns)   --->   "%curr_fullImage_11_addr = getelementptr i32 %curr_fullImage_11_52, i64 0, i64 %zext_ln78" [../image_analysis.cpp:81->../image_analysis.cpp:166]   --->   Operation 151 'getelementptr' 'curr_fullImage_11_addr' <Predicate = true> <Delay = 0.00>
ST_11 : Operation 152 [1/1] (0.00ns)   --->   "%curr_fullImage_12_addr = getelementptr i32 %curr_fullImage_12_53, i64 0, i64 %zext_ln78" [../image_analysis.cpp:81->../image_analysis.cpp:166]   --->   Operation 152 'getelementptr' 'curr_fullImage_12_addr' <Predicate = true> <Delay = 0.00>
ST_11 : Operation 153 [1/1] (0.00ns)   --->   "%curr_fullImage_13_addr = getelementptr i32 %curr_fullImage_13_54, i64 0, i64 %zext_ln78" [../image_analysis.cpp:81->../image_analysis.cpp:166]   --->   Operation 153 'getelementptr' 'curr_fullImage_13_addr' <Predicate = true> <Delay = 0.00>
ST_11 : Operation 154 [1/1] (0.00ns)   --->   "%curr_fullImage_14_addr = getelementptr i32 %curr_fullImage_14_55, i64 0, i64 %zext_ln78" [../image_analysis.cpp:81->../image_analysis.cpp:166]   --->   Operation 154 'getelementptr' 'curr_fullImage_14_addr' <Predicate = true> <Delay = 0.00>
ST_11 : Operation 155 [1/1] (0.00ns)   --->   "%curr_fullImage_15_addr = getelementptr i32 %curr_fullImage_15, i64 0, i64 %zext_ln78" [../image_analysis.cpp:81->../image_analysis.cpp:166]   --->   Operation 155 'getelementptr' 'curr_fullImage_15_addr' <Predicate = true> <Delay = 0.00>
ST_11 : Operation 156 [1/1] (0.00ns)   --->   "%curr_fullImage_14_addr_254 = getelementptr i32 %curr_fullImage_14, i64 0, i64 %zext_ln78" [../image_analysis.cpp:81->../image_analysis.cpp:166]   --->   Operation 156 'getelementptr' 'curr_fullImage_14_addr_254' <Predicate = true> <Delay = 0.00>
ST_11 : Operation 157 [1/1] (0.00ns)   --->   "%curr_fullImage_13_addr_255 = getelementptr i32 %curr_fullImage_13, i64 0, i64 %zext_ln78" [../image_analysis.cpp:81->../image_analysis.cpp:166]   --->   Operation 157 'getelementptr' 'curr_fullImage_13_addr_255' <Predicate = true> <Delay = 0.00>
ST_11 : Operation 158 [1/1] (0.00ns)   --->   "%curr_fullImage_12_addr_256 = getelementptr i32 %curr_fullImage_12, i64 0, i64 %zext_ln78" [../image_analysis.cpp:81->../image_analysis.cpp:166]   --->   Operation 158 'getelementptr' 'curr_fullImage_12_addr_256' <Predicate = true> <Delay = 0.00>
ST_11 : Operation 159 [1/1] (0.00ns)   --->   "%curr_fullImage_11_addr_257 = getelementptr i32 %curr_fullImage_11, i64 0, i64 %zext_ln78" [../image_analysis.cpp:81->../image_analysis.cpp:166]   --->   Operation 159 'getelementptr' 'curr_fullImage_11_addr_257' <Predicate = true> <Delay = 0.00>
ST_11 : Operation 160 [1/1] (0.00ns)   --->   "%curr_fullImage_10_addr_258 = getelementptr i32 %curr_fullImage_10, i64 0, i64 %zext_ln78" [../image_analysis.cpp:81->../image_analysis.cpp:166]   --->   Operation 160 'getelementptr' 'curr_fullImage_10_addr_258' <Predicate = true> <Delay = 0.00>
ST_11 : Operation 161 [1/1] (0.00ns)   --->   "%curr_fullImage_9_addr_259 = getelementptr i32 %curr_fullImage_9, i64 0, i64 %zext_ln78" [../image_analysis.cpp:81->../image_analysis.cpp:166]   --->   Operation 161 'getelementptr' 'curr_fullImage_9_addr_259' <Predicate = true> <Delay = 0.00>
ST_11 : Operation 162 [1/1] (0.00ns)   --->   "%curr_fullImage_8_addr_260 = getelementptr i32 %curr_fullImage_8, i64 0, i64 %zext_ln78" [../image_analysis.cpp:81->../image_analysis.cpp:166]   --->   Operation 162 'getelementptr' 'curr_fullImage_8_addr_260' <Predicate = true> <Delay = 0.00>
ST_11 : Operation 163 [1/1] (0.00ns)   --->   "%curr_fullImage_7_addr_261 = getelementptr i32 %curr_fullImage_7, i64 0, i64 %zext_ln78" [../image_analysis.cpp:81->../image_analysis.cpp:166]   --->   Operation 163 'getelementptr' 'curr_fullImage_7_addr_261' <Predicate = true> <Delay = 0.00>
ST_11 : Operation 164 [1/1] (0.00ns)   --->   "%curr_fullImage_6_addr_262 = getelementptr i32 %curr_fullImage_6, i64 0, i64 %zext_ln78" [../image_analysis.cpp:81->../image_analysis.cpp:166]   --->   Operation 164 'getelementptr' 'curr_fullImage_6_addr_262' <Predicate = true> <Delay = 0.00>
ST_11 : Operation 165 [1/1] (0.00ns)   --->   "%curr_fullImage_5_addr_263 = getelementptr i32 %curr_fullImage_5, i64 0, i64 %zext_ln78" [../image_analysis.cpp:81->../image_analysis.cpp:166]   --->   Operation 165 'getelementptr' 'curr_fullImage_5_addr_263' <Predicate = true> <Delay = 0.00>
ST_11 : Operation 166 [1/1] (0.00ns)   --->   "%curr_fullImage_4_addr_264 = getelementptr i32 %curr_fullImage_4, i64 0, i64 %zext_ln78" [../image_analysis.cpp:81->../image_analysis.cpp:166]   --->   Operation 166 'getelementptr' 'curr_fullImage_4_addr_264' <Predicate = true> <Delay = 0.00>
ST_11 : Operation 167 [1/1] (0.00ns)   --->   "%curr_fullImage_3_addr_265 = getelementptr i32 %curr_fullImage_3, i64 0, i64 %zext_ln78" [../image_analysis.cpp:81->../image_analysis.cpp:166]   --->   Operation 167 'getelementptr' 'curr_fullImage_3_addr_265' <Predicate = true> <Delay = 0.00>
ST_11 : Operation 168 [1/1] (0.00ns)   --->   "%curr_fullImage_2_addr_266 = getelementptr i32 %curr_fullImage_2, i64 0, i64 %zext_ln78" [../image_analysis.cpp:81->../image_analysis.cpp:166]   --->   Operation 168 'getelementptr' 'curr_fullImage_2_addr_266' <Predicate = true> <Delay = 0.00>
ST_11 : Operation 169 [1/1] (0.00ns)   --->   "%curr_fullImage_1_addr_267 = getelementptr i32 %curr_fullImage_1, i64 0, i64 %zext_ln78" [../image_analysis.cpp:81->../image_analysis.cpp:166]   --->   Operation 169 'getelementptr' 'curr_fullImage_1_addr_267' <Predicate = true> <Delay = 0.00>
ST_11 : Operation 170 [1/1] (0.00ns)   --->   "%curr_fullImage_addr = getelementptr i32 %curr_fullImage, i64 0, i64 %zext_ln78" [../image_analysis.cpp:81->../image_analysis.cpp:166]   --->   Operation 170 'getelementptr' 'curr_fullImage_addr' <Predicate = true> <Delay = 0.00>
ST_11 : Operation 171 [1/1] ( I:0.67ns O:0.67ns )   --->   "%store_ln81 = store i32 %bitcast_ln81, i5 %curr_fullImage_1_addr_267" [../image_analysis.cpp:81->../image_analysis.cpp:166]   --->   Operation 171 'store' 'store_ln81' <Predicate = (i == 29)> <Delay = 0.67> <CoreInst = "RAM">   --->   Core 82 'RAM' <Latency = 1> <II = 1> <Delay = 0.67> <Storage> <Opcode : 'load' 'store'> <Ports = 2> <Width = 32> <Depth = 31> <RAM>
ST_11 : Operation 172 [1/1] (0.00ns)   --->   "%br_ln81 = br void %arrayidx3644.exit.i" [../image_analysis.cpp:81->../image_analysis.cpp:166]   --->   Operation 172 'br' 'br_ln81' <Predicate = (i == 29)> <Delay = 0.00>
ST_11 : Operation 173 [1/1] ( I:0.67ns O:0.67ns )   --->   "%store_ln81 = store i32 %bitcast_ln81, i5 %curr_fullImage_2_addr_266" [../image_analysis.cpp:81->../image_analysis.cpp:166]   --->   Operation 173 'store' 'store_ln81' <Predicate = (i == 28)> <Delay = 0.67> <CoreInst = "RAM">   --->   Core 82 'RAM' <Latency = 1> <II = 1> <Delay = 0.67> <Storage> <Opcode : 'load' 'store'> <Ports = 2> <Width = 32> <Depth = 31> <RAM>
ST_11 : Operation 174 [1/1] (0.00ns)   --->   "%br_ln81 = br void %arrayidx3644.exit.i" [../image_analysis.cpp:81->../image_analysis.cpp:166]   --->   Operation 174 'br' 'br_ln81' <Predicate = (i == 28)> <Delay = 0.00>
ST_11 : Operation 175 [1/1] ( I:0.67ns O:0.67ns )   --->   "%store_ln81 = store i32 %bitcast_ln81, i5 %curr_fullImage_3_addr_265" [../image_analysis.cpp:81->../image_analysis.cpp:166]   --->   Operation 175 'store' 'store_ln81' <Predicate = (i == 27)> <Delay = 0.67> <CoreInst = "RAM">   --->   Core 82 'RAM' <Latency = 1> <II = 1> <Delay = 0.67> <Storage> <Opcode : 'load' 'store'> <Ports = 2> <Width = 32> <Depth = 31> <RAM>
ST_11 : Operation 176 [1/1] (0.00ns)   --->   "%br_ln81 = br void %arrayidx3644.exit.i" [../image_analysis.cpp:81->../image_analysis.cpp:166]   --->   Operation 176 'br' 'br_ln81' <Predicate = (i == 27)> <Delay = 0.00>
ST_11 : Operation 177 [1/1] ( I:0.67ns O:0.67ns )   --->   "%store_ln81 = store i32 %bitcast_ln81, i5 %curr_fullImage_4_addr_264" [../image_analysis.cpp:81->../image_analysis.cpp:166]   --->   Operation 177 'store' 'store_ln81' <Predicate = (i == 26)> <Delay = 0.67> <CoreInst = "RAM">   --->   Core 82 'RAM' <Latency = 1> <II = 1> <Delay = 0.67> <Storage> <Opcode : 'load' 'store'> <Ports = 2> <Width = 32> <Depth = 31> <RAM>
ST_11 : Operation 178 [1/1] (0.00ns)   --->   "%br_ln81 = br void %arrayidx3644.exit.i" [../image_analysis.cpp:81->../image_analysis.cpp:166]   --->   Operation 178 'br' 'br_ln81' <Predicate = (i == 26)> <Delay = 0.00>
ST_11 : Operation 179 [1/1] ( I:0.67ns O:0.67ns )   --->   "%store_ln81 = store i32 %bitcast_ln81, i5 %curr_fullImage_5_addr_263" [../image_analysis.cpp:81->../image_analysis.cpp:166]   --->   Operation 179 'store' 'store_ln81' <Predicate = (i == 25)> <Delay = 0.67> <CoreInst = "RAM">   --->   Core 82 'RAM' <Latency = 1> <II = 1> <Delay = 0.67> <Storage> <Opcode : 'load' 'store'> <Ports = 2> <Width = 32> <Depth = 31> <RAM>
ST_11 : Operation 180 [1/1] (0.00ns)   --->   "%br_ln81 = br void %arrayidx3644.exit.i" [../image_analysis.cpp:81->../image_analysis.cpp:166]   --->   Operation 180 'br' 'br_ln81' <Predicate = (i == 25)> <Delay = 0.00>
ST_11 : Operation 181 [1/1] ( I:0.67ns O:0.67ns )   --->   "%store_ln81 = store i32 %bitcast_ln81, i5 %curr_fullImage_6_addr_262" [../image_analysis.cpp:81->../image_analysis.cpp:166]   --->   Operation 181 'store' 'store_ln81' <Predicate = (i == 24)> <Delay = 0.67> <CoreInst = "RAM">   --->   Core 82 'RAM' <Latency = 1> <II = 1> <Delay = 0.67> <Storage> <Opcode : 'load' 'store'> <Ports = 2> <Width = 32> <Depth = 31> <RAM>
ST_11 : Operation 182 [1/1] (0.00ns)   --->   "%br_ln81 = br void %arrayidx3644.exit.i" [../image_analysis.cpp:81->../image_analysis.cpp:166]   --->   Operation 182 'br' 'br_ln81' <Predicate = (i == 24)> <Delay = 0.00>
ST_11 : Operation 183 [1/1] ( I:0.67ns O:0.67ns )   --->   "%store_ln81 = store i32 %bitcast_ln81, i5 %curr_fullImage_7_addr_261" [../image_analysis.cpp:81->../image_analysis.cpp:166]   --->   Operation 183 'store' 'store_ln81' <Predicate = (i == 23)> <Delay = 0.67> <CoreInst = "RAM">   --->   Core 82 'RAM' <Latency = 1> <II = 1> <Delay = 0.67> <Storage> <Opcode : 'load' 'store'> <Ports = 2> <Width = 32> <Depth = 31> <RAM>
ST_11 : Operation 184 [1/1] (0.00ns)   --->   "%br_ln81 = br void %arrayidx3644.exit.i" [../image_analysis.cpp:81->../image_analysis.cpp:166]   --->   Operation 184 'br' 'br_ln81' <Predicate = (i == 23)> <Delay = 0.00>
ST_11 : Operation 185 [1/1] ( I:0.67ns O:0.67ns )   --->   "%store_ln81 = store i32 %bitcast_ln81, i5 %curr_fullImage_8_addr_260" [../image_analysis.cpp:81->../image_analysis.cpp:166]   --->   Operation 185 'store' 'store_ln81' <Predicate = (i == 22)> <Delay = 0.67> <CoreInst = "RAM">   --->   Core 82 'RAM' <Latency = 1> <II = 1> <Delay = 0.67> <Storage> <Opcode : 'load' 'store'> <Ports = 2> <Width = 32> <Depth = 31> <RAM>
ST_11 : Operation 186 [1/1] (0.00ns)   --->   "%br_ln81 = br void %arrayidx3644.exit.i" [../image_analysis.cpp:81->../image_analysis.cpp:166]   --->   Operation 186 'br' 'br_ln81' <Predicate = (i == 22)> <Delay = 0.00>
ST_11 : Operation 187 [1/1] ( I:0.67ns O:0.67ns )   --->   "%store_ln81 = store i32 %bitcast_ln81, i5 %curr_fullImage_9_addr_259" [../image_analysis.cpp:81->../image_analysis.cpp:166]   --->   Operation 187 'store' 'store_ln81' <Predicate = (i == 21)> <Delay = 0.67> <CoreInst = "RAM">   --->   Core 82 'RAM' <Latency = 1> <II = 1> <Delay = 0.67> <Storage> <Opcode : 'load' 'store'> <Ports = 2> <Width = 32> <Depth = 31> <RAM>
ST_11 : Operation 188 [1/1] (0.00ns)   --->   "%br_ln81 = br void %arrayidx3644.exit.i" [../image_analysis.cpp:81->../image_analysis.cpp:166]   --->   Operation 188 'br' 'br_ln81' <Predicate = (i == 21)> <Delay = 0.00>
ST_11 : Operation 189 [1/1] ( I:0.67ns O:0.67ns )   --->   "%store_ln81 = store i32 %bitcast_ln81, i5 %curr_fullImage_10_addr_258" [../image_analysis.cpp:81->../image_analysis.cpp:166]   --->   Operation 189 'store' 'store_ln81' <Predicate = (i == 20)> <Delay = 0.67> <CoreInst = "RAM">   --->   Core 82 'RAM' <Latency = 1> <II = 1> <Delay = 0.67> <Storage> <Opcode : 'load' 'store'> <Ports = 2> <Width = 32> <Depth = 31> <RAM>
ST_11 : Operation 190 [1/1] (0.00ns)   --->   "%br_ln81 = br void %arrayidx3644.exit.i" [../image_analysis.cpp:81->../image_analysis.cpp:166]   --->   Operation 190 'br' 'br_ln81' <Predicate = (i == 20)> <Delay = 0.00>
ST_11 : Operation 191 [1/1] ( I:0.67ns O:0.67ns )   --->   "%store_ln81 = store i32 %bitcast_ln81, i5 %curr_fullImage_11_addr_257" [../image_analysis.cpp:81->../image_analysis.cpp:166]   --->   Operation 191 'store' 'store_ln81' <Predicate = (i == 19)> <Delay = 0.67> <CoreInst = "RAM">   --->   Core 82 'RAM' <Latency = 1> <II = 1> <Delay = 0.67> <Storage> <Opcode : 'load' 'store'> <Ports = 2> <Width = 32> <Depth = 31> <RAM>
ST_11 : Operation 192 [1/1] (0.00ns)   --->   "%br_ln81 = br void %arrayidx3644.exit.i" [../image_analysis.cpp:81->../image_analysis.cpp:166]   --->   Operation 192 'br' 'br_ln81' <Predicate = (i == 19)> <Delay = 0.00>
ST_11 : Operation 193 [1/1] ( I:0.67ns O:0.67ns )   --->   "%store_ln81 = store i32 %bitcast_ln81, i5 %curr_fullImage_12_addr_256" [../image_analysis.cpp:81->../image_analysis.cpp:166]   --->   Operation 193 'store' 'store_ln81' <Predicate = (i == 18)> <Delay = 0.67> <CoreInst = "RAM">   --->   Core 82 'RAM' <Latency = 1> <II = 1> <Delay = 0.67> <Storage> <Opcode : 'load' 'store'> <Ports = 2> <Width = 32> <Depth = 31> <RAM>
ST_11 : Operation 194 [1/1] (0.00ns)   --->   "%br_ln81 = br void %arrayidx3644.exit.i" [../image_analysis.cpp:81->../image_analysis.cpp:166]   --->   Operation 194 'br' 'br_ln81' <Predicate = (i == 18)> <Delay = 0.00>
ST_11 : Operation 195 [1/1] ( I:0.67ns O:0.67ns )   --->   "%store_ln81 = store i32 %bitcast_ln81, i5 %curr_fullImage_13_addr_255" [../image_analysis.cpp:81->../image_analysis.cpp:166]   --->   Operation 195 'store' 'store_ln81' <Predicate = (i == 17)> <Delay = 0.67> <CoreInst = "RAM">   --->   Core 82 'RAM' <Latency = 1> <II = 1> <Delay = 0.67> <Storage> <Opcode : 'load' 'store'> <Ports = 2> <Width = 32> <Depth = 31> <RAM>
ST_11 : Operation 196 [1/1] (0.00ns)   --->   "%br_ln81 = br void %arrayidx3644.exit.i" [../image_analysis.cpp:81->../image_analysis.cpp:166]   --->   Operation 196 'br' 'br_ln81' <Predicate = (i == 17)> <Delay = 0.00>
ST_11 : Operation 197 [1/1] ( I:0.67ns O:0.67ns )   --->   "%store_ln81 = store i32 %bitcast_ln81, i5 %curr_fullImage_14_addr_254" [../image_analysis.cpp:81->../image_analysis.cpp:166]   --->   Operation 197 'store' 'store_ln81' <Predicate = (i == 16)> <Delay = 0.67> <CoreInst = "RAM">   --->   Core 82 'RAM' <Latency = 1> <II = 1> <Delay = 0.67> <Storage> <Opcode : 'load' 'store'> <Ports = 2> <Width = 32> <Depth = 31> <RAM>
ST_11 : Operation 198 [1/1] (0.00ns)   --->   "%br_ln81 = br void %arrayidx3644.exit.i" [../image_analysis.cpp:81->../image_analysis.cpp:166]   --->   Operation 198 'br' 'br_ln81' <Predicate = (i == 16)> <Delay = 0.00>
ST_11 : Operation 199 [1/1] ( I:0.67ns O:0.67ns )   --->   "%store_ln81 = store i32 %bitcast_ln81, i5 %curr_fullImage_15_addr" [../image_analysis.cpp:81->../image_analysis.cpp:166]   --->   Operation 199 'store' 'store_ln81' <Predicate = (i == 15)> <Delay = 0.67> <CoreInst = "RAM">   --->   Core 82 'RAM' <Latency = 1> <II = 1> <Delay = 0.67> <Storage> <Opcode : 'load' 'store'> <Ports = 2> <Width = 32> <Depth = 31> <RAM>
ST_11 : Operation 200 [1/1] (0.00ns)   --->   "%br_ln81 = br void %arrayidx3644.exit.i" [../image_analysis.cpp:81->../image_analysis.cpp:166]   --->   Operation 200 'br' 'br_ln81' <Predicate = (i == 15)> <Delay = 0.00>
ST_11 : Operation 201 [1/1] ( I:0.67ns O:0.67ns )   --->   "%store_ln81 = store i32 %bitcast_ln81, i5 %curr_fullImage_14_addr" [../image_analysis.cpp:81->../image_analysis.cpp:166]   --->   Operation 201 'store' 'store_ln81' <Predicate = (i == 14)> <Delay = 0.67> <CoreInst = "RAM">   --->   Core 82 'RAM' <Latency = 1> <II = 1> <Delay = 0.67> <Storage> <Opcode : 'load' 'store'> <Ports = 2> <Width = 32> <Depth = 31> <RAM>
ST_11 : Operation 202 [1/1] (0.00ns)   --->   "%br_ln81 = br void %arrayidx3644.exit.i" [../image_analysis.cpp:81->../image_analysis.cpp:166]   --->   Operation 202 'br' 'br_ln81' <Predicate = (i == 14)> <Delay = 0.00>
ST_11 : Operation 203 [1/1] ( I:0.67ns O:0.67ns )   --->   "%store_ln81 = store i32 %bitcast_ln81, i5 %curr_fullImage_13_addr" [../image_analysis.cpp:81->../image_analysis.cpp:166]   --->   Operation 203 'store' 'store_ln81' <Predicate = (i == 13)> <Delay = 0.67> <CoreInst = "RAM">   --->   Core 82 'RAM' <Latency = 1> <II = 1> <Delay = 0.67> <Storage> <Opcode : 'load' 'store'> <Ports = 2> <Width = 32> <Depth = 31> <RAM>
ST_11 : Operation 204 [1/1] (0.00ns)   --->   "%br_ln81 = br void %arrayidx3644.exit.i" [../image_analysis.cpp:81->../image_analysis.cpp:166]   --->   Operation 204 'br' 'br_ln81' <Predicate = (i == 13)> <Delay = 0.00>
ST_11 : Operation 205 [1/1] ( I:0.67ns O:0.67ns )   --->   "%store_ln81 = store i32 %bitcast_ln81, i5 %curr_fullImage_12_addr" [../image_analysis.cpp:81->../image_analysis.cpp:166]   --->   Operation 205 'store' 'store_ln81' <Predicate = (i == 12)> <Delay = 0.67> <CoreInst = "RAM">   --->   Core 82 'RAM' <Latency = 1> <II = 1> <Delay = 0.67> <Storage> <Opcode : 'load' 'store'> <Ports = 2> <Width = 32> <Depth = 31> <RAM>
ST_11 : Operation 206 [1/1] (0.00ns)   --->   "%br_ln81 = br void %arrayidx3644.exit.i" [../image_analysis.cpp:81->../image_analysis.cpp:166]   --->   Operation 206 'br' 'br_ln81' <Predicate = (i == 12)> <Delay = 0.00>
ST_11 : Operation 207 [1/1] ( I:0.67ns O:0.67ns )   --->   "%store_ln81 = store i32 %bitcast_ln81, i5 %curr_fullImage_11_addr" [../image_analysis.cpp:81->../image_analysis.cpp:166]   --->   Operation 207 'store' 'store_ln81' <Predicate = (i == 11)> <Delay = 0.67> <CoreInst = "RAM">   --->   Core 82 'RAM' <Latency = 1> <II = 1> <Delay = 0.67> <Storage> <Opcode : 'load' 'store'> <Ports = 2> <Width = 32> <Depth = 31> <RAM>
ST_11 : Operation 208 [1/1] (0.00ns)   --->   "%br_ln81 = br void %arrayidx3644.exit.i" [../image_analysis.cpp:81->../image_analysis.cpp:166]   --->   Operation 208 'br' 'br_ln81' <Predicate = (i == 11)> <Delay = 0.00>
ST_11 : Operation 209 [1/1] ( I:0.67ns O:0.67ns )   --->   "%store_ln81 = store i32 %bitcast_ln81, i5 %curr_fullImage_10_addr" [../image_analysis.cpp:81->../image_analysis.cpp:166]   --->   Operation 209 'store' 'store_ln81' <Predicate = (i == 10)> <Delay = 0.67> <CoreInst = "RAM">   --->   Core 82 'RAM' <Latency = 1> <II = 1> <Delay = 0.67> <Storage> <Opcode : 'load' 'store'> <Ports = 2> <Width = 32> <Depth = 31> <RAM>
ST_11 : Operation 210 [1/1] (0.00ns)   --->   "%br_ln81 = br void %arrayidx3644.exit.i" [../image_analysis.cpp:81->../image_analysis.cpp:166]   --->   Operation 210 'br' 'br_ln81' <Predicate = (i == 10)> <Delay = 0.00>
ST_11 : Operation 211 [1/1] ( I:0.67ns O:0.67ns )   --->   "%store_ln81 = store i32 %bitcast_ln81, i5 %curr_fullImage_9_addr" [../image_analysis.cpp:81->../image_analysis.cpp:166]   --->   Operation 211 'store' 'store_ln81' <Predicate = (i == 9)> <Delay = 0.67> <CoreInst = "RAM">   --->   Core 82 'RAM' <Latency = 1> <II = 1> <Delay = 0.67> <Storage> <Opcode : 'load' 'store'> <Ports = 2> <Width = 32> <Depth = 31> <RAM>
ST_11 : Operation 212 [1/1] (0.00ns)   --->   "%br_ln81 = br void %arrayidx3644.exit.i" [../image_analysis.cpp:81->../image_analysis.cpp:166]   --->   Operation 212 'br' 'br_ln81' <Predicate = (i == 9)> <Delay = 0.00>
ST_11 : Operation 213 [1/1] ( I:0.67ns O:0.67ns )   --->   "%store_ln81 = store i32 %bitcast_ln81, i5 %curr_fullImage_8_addr" [../image_analysis.cpp:81->../image_analysis.cpp:166]   --->   Operation 213 'store' 'store_ln81' <Predicate = (i == 8)> <Delay = 0.67> <CoreInst = "RAM">   --->   Core 82 'RAM' <Latency = 1> <II = 1> <Delay = 0.67> <Storage> <Opcode : 'load' 'store'> <Ports = 2> <Width = 32> <Depth = 31> <RAM>
ST_11 : Operation 214 [1/1] (0.00ns)   --->   "%br_ln81 = br void %arrayidx3644.exit.i" [../image_analysis.cpp:81->../image_analysis.cpp:166]   --->   Operation 214 'br' 'br_ln81' <Predicate = (i == 8)> <Delay = 0.00>
ST_11 : Operation 215 [1/1] ( I:0.67ns O:0.67ns )   --->   "%store_ln81 = store i32 %bitcast_ln81, i5 %curr_fullImage_7_addr" [../image_analysis.cpp:81->../image_analysis.cpp:166]   --->   Operation 215 'store' 'store_ln81' <Predicate = (i == 7)> <Delay = 0.67> <CoreInst = "RAM">   --->   Core 82 'RAM' <Latency = 1> <II = 1> <Delay = 0.67> <Storage> <Opcode : 'load' 'store'> <Ports = 2> <Width = 32> <Depth = 31> <RAM>
ST_11 : Operation 216 [1/1] (0.00ns)   --->   "%br_ln81 = br void %arrayidx3644.exit.i" [../image_analysis.cpp:81->../image_analysis.cpp:166]   --->   Operation 216 'br' 'br_ln81' <Predicate = (i == 7)> <Delay = 0.00>
ST_11 : Operation 217 [1/1] ( I:0.67ns O:0.67ns )   --->   "%store_ln81 = store i32 %bitcast_ln81, i5 %curr_fullImage_6_addr" [../image_analysis.cpp:81->../image_analysis.cpp:166]   --->   Operation 217 'store' 'store_ln81' <Predicate = (i == 6)> <Delay = 0.67> <CoreInst = "RAM">   --->   Core 82 'RAM' <Latency = 1> <II = 1> <Delay = 0.67> <Storage> <Opcode : 'load' 'store'> <Ports = 2> <Width = 32> <Depth = 31> <RAM>
ST_11 : Operation 218 [1/1] (0.00ns)   --->   "%br_ln81 = br void %arrayidx3644.exit.i" [../image_analysis.cpp:81->../image_analysis.cpp:166]   --->   Operation 218 'br' 'br_ln81' <Predicate = (i == 6)> <Delay = 0.00>
ST_11 : Operation 219 [1/1] ( I:0.67ns O:0.67ns )   --->   "%store_ln81 = store i32 %bitcast_ln81, i5 %curr_fullImage_5_addr" [../image_analysis.cpp:81->../image_analysis.cpp:166]   --->   Operation 219 'store' 'store_ln81' <Predicate = (i == 5)> <Delay = 0.67> <CoreInst = "RAM">   --->   Core 82 'RAM' <Latency = 1> <II = 1> <Delay = 0.67> <Storage> <Opcode : 'load' 'store'> <Ports = 2> <Width = 32> <Depth = 31> <RAM>
ST_11 : Operation 220 [1/1] (0.00ns)   --->   "%br_ln81 = br void %arrayidx3644.exit.i" [../image_analysis.cpp:81->../image_analysis.cpp:166]   --->   Operation 220 'br' 'br_ln81' <Predicate = (i == 5)> <Delay = 0.00>
ST_11 : Operation 221 [1/1] ( I:0.67ns O:0.67ns )   --->   "%store_ln81 = store i32 %bitcast_ln81, i5 %curr_fullImage_4_addr" [../image_analysis.cpp:81->../image_analysis.cpp:166]   --->   Operation 221 'store' 'store_ln81' <Predicate = (i == 4)> <Delay = 0.67> <CoreInst = "RAM">   --->   Core 82 'RAM' <Latency = 1> <II = 1> <Delay = 0.67> <Storage> <Opcode : 'load' 'store'> <Ports = 2> <Width = 32> <Depth = 31> <RAM>
ST_11 : Operation 222 [1/1] (0.00ns)   --->   "%br_ln81 = br void %arrayidx3644.exit.i" [../image_analysis.cpp:81->../image_analysis.cpp:166]   --->   Operation 222 'br' 'br_ln81' <Predicate = (i == 4)> <Delay = 0.00>
ST_11 : Operation 223 [1/1] ( I:0.67ns O:0.67ns )   --->   "%store_ln81 = store i32 %bitcast_ln81, i5 %curr_fullImage_3_addr" [../image_analysis.cpp:81->../image_analysis.cpp:166]   --->   Operation 223 'store' 'store_ln81' <Predicate = (i == 3)> <Delay = 0.67> <CoreInst = "RAM">   --->   Core 82 'RAM' <Latency = 1> <II = 1> <Delay = 0.67> <Storage> <Opcode : 'load' 'store'> <Ports = 2> <Width = 32> <Depth = 31> <RAM>
ST_11 : Operation 224 [1/1] (0.00ns)   --->   "%br_ln81 = br void %arrayidx3644.exit.i" [../image_analysis.cpp:81->../image_analysis.cpp:166]   --->   Operation 224 'br' 'br_ln81' <Predicate = (i == 3)> <Delay = 0.00>
ST_11 : Operation 225 [1/1] ( I:0.67ns O:0.67ns )   --->   "%store_ln81 = store i32 %bitcast_ln81, i5 %curr_fullImage_2_addr" [../image_analysis.cpp:81->../image_analysis.cpp:166]   --->   Operation 225 'store' 'store_ln81' <Predicate = (i == 2)> <Delay = 0.67> <CoreInst = "RAM">   --->   Core 82 'RAM' <Latency = 1> <II = 1> <Delay = 0.67> <Storage> <Opcode : 'load' 'store'> <Ports = 2> <Width = 32> <Depth = 31> <RAM>
ST_11 : Operation 226 [1/1] (0.00ns)   --->   "%br_ln81 = br void %arrayidx3644.exit.i" [../image_analysis.cpp:81->../image_analysis.cpp:166]   --->   Operation 226 'br' 'br_ln81' <Predicate = (i == 2)> <Delay = 0.00>
ST_11 : Operation 227 [1/1] ( I:0.67ns O:0.67ns )   --->   "%store_ln81 = store i32 %bitcast_ln81, i5 %curr_fullImage_1_addr" [../image_analysis.cpp:81->../image_analysis.cpp:166]   --->   Operation 227 'store' 'store_ln81' <Predicate = (i == 1)> <Delay = 0.67> <CoreInst = "RAM">   --->   Core 82 'RAM' <Latency = 1> <II = 1> <Delay = 0.67> <Storage> <Opcode : 'load' 'store'> <Ports = 2> <Width = 32> <Depth = 31> <RAM>
ST_11 : Operation 228 [1/1] (0.00ns)   --->   "%br_ln81 = br void %arrayidx3644.exit.i" [../image_analysis.cpp:81->../image_analysis.cpp:166]   --->   Operation 228 'br' 'br_ln81' <Predicate = (i == 1)> <Delay = 0.00>
ST_11 : Operation 229 [1/1] ( I:0.67ns O:0.67ns )   --->   "%store_ln81 = store i32 %bitcast_ln81, i5 %curr_fullImage_16_addr" [../image_analysis.cpp:81->../image_analysis.cpp:166]   --->   Operation 229 'store' 'store_ln81' <Predicate = (i == 0)> <Delay = 0.67> <CoreInst = "RAM">   --->   Core 82 'RAM' <Latency = 1> <II = 1> <Delay = 0.67> <Storage> <Opcode : 'load' 'store'> <Ports = 2> <Width = 32> <Depth = 31> <RAM>
ST_11 : Operation 230 [1/1] (0.00ns)   --->   "%br_ln81 = br void %arrayidx3644.exit.i" [../image_analysis.cpp:81->../image_analysis.cpp:166]   --->   Operation 230 'br' 'br_ln81' <Predicate = (i == 0)> <Delay = 0.00>
ST_11 : Operation 231 [1/1] ( I:0.67ns O:0.67ns )   --->   "%store_ln81 = store i32 %bitcast_ln81, i5 %curr_fullImage_addr" [../image_analysis.cpp:81->../image_analysis.cpp:166]   --->   Operation 231 'store' 'store_ln81' <Predicate = (i == 31) | (i == 30)> <Delay = 0.67> <CoreInst = "RAM">   --->   Core 82 'RAM' <Latency = 1> <II = 1> <Delay = 0.67> <Storage> <Opcode : 'load' 'store'> <Ports = 2> <Width = 32> <Depth = 31> <RAM>
ST_11 : Operation 232 [1/1] (0.00ns)   --->   "%br_ln81 = br void %arrayidx3644.exit.i" [../image_analysis.cpp:81->../image_analysis.cpp:166]   --->   Operation 232 'br' 'br_ln81' <Predicate = (i == 31) | (i == 30)> <Delay = 0.00>
ST_11 : Operation 233 [1/1] (0.42ns)   --->   "%ret_ln0 = ret"   --->   Operation 233 'ret' 'ret_ln0' <Predicate = (icmp_ln77)> <Delay = 0.42>


============================================================
+ Verbose Summary: Timing violations
============================================================
Target clock period: 10.000ns, clock uncertainty: 2.700ns.

 <State 1>: 7.300ns
The critical path consists of the following:
	'getelementptr' operation 32 bit ('imageProjs_local_addr', ../image_analysis.cpp:77->../image_analysis.cpp:166) [91]  (0.000 ns)
	bus read operation ('imageProjs_local_addr_read', ../image_analysis.cpp:80->../image_analysis.cpp:166) on port 'imageProjs_local' (../image_analysis.cpp:80->../image_analysis.cpp:166) [115]  (7.300 ns)

 <State 2>: 7.300ns
The critical path consists of the following:
	bus request operation ('empty_268', ../image_analysis.cpp:78->../image_analysis.cpp:166) on port 'fullImage' (../image_analysis.cpp:78->../image_analysis.cpp:166) [110]  (7.300 ns)

 <State 3>: 7.300ns
The critical path consists of the following:
	bus request operation ('empty_268', ../image_analysis.cpp:78->../image_analysis.cpp:166) on port 'fullImage' (../image_analysis.cpp:78->../image_analysis.cpp:166) [110]  (7.300 ns)

 <State 4>: 7.300ns
The critical path consists of the following:
	bus request operation ('empty_268', ../image_analysis.cpp:78->../image_analysis.cpp:166) on port 'fullImage' (../image_analysis.cpp:78->../image_analysis.cpp:166) [110]  (7.300 ns)

 <State 5>: 7.300ns
The critical path consists of the following:
	bus request operation ('empty_268', ../image_analysis.cpp:78->../image_analysis.cpp:166) on port 'fullImage' (../image_analysis.cpp:78->../image_analysis.cpp:166) [110]  (7.300 ns)

 <State 6>: 7.300ns
The critical path consists of the following:
	bus request operation ('empty_268', ../image_analysis.cpp:78->../image_analysis.cpp:166) on port 'fullImage' (../image_analysis.cpp:78->../image_analysis.cpp:166) [110]  (7.300 ns)

 <State 7>: 7.300ns
The critical path consists of the following:
	bus request operation ('empty_268', ../image_analysis.cpp:78->../image_analysis.cpp:166) on port 'fullImage' (../image_analysis.cpp:78->../image_analysis.cpp:166) [110]  (7.300 ns)

 <State 8>: 7.300ns
The critical path consists of the following:
	bus request operation ('empty_268', ../image_analysis.cpp:78->../image_analysis.cpp:166) on port 'fullImage' (../image_analysis.cpp:78->../image_analysis.cpp:166) [110]  (7.300 ns)

 <State 9>: 7.300ns
The critical path consists of the following:
	bus request operation ('empty_268', ../image_analysis.cpp:78->../image_analysis.cpp:166) on port 'fullImage' (../image_analysis.cpp:78->../image_analysis.cpp:166) [110]  (7.300 ns)

 <State 10>: 7.300ns
The critical path consists of the following:
	bus read operation ('fullImage_addr_read', ../image_analysis.cpp:81->../image_analysis.cpp:166) on port 'fullImage' (../image_analysis.cpp:81->../image_analysis.cpp:166) [148]  (7.300 ns)

 <State 11>: 0.677ns
The critical path consists of the following:
	'getelementptr' operation 5 bit ('curr_fullImage_13_addr_255', ../image_analysis.cpp:81->../image_analysis.cpp:166) [167]  (0.000 ns)
	'store' operation 0 bit ('store_ln81', ../image_analysis.cpp:81->../image_analysis.cpp:166) of variable 'bitcast_ln81', ../image_analysis.cpp:81->../image_analysis.cpp:166 on array 'curr_fullImage_13' [232]  (0.677 ns)


============================================================
+ Verbose Summary: Binding
============================================================
N/A
* FSMD analyzer results:
  - Output states:
 - Input state : 
  - Chain level:
	State 1
	State 2
	State 3
	State 4
	State 5
	State 6
	State 7
	State 8
	State 9
	State 10
	State 11


============================================================
+ Verbose Summary: Datapath Resource usage 
============================================================
N/A
