

================================================================
== Vitis HLS Report for 'Image_extract'
================================================================
* Date:           Wed Aug  6 13:39:09 2025

* Version:        2024.2 (Build 5238294 on Nov  8 2024)
* Project:        reconstruct
* Solution:       hls (Vivado IP Flow Target)
* Product family: zynquplusRFSOC
* Target device:  xczu49dr-ffvf1760-2-e


================================================================
== Performance Estimates
================================================================
+ Timing: 
    * Summary: 
    +--------+----------+----------+------------+
    |  Clock |  Target  | Estimated| Uncertainty|
    +--------+----------+----------+------------+
    |ap_clk  |  10.00 ns|  7.300 ns|     2.70 ns|
    +--------+----------+----------+------------+

+ Latency: 
    * Summary: 
    +---------+---------+----------+----------+-----+-----+---------+
    |  Latency (cycles) |  Latency (absolute) |  Interval | Pipeline|
    |   min   |   max   |    min   |    max   | min | max |   Type  |
    +---------+---------+----------+----------+-----+-----+---------+
    |      982|      982|  9.820 us|  9.820 us|  982|  982|       no|
    +---------+---------+----------+----------+-----+-----+---------+

    + Detail: 
        * Instance: 
        N/A

        * Loop: 
        N/A

============================================================
+ Verbose Summary: Synthesis Manager
============================================================
InlineROM: 1
ExposeGlobal: 0
============================================================
+ Verbose Summary: CDFG Model
============================================================
IsTopModel: 0
ResetActiveHigh: 1
IsCombinational: 2
IsDatapathOnly: 0
HasWiredReturn: 1
HasMFsm: 0
HasVarLatency: 1
IsPipeline: 0
IsRtlPipelined: 0
IsInstanceOverlapped: 0
IsDontTouch: 0
HasImplIP: 0
IsGatedGlobalClock: 0


============================================================
+ Verbose Summary: Schedule
============================================================
* Number of FSM states : 11
* Pipeline : 0
* Dataflow Pipeline: 0

* FSM state transitions: 
1 --> 2 
2 --> 3 
3 --> 4 
4 --> 5 
5 --> 6 
6 --> 7 
7 --> 8 
8 --> 9 
9 --> 10 
10 --> 11 
11 --> 

* FSM state operations: 

State 1 <SV = 0> <Delay = 7.30>
ST_1 : Operation 12 [1/1] (0.00ns)   --->   "%tmp = read i64 @_ssdm_op_Read.ap_auto.i64, i64 %empty" [../image_analysis.cpp:26->../image_analysis.cpp:169]   --->   Operation 12 'read' 'tmp' <Predicate = true> <Delay = 0.00>
ST_1 : Operation 13 [1/1] (0.00ns)   --->   "%imageProjs_local3_read = read i64 @_ssdm_op_Read.ap_auto.i64, i64 %imageProjs_local3" [../image_analysis.cpp:26->../image_analysis.cpp:169]   --->   Operation 13 'read' 'imageProjs_local3_read' <Predicate = true> <Delay = 0.00>
ST_1 : Operation 14 [1/1] (0.00ns)   --->   "%p_cast = partselect i62 @_ssdm_op_PartSelect.i62.i64.i32.i32, i64 %tmp, i32 2, i32 63" [../image_analysis.cpp:26->../image_analysis.cpp:169]   --->   Operation 14 'partselect' 'p_cast' <Predicate = true> <Delay = 0.00>
ST_1 : Operation 15 [1/1] (0.00ns)   --->   "%p_cast_cast = sext i62 %p_cast" [../image_analysis.cpp:26->../image_analysis.cpp:169]   --->   Operation 15 'sext' 'p_cast_cast' <Predicate = true> <Delay = 0.00>
ST_1 : Operation 16 [1/1] (0.00ns)   --->   "%imageProjs_addr = getelementptr i32 %imageProjs, i64 %p_cast_cast" [../image_analysis.cpp:26->../image_analysis.cpp:169]   --->   Operation 16 'getelementptr' 'imageProjs_addr' <Predicate = true> <Delay = 0.00>
ST_1 : Operation 17 [8/8] (7.30ns)   --->   "%imageProjs_load_req = readreq i1 @_ssdm_op_ReadReq.m_axi.i32P1A, i32 %imageProjs_addr, i64 1" [../image_analysis.cpp:26->../image_analysis.cpp:169]   --->   Operation 17 'readreq' 'imageProjs_load_req' <Predicate = true> <Delay = 7.30> <CoreInst = "m_axi">   --->   Core 119 'm_axi' <Latency = 6> <II = 1> <Delay = 1.00> <Adapter> <Opcode : 'read' 'write' 'readreq' 'writereq' 'writeresp'>
ST_1 : Operation 18 [1/1] (0.00ns)   --->   "%trunc_ln = partselect i62 @_ssdm_op_PartSelect.i62.i64.i32.i32, i64 %imageProjs_local3_read, i32 2, i32 63" [../image_analysis.cpp:36->../image_analysis.cpp:169]   --->   Operation 18 'partselect' 'trunc_ln' <Predicate = true> <Delay = 0.00>
ST_1 : Operation 19 [1/1] (0.00ns)   --->   "%sext_ln36 = sext i62 %trunc_ln" [../image_analysis.cpp:36->../image_analysis.cpp:169]   --->   Operation 19 'sext' 'sext_ln36' <Predicate = true> <Delay = 0.00>
ST_1 : Operation 20 [1/1] (0.00ns)   --->   "%imageProjs_local_addr = getelementptr i32 %imageProjs_local, i64 %sext_ln36" [../image_analysis.cpp:36->../image_analysis.cpp:169]   --->   Operation 20 'getelementptr' 'imageProjs_local_addr' <Predicate = true> <Delay = 0.00>
ST_1 : Operation 21 [8/8] (7.30ns)   --->   "%empty_268 = readreq i1 @_ssdm_op_ReadReq.m_axi.p1i32, i32 %imageProjs_local_addr, i64 961" [../image_analysis.cpp:36->../image_analysis.cpp:169]   --->   Operation 21 'readreq' 'empty_268' <Predicate = true> <Delay = 7.30> <CoreInst = "m_axi">   --->   Core 119 'm_axi' <Latency = 6> <II = 1> <Delay = 1.00> <Adapter> <Opcode : 'read' 'write' 'readreq' 'writereq' 'writeresp'>

State 2 <SV = 1> <Delay = 7.30>
ST_2 : Operation 22 [7/8] (7.30ns)   --->   "%imageProjs_load_req = readreq i1 @_ssdm_op_ReadReq.m_axi.i32P1A, i32 %imageProjs_addr, i64 1" [../image_analysis.cpp:26->../image_analysis.cpp:169]   --->   Operation 22 'readreq' 'imageProjs_load_req' <Predicate = true> <Delay = 7.30> <CoreInst = "m_axi">   --->   Core 119 'm_axi' <Latency = 6> <II = 1> <Delay = 1.00> <Adapter> <Opcode : 'read' 'write' 'readreq' 'writereq' 'writeresp'>
ST_2 : Operation 23 [7/8] (7.30ns)   --->   "%empty_268 = readreq i1 @_ssdm_op_ReadReq.m_axi.p1i32, i32 %imageProjs_local_addr, i64 961" [../image_analysis.cpp:36->../image_analysis.cpp:169]   --->   Operation 23 'readreq' 'empty_268' <Predicate = true> <Delay = 7.30> <CoreInst = "m_axi">   --->   Core 119 'm_axi' <Latency = 6> <II = 1> <Delay = 1.00> <Adapter> <Opcode : 'read' 'write' 'readreq' 'writereq' 'writeresp'>

State 3 <SV = 2> <Delay = 7.30>
ST_3 : Operation 24 [6/8] (7.30ns)   --->   "%imageProjs_load_req = readreq i1 @_ssdm_op_ReadReq.m_axi.i32P1A, i32 %imageProjs_addr, i64 1" [../image_analysis.cpp:26->../image_analysis.cpp:169]   --->   Operation 24 'readreq' 'imageProjs_load_req' <Predicate = true> <Delay = 7.30> <CoreInst = "m_axi">   --->   Core 119 'm_axi' <Latency = 6> <II = 1> <Delay = 1.00> <Adapter> <Opcode : 'read' 'write' 'readreq' 'writereq' 'writeresp'>
ST_3 : Operation 25 [6/8] (7.30ns)   --->   "%empty_268 = readreq i1 @_ssdm_op_ReadReq.m_axi.p1i32, i32 %imageProjs_local_addr, i64 961" [../image_analysis.cpp:36->../image_analysis.cpp:169]   --->   Operation 25 'readreq' 'empty_268' <Predicate = true> <Delay = 7.30> <CoreInst = "m_axi">   --->   Core 119 'm_axi' <Latency = 6> <II = 1> <Delay = 1.00> <Adapter> <Opcode : 'read' 'write' 'readreq' 'writereq' 'writeresp'>

State 4 <SV = 3> <Delay = 7.30>
ST_4 : Operation 26 [5/8] (7.30ns)   --->   "%imageProjs_load_req = readreq i1 @_ssdm_op_ReadReq.m_axi.i32P1A, i32 %imageProjs_addr, i64 1" [../image_analysis.cpp:26->../image_analysis.cpp:169]   --->   Operation 26 'readreq' 'imageProjs_load_req' <Predicate = true> <Delay = 7.30> <CoreInst = "m_axi">   --->   Core 119 'm_axi' <Latency = 6> <II = 1> <Delay = 1.00> <Adapter> <Opcode : 'read' 'write' 'readreq' 'writereq' 'writeresp'>
ST_4 : Operation 27 [5/8] (7.30ns)   --->   "%empty_268 = readreq i1 @_ssdm_op_ReadReq.m_axi.p1i32, i32 %imageProjs_local_addr, i64 961" [../image_analysis.cpp:36->../image_analysis.cpp:169]   --->   Operation 27 'readreq' 'empty_268' <Predicate = true> <Delay = 7.30> <CoreInst = "m_axi">   --->   Core 119 'm_axi' <Latency = 6> <II = 1> <Delay = 1.00> <Adapter> <Opcode : 'read' 'write' 'readreq' 'writereq' 'writeresp'>

State 5 <SV = 4> <Delay = 7.30>
ST_5 : Operation 28 [4/8] (7.30ns)   --->   "%imageProjs_load_req = readreq i1 @_ssdm_op_ReadReq.m_axi.i32P1A, i32 %imageProjs_addr, i64 1" [../image_analysis.cpp:26->../image_analysis.cpp:169]   --->   Operation 28 'readreq' 'imageProjs_load_req' <Predicate = true> <Delay = 7.30> <CoreInst = "m_axi">   --->   Core 119 'm_axi' <Latency = 6> <II = 1> <Delay = 1.00> <Adapter> <Opcode : 'read' 'write' 'readreq' 'writereq' 'writeresp'>
ST_5 : Operation 29 [4/8] (7.30ns)   --->   "%empty_268 = readreq i1 @_ssdm_op_ReadReq.m_axi.p1i32, i32 %imageProjs_local_addr, i64 961" [../image_analysis.cpp:36->../image_analysis.cpp:169]   --->   Operation 29 'readreq' 'empty_268' <Predicate = true> <Delay = 7.30> <CoreInst = "m_axi">   --->   Core 119 'm_axi' <Latency = 6> <II = 1> <Delay = 1.00> <Adapter> <Opcode : 'read' 'write' 'readreq' 'writereq' 'writeresp'>

State 6 <SV = 5> <Delay = 7.30>
ST_6 : Operation 30 [3/8] (7.30ns)   --->   "%imageProjs_load_req = readreq i1 @_ssdm_op_ReadReq.m_axi.i32P1A, i32 %imageProjs_addr, i64 1" [../image_analysis.cpp:26->../image_analysis.cpp:169]   --->   Operation 30 'readreq' 'imageProjs_load_req' <Predicate = true> <Delay = 7.30> <CoreInst = "m_axi">   --->   Core 119 'm_axi' <Latency = 6> <II = 1> <Delay = 1.00> <Adapter> <Opcode : 'read' 'write' 'readreq' 'writereq' 'writeresp'>
ST_6 : Operation 31 [3/8] (7.30ns)   --->   "%empty_268 = readreq i1 @_ssdm_op_ReadReq.m_axi.p1i32, i32 %imageProjs_local_addr, i64 961" [../image_analysis.cpp:36->../image_analysis.cpp:169]   --->   Operation 31 'readreq' 'empty_268' <Predicate = true> <Delay = 7.30> <CoreInst = "m_axi">   --->   Core 119 'm_axi' <Latency = 6> <II = 1> <Delay = 1.00> <Adapter> <Opcode : 'read' 'write' 'readreq' 'writereq' 'writeresp'>

State 7 <SV = 6> <Delay = 7.30>
ST_7 : Operation 32 [2/8] (7.30ns)   --->   "%imageProjs_load_req = readreq i1 @_ssdm_op_ReadReq.m_axi.i32P1A, i32 %imageProjs_addr, i64 1" [../image_analysis.cpp:26->../image_analysis.cpp:169]   --->   Operation 32 'readreq' 'imageProjs_load_req' <Predicate = true> <Delay = 7.30> <CoreInst = "m_axi">   --->   Core 119 'm_axi' <Latency = 6> <II = 1> <Delay = 1.00> <Adapter> <Opcode : 'read' 'write' 'readreq' 'writereq' 'writeresp'>
ST_7 : Operation 33 [2/8] (7.30ns)   --->   "%empty_268 = readreq i1 @_ssdm_op_ReadReq.m_axi.p1i32, i32 %imageProjs_local_addr, i64 961" [../image_analysis.cpp:36->../image_analysis.cpp:169]   --->   Operation 33 'readreq' 'empty_268' <Predicate = true> <Delay = 7.30> <CoreInst = "m_axi">   --->   Core 119 'm_axi' <Latency = 6> <II = 1> <Delay = 1.00> <Adapter> <Opcode : 'read' 'write' 'readreq' 'writereq' 'writeresp'>

State 8 <SV = 7> <Delay = 7.30>
ST_8 : Operation 34 [1/8] (7.30ns)   --->   "%imageProjs_load_req = readreq i1 @_ssdm_op_ReadReq.m_axi.i32P1A, i32 %imageProjs_addr, i64 1" [../image_analysis.cpp:26->../image_analysis.cpp:169]   --->   Operation 34 'readreq' 'imageProjs_load_req' <Predicate = true> <Delay = 7.30> <CoreInst = "m_axi">   --->   Core 119 'm_axi' <Latency = 6> <II = 1> <Delay = 1.00> <Adapter> <Opcode : 'read' 'write' 'readreq' 'writereq' 'writeresp'>
ST_8 : Operation 35 [1/8] (7.30ns)   --->   "%empty_268 = readreq i1 @_ssdm_op_ReadReq.m_axi.p1i32, i32 %imageProjs_local_addr, i64 961" [../image_analysis.cpp:36->../image_analysis.cpp:169]   --->   Operation 35 'readreq' 'empty_268' <Predicate = true> <Delay = 7.30> <CoreInst = "m_axi">   --->   Core 119 'm_axi' <Latency = 6> <II = 1> <Delay = 1.00> <Adapter> <Opcode : 'read' 'write' 'readreq' 'writereq' 'writeresp'>

State 9 <SV = 8> <Delay = 7.30>
ST_9 : Operation 36 [1/1] (7.30ns)   --->   "%imageProjs_addr_read = read i32 @_ssdm_op_Read.m_axi.i32P1A, i32 %imageProjs_addr" [../image_analysis.cpp:26->../image_analysis.cpp:169]   --->   Operation 36 'read' 'imageProjs_addr_read' <Predicate = true> <Delay = 7.30> <CoreInst = "m_axi">   --->   Core 119 'm_axi' <Latency = 3> <II = 1> <Delay = 1.00> <Adapter> <Opcode : 'read' 'write' 'readreq' 'writereq' 'writeresp'>
ST_9 : Operation 37 [1/1] ( I:1.83ns O:1.83ns )   --->   "%localImages_read = read i256 @_ssdm_op_Read.ap_fifo.volatile.i256P0A, i256 %localImages" [../image_analysis.cpp:29->../image_analysis.cpp:169]   --->   Operation 37 'read' 'localImages_read' <Predicate = true> <Delay = 1.83> <CoreInst = "FIFO_SRL">   --->   Core 80 'FIFO_SRL' <Latency = 0> <II = 1> <Delay = 1.83> <Storage> <Opcode : 'read' 'write' 'nbread' 'nbwrite'> <Ports = 0> <Width = 256> <Depth = 4> <FIFO>
ST_9 : Operation 38 [1/1] (0.00ns)   --->   "%curr_info_X_min = partselect i32 @_ssdm_op_PartSelect.i32.i256.i32.i32, i256 %localImages_read, i32 64, i32 95" [../image_analysis.cpp:29->../image_analysis.cpp:169]   --->   Operation 38 'partselect' 'curr_info_X_min' <Predicate = true> <Delay = 0.00>
ST_9 : Operation 39 [1/1] (0.00ns)   --->   "%curr_info_Y_min = partselect i32 @_ssdm_op_PartSelect.i32.i256.i32.i32, i256 %localImages_read, i32 96, i32 127" [../image_analysis.cpp:29->../image_analysis.cpp:169]   --->   Operation 39 'partselect' 'curr_info_Y_min' <Predicate = true> <Delay = 0.00>

State 10 <SV = 9> <Delay = 7.30>
ST_10 : Operation 40 [1/1] (0.00ns)   --->   "%fullImage2_read = read i64 @_ssdm_op_Read.ap_auto.i64, i64 %fullImage2" [../image_analysis.cpp:26->../image_analysis.cpp:169]   --->   Operation 40 'read' 'fullImage2_read' <Predicate = true> <Delay = 0.00>
ST_10 : Operation 41 [2/2] (7.30ns)   --->   "%call_ln36 = call void @Image_extract_Pipeline_VITIS_LOOP_36_1_VITIS_LOOP_37_2, i32 %imageProjs_local, i62 %trunc_ln, i32 %curr_info_Y_min, i32 %curr_info_X_min, i64 %fullImage2_read, i32 %fullImage, i32 %curr_fullImage, i32 %curr_fullImage_1, i32 %curr_fullImage_2, i32 %curr_fullImage_3, i32 %curr_fullImage_4, i32 %curr_fullImage_5, i32 %curr_fullImage_6, i32 %curr_fullImage_7, i32 %curr_fullImage_8, i32 %curr_fullImage_9, i32 %curr_fullImage_10, i32 %curr_fullImage_11, i32 %curr_fullImage_12, i32 %curr_fullImage_13, i32 %curr_fullImage_14, i32 %curr_fullImage_15, i32 %curr_fullImage_14_70, i32 %curr_fullImage_13_71, i32 %curr_fullImage_12_72, i32 %curr_fullImage_11_73, i32 %curr_fullImage_10_74, i32 %curr_fullImage_9_75, i32 %curr_fullImage_8_76, i32 %curr_fullImage_7_77, i32 %curr_fullImage_6_78, i32 %curr_fullImage_5_79, i32 %curr_fullImage_4_80, i32 %curr_fullImage_3_81, i32 %curr_fullImage_2_82, i32 %curr_fullImage_1_83, i32 %curr_fullImage_16, i32 %curr_localImage, i32 %curr_localImage_1, i32 %curr_localImage_2, i32 %curr_localImage_3, i32 %curr_localImage_4, i32 %curr_localImage_5, i32 %curr_localImage_6, i32 %curr_localImage_7, i32 %curr_localImage_8, i32 %curr_localImage_9, i32 %curr_localImage_10, i32 %curr_localImage_11, i32 %curr_localImage_12, i32 %curr_localImage_13, i32 %curr_localImage_14, i32 %curr_localImage_15, i32 %curr_localImage_14_84, i32 %curr_localImage_13_85, i32 %curr_localImage_12_86, i32 %curr_localImage_11_87, i32 %curr_localImage_10_88, i32 %curr_localImage_9_89, i32 %curr_localImage_8_90, i32 %curr_localImage_7_91, i32 %curr_localImage_6_92, i32 %curr_localImage_5_93, i32 %curr_localImage_4_94, i32 %curr_localImage_3_95, i32 %curr_localImage_2_96, i32 %curr_localImage_1_97, i32 %curr_localImage_16" [../image_analysis.cpp:36->../image_analysis.cpp:169]   --->   Operation 41 'call' 'call_ln36' <Predicate = true> <Delay = 7.30> <CoreType = "Generic">   --->   Generic Core

State 11 <SV = 10> <Delay = 0.00>
ST_11 : Operation 42 [1/1] (0.00ns)   --->   "%specinterface_ln0 = specinterface void @_ssdm_op_SpecInterface, i32 %imageProjs, void @empty_16, i32 0, i32 0, void @empty_17, i32 0, i32 0, void @empty_25, void @empty_19, void @empty_17, i32 16, i32 16, i32 16, i32 16, void @empty_17, void @empty_17, i32 4294967295, i32 0, i32 0"   --->   Operation 42 'specinterface' 'specinterface_ln0' <Predicate = true> <Delay = 0.00>
ST_11 : Operation 43 [1/1] (0.00ns)   --->   "%curr_imageProjs_write_assign = bitcast i32 %imageProjs_addr_read" [../image_analysis.cpp:26->../image_analysis.cpp:169]   --->   Operation 43 'bitcast' 'curr_imageProjs_write_assign' <Predicate = true> <Delay = 0.00>
ST_11 : Operation 44 [1/1] (0.00ns)   --->   "%specinterface_ln0 = specinterface void @_ssdm_op_SpecInterface, i256 %localImages, void @empty_27, i32 0, i32 0, void @empty_17, i32 0, i32 0, void @empty_17, void @empty_17, void @empty_17, i32 0, i32 0, i32 0, i32 0, void @empty_17, void @empty_17, i32 4294967295, i32 0, i32 0"   --->   Operation 44 'specinterface' 'specinterface_ln0' <Predicate = true> <Delay = 0.00>
ST_11 : Operation 45 [1/1] (0.00ns)   --->   "%specinterface_ln0 = specinterface void @_ssdm_op_SpecInterface, i32 %imageProjs_local, void @empty_16, i32 0, i32 0, void @empty_17, i32 0, i32 0, void @empty_20, void @empty_19, void @empty_17, i32 16, i32 16, i32 16, i32 16, void @empty_17, void @empty_17, i32 4294967295, i32 0, i32 0"   --->   Operation 45 'specinterface' 'specinterface_ln0' <Predicate = true> <Delay = 0.00>
ST_11 : Operation 46 [1/1] (0.00ns)   --->   "%specinterface_ln0 = specinterface void @_ssdm_op_SpecInterface, i32 %fullImage, void @empty_16, i32 0, i32 0, void @empty_17, i32 0, i32 160000, void @empty, void @empty_19, void @empty_17, i32 16, i32 16, i32 16, i32 16, void @empty_17, void @empty_17, i32 4294967295, i32 0, i32 0"   --->   Operation 46 'specinterface' 'specinterface_ln0' <Predicate = true> <Delay = 0.00>
ST_11 : Operation 47 [1/2] (0.00ns)   --->   "%call_ln36 = call void @Image_extract_Pipeline_VITIS_LOOP_36_1_VITIS_LOOP_37_2, i32 %imageProjs_local, i62 %trunc_ln, i32 %curr_info_Y_min, i32 %curr_info_X_min, i64 %fullImage2_read, i32 %fullImage, i32 %curr_fullImage, i32 %curr_fullImage_1, i32 %curr_fullImage_2, i32 %curr_fullImage_3, i32 %curr_fullImage_4, i32 %curr_fullImage_5, i32 %curr_fullImage_6, i32 %curr_fullImage_7, i32 %curr_fullImage_8, i32 %curr_fullImage_9, i32 %curr_fullImage_10, i32 %curr_fullImage_11, i32 %curr_fullImage_12, i32 %curr_fullImage_13, i32 %curr_fullImage_14, i32 %curr_fullImage_15, i32 %curr_fullImage_14_70, i32 %curr_fullImage_13_71, i32 %curr_fullImage_12_72, i32 %curr_fullImage_11_73, i32 %curr_fullImage_10_74, i32 %curr_fullImage_9_75, i32 %curr_fullImage_8_76, i32 %curr_fullImage_7_77, i32 %curr_fullImage_6_78, i32 %curr_fullImage_5_79, i32 %curr_fullImage_4_80, i32 %curr_fullImage_3_81, i32 %curr_fullImage_2_82, i32 %curr_fullImage_1_83, i32 %curr_fullImage_16, i32 %curr_localImage, i32 %curr_localImage_1, i32 %curr_localImage_2, i32 %curr_localImage_3, i32 %curr_localImage_4, i32 %curr_localImage_5, i32 %curr_localImage_6, i32 %curr_localImage_7, i32 %curr_localImage_8, i32 %curr_localImage_9, i32 %curr_localImage_10, i32 %curr_localImage_11, i32 %curr_localImage_12, i32 %curr_localImage_13, i32 %curr_localImage_14, i32 %curr_localImage_15, i32 %curr_localImage_14_84, i32 %curr_localImage_13_85, i32 %curr_localImage_12_86, i32 %curr_localImage_11_87, i32 %curr_localImage_10_88, i32 %curr_localImage_9_89, i32 %curr_localImage_8_90, i32 %curr_localImage_7_91, i32 %curr_localImage_6_92, i32 %curr_localImage_5_93, i32 %curr_localImage_4_94, i32 %curr_localImage_3_95, i32 %curr_localImage_2_96, i32 %curr_localImage_1_97, i32 %curr_localImage_16" [../image_analysis.cpp:36->../image_analysis.cpp:169]   --->   Operation 47 'call' 'call_ln36' <Predicate = true> <Delay = 0.00> <CoreType = "Generic">   --->   Generic Core
ST_11 : Operation 48 [1/1] (0.00ns)   --->   "%ret_ln169 = ret i32 %curr_imageProjs_write_assign" [../image_analysis.cpp:169]   --->   Operation 48 'ret' 'ret_ln169' <Predicate = true> <Delay = 0.00>


============================================================
+ Verbose Summary: Timing violations
============================================================
Target clock period: 10.000ns, clock uncertainty: 2.700ns.

 <State 1>: 7.300ns
The critical path consists of the following:
	wire read operation ('tmp', ../image_analysis.cpp:26->../image_analysis.cpp:169) on port 'empty' (../image_analysis.cpp:26->../image_analysis.cpp:169) [71]  (0.000 ns)
	'getelementptr' operation 32 bit ('imageProjs_addr', ../image_analysis.cpp:26->../image_analysis.cpp:169) [76]  (0.000 ns)
	bus request operation ('imageProjs_load_req', ../image_analysis.cpp:26->../image_analysis.cpp:169) on port 'imageProjs' (../image_analysis.cpp:26->../image_analysis.cpp:169) [77]  (7.300 ns)

 <State 2>: 7.300ns
The critical path consists of the following:
	bus request operation ('imageProjs_load_req', ../image_analysis.cpp:26->../image_analysis.cpp:169) on port 'imageProjs' (../image_analysis.cpp:26->../image_analysis.cpp:169) [77]  (7.300 ns)

 <State 3>: 7.300ns
The critical path consists of the following:
	bus request operation ('imageProjs_load_req', ../image_analysis.cpp:26->../image_analysis.cpp:169) on port 'imageProjs' (../image_analysis.cpp:26->../image_analysis.cpp:169) [77]  (7.300 ns)

 <State 4>: 7.300ns
The critical path consists of the following:
	bus request operation ('imageProjs_load_req', ../image_analysis.cpp:26->../image_analysis.cpp:169) on port 'imageProjs' (../image_analysis.cpp:26->../image_analysis.cpp:169) [77]  (7.300 ns)

 <State 5>: 7.300ns
The critical path consists of the following:
	bus request operation ('imageProjs_load_req', ../image_analysis.cpp:26->../image_analysis.cpp:169) on port 'imageProjs' (../image_analysis.cpp:26->../image_analysis.cpp:169) [77]  (7.300 ns)

 <State 6>: 7.300ns
The critical path consists of the following:
	bus request operation ('imageProjs_load_req', ../image_analysis.cpp:26->../image_analysis.cpp:169) on port 'imageProjs' (../image_analysis.cpp:26->../image_analysis.cpp:169) [77]  (7.300 ns)

 <State 7>: 7.300ns
The critical path consists of the following:
	bus request operation ('imageProjs_load_req', ../image_analysis.cpp:26->../image_analysis.cpp:169) on port 'imageProjs' (../image_analysis.cpp:26->../image_analysis.cpp:169) [77]  (7.300 ns)

 <State 8>: 7.300ns
The critical path consists of the following:
	bus request operation ('imageProjs_load_req', ../image_analysis.cpp:26->../image_analysis.cpp:169) on port 'imageProjs' (../image_analysis.cpp:26->../image_analysis.cpp:169) [77]  (7.300 ns)

 <State 9>: 7.300ns
The critical path consists of the following:
	bus read operation ('imageProjs_addr_read', ../image_analysis.cpp:26->../image_analysis.cpp:169) on port 'imageProjs' (../image_analysis.cpp:26->../image_analysis.cpp:169) [78]  (7.300 ns)

 <State 10>: 7.300ns
The critical path consists of the following:
	wire read operation ('fullImage2_read', ../image_analysis.cpp:26->../image_analysis.cpp:169) on port 'fullImage2' (../image_analysis.cpp:26->../image_analysis.cpp:169) [73]  (0.000 ns)
	'call' operation 0 bit ('call_ln36', ../image_analysis.cpp:36->../image_analysis.cpp:169) to 'Image_extract_Pipeline_VITIS_LOOP_36_1_VITIS_LOOP_37_2' [90]  (7.300 ns)

 <State 11>: 0.000ns
The critical path consists of the following:


============================================================
+ Verbose Summary: Binding
============================================================
N/A
* FSMD analyzer results:
  - Output states:
 - Input state : 
  - Chain level:
	State 1
	State 2
	State 3
	State 4
	State 5
	State 6
	State 7
	State 8
	State 9
	State 10
	State 11


============================================================
+ Verbose Summary: Datapath Resource usage 
============================================================
N/A
