

================================================================
== Vitis HLS Report for 'post_process'
================================================================
* Date:           Wed Aug  6 13:39:28 2025

* Version:        2024.2 (Build 5238294 on Nov  8 2024)
* Project:        reconstruct
* Solution:       hls (Vivado IP Flow Target)
* Product family: zynquplusRFSOC
* Target device:  xczu49dr-ffvf1760-2-e


================================================================
== Performance Estimates
================================================================
+ Timing: 
    * Summary: 
    +--------+----------+----------+------------+
    |  Clock |  Target  | Estimated| Uncertainty|
    +--------+----------+----------+------------+
    |ap_clk  |  10.00 ns|  7.300 ns|     2.70 ns|
    +--------+----------+----------+------------+

+ Latency: 
    * Summary: 
    +---------+---------+----------+----------+-----+-----+---------+
    |  Latency (cycles) |  Latency (absolute) |  Interval | Pipeline|
    |   min   |   max   |    min   |    max   | min | max |   Type  |
    +---------+---------+----------+----------+-----+-----+---------+
    |       18|       18|  0.180 us|  0.180 us|   18|   18|       no|
    +---------+---------+----------+----------+-----+-----+---------+

    + Detail: 
        * Instance: 
        N/A

        * Loop: 
        N/A

============================================================
+ Verbose Summary: Synthesis Manager
============================================================
InlineROM: 1
ExposeGlobal: 0
============================================================
+ Verbose Summary: CDFG Model
============================================================
IsTopModel: 0
ResetActiveHigh: 1
IsCombinational: 2
IsDatapathOnly: 0
HasWiredReturn: 1
HasMFsm: 0
HasVarLatency: 1
IsPipeline: 0
IsRtlPipelined: 0
IsInstanceOverlapped: 0
IsDontTouch: 0
HasImplIP: 0
IsGatedGlobalClock: 0


============================================================
+ Verbose Summary: Schedule
============================================================
* Number of FSM states : 19
* Pipeline : 0
* Dataflow Pipeline: 0

* FSM state transitions: 
1 --> 2 
2 --> 3 
3 --> 4 
4 --> 5 
5 --> 6 
6 --> 7 
7 --> 8 
8 --> 9 
9 --> 10 
10 --> 11 
11 --> 12 
12 --> 13 
13 --> 14 
14 --> 15 
15 --> 16 
16 --> 17 
17 --> 18 
18 --> 19 
19 --> 

* FSM state operations: 

State 1 <SV = 0> <Delay = 1.83>
ST_1 : Operation 20 [1/1] (1.83ns)   --->   "%curr_imageProjs_read = read i32 @_ssdm_op_Read.ap_auto.float, i32 %curr_imageProjs" [../image_analysis.cpp:115->../image_analysis.cpp:172]   --->   Operation 20 'read' 'curr_imageProjs_read' <Predicate = true> <Delay = 1.83> <CoreInst = "FIFO_SRL">   --->   Core 80 'FIFO_SRL' <Latency = 0> <II = 1> <Delay = 1.83> <Storage> <Opcode : 'read' 'write' 'nbread' 'nbwrite'> <Ports = 0> <Width = -1> <Depth = -1> <FIFO>
ST_1 : Operation 21 [1/1] (1.83ns)   --->   "%projSumUsed_read = read i32 @_ssdm_op_Read.ap_auto.float, i32 %projSumUsed" [../image_analysis.cpp:115->../image_analysis.cpp:172]   --->   Operation 21 'read' 'projSumUsed_read' <Predicate = true> <Delay = 1.83> <CoreInst = "FIFO_SRL">   --->   Core 80 'FIFO_SRL' <Latency = 0> <II = 1> <Delay = 1.83> <Storage> <Opcode : 'read' 'write' 'nbread' 'nbwrite'> <Ports = 0> <Width = -1> <Depth = -1> <FIFO>

State 2 <SV = 1> <Delay = 7.05>
ST_2 : Operation 22 [9/9] (7.05ns)   --->   "%div_i = fdiv i32 %curr_imageProjs_read, i32 %projSumUsed_read" [../image_analysis.cpp:116->../image_analysis.cpp:172]   --->   Operation 22 'fdiv' 'div_i' <Predicate = true> <Delay = 7.05> <CoreInst = "FDiv">   --->   Core 20 'FDiv' <Latency = 8> <II = 1> <Delay = 7.05> <FuncUnit> <Opcode : 'fdiv' 'frem'> <InPorts = 2> <OutPorts = 1>

State 3 <SV = 2> <Delay = 7.05>
ST_3 : Operation 23 [8/9] (7.05ns)   --->   "%div_i = fdiv i32 %curr_imageProjs_read, i32 %projSumUsed_read" [../image_analysis.cpp:116->../image_analysis.cpp:172]   --->   Operation 23 'fdiv' 'div_i' <Predicate = true> <Delay = 7.05> <CoreInst = "FDiv">   --->   Core 20 'FDiv' <Latency = 8> <II = 1> <Delay = 7.05> <FuncUnit> <Opcode : 'fdiv' 'frem'> <InPorts = 2> <OutPorts = 1>

State 4 <SV = 3> <Delay = 7.05>
ST_4 : Operation 24 [7/9] (7.05ns)   --->   "%div_i = fdiv i32 %curr_imageProjs_read, i32 %projSumUsed_read" [../image_analysis.cpp:116->../image_analysis.cpp:172]   --->   Operation 24 'fdiv' 'div_i' <Predicate = true> <Delay = 7.05> <CoreInst = "FDiv">   --->   Core 20 'FDiv' <Latency = 8> <II = 1> <Delay = 7.05> <FuncUnit> <Opcode : 'fdiv' 'frem'> <InPorts = 2> <OutPorts = 1>

State 5 <SV = 4> <Delay = 7.05>
ST_5 : Operation 25 [6/9] (7.05ns)   --->   "%div_i = fdiv i32 %curr_imageProjs_read, i32 %projSumUsed_read" [../image_analysis.cpp:116->../image_analysis.cpp:172]   --->   Operation 25 'fdiv' 'div_i' <Predicate = true> <Delay = 7.05> <CoreInst = "FDiv">   --->   Core 20 'FDiv' <Latency = 8> <II = 1> <Delay = 7.05> <FuncUnit> <Opcode : 'fdiv' 'frem'> <InPorts = 2> <OutPorts = 1>

State 6 <SV = 5> <Delay = 7.05>
ST_6 : Operation 26 [5/9] (7.05ns)   --->   "%div_i = fdiv i32 %curr_imageProjs_read, i32 %projSumUsed_read" [../image_analysis.cpp:116->../image_analysis.cpp:172]   --->   Operation 26 'fdiv' 'div_i' <Predicate = true> <Delay = 7.05> <CoreInst = "FDiv">   --->   Core 20 'FDiv' <Latency = 8> <II = 1> <Delay = 7.05> <FuncUnit> <Opcode : 'fdiv' 'frem'> <InPorts = 2> <OutPorts = 1>

State 7 <SV = 6> <Delay = 7.05>
ST_7 : Operation 27 [4/9] (7.05ns)   --->   "%div_i = fdiv i32 %curr_imageProjs_read, i32 %projSumUsed_read" [../image_analysis.cpp:116->../image_analysis.cpp:172]   --->   Operation 27 'fdiv' 'div_i' <Predicate = true> <Delay = 7.05> <CoreInst = "FDiv">   --->   Core 20 'FDiv' <Latency = 8> <II = 1> <Delay = 7.05> <FuncUnit> <Opcode : 'fdiv' 'frem'> <InPorts = 2> <OutPorts = 1>

State 8 <SV = 7> <Delay = 7.05>
ST_8 : Operation 28 [3/9] (7.05ns)   --->   "%div_i = fdiv i32 %curr_imageProjs_read, i32 %projSumUsed_read" [../image_analysis.cpp:116->../image_analysis.cpp:172]   --->   Operation 28 'fdiv' 'div_i' <Predicate = true> <Delay = 7.05> <CoreInst = "FDiv">   --->   Core 20 'FDiv' <Latency = 8> <II = 1> <Delay = 7.05> <FuncUnit> <Opcode : 'fdiv' 'frem'> <InPorts = 2> <OutPorts = 1>

State 9 <SV = 8> <Delay = 7.05>
ST_9 : Operation 29 [2/9] (7.05ns)   --->   "%div_i = fdiv i32 %curr_imageProjs_read, i32 %projSumUsed_read" [../image_analysis.cpp:116->../image_analysis.cpp:172]   --->   Operation 29 'fdiv' 'div_i' <Predicate = true> <Delay = 7.05> <CoreInst = "FDiv">   --->   Core 20 'FDiv' <Latency = 8> <II = 1> <Delay = 7.05> <FuncUnit> <Opcode : 'fdiv' 'frem'> <InPorts = 2> <OutPorts = 1>

State 10 <SV = 9> <Delay = 7.05>
ST_10 : Operation 30 [1/1] (1.83ns)   --->   "%sum_read = read i32 @_ssdm_op_Read.ap_auto.float, i32 %sum" [../image_analysis.cpp:115->../image_analysis.cpp:172]   --->   Operation 30 'read' 'sum_read' <Predicate = true> <Delay = 1.83> <CoreInst = "FIFO_SRL">   --->   Core 80 'FIFO_SRL' <Latency = 0> <II = 1> <Delay = 1.83> <Storage> <Opcode : 'read' 'write' 'nbread' 'nbwrite'> <Ports = 0> <Width = -1> <Depth = -1> <FIFO>
ST_10 : Operation 31 [1/9] (7.05ns)   --->   "%div_i = fdiv i32 %curr_imageProjs_read, i32 %projSumUsed_read" [../image_analysis.cpp:116->../image_analysis.cpp:172]   --->   Operation 31 'fdiv' 'div_i' <Predicate = true> <Delay = 7.05> <CoreInst = "FDiv">   --->   Core 20 'FDiv' <Latency = 8> <II = 1> <Delay = 7.05> <FuncUnit> <Opcode : 'fdiv' 'frem'> <InPorts = 2> <OutPorts = 1>

State 11 <SV = 10> <Delay = 7.01>
ST_11 : Operation 32 [3/3] (7.01ns)   --->   "%mul_i = fmul i32 %div_i, i32 %sum_read" [../image_analysis.cpp:116->../image_analysis.cpp:172]   --->   Operation 32 'fmul' 'mul_i' <Predicate = true> <Delay = 7.01> <CoreInst = "FMul_maxdsp">   --->   Core 30 'FMul_maxdsp' <Latency = 2> <II = 1> <Delay = 7.01> <FuncUnit> <Opcode : 'fmul'> <InPorts = 2> <OutPorts = 1>

State 12 <SV = 11> <Delay = 7.01>
ST_12 : Operation 33 [1/1] (1.83ns)   --->   "%dout_read = read i64 @_ssdm_op_Read.ap_auto.i64, i64 %dout" [../image_analysis.cpp:115->../image_analysis.cpp:172]   --->   Operation 33 'read' 'dout_read' <Predicate = true> <Delay = 1.83> <CoreInst = "FIFO_SRL">   --->   Core 80 'FIFO_SRL' <Latency = 0> <II = 1> <Delay = 1.83> <Storage> <Opcode : 'read' 'write' 'nbread' 'nbwrite'> <Ports = 0> <Width = -1> <Depth = -1> <FIFO>
ST_12 : Operation 34 [2/3] (7.01ns)   --->   "%mul_i = fmul i32 %div_i, i32 %sum_read" [../image_analysis.cpp:116->../image_analysis.cpp:172]   --->   Operation 34 'fmul' 'mul_i' <Predicate = true> <Delay = 7.01> <CoreInst = "FMul_maxdsp">   --->   Core 30 'FMul_maxdsp' <Latency = 2> <II = 1> <Delay = 7.01> <FuncUnit> <Opcode : 'fmul'> <InPorts = 2> <OutPorts = 1>
ST_12 : Operation 35 [1/1] (0.00ns)   --->   "%trunc_ln = partselect i62 @_ssdm_op_PartSelect.i62.i64.i32.i32, i64 %dout_read, i32 2, i32 63" [../image_analysis.cpp:116->../image_analysis.cpp:172]   --->   Operation 35 'partselect' 'trunc_ln' <Predicate = true> <Delay = 0.00>
ST_12 : Operation 36 [1/1] (0.00ns)   --->   "%sext_ln116 = sext i62 %trunc_ln" [../image_analysis.cpp:116->../image_analysis.cpp:172]   --->   Operation 36 'sext' 'sext_ln116' <Predicate = true> <Delay = 0.00>
ST_12 : Operation 37 [1/1] (0.00ns)   --->   "%emissions_addr = getelementptr i32 %emissions, i64 %sext_ln116" [../image_analysis.cpp:116->../image_analysis.cpp:172]   --->   Operation 37 'getelementptr' 'emissions_addr' <Predicate = true> <Delay = 0.00>

State 13 <SV = 12> <Delay = 7.30>
ST_13 : Operation 38 [1/3] (7.01ns)   --->   "%mul_i = fmul i32 %div_i, i32 %sum_read" [../image_analysis.cpp:116->../image_analysis.cpp:172]   --->   Operation 38 'fmul' 'mul_i' <Predicate = true> <Delay = 7.01> <CoreInst = "FMul_maxdsp">   --->   Core 30 'FMul_maxdsp' <Latency = 2> <II = 1> <Delay = 7.01> <FuncUnit> <Opcode : 'fmul'> <InPorts = 2> <OutPorts = 1>
ST_13 : Operation 39 [1/1] (7.30ns)   --->   "%emissions_addr_req = writereq i1 @_ssdm_op_WriteReq.m_axi.i32P1A, i32 %emissions_addr, i64 1" [../image_analysis.cpp:116->../image_analysis.cpp:172]   --->   Operation 39 'writereq' 'emissions_addr_req' <Predicate = true> <Delay = 7.30> <CoreInst = "m_axi">   --->   Core 119 'm_axi' <Latency = 9> <II = 1> <Delay = 1.00> <Adapter> <Opcode : 'read' 'write' 'readreq' 'writereq' 'writeresp'>

State 14 <SV = 13> <Delay = 7.30>
ST_14 : Operation 40 [1/1] (0.00ns)   --->   "%bitcast_ln116 = bitcast i32 %mul_i" [../image_analysis.cpp:116->../image_analysis.cpp:172]   --->   Operation 40 'bitcast' 'bitcast_ln116' <Predicate = true> <Delay = 0.00>
ST_14 : Operation 41 [1/1] (7.30ns)   --->   "%write_ln116 = write void @_ssdm_op_Write.m_axi.i32P1A, i32 %emissions_addr, i32 %bitcast_ln116, i4 15" [../image_analysis.cpp:116->../image_analysis.cpp:172]   --->   Operation 41 'write' 'write_ln116' <Predicate = true> <Delay = 7.30> <CoreInst = "m_axi">   --->   Core 119 'm_axi' <Latency = 5> <II = 1> <Delay = 1.00> <Adapter> <Opcode : 'read' 'write' 'readreq' 'writereq' 'writeresp'>

State 15 <SV = 14> <Delay = 7.30>
ST_15 : Operation 42 [5/5] (7.30ns)   --->   "%emissions_addr_resp = writeresp i1 @_ssdm_op_WriteResp.m_axi.i32P1A, i32 %emissions_addr" [../image_analysis.cpp:116->../image_analysis.cpp:172]   --->   Operation 42 'writeresp' 'emissions_addr_resp' <Predicate = true> <Delay = 7.30> <CoreInst = "m_axi">   --->   Core 119 'm_axi' <Latency = 3> <II = 1> <Delay = 1.00> <Adapter> <Opcode : 'read' 'write' 'readreq' 'writereq' 'writeresp'>

State 16 <SV = 15> <Delay = 7.30>
ST_16 : Operation 43 [4/5] (7.30ns)   --->   "%emissions_addr_resp = writeresp i1 @_ssdm_op_WriteResp.m_axi.i32P1A, i32 %emissions_addr" [../image_analysis.cpp:116->../image_analysis.cpp:172]   --->   Operation 43 'writeresp' 'emissions_addr_resp' <Predicate = true> <Delay = 7.30> <CoreInst = "m_axi">   --->   Core 119 'm_axi' <Latency = 3> <II = 1> <Delay = 1.00> <Adapter> <Opcode : 'read' 'write' 'readreq' 'writereq' 'writeresp'>

State 17 <SV = 16> <Delay = 7.30>
ST_17 : Operation 44 [3/5] (7.30ns)   --->   "%emissions_addr_resp = writeresp i1 @_ssdm_op_WriteResp.m_axi.i32P1A, i32 %emissions_addr" [../image_analysis.cpp:116->../image_analysis.cpp:172]   --->   Operation 44 'writeresp' 'emissions_addr_resp' <Predicate = true> <Delay = 7.30> <CoreInst = "m_axi">   --->   Core 119 'm_axi' <Latency = 3> <II = 1> <Delay = 1.00> <Adapter> <Opcode : 'read' 'write' 'readreq' 'writereq' 'writeresp'>

State 18 <SV = 17> <Delay = 7.30>
ST_18 : Operation 45 [2/5] (7.30ns)   --->   "%emissions_addr_resp = writeresp i1 @_ssdm_op_WriteResp.m_axi.i32P1A, i32 %emissions_addr" [../image_analysis.cpp:116->../image_analysis.cpp:172]   --->   Operation 45 'writeresp' 'emissions_addr_resp' <Predicate = true> <Delay = 7.30> <CoreInst = "m_axi">   --->   Core 119 'm_axi' <Latency = 3> <II = 1> <Delay = 1.00> <Adapter> <Opcode : 'read' 'write' 'readreq' 'writereq' 'writeresp'>

State 19 <SV = 18> <Delay = 7.30>
ST_19 : Operation 46 [1/1] (0.00ns)   --->   "%specinterface_ln0 = specinterface void @_ssdm_op_SpecInterface, i32 %emissions, void @empty_16, i32 0, i32 0, void @empty_17, i32 0, i32 1600, void @empty_0, void @empty_19, void @empty_17, i32 16, i32 16, i32 16, i32 16, void @empty_17, void @empty_17, i32 4294967295, i32 0, i32 0"   --->   Operation 46 'specinterface' 'specinterface_ln0' <Predicate = true> <Delay = 0.00>
ST_19 : Operation 47 [1/5] (7.30ns)   --->   "%emissions_addr_resp = writeresp i1 @_ssdm_op_WriteResp.m_axi.i32P1A, i32 %emissions_addr" [../image_analysis.cpp:116->../image_analysis.cpp:172]   --->   Operation 47 'writeresp' 'emissions_addr_resp' <Predicate = true> <Delay = 7.30> <CoreInst = "m_axi">   --->   Core 119 'm_axi' <Latency = 3> <II = 1> <Delay = 1.00> <Adapter> <Opcode : 'read' 'write' 'readreq' 'writereq' 'writeresp'>
ST_19 : Operation 48 [1/1] (0.00ns)   --->   "%ret_ln172 = ret" [../image_analysis.cpp:172]   --->   Operation 48 'ret' 'ret_ln172' <Predicate = true> <Delay = 0.00>


============================================================
+ Verbose Summary: Timing violations
============================================================
Target clock period: 10.000ns, clock uncertainty: 2.700ns.

 <State 1>: 1.838ns
The critical path consists of the following:
	wire read operation ('curr_imageProjs', ../image_analysis.cpp:115->../image_analysis.cpp:172) on port 'curr_imageProjs' (../image_analysis.cpp:115->../image_analysis.cpp:172) [8]  (1.838 ns)

 <State 2>: 7.057ns
The critical path consists of the following:
	'fdiv' operation 32 bit ('div_i', ../image_analysis.cpp:116->../image_analysis.cpp:172) [11]  (7.057 ns)

 <State 3>: 7.057ns
The critical path consists of the following:
	'fdiv' operation 32 bit ('div_i', ../image_analysis.cpp:116->../image_analysis.cpp:172) [11]  (7.057 ns)

 <State 4>: 7.057ns
The critical path consists of the following:
	'fdiv' operation 32 bit ('div_i', ../image_analysis.cpp:116->../image_analysis.cpp:172) [11]  (7.057 ns)

 <State 5>: 7.057ns
The critical path consists of the following:
	'fdiv' operation 32 bit ('div_i', ../image_analysis.cpp:116->../image_analysis.cpp:172) [11]  (7.057 ns)

 <State 6>: 7.057ns
The critical path consists of the following:
	'fdiv' operation 32 bit ('div_i', ../image_analysis.cpp:116->../image_analysis.cpp:172) [11]  (7.057 ns)

 <State 7>: 7.057ns
The critical path consists of the following:
	'fdiv' operation 32 bit ('div_i', ../image_analysis.cpp:116->../image_analysis.cpp:172) [11]  (7.057 ns)

 <State 8>: 7.057ns
The critical path consists of the following:
	'fdiv' operation 32 bit ('div_i', ../image_analysis.cpp:116->../image_analysis.cpp:172) [11]  (7.057 ns)

 <State 9>: 7.057ns
The critical path consists of the following:
	'fdiv' operation 32 bit ('div_i', ../image_analysis.cpp:116->../image_analysis.cpp:172) [11]  (7.057 ns)

 <State 10>: 7.057ns
The critical path consists of the following:
	'fdiv' operation 32 bit ('div_i', ../image_analysis.cpp:116->../image_analysis.cpp:172) [11]  (7.057 ns)

 <State 11>: 7.016ns
The critical path consists of the following:
	'fmul' operation 32 bit ('mul_i', ../image_analysis.cpp:116->../image_analysis.cpp:172) [12]  (7.016 ns)

 <State 12>: 7.016ns
The critical path consists of the following:
	'fmul' operation 32 bit ('mul_i', ../image_analysis.cpp:116->../image_analysis.cpp:172) [12]  (7.016 ns)

 <State 13>: 7.300ns
The critical path consists of the following:
	bus request operation ('emissions_addr_req', ../image_analysis.cpp:116->../image_analysis.cpp:172) on port 'emissions' (../image_analysis.cpp:116->../image_analysis.cpp:172) [17]  (7.300 ns)

 <State 14>: 7.300ns
The critical path consists of the following:
	bus write operation ('write_ln116', ../image_analysis.cpp:116->../image_analysis.cpp:172) on port 'emissions' (../image_analysis.cpp:116->../image_analysis.cpp:172) [18]  (7.300 ns)

 <State 15>: 7.300ns
The critical path consists of the following:
	bus response operation ('emissions_addr_resp', ../image_analysis.cpp:116->../image_analysis.cpp:172) on port 'emissions' (../image_analysis.cpp:116->../image_analysis.cpp:172) [19]  (7.300 ns)

 <State 16>: 7.300ns
The critical path consists of the following:
	bus response operation ('emissions_addr_resp', ../image_analysis.cpp:116->../image_analysis.cpp:172) on port 'emissions' (../image_analysis.cpp:116->../image_analysis.cpp:172) [19]  (7.300 ns)

 <State 17>: 7.300ns
The critical path consists of the following:
	bus response operation ('emissions_addr_resp', ../image_analysis.cpp:116->../image_analysis.cpp:172) on port 'emissions' (../image_analysis.cpp:116->../image_analysis.cpp:172) [19]  (7.300 ns)

 <State 18>: 7.300ns
The critical path consists of the following:
	bus response operation ('emissions_addr_resp', ../image_analysis.cpp:116->../image_analysis.cpp:172) on port 'emissions' (../image_analysis.cpp:116->../image_analysis.cpp:172) [19]  (7.300 ns)

 <State 19>: 7.300ns
The critical path consists of the following:
	bus response operation ('emissions_addr_resp', ../image_analysis.cpp:116->../image_analysis.cpp:172) on port 'emissions' (../image_analysis.cpp:116->../image_analysis.cpp:172) [19]  (7.300 ns)


============================================================
+ Verbose Summary: Binding
============================================================
N/A
* FSMD analyzer results:
  - Output states:
 - Input state : 
  - Chain level:
	State 1
	State 2
	State 3
	State 4
	State 5
	State 6
	State 7
	State 8
	State 9
	State 10
	State 11
	State 12
	State 13
	State 14
	State 15
	State 16
	State 17
	State 18
	State 19


============================================================
+ Verbose Summary: Datapath Resource usage 
============================================================
N/A
