

================================================================
== Vitis HLS Report for 'post_process'
================================================================
* Date:           Wed Aug  6 13:39:29 2025

* Version:        2024.2 (Build 5238294 on Nov  8 2024)
* Project:        reconstruct
* Solution:       hls (Vivado IP Flow Target)
* Product family: zynquplusRFSOC
* Target device:  xczu49dr-ffvf1760-2-e


================================================================
== Performance Estimates
================================================================
+ Timing: 
    * Summary: 
    +--------+----------+----------+------------+
    |  Clock |  Target  | Estimated| Uncertainty|
    +--------+----------+----------+------------+
    |ap_clk  |  10.00 ns|  7.300 ns|     2.70 ns|
    +--------+----------+----------+------------+

+ Latency: 
    * Summary: 
    +---------+---------+----------+----------+-----+-----+---------+
    |  Latency (cycles) |  Latency (absolute) |  Interval | Pipeline|
    |   min   |   max   |    min   |    max   | min | max |   Type  |
    +---------+---------+----------+----------+-----+-----+---------+
    |       18|       18|  0.180 us|  0.180 us|   18|   18|       no|
    +---------+---------+----------+----------+-----+-----+---------+

    + Detail: 
        * Instance: 
        N/A

        * Loop: 
        N/A

============================================================
+ Verbose Summary: Synthesis Manager
============================================================
InlineROM: 1
ExposeGlobal: 0
============================================================
+ Verbose Summary: CDFG Model
============================================================
IsTopModel: 0
ResetActiveHigh: 1
IsCombinational: 2
IsDatapathOnly: 0
HasWiredReturn: 1
HasMFsm: 0
HasVarLatency: 1
IsPipeline: 0
IsRtlPipelined: 0
IsInstanceOverlapped: 0
IsDontTouch: 0
HasImplIP: 0
IsGatedGlobalClock: 0


============================================================
+ Verbose Summary: Schedule
============================================================
* Number of FSM states : 19
* Pipeline : 0
* Dataflow Pipeline: 0

* FSM state transitions: 
1 --> 2 
2 --> 3 
3 --> 4 
4 --> 5 
5 --> 6 
6 --> 7 
7 --> 8 
8 --> 9 
9 --> 10 
10 --> 11 
11 --> 12 
12 --> 13 
13 --> 14 
14 --> 15 
15 --> 16 
16 --> 17 
17 --> 18 
18 --> 19 
19 --> 

* FSM state operations: 

State 1 <SV = 0> <Delay = 1.83>
ST_1 : Operation 20 [1/1] (1.83ns)   --->   "%curr_imageProjs_read = read i32 @_ssdm_op_Read.ap_auto.float, i32 %curr_imageProjs" [../image_analysis.cpp:115->../image_analysis.cpp:172]   --->   Operation 20 'read' 'curr_imageProjs_read' <Predicate = true> <Delay = 1.83> <CoreInst = "FIFO_SRL">   --->   Core 80 'FIFO_SRL' <Latency = 0> <II = 1> <Delay = 1.83> <Storage> <Opcode : 'read' 'write' 'nbread' 'nbwrite'> <Ports = 0> <Width = -1> <Depth = -1> <FIFO>
ST_1 : Operation 21 [1/1] (1.83ns)   --->   "%projSumUsed_read = read i32 @_ssdm_op_Read.ap_auto.float, i32 %projSumUsed" [../image_analysis.cpp:115->../image_analysis.cpp:172]   --->   Operation 21 'read' 'projSumUsed_read' <Predicate = true> <Delay = 1.83> <CoreInst = "FIFO_SRL">   --->   Core 80 'FIFO_SRL' <Latency = 0> <II = 1> <Delay = 1.83> <Storage> <Opcode : 'read' 'write' 'nbread' 'nbwrite'> <Ports = 0> <Width = -1> <Depth = -1> <FIFO>

State 2 <SV = 1> <Delay = 7.05>
ST_2 : Operation 22 [9/9] (7.05ns)   --->   "%div_i = fdiv i32 %curr_imageProjs_read, i32 %projSumUsed_read" [../image_analysis.cpp:116->../image_analysis.cpp:172]   --->   Operation 22 'fdiv' 'div_i' <Predicate = true> <Delay = 7.05> <CoreInst = "FDiv">   --->   Core 20 'FDiv' <Latency = 8> <II = 1> <Delay = 7.05> <FuncUnit> <Opcode : 'fdiv' 'frem'> <InPorts = 2> <OutPorts = 1>

State 3 <SV = 2> <Delay = 7.05>
ST_3 : Operation 23 [8/9] (7.05ns)   --->   "%div_i = fdiv i32 %curr_imageProjs_read, i32 %projSumUsed_read" [../image_analysis.cpp:116->../image_analysis.cpp:172]   --->   Operation 23 'fdiv' 'div_i' <Predicate = true> <Delay = 7.05> <CoreInst = "FDiv">   --->   Core 20 'FDiv' <Latency = 8> <II = 1> <Delay = 7.05> <FuncUnit> <Opcode : 'fdiv' 'frem'> <InPorts = 2> <OutPorts = 1>

State 4 <SV = 3> <Delay = 7.05>
ST_4 : Operation 24 [7/9] (7.05ns)   --->   "%div_i = fdiv i32 %curr_imageProjs_read, i32 %projSumUsed_read" [../image_analysis.cpp:116->../image_analysis.cpp:172]   --->   Operation 24 'fdiv' 'div_i' <Predicate = true> <Delay = 7.05> <CoreInst = "FDiv">   --->   Core 20 'FDiv' <Latency = 8> <II = 1> <Delay = 7.05> <FuncUnit> <Opcode : 'fdiv' 'frem'> <InPorts = 2> <OutPorts = 1>

State 5 <SV = 4> <Delay = 7.05>
ST_5 : Operation 25 [6/9] (7.05ns)   --->   "%div_i = fdiv i32 %curr_imageProjs_read, i32 %projSumUsed_read" [../image_analysis.cpp:116->../image_analysis.cpp:172]   --->   Operation 25 'fdiv' 'div_i' <Predicate = true> <Delay = 7.05> <CoreInst = "FDiv">   --->   Core 20 'FDiv' <Latency = 8> <II = 1> <Delay = 7.05> <FuncUnit> <Opcode : 'fdiv' 'frem'> <InPorts = 2> <OutPorts = 1>

State 6 <SV = 5> <Delay = 7.05>
ST_6 : Operation 26 [5/9] (7.05ns)   --->   "%div_i = fdiv i32 %curr_imageProjs_read, i32 %projSumUsed_read" [../image_analysis.cpp:116->../image_analysis.cpp:172]   --->   Operation 26 'fdiv' 'div_i' <Predicate = true> <Delay = 7.05> <CoreInst = "FDiv">   --->   Core 20 'FDiv' <Latency = 8> <II = 1> <Delay = 7.05> <FuncUnit> <Opcode : 'fdiv' 'frem'> <InPorts = 2> <OutPorts = 1>

State 7 <SV = 6> <Delay = 7.05>
ST_7 : Operation 27 [4/9] (7.05ns)   --->   "%div_i = fdiv i32 %curr_imageProjs_read, i32 %projSumUsed_read" [../image_analysis.cpp:116->../image_analysis.cpp:172]   --->   Operation 27 'fdiv' 'div_i' <Predicate = true> <Delay = 7.05> <CoreInst = "FDiv">   --->   Core 20 'FDiv' <Latency = 8> <II = 1> <Delay = 7.05> <FuncUnit> <Opcode : 'fdiv' 'frem'> <InPorts = 2> <OutPorts = 1>

State 8 <SV = 7> <Delay = 7.05>
ST_8 : Operation 28 [3/9] (7.05ns)   --->   "%div_i = fdiv i32 %curr_imageProjs_read, i32 %projSumUsed_read" [../image_analysis.cpp:116->../image_analysis.cpp:172]   --->   Operation 28 'fdiv' 'div_i' <Predicate = true> <Delay = 7.05> <CoreInst = "FDiv">   --->   Core 20 'FDiv' <Latency = 8> <II = 1> <Delay = 7.05> <FuncUnit> <Opcode : 'fdiv' 'frem'> <InPorts = 2> <OutPorts = 1>

State 9 <SV = 8> <Delay = 7.05>
ST_9 : Operation 29 [2/9] (7.05ns)   --->   "%div_i = fdiv i32 %curr_imageProjs_read, i32 %projSumUsed_read" [../image_analysis.cpp:116->../image_analysis.cpp:172]   --->   Operation 29 'fdiv' 'div_i' <Predicate = true> <Delay = 7.05> <CoreInst = "FDiv">   --->   Core 20 'FDiv' <Latency = 8> <II = 1> <Delay = 7.05> <FuncUnit> <Opcode : 'fdiv' 'frem'> <InPorts = 2> <OutPorts = 1>

State 10 <SV = 9> <Delay = 7.05>
ST_10 : Operation 30 [1/1] (1.83ns)   --->   "%sum_read = read i32 @_ssdm_op_Read.ap_auto.float, i32 %sum" [../image_analysis.cpp:115->../image_analysis.cpp:172]   --->   Operation 30 'read' 'sum_read' <Predicate = true> <Delay = 1.83> <CoreInst = "FIFO_SRL">   --->   Core 80 'FIFO_SRL' <Latency = 0> <II = 1> <Delay = 1.83> <Storage> <Opcode : 'read' 'write' 'nbread' 'nbwrite'> <Ports = 0> <Width = -1> <Depth = -1> <FIFO>
ST_10 : Operation 31 [1/9] (7.05ns)   --->   "%div_i = fdiv i32 %curr_imageProjs_read, i32 %projSumUsed_read" [../image_analysis.cpp:116->../image_analysis.cpp:172]   --->   Operation 31 'fdiv' 'div_i' <Predicate = true> <Delay = 7.05> <CoreInst = "FDiv">   --->   Core 20 'FDiv' <Latency = 8> <II = 1> <Delay = 7.05> <FuncUnit> <Opcode : 'fdiv' 'frem'> <InPorts = 2> <OutPorts = 1>

State 11 <SV = 10> <Delay = 7.01>
ST_11 : Operation 32 [3/3] (7.01ns)   --->   "%mul_i = fmul i32 %div_i, i32 %sum_read" [../image_analysis.cpp:116->../image_analysis.cpp:172]   --->   Operation 32 'fmul' 'mul_i' <Predicate = true> <Delay = 7.01> <CoreInst = "FMul_maxdsp">   --->   Core 30 'FMul_maxdsp' <Latency = 2> <II = 1> <Delay = 7.01> <FuncUnit> <Opcode : 'fmul'> <InPorts = 2> <OutPorts = 1>

State 12 <SV = 11> <Delay = 7.01>
ST_12 : Operation 33 [1/1] (1.83ns)   --->   "%dout_read = read i64 @_ssdm_op_Read.ap_auto.i64, i64 %dout" [../image_analysis.cpp:115->../image_analysis.cpp:172]   --->   Operation 33 'read' 'dout_read' <Predicate = true> <Delay = 1.83> <CoreInst = "FIFO_SRL">   --->   Core 80 'FIFO_SRL' <Latency = 0> <II = 1> <Delay = 1.83> <Storage> <Opcode : 'read' 'write' 'nbread' 'nbwrite'> <Ports = 0> <Width = -1> <Depth = -1> <FIFO>
ST_12 : Operation 34 [2/3] (7.01ns)   --->   "%mul_i = fmul i32 %div_i, i32 %sum_read" [../image_analysis.cpp:116->../image_analysis.cpp:172]   --->   Operation 34 'fmul' 'mul_i' <Predicate = true> <Delay = 7.01> <CoreInst = "FMul_maxdsp">   --->   Core 30 'FMul_maxdsp' <Latency = 2> <II = 1> <Delay = 7.01> <FuncUnit> <Opcode : 'fmul'> <InPorts = 2> <OutPorts = 1>
ST_12 : Operation 35 [1/1] (0.00ns)   --->   "%trunc_ln = partselect i62 @_ssdm_op_PartSelect.i62.i64.i32.i32, i64 %dout_read, i32 2, i32 63" [../image_analysis.cpp:116->../image_analysis.cpp:172]   --->   Operation 35 'partselect' 'trunc_ln' <Predicate = true> <Delay = 0.00>
ST_12 : Operation 36 [1/1] (0.00ns)   --->   "%sext_ln116 = sext i62 %trunc_ln" [../image_analysis.cpp:116->../image_analysis.cpp:172]   --->   Operation 36 'sext' 'sext_ln116' <Predicate = true> <Delay = 0.00>
ST_12 : Operation 37 [1/1] (0.00ns)   --->   "%emissions_addr = getelementptr i32 %emissions, i64 %sext_ln116" [../image_analysis.cpp:116->../image_analysis.cpp:172]   --->   Operation 37 'getelementptr' 'emissions_addr' <Predicate = true> <Delay = 0.00>

State 13 <SV = 12> <Delay = 7.30>
ST_13 : Operation 38 [1/3] (7.01ns)   --->   "%mul_i = fmul i32 %div_i, i32 %sum_read" [../image_analysis.cpp:116->../image_analysis.cpp:172]   --->   Operation 38 'fmul' 'mul_i' <Predicate = true> <Delay = 7.01> <CoreInst = "FMul_maxdsp">   --->   Core 30 'FMul_maxdsp' <Latency = 2> <II = 1> <Delay = 7.01> <FuncUnit> <Opcode : 'fmul'> <InPorts = 2> <OutPorts = 1>
ST_13 : Operation 39 [1/1] (7.30ns)   --->   "%emissions_addr_req = writereq i1 @_ssdm_op_WriteReq.m_axi.i32P1A, i32 %emissions_addr, i64 1" [../image_analysis.cpp:116->../image_analysis.cpp:172]   --->   Operation 39 'writereq' 'emissions_addr_req' <Predicate = true> <Delay = 7.30> <CoreInst = "m_axi">   --->   Core 119 'm_axi' <Latency = 9> <II = 1> <Delay = 1.00> <Adapter> <Opcode : 'read' 'write' 'readreq' 'writereq' 'writeresp'>

State 14 <SV = 13> <Delay = 7.30>
ST_14 : Operation 40 [1/1] (0.00ns)   --->   "%bitcast_ln116 = bitcast i32 %mul_i" [../image_analysis.cpp:116->../image_analysis.cpp:172]   --->   Operation 40 'bitcast' 'bitcast_ln116' <Predicate = true> <Delay = 0.00>
ST_14 : Operation 41 [1/1] (7.30ns)   --->   "%write_ln116 = write void @_ssdm_op_Write.m_axi.i32P1A, i32 %emissions_addr, i32 %bitcast_ln116, i4 15" [../image_analysis.cpp:116->../image_analysis.cpp:172]   --->   Operation 41 'write' 'write_ln116' <Predicate = true> <Delay = 7.30> <CoreInst = "m_axi">   --->   Core 119 'm_axi' <Latency = 5> <II = 1> <Delay = 1.00> <Adapter> <Opcode : 'read' 'write' 'readreq' 'writereq' 'writeresp'>

State 15 <SV = 14> <Delay = 7.30>
ST_15 : Operation 42 [5/5] (7.30ns)   --->   "%emissions_addr_resp = writeresp i1 @_ssdm_op_WriteResp.m_axi.i32P1A, i32 %emissions_addr" [../image_analysis.cpp:116->../image_analysis.cpp:172]   --->   Operation 42 'writeresp' 'emissions_addr_resp' <Predicate = true> <Delay = 7.30> <CoreInst = "m_axi">   --->   Core 119 'm_axi' <Latency = 3> <II = 1> <Delay = 1.00> <Adapter> <Opcode : 'read' 'write' 'readreq' 'writereq' 'writeresp'>

State 16 <SV = 15> <Delay = 7.30>
ST_16 : Operation 43 [4/5] (7.30ns)   --->   "%emissions_addr_resp = writeresp i1 @_ssdm_op_WriteResp.m_axi.i32P1A, i32 %emissions_addr" [../image_analysis.cpp:116->../image_analysis.cpp:172]   --->   Operation 43 'writeresp' 'emissions_addr_resp' <Predicate = true> <Delay = 7.30> <CoreInst = "m_axi">   --->   Core 119 'm_axi' <Latency = 3> <II = 1> <Delay = 1.00> <Adapter> <Opcode : 'read' 'write' 'readreq' 'writereq' 'writeresp'>

State 17 <SV = 16> <Delay = 7.30>
ST_17 : Operation 44 [3/5] (7.30ns)   --->   "%emissions_addr_resp = writeresp i1 @_ssdm_op_WriteResp.m_axi.i32P1A, i32 %emissions_addr" [../image_analysis.cpp:116->../image_analysis.cpp:172]   --->   Operation 44 'writeresp' 'emissions_addr_resp' <Predicate = true> <Delay = 7.30> <CoreInst = "m_axi">   --->   Core 119 'm_axi' <Latency = 3> <II = 1> <Delay = 1.00> <Adapter> <Opcode : 'read' 'write' 'readreq' 'writereq' 'writeresp'>

State 18 <SV = 17> <Delay = 7.30>
ST_18 : Operation 45 [2/5] (7.30ns)   --->   "%emissions_addr_resp = writeresp i1 @_ssdm_op_WriteResp.m_axi.i32P1A, i32 %emissions_addr" [../image_analysis.cpp:116->../image_analysis.cpp:172]   --->   Operation 45 'writeresp' 'emissions_addr_resp' <Predicate = true> <Delay = 7.30> <CoreInst = "m_axi">   --->   Core 119 'm_axi' <Latency = 3> <II = 1> <Delay = 1.00> <Adapter> <Opcode : 'read' 'write' 'readreq' 'writereq' 'writeresp'>

State 19 <SV = 18> <Delay = 7.30>
ST_19 : Operation 46 [1/1] (0.00ns)   --->   "%specinterface_ln0 = specinterface void @_ssdm_op_SpecInterface, i32 %emissions, void @empty_16, i32 0, i32 0, void @empty_17, i32 0, i32 1600, void @empty_0, void @empty_19, void @empty_17, i32 16, i32 16, i32 16, i32 16, void @empty_17, void @empty_17, i32 4294967295, i32 0, i32 0"   --->   Operation 46 'specinterface' 'specinterface_ln0' <Predicate = true> <Delay = 0.00>
ST_19 : Operation 47 [1/5] (7.30ns)   --->   "%emissions_addr_resp = writeresp i1 @_ssdm_op_WriteResp.m_axi.i32P1A, i32 %emissions_addr" [../image_analysis.cpp:116->../image_analysis.cpp:172]   --->   Operation 47 'writeresp' 'emissions_addr_resp' <Predicate = true> <Delay = 7.30> <CoreInst = "m_axi">   --->   Core 119 'm_axi' <Latency = 3> <II = 1> <Delay = 1.00> <Adapter> <Opcode : 'read' 'write' 'readreq' 'writereq' 'writeresp'>
ST_19 : Operation 48 [1/1] (0.00ns)   --->   "%ret_ln172 = ret" [../image_analysis.cpp:172]   --->   Operation 48 'ret' 'ret_ln172' <Predicate = true> <Delay = 0.00>


============================================================
+ Verbose Summary: Binding
============================================================
STG Binding: 
---------------- STG Properties BEGIN ----------------
- Is combinational: 0
- Is one-state seq: 0
- Is datapath-only: 0
- Is pipelined: 0
- Is top level: 0
Port [ Return ] is wired: 1; IO mode=ap_ctrl_hs:ce=0
Port [ projSumUsed]:  wired=1; compound=0; hidden=0; nouse=0; global=0; static=0; extern=0; dir=0; type=0; pingpong=0; private_global=0; IO mode=ap_none:ce=0
Port [ sum]:  wired=1; compound=0; hidden=0; nouse=0; global=0; static=0; extern=0; dir=0; type=0; pingpong=0; private_global=0; IO mode=ap_none:ce=0
Port [ curr_imageProjs]:  wired=1; compound=0; hidden=0; nouse=0; global=0; static=0; extern=0; dir=0; type=0; pingpong=0; private_global=0; IO mode=ap_none:ce=0
Port [ emissions]:  wired=1; compound=1; hidden=0; nouse=0; global=0; static=0; extern=0; dir=1; type=4; pingpong=0; private_global=0; IO mode=m_axi:ce=0
Port [ dout]:  wired=1; compound=0; hidden=0; nouse=0; global=0; static=0; extern=0; dir=0; type=0; pingpong=0; private_global=0; IO mode=ap_none:ce=0
---------------- STG Properties END ------------------

---------------- Datapath Model BEGIN ----------------

<LifeTime>
<method=bitvector/>
curr_imageProjs_read (read         ) [ 00111111111000000000]
projSumUsed_read     (read         ) [ 00111111111000000000]
sum_read             (read         ) [ 00000000000111000000]
div_i                (fdiv         ) [ 00000000000111000000]
dout_read            (read         ) [ 00000000000000000000]
trunc_ln             (partselect   ) [ 00000000000000000000]
sext_ln116           (sext         ) [ 00000000000000000000]
emissions_addr       (getelementptr) [ 00000000000001111111]
mul_i                (fmul         ) [ 00000000000000100000]
emissions_addr_req   (writereq     ) [ 00000000000000000000]
bitcast_ln116        (bitcast      ) [ 00000000000000000000]
write_ln116          (write        ) [ 00000000000000000000]
specinterface_ln0    (specinterface) [ 00000000000000000000]
emissions_addr_resp  (writeresp    ) [ 00000000000000000000]
ret_ln172            (ret          ) [ 00000000000000000000]
</LifeTime>

<model>

<comp_list>
<comp id="0" class="1000" name="projSumUsed">
<pin_list>
<pin id="1" dir="1" index="0" bw="1" slack="0"/>
</pin_list>
<bind>
<StgValue><ssdm name="projSumUsed"/></StgValue>
</bind>
</comp>

<comp id="2" class="1000" name="sum">
<pin_list>
<pin id="3" dir="1" index="0" bw="1" slack="0"/>
</pin_list>
<bind>
<StgValue><ssdm name="sum"/></StgValue>
</bind>
</comp>

<comp id="4" class="1000" name="curr_imageProjs">
<pin_list>
<pin id="5" dir="1" index="0" bw="1" slack="0"/>
</pin_list>
<bind>
<StgValue><ssdm name="curr_imageProjs"/></StgValue>
</bind>
</comp>

<comp id="6" class="1000" name="emissions">
<pin_list>
<pin id="7" dir="1" index="0" bw="1" slack="0"/>
</pin_list>
<bind>
<StgValue><ssdm name="emissions"/><MemPortTyVec>1 </MemPortTyVec>
</StgValue>
</bind>
</comp>

<comp id="8" class="1000" name="dout">
<pin_list>
<pin id="9" dir="1" index="0" bw="1" slack="0"/>
</pin_list>
<bind>
<StgValue><ssdm name="dout"/></StgValue>
</bind>
</comp>

<comp id="10" class="1001" name="const_10">
<pin_list>
<pin id="11" dir="1" index="0" bw="1" slack="0"/>
</pin_list>
<bind>
<StgValue><ssdm name="_ssdm_op_Read.ap_auto.float"/></StgValue>
</bind>
</comp>

<comp id="12" class="1001" name="const_12">
<pin_list>
<pin id="13" dir="1" index="0" bw="1" slack="0"/>
</pin_list>
<bind>
<StgValue><ssdm name="_ssdm_op_Read.ap_auto.i64"/></StgValue>
</bind>
</comp>

<comp id="14" class="1001" name="const_14">
<pin_list>
<pin id="15" dir="1" index="0" bw="1" slack="0"/>
</pin_list>
<bind>
<StgValue><ssdm name="_ssdm_op_PartSelect.i62.i64.i32.i32"/></StgValue>
</bind>
</comp>

<comp id="16" class="1001" name="const_16">
<pin_list>
<pin id="17" dir="1" index="0" bw="1" slack="0"/>
</pin_list>
<bind>
<StgValue><ssdm name=""/></StgValue>
</bind>
</comp>

<comp id="18" class="1001" name="const_18">
<pin_list>
<pin id="19" dir="1" index="0" bw="1" slack="0"/>
</pin_list>
<bind>
<StgValue><ssdm name=""/></StgValue>
</bind>
</comp>

<comp id="20" class="1001" name="const_20">
<pin_list>
<pin id="21" dir="1" index="0" bw="1" slack="0"/>
</pin_list>
<bind>
<StgValue><ssdm name="_ssdm_op_WriteReq.m_axi.i32P1A"/></StgValue>
</bind>
</comp>

<comp id="22" class="1001" name="const_22">
<pin_list>
<pin id="23" dir="1" index="0" bw="1" slack="0"/>
</pin_list>
<bind>
<StgValue><ssdm name=""/></StgValue>
</bind>
</comp>

<comp id="24" class="1001" name="const_24">
<pin_list>
<pin id="25" dir="1" index="0" bw="1" slack="0"/>
</pin_list>
<bind>
<StgValue><ssdm name="_ssdm_op_Write.m_axi.i32P1A"/></StgValue>
</bind>
</comp>

<comp id="26" class="1001" name="const_26">
<pin_list>
<pin id="27" dir="1" index="0" bw="1" slack="0"/>
</pin_list>
<bind>
<StgValue><ssdm name=""/></StgValue>
</bind>
</comp>

<comp id="28" class="1001" name="const_28">
<pin_list>
<pin id="29" dir="1" index="0" bw="1" slack="0"/>
</pin_list>
<bind>
<StgValue><ssdm name="_ssdm_op_WriteResp.m_axi.i32P1A"/></StgValue>
</bind>
</comp>

<comp id="30" class="1001" name="const_30">
<pin_list>
<pin id="31" dir="1" index="0" bw="1" slack="2147483647"/>
</pin_list>
<bind>
<StgValue><ssdm name="_ssdm_op_SpecInterface"/></StgValue>
</bind>
</comp>

<comp id="32" class="1001" name="const_32">
<pin_list>
<pin id="33" dir="1" index="0" bw="1" slack="2147483647"/>
</pin_list>
<bind>
<StgValue><ssdm name="empty_16"/></StgValue>
</bind>
</comp>

<comp id="34" class="1001" name="const_34">
<pin_list>
<pin id="35" dir="1" index="0" bw="1" slack="2147483647"/>
</pin_list>
<bind>
<StgValue><ssdm name=""/></StgValue>
</bind>
</comp>

<comp id="36" class="1001" name="const_36">
<pin_list>
<pin id="37" dir="1" index="0" bw="1" slack="2147483647"/>
</pin_list>
<bind>
<StgValue><ssdm name="empty_17"/></StgValue>
</bind>
</comp>

<comp id="38" class="1001" name="const_38">
<pin_list>
<pin id="39" dir="1" index="0" bw="1" slack="2147483647"/>
</pin_list>
<bind>
<StgValue><ssdm name=""/></StgValue>
</bind>
</comp>

<comp id="40" class="1001" name="const_40">
<pin_list>
<pin id="41" dir="1" index="0" bw="1" slack="2147483647"/>
</pin_list>
<bind>
<StgValue><ssdm name="empty_0"/></StgValue>
</bind>
</comp>

<comp id="42" class="1001" name="const_42">
<pin_list>
<pin id="43" dir="1" index="0" bw="1" slack="2147483647"/>
</pin_list>
<bind>
<StgValue><ssdm name="empty_19"/></StgValue>
</bind>
</comp>

<comp id="44" class="1001" name="const_44">
<pin_list>
<pin id="45" dir="1" index="0" bw="1" slack="2147483647"/>
</pin_list>
<bind>
<StgValue><ssdm name=""/></StgValue>
</bind>
</comp>

<comp id="46" class="1001" name="const_46">
<pin_list>
<pin id="47" dir="1" index="0" bw="1" slack="2147483647"/>
</pin_list>
<bind>
<StgValue><ssdm name=""/></StgValue>
</bind>
</comp>

<comp id="48" class="1004" name="curr_imageProjs_read_read_fu_48">
<pin_list>
<pin id="49" dir="0" index="0" bw="32" slack="0"/>
<pin id="50" dir="0" index="1" bw="32" slack="0"/>
<pin id="51" dir="1" index="2" bw="32" slack="1"/>
</pin_list>
<bind>
<opcode="read(1150) " fcode="read"/>
<opset="curr_imageProjs_read/1 "/>
</bind>
</comp>

<comp id="54" class="1004" name="projSumUsed_read_read_fu_54">
<pin_list>
<pin id="55" dir="0" index="0" bw="32" slack="0"/>
<pin id="56" dir="0" index="1" bw="32" slack="0"/>
<pin id="57" dir="1" index="2" bw="32" slack="1"/>
</pin_list>
<bind>
<opcode="read(1150) " fcode="read"/>
<opset="projSumUsed_read/1 "/>
</bind>
</comp>

<comp id="60" class="1004" name="sum_read_read_fu_60">
<pin_list>
<pin id="61" dir="0" index="0" bw="32" slack="0"/>
<pin id="62" dir="0" index="1" bw="32" slack="0"/>
<pin id="63" dir="1" index="2" bw="32" slack="1"/>
</pin_list>
<bind>
<opcode="read(1150) " fcode="read"/>
<opset="sum_read/10 "/>
</bind>
</comp>

<comp id="66" class="1004" name="dout_read_read_fu_66">
<pin_list>
<pin id="67" dir="0" index="0" bw="64" slack="0"/>
<pin id="68" dir="0" index="1" bw="64" slack="0"/>
<pin id="69" dir="1" index="2" bw="64" slack="0"/>
</pin_list>
<bind>
<opcode="read(1150) " fcode="read"/>
<opset="dout_read/12 "/>
</bind>
</comp>

<comp id="72" class="1004" name="grp_writeresp_fu_72">
<pin_list>
<pin id="73" dir="0" index="0" bw="1" slack="0"/>
<pin id="74" dir="0" index="1" bw="32" slack="1"/>
<pin id="75" dir="0" index="2" bw="1" slack="0"/>
<pin id="76" dir="1" index="3" bw="1" slack="2147483647"/>
</pin_list>
<bind>
<opcode="writereq(1155) writeresp(1158) " fcode="writeresp"/>
<opset="emissions_addr_req/13 emissions_addr_resp/15 "/>
</bind>
</comp>

<comp id="79" class="1004" name="write_ln116_write_fu_79">
<pin_list>
<pin id="80" dir="0" index="0" bw="0" slack="0"/>
<pin id="81" dir="0" index="1" bw="32" slack="2"/>
<pin id="82" dir="0" index="2" bw="32" slack="0"/>
<pin id="83" dir="0" index="3" bw="1" slack="0"/>
<pin id="84" dir="1" index="4" bw="0" slack="2147483647"/>
</pin_list>
<bind>
<opcode="write(1151) " fcode="write"/>
<opset="write_ln116/14 "/>
</bind>
</comp>

<comp id="88" class="1004" name="grp_fu_88">
<pin_list>
<pin id="89" dir="0" index="0" bw="32" slack="1"/>
<pin id="90" dir="0" index="1" bw="32" slack="1"/>
<pin id="91" dir="1" index="2" bw="32" slack="1"/>
</pin_list>
<bind>
<opcode="fmul(13) " fcode="fmul"/>
<opset="mul_i/11 "/>
</bind>
</comp>

<comp id="92" class="1004" name="grp_fu_92">
<pin_list>
<pin id="93" dir="0" index="0" bw="32" slack="1"/>
<pin id="94" dir="0" index="1" bw="32" slack="1"/>
<pin id="95" dir="1" index="2" bw="32" slack="1"/>
</pin_list>
<bind>
<opcode="fdiv(16) " fcode="fdiv"/>
<opset="div_i/2 "/>
</bind>
</comp>

<comp id="96" class="1004" name="trunc_ln_fu_96">
<pin_list>
<pin id="97" dir="0" index="0" bw="62" slack="0"/>
<pin id="98" dir="0" index="1" bw="64" slack="0"/>
<pin id="99" dir="0" index="2" bw="3" slack="0"/>
<pin id="100" dir="0" index="3" bw="7" slack="0"/>
<pin id="101" dir="1" index="4" bw="62" slack="0"/>
</pin_list>
<bind>
<opcode="partselect(1002) " fcode="partselect"/>
<opset="trunc_ln/12 "/>
</bind>
</comp>

<comp id="106" class="1004" name="sext_ln116_fu_106">
<pin_list>
<pin id="107" dir="0" index="0" bw="62" slack="0"/>
<pin id="108" dir="1" index="1" bw="64" slack="0"/>
</pin_list>
<bind>
<opcode="sext(35) " fcode="sext"/>
<opset="sext_ln116/12 "/>
</bind>
</comp>

<comp id="110" class="1004" name="emissions_addr_fu_110">
<pin_list>
<pin id="111" dir="0" index="0" bw="32" slack="0"/>
<pin id="112" dir="0" index="1" bw="62" slack="0"/>
<pin id="113" dir="1" index="2" bw="32" slack="1"/>
</pin_list>
<bind>
<opcode="getelementptr(29) " fcode="getelementptr"/>
<opset="emissions_addr/12 "/>
</bind>
</comp>

<comp id="116" class="1004" name="bitcast_ln116_fu_116">
<pin_list>
<pin id="117" dir="0" index="0" bw="32" slack="1"/>
<pin id="118" dir="1" index="1" bw="32" slack="0"/>
</pin_list>
<bind>
<opcode="bitcast(44) " fcode="bitcast"/>
<opset="bitcast_ln116/14 "/>
</bind>
</comp>

<comp id="120" class="1005" name="curr_imageProjs_read_reg_120">
<pin_list>
<pin id="121" dir="0" index="0" bw="32" slack="1"/>
<pin id="122" dir="1" index="1" bw="32" slack="1"/>
</pin_list>
<bind>
<opset="curr_imageProjs_read "/>
</bind>
</comp>

<comp id="125" class="1005" name="projSumUsed_read_reg_125">
<pin_list>
<pin id="126" dir="0" index="0" bw="32" slack="1"/>
<pin id="127" dir="1" index="1" bw="32" slack="1"/>
</pin_list>
<bind>
<opset="projSumUsed_read "/>
</bind>
</comp>

<comp id="130" class="1005" name="sum_read_reg_130">
<pin_list>
<pin id="131" dir="0" index="0" bw="32" slack="1"/>
<pin id="132" dir="1" index="1" bw="32" slack="1"/>
</pin_list>
<bind>
<opset="sum_read "/>
</bind>
</comp>

<comp id="135" class="1005" name="div_i_reg_135">
<pin_list>
<pin id="136" dir="0" index="0" bw="32" slack="1"/>
<pin id="137" dir="1" index="1" bw="32" slack="1"/>
</pin_list>
<bind>
<opset="div_i "/>
</bind>
</comp>

<comp id="140" class="1005" name="emissions_addr_reg_140">
<pin_list>
<pin id="141" dir="0" index="0" bw="32" slack="1"/>
<pin id="142" dir="1" index="1" bw="32" slack="1"/>
</pin_list>
<bind>
<opset="emissions_addr "/>
</bind>
</comp>

<comp id="146" class="1005" name="mul_i_reg_146">
<pin_list>
<pin id="147" dir="0" index="0" bw="32" slack="1"/>
<pin id="148" dir="1" index="1" bw="32" slack="1"/>
</pin_list>
<bind>
<opset="mul_i "/>
</bind>
</comp>

</comp_list>

<net_list>
<net id="52"><net_src comp="10" pin="0"/><net_sink comp="48" pin=0"/></net>

<net id="53"><net_src comp="4" pin="0"/><net_sink comp="48" pin=1"/></net>

<net id="58"><net_src comp="10" pin="0"/><net_sink comp="54" pin=0"/></net>

<net id="59"><net_src comp="0" pin="0"/><net_sink comp="54" pin=1"/></net>

<net id="64"><net_src comp="10" pin="0"/><net_sink comp="60" pin=0"/></net>

<net id="65"><net_src comp="2" pin="0"/><net_sink comp="60" pin=1"/></net>

<net id="70"><net_src comp="12" pin="0"/><net_sink comp="66" pin=0"/></net>

<net id="71"><net_src comp="8" pin="0"/><net_sink comp="66" pin=1"/></net>

<net id="77"><net_src comp="20" pin="0"/><net_sink comp="72" pin=0"/></net>

<net id="78"><net_src comp="22" pin="0"/><net_sink comp="72" pin=2"/></net>

<net id="85"><net_src comp="24" pin="0"/><net_sink comp="79" pin=0"/></net>

<net id="86"><net_src comp="26" pin="0"/><net_sink comp="79" pin=3"/></net>

<net id="87"><net_src comp="28" pin="0"/><net_sink comp="72" pin=0"/></net>

<net id="102"><net_src comp="14" pin="0"/><net_sink comp="96" pin=0"/></net>

<net id="103"><net_src comp="66" pin="2"/><net_sink comp="96" pin=1"/></net>

<net id="104"><net_src comp="16" pin="0"/><net_sink comp="96" pin=2"/></net>

<net id="105"><net_src comp="18" pin="0"/><net_sink comp="96" pin=3"/></net>

<net id="109"><net_src comp="96" pin="4"/><net_sink comp="106" pin=0"/></net>

<net id="114"><net_src comp="6" pin="0"/><net_sink comp="110" pin=0"/></net>

<net id="115"><net_src comp="106" pin="1"/><net_sink comp="110" pin=1"/></net>

<net id="119"><net_src comp="116" pin="1"/><net_sink comp="79" pin=2"/></net>

<net id="123"><net_src comp="48" pin="2"/><net_sink comp="120" pin=0"/></net>

<net id="124"><net_src comp="120" pin="1"/><net_sink comp="92" pin=0"/></net>

<net id="128"><net_src comp="54" pin="2"/><net_sink comp="125" pin=0"/></net>

<net id="129"><net_src comp="125" pin="1"/><net_sink comp="92" pin=1"/></net>

<net id="133"><net_src comp="60" pin="2"/><net_sink comp="130" pin=0"/></net>

<net id="134"><net_src comp="130" pin="1"/><net_sink comp="88" pin=1"/></net>

<net id="138"><net_src comp="92" pin="2"/><net_sink comp="135" pin=0"/></net>

<net id="139"><net_src comp="135" pin="1"/><net_sink comp="88" pin=0"/></net>

<net id="143"><net_src comp="110" pin="2"/><net_sink comp="140" pin=0"/></net>

<net id="144"><net_src comp="140" pin="1"/><net_sink comp="72" pin=1"/></net>

<net id="145"><net_src comp="140" pin="1"/><net_sink comp="79" pin=1"/></net>

<net id="149"><net_src comp="88" pin="2"/><net_sink comp="146" pin=0"/></net>

<net id="150"><net_src comp="146" pin="1"/><net_sink comp="116" pin=0"/></net>

</net_list>

</model> 
---------------- Datapath Model END ------------------

* FSMD analyzer results:
  - Output states:
	Port: emissions | {13 14 15 16 17 18 19 }
 - Input state : 
	Port: post_process : projSumUsed | {1 }
	Port: post_process : sum | {10 }
	Port: post_process : curr_imageProjs | {1 }
	Port: post_process : dout | {12 }
  - Chain level:
	State 1
	State 2
	State 3
	State 4
	State 5
	State 6
	State 7
	State 8
	State 9
	State 10
	State 11
	State 12
		sext_ln116 : 1
		emissions_addr : 2
	State 13
	State 14
		write_ln116 : 1
	State 15
	State 16
	State 17
	State 18
	State 19


============================================================
+ Verbose Summary: Datapath Resource usage 
============================================================

* Functional unit list:
|----------|---------------------------------|---------|---------|---------|
| Operation|         Functional Unit         |   DSP   |    FF   |   LUT   |
|----------|---------------------------------|---------|---------|---------|
|   fmul   |            grp_fu_88            |    3    |   128   |   135   |
|----------|---------------------------------|---------|---------|---------|
|          | curr_imageProjs_read_read_fu_48 |    0    |    0    |    0    |
|   read   |   projSumUsed_read_read_fu_54   |    0    |    0    |    0    |
|          |       sum_read_read_fu_60       |    0    |    0    |    0    |
|          |       dout_read_read_fu_66      |    0    |    0    |    0    |
|----------|---------------------------------|---------|---------|---------|
| writeresp|       grp_writeresp_fu_72       |    0    |    0    |    0    |
|----------|---------------------------------|---------|---------|---------|
|   write  |     write_ln116_write_fu_79     |    0    |    0    |    0    |
|----------|---------------------------------|---------|---------|---------|
|   fdiv   |            grp_fu_92            |    0    |    0    |    0    |
|----------|---------------------------------|---------|---------|---------|
|partselect|          trunc_ln_fu_96         |    0    |    0    |    0    |
|----------|---------------------------------|---------|---------|---------|
|   sext   |        sext_ln116_fu_106        |    0    |    0    |    0    |
|----------|---------------------------------|---------|---------|---------|
|   Total  |                                 |    3    |   128   |   135   |
|----------|---------------------------------|---------|---------|---------|

Memories:
N/A

* Register list:
+----------------------------+--------+
|                            |   FF   |
+----------------------------+--------+
|curr_imageProjs_read_reg_120|   32   |
|        div_i_reg_135       |   32   |
|   emissions_addr_reg_140   |   32   |
|        mul_i_reg_146       |   32   |
|  projSumUsed_read_reg_125  |   32   |
|      sum_read_reg_130      |   32   |
+----------------------------+--------+
|            Total           |   192  |
+----------------------------+--------+

* Multiplexer (MUX) list: 
|---------------------|------|------|------|--------||---------|
|         Comp        |  Pin | Size |  BW  | S x BW ||  Delay  |
|---------------------|------|------|------|--------||---------|
| grp_writeresp_fu_72 |  p0  |   2  |   1  |    2   |
|---------------------|------|------|------|--------||---------|
|        Total        |      |      |      |    2   ||  0.427  |
|---------------------|------|------|------|--------||---------|



* Summary:
+-----------+--------+--------+--------+--------+
|           |   DSP  |  Delay |   FF   |   LUT  |
+-----------+--------+--------+--------+--------+
|  Function |    3   |    -   |   128  |   135  |
|   Memory  |    -   |    -   |    -   |    -   |
|Multiplexer|    -   |    0   |    -   |    -   |
|  Register |    -   |    -   |   192  |    -   |
+-----------+--------+--------+--------+--------+
|   Total   |    3   |    0   |   320  |   135  |
+-----------+--------+--------+--------+--------+
