

================================================================
== Vitis HLS Report for 'reconstruct'
================================================================
* Date:           Sat Jul 26 18:27:53 2025

* Version:        2024.2 (Build 5238294 on Nov  8 2024)
* Project:        reconstruct
* Solution:       hls (Vivado IP Flow Target)
* Product family: zynquplusRFSOC
* Target device:  xczu49dr-ffvf1760-2-e


================================================================
== Performance Estimates
================================================================
+ Timing: 
    * Summary: 
    +--------+----------+----------+------------+
    |  Clock |  Target  | Estimated| Uncertainty|
    +--------+----------+----------+------------+
    |ap_clk  |  10.00 ns|  8.275 ns|     2.70 ns|
    +--------+----------+----------+------------+

+ Latency: 
    * Summary: 
    +---------+---------+-----------+-----------+---------+---------+---------+
    |  Latency (cycles) |   Latency (absolute)  |      Interval     | Pipeline|
    |   min   |   max   |    min    |    max    |   min   |   max   |   Type  |
    +---------+---------+-----------+-----------+---------+---------+---------+
    |  1004633|  1004633|  10.046 ms|  10.046 ms|  1004634|  1004634|       no|
    +---------+---------+-----------+-----------+---------+---------+---------+

    + Detail: 
        * Instance: 
        +------------------------------------------------+-------------------------------------+---------+---------+-----------+-----------+-----+-----+----------+
        |                                                |                                     |  Latency (cycles) |   Latency (absolute)  |  Interval | Pipeline |
        |                    Instance                    |                Module               |   min   |   max   |    min    |    max    | min | max |   Type   |
        +------------------------------------------------+-------------------------------------+---------+---------+-----------+-----------+-----+-----+----------+
        |grp_dataflow_in_loop_VITIS_LOOP_241_1_1_fu_210  |dataflow_in_loop_VITIS_LOOP_241_1_1  |     1067|     1067|  10.670 us|  10.670 us|  981|  981|  dataflow|
        +------------------------------------------------+-------------------------------------+---------+---------+-----------+-----------+-----+-----+----------+

        * Loop: 
        +--------------------+---------+---------+----------+-----------+-----------+------+----------+
        |                    |  Latency (cycles) | Iteration|  Initiation Interval  | Trip |          |
        |      Loop Name     |   min   |   max   |  Latency |  achieved |   target  | Count| Pipelined|
        +--------------------+---------+---------+----------+-----------+-----------+------+----------+
        |- VITIS_LOOP_241_1  |  1004632|  1004632|      1070|          -|          -|  1024|        no|
        +--------------------+---------+---------+----------+-----------+-----------+------+----------+

============================================================
+ Verbose Summary: Synthesis Manager
============================================================
InlineROM: 1
ExposeGlobal: 0
============================================================
+ Verbose Summary: CDFG Model
============================================================
IsTopModel: 1
ResetActiveHigh: 1
IsCombinational: 2
IsDatapathOnly: 0
HasWiredReturn: 1
HasMFsm: 0
HasVarLatency: 1
IsPipeline: 0
IsRtlPipelined: 0
IsInstanceOverlapped: 0
IsDontTouch: 0
HasImplIP: 0
IsGatedGlobalClock: 0


============================================================
+ Verbose Summary: Schedule
============================================================
* Number of FSM states : 4
* Pipeline : 0
* Dataflow Pipeline: 1
  DF-Pipeline-0: Size = 3, States = { 2 3 4 }

* FSM state transitions: 
1 --> 2 
2 --> 3 
3 --> 4 
4 --> 2 

* FSM state operations: 

State 1 <SV = 0> <Delay = 1.00>
ST_1 : Operation 5 [1/1] (0.00ns)   --->   "%spectopmodule_ln207 = spectopmodule void @_ssdm_op_SpecTopModule, void @empty_18" [../image_analysis.cpp:207]   --->   Operation 5 'spectopmodule' 'spectopmodule_ln207' <Predicate = true> <Delay = 0.00>
ST_1 : Operation 6 [1/1] (0.00ns)   --->   "%specinterface_ln0 = specinterface void @_ssdm_op_SpecInterface, i64 %atomLocations, void @empty_23, i32 0, i32 0, void @empty_24, i32 0, i32 1024, void @empty_25, void @empty_26, void @empty_24, i32 16, i32 16, i32 16, i32 16, void @empty_24, void @empty_24, i32 4294967295, i32 0, i32 0"   --->   Operation 6 'specinterface' 'specinterface_ln0' <Predicate = true> <Delay = 0.00>
ST_1 : Operation 7 [1/1] (0.00ns)   --->   "%specbitsmap_ln0 = specbitsmap void @_ssdm_op_SpecBitsMap, i64 %atomLocations"   --->   Operation 7 'specbitsmap' 'specbitsmap_ln0' <Predicate = true> <Delay = 0.00>
ST_1 : Operation 8 [1/1] (0.00ns)   --->   "%specinterface_ln0 = specinterface void @_ssdm_op_SpecInterface, i32 %imageProjs_local, void @empty_23, i32 0, i32 0, void @empty_24, i32 0, i32 0, void @empty_27, void @empty_26, void @empty_24, i32 16, i32 16, i32 16, i32 16, void @empty_24, void @empty_24, i32 4294967295, i32 0, i32 0"   --->   Operation 8 'specinterface' 'specinterface_ln0' <Predicate = true> <Delay = 0.00>
ST_1 : Operation 9 [1/1] (0.00ns)   --->   "%specbitsmap_ln0 = specbitsmap void @_ssdm_op_SpecBitsMap, i32 %imageProjs_local"   --->   Operation 9 'specbitsmap' 'specbitsmap_ln0' <Predicate = true> <Delay = 0.00>
ST_1 : Operation 10 [1/1] (0.00ns)   --->   "%specinterface_ln0 = specinterface void @_ssdm_op_SpecInterface, i32 %imageProjs, void @empty_23, i32 0, i32 0, void @empty_24, i32 0, i32 0, void @empty, void @empty_26, void @empty_24, i32 16, i32 16, i32 16, i32 16, void @empty_24, void @empty_24, i32 4294967295, i32 0, i32 0"   --->   Operation 10 'specinterface' 'specinterface_ln0' <Predicate = true> <Delay = 0.00>
ST_1 : Operation 11 [1/1] (0.00ns)   --->   "%specbitsmap_ln0 = specbitsmap void @_ssdm_op_SpecBitsMap, i32 %imageProjs"   --->   Operation 11 'specbitsmap' 'specbitsmap_ln0' <Predicate = true> <Delay = 0.00>
ST_1 : Operation 12 [1/1] (0.00ns)   --->   "%specinterface_ln0 = specinterface void @_ssdm_op_SpecInterface, i32 %imageProjs_local_size_r, void @empty_23, i32 0, i32 0, void @empty_24, i32 0, i32 0, void @empty_0, void @empty_26, void @empty_24, i32 16, i32 16, i32 16, i32 16, void @empty_24, void @empty_24, i32 4294967295, i32 0, i32 0"   --->   Operation 12 'specinterface' 'specinterface_ln0' <Predicate = true> <Delay = 0.00>
ST_1 : Operation 13 [1/1] (0.00ns)   --->   "%specbitsmap_ln0 = specbitsmap void @_ssdm_op_SpecBitsMap, i32 %imageProjs_local_size_r"   --->   Operation 13 'specbitsmap' 'specbitsmap_ln0' <Predicate = true> <Delay = 0.00>
ST_1 : Operation 14 [1/1] (0.00ns)   --->   "%specmaxicache_ln0 = specmaxicache void @_ssdm_op_SpecMAXICache, i32 %fullImage, i64 64, i64 64, i64 1, i64 0, i64 0, i64 0, void @empty_24"   --->   Operation 14 'specmaxicache' 'specmaxicache_ln0' <Predicate = true> <Delay = 0.00>
ST_1 : Operation 15 [1/1] (0.00ns)   --->   "%specinterface_ln0 = specinterface void @_ssdm_op_SpecInterface, i32 %fullImage, void @empty_23, i32 0, i32 0, void @empty_24, i32 0, i32 65536, void @empty_1, void @empty_26, void @empty_24, i32 64, i32 16, i32 64, i32 16, void @empty_24, void @empty_24, i32 4294967295, i32 0, i32 0"   --->   Operation 15 'specinterface' 'specinterface_ln0' <Predicate = true> <Delay = 0.00>
ST_1 : Operation 16 [1/1] (0.00ns)   --->   "%specbitsmap_ln0 = specbitsmap void @_ssdm_op_SpecBitsMap, i32 %fullImage"   --->   Operation 16 'specbitsmap' 'specbitsmap_ln0' <Predicate = true> <Delay = 0.00>
ST_1 : Operation 17 [1/1] (0.00ns)   --->   "%specinterface_ln0 = specinterface void @_ssdm_op_SpecInterface, i32 %emissions, void @empty_23, i32 0, i32 0, void @empty_24, i32 0, i32 1024, void @empty_2, void @empty_26, void @empty_24, i32 16, i32 16, i32 16, i32 16, void @empty_24, void @empty_24, i32 4294967295, i32 0, i32 0"   --->   Operation 17 'specinterface' 'specinterface_ln0' <Predicate = true> <Delay = 0.00>
ST_1 : Operation 18 [1/1] (0.00ns)   --->   "%specbitsmap_ln0 = specbitsmap void @_ssdm_op_SpecBitsMap, i32 %emissions"   --->   Operation 18 'specbitsmap' 'specbitsmap_ln0' <Predicate = true> <Delay = 0.00>
ST_1 : Operation 19 [1/1] (0.00ns)   --->   "%specbitsmap_ln0 = specbitsmap void @_ssdm_op_SpecBitsMap, i32 %atomLocationsSize"   --->   Operation 19 'specbitsmap' 'specbitsmap_ln0' <Predicate = true> <Delay = 0.00>
ST_1 : Operation 20 [1/1] (0.00ns)   --->   "%specinterface_ln0 = specinterface void @_ssdm_op_SpecInterface, i32 %atomLocationsSize, void @empty_3, i32 4294967295, i32 4294967295, void @empty_4, i32 0, i32 0, void @empty_5, void @empty_6, void @empty_24, i32 0, i32 0, i32 0, i32 0, void @empty_24, void @empty_24, i32 4294967295, i32 0, i32 0"   --->   Operation 20 'specinterface' 'specinterface_ln0' <Predicate = true> <Delay = 0.00>
ST_1 : Operation 21 [1/1] (0.00ns)   --->   "%specinterface_ln0 = specinterface void @_ssdm_op_SpecInterface, i32 %atomLocationsSize, void @empty_7, i32 4294967295, i32 4294967295, void @empty_24, i32 0, i32 0, void @empty_24, void @empty_24, void @empty_24, i32 0, i32 0, i32 0, i32 0, void @empty_24, void @empty_24, i32 4294967295, i32 0, i32 0"   --->   Operation 21 'specinterface' 'specinterface_ln0' <Predicate = true> <Delay = 0.00>
ST_1 : Operation 22 [1/1] (0.00ns)   --->   "%specbitsmap_ln0 = specbitsmap void @_ssdm_op_SpecBitsMap, i32 %projShape0"   --->   Operation 22 'specbitsmap' 'specbitsmap_ln0' <Predicate = true> <Delay = 0.00>
ST_1 : Operation 23 [1/1] (0.00ns)   --->   "%specinterface_ln0 = specinterface void @_ssdm_op_SpecInterface, i32 %projShape0, void @empty_3, i32 4294967295, i32 4294967295, void @empty_4, i32 0, i32 0, void @empty_5, void @empty_8, void @empty_24, i32 0, i32 0, i32 0, i32 0, void @empty_24, void @empty_24, i32 4294967295, i32 0, i32 0"   --->   Operation 23 'specinterface' 'specinterface_ln0' <Predicate = true> <Delay = 0.00>
ST_1 : Operation 24 [1/1] (0.00ns)   --->   "%specinterface_ln0 = specinterface void @_ssdm_op_SpecInterface, i32 %projShape0, void @empty_7, i32 4294967295, i32 4294967295, void @empty_24, i32 0, i32 0, void @empty_24, void @empty_24, void @empty_24, i32 0, i32 0, i32 0, i32 0, void @empty_24, void @empty_24, i32 4294967295, i32 0, i32 0"   --->   Operation 24 'specinterface' 'specinterface_ln0' <Predicate = true> <Delay = 0.00>
ST_1 : Operation 25 [1/1] (0.00ns)   --->   "%specbitsmap_ln0 = specbitsmap void @_ssdm_op_SpecBitsMap, i32 %projShape1"   --->   Operation 25 'specbitsmap' 'specbitsmap_ln0' <Predicate = true> <Delay = 0.00>
ST_1 : Operation 26 [1/1] (0.00ns)   --->   "%specinterface_ln0 = specinterface void @_ssdm_op_SpecInterface, i32 %projShape1, void @empty_3, i32 4294967295, i32 4294967295, void @empty_4, i32 0, i32 0, void @empty_5, void @empty_9, void @empty_24, i32 0, i32 0, i32 0, i32 0, void @empty_24, void @empty_24, i32 4294967295, i32 0, i32 0"   --->   Operation 26 'specinterface' 'specinterface_ln0' <Predicate = true> <Delay = 0.00>
ST_1 : Operation 27 [1/1] (0.00ns)   --->   "%specinterface_ln0 = specinterface void @_ssdm_op_SpecInterface, i32 %projShape1, void @empty_7, i32 4294967295, i32 4294967295, void @empty_24, i32 0, i32 0, void @empty_24, void @empty_24, void @empty_24, i32 0, i32 0, i32 0, i32 0, void @empty_24, void @empty_24, i32 4294967295, i32 0, i32 0"   --->   Operation 27 'specinterface' 'specinterface_ln0' <Predicate = true> <Delay = 0.00>
ST_1 : Operation 28 [1/1] (0.00ns)   --->   "%specinterface_ln0 = specinterface void @_ssdm_op_SpecInterface, i64 %atomLocations_offset, void @empty_3, i32 0, i32 0, void @empty_24, i32 0, i32 0, void @empty_10, void @empty_6, void @empty_24, i32 0, i32 0, i32 0, i32 0, void @empty_24, void @empty_22, i32 4294967295, i32 0, i32 0"   --->   Operation 28 'specinterface' 'specinterface_ln0' <Predicate = true> <Delay = 0.00>
ST_1 : Operation 29 [1/1] (0.00ns)   --->   "%specinterface_ln0 = specinterface void @_ssdm_op_SpecInterface, i64 %atomLocations_offset, void @empty_7, i32 0, i32 0, void @empty_24, i32 0, i32 0, void @empty_24, void @empty_24, void @empty_24, i32 0, i32 0, i32 0, i32 0, void @empty_24, void @empty_22, i32 4294967295, i32 0, i32 0"   --->   Operation 29 'specinterface' 'specinterface_ln0' <Predicate = true> <Delay = 0.00>
ST_1 : Operation 30 [1/1] (0.00ns)   --->   "%specbitsmap_ln0 = specbitsmap void @_ssdm_op_SpecBitsMap, i32 %psfSupersample"   --->   Operation 30 'specbitsmap' 'specbitsmap_ln0' <Predicate = true> <Delay = 0.00>
ST_1 : Operation 31 [1/1] (0.00ns)   --->   "%specinterface_ln0 = specinterface void @_ssdm_op_SpecInterface, i32 %psfSupersample, void @empty_3, i32 4294967295, i32 4294967295, void @empty_4, i32 0, i32 0, void @empty_5, void @empty_28, void @empty_24, i32 0, i32 0, i32 0, i32 0, void @empty_24, void @empty_24, i32 4294967295, i32 0, i32 0"   --->   Operation 31 'specinterface' 'specinterface_ln0' <Predicate = true> <Delay = 0.00>
ST_1 : Operation 32 [1/1] (0.00ns)   --->   "%specinterface_ln0 = specinterface void @_ssdm_op_SpecInterface, i32 %psfSupersample, void @empty_7, i32 4294967295, i32 4294967295, void @empty_24, i32 0, i32 0, void @empty_24, void @empty_24, void @empty_24, i32 0, i32 0, i32 0, i32 0, void @empty_24, void @empty_24, i32 4294967295, i32 0, i32 0"   --->   Operation 32 'specinterface' 'specinterface_ln0' <Predicate = true> <Delay = 0.00>
ST_1 : Operation 33 [1/1] (0.00ns)   --->   "%specbitsmap_ln0 = specbitsmap void @_ssdm_op_SpecBitsMap, i32 %imageProjectionSize"   --->   Operation 33 'specbitsmap' 'specbitsmap_ln0' <Predicate = true> <Delay = 0.00>
ST_1 : Operation 34 [1/1] (0.00ns)   --->   "%specinterface_ln0 = specinterface void @_ssdm_op_SpecInterface, i32 %imageProjectionSize, void @empty_3, i32 4294967295, i32 4294967295, void @empty_4, i32 0, i32 0, void @empty_5, void @empty_11, void @empty_24, i32 0, i32 0, i32 0, i32 0, void @empty_24, void @empty_24, i32 4294967295, i32 0, i32 0"   --->   Operation 34 'specinterface' 'specinterface_ln0' <Predicate = true> <Delay = 0.00>
ST_1 : Operation 35 [1/1] (0.00ns)   --->   "%specinterface_ln0 = specinterface void @_ssdm_op_SpecInterface, i32 %imageProjectionSize, void @empty_7, i32 4294967295, i32 4294967295, void @empty_24, i32 0, i32 0, void @empty_24, void @empty_24, void @empty_24, i32 0, i32 0, i32 0, i32 0, void @empty_24, void @empty_24, i32 4294967295, i32 0, i32 0"   --->   Operation 35 'specinterface' 'specinterface_ln0' <Predicate = true> <Delay = 0.00>
ST_1 : Operation 36 [1/1] (0.00ns)   --->   "%specinterface_ln0 = specinterface void @_ssdm_op_SpecInterface, i64 %imageProjs_local_offset, void @empty_3, i32 0, i32 0, void @empty_24, i32 0, i32 0, void @empty_10, void @empty_12, void @empty_24, i32 0, i32 0, i32 0, i32 0, void @empty_24, void @empty_22, i32 4294967295, i32 0, i32 0"   --->   Operation 36 'specinterface' 'specinterface_ln0' <Predicate = true> <Delay = 0.00>
ST_1 : Operation 37 [1/1] (0.00ns)   --->   "%specinterface_ln0 = specinterface void @_ssdm_op_SpecInterface, i64 %imageProjs_local_offset, void @empty_7, i32 0, i32 0, void @empty_24, i32 0, i32 0, void @empty_24, void @empty_24, void @empty_24, i32 0, i32 0, i32 0, i32 0, void @empty_24, void @empty_22, i32 4294967295, i32 0, i32 0"   --->   Operation 37 'specinterface' 'specinterface_ln0' <Predicate = true> <Delay = 0.00>
ST_1 : Operation 38 [1/1] (0.00ns)   --->   "%specinterface_ln0 = specinterface void @_ssdm_op_SpecInterface, i64 %imageProjs_offset, void @empty_3, i32 0, i32 0, void @empty_24, i32 0, i32 0, void @empty_10, void @empty_28, void @empty_24, i32 0, i32 0, i32 0, i32 0, void @empty_24, void @empty_22, i32 4294967295, i32 0, i32 0"   --->   Operation 38 'specinterface' 'specinterface_ln0' <Predicate = true> <Delay = 0.00>
ST_1 : Operation 39 [1/1] (0.00ns)   --->   "%specinterface_ln0 = specinterface void @_ssdm_op_SpecInterface, i64 %imageProjs_offset, void @empty_7, i32 0, i32 0, void @empty_24, i32 0, i32 0, void @empty_24, void @empty_24, void @empty_24, i32 0, i32 0, i32 0, i32 0, void @empty_24, void @empty_22, i32 4294967295, i32 0, i32 0"   --->   Operation 39 'specinterface' 'specinterface_ln0' <Predicate = true> <Delay = 0.00>
ST_1 : Operation 40 [1/1] (0.00ns)   --->   "%specinterface_ln0 = specinterface void @_ssdm_op_SpecInterface, i64 %imageProjs_local_size_offset, void @empty_3, i32 0, i32 0, void @empty_24, i32 0, i32 0, void @empty_10, void @empty_13, void @empty_24, i32 0, i32 0, i32 0, i32 0, void @empty_24, void @empty_22, i32 4294967295, i32 0, i32 0"   --->   Operation 40 'specinterface' 'specinterface_ln0' <Predicate = true> <Delay = 0.00>
ST_1 : Operation 41 [1/1] (0.00ns)   --->   "%specinterface_ln0 = specinterface void @_ssdm_op_SpecInterface, i64 %imageProjs_local_size_offset, void @empty_7, i32 0, i32 0, void @empty_24, i32 0, i32 0, void @empty_24, void @empty_24, void @empty_24, i32 0, i32 0, i32 0, i32 0, void @empty_24, void @empty_22, i32 4294967295, i32 0, i32 0"   --->   Operation 41 'specinterface' 'specinterface_ln0' <Predicate = true> <Delay = 0.00>
ST_1 : Operation 42 [1/1] (0.00ns)   --->   "%specinterface_ln0 = specinterface void @_ssdm_op_SpecInterface, i64 %fullImage_offset, void @empty_3, i32 0, i32 0, void @empty_24, i32 0, i32 0, void @empty_10, void @empty_14, void @empty_24, i32 0, i32 0, i32 0, i32 0, void @empty_24, void @empty_22, i32 4294967295, i32 0, i32 0"   --->   Operation 42 'specinterface' 'specinterface_ln0' <Predicate = true> <Delay = 0.00>
ST_1 : Operation 43 [1/1] (0.00ns)   --->   "%specinterface_ln0 = specinterface void @_ssdm_op_SpecInterface, i64 %fullImage_offset, void @empty_7, i32 0, i32 0, void @empty_24, i32 0, i32 0, void @empty_24, void @empty_24, void @empty_24, i32 0, i32 0, i32 0, i32 0, void @empty_24, void @empty_22, i32 4294967295, i32 0, i32 0"   --->   Operation 43 'specinterface' 'specinterface_ln0' <Predicate = true> <Delay = 0.00>
ST_1 : Operation 44 [1/1] (0.00ns)   --->   "%specbitsmap_ln0 = specbitsmap void @_ssdm_op_SpecBitsMap, i32 %fullImage_rows"   --->   Operation 44 'specbitsmap' 'specbitsmap_ln0' <Predicate = true> <Delay = 0.00>
ST_1 : Operation 45 [1/1] (0.00ns)   --->   "%specinterface_ln0 = specinterface void @_ssdm_op_SpecInterface, i32 %fullImage_rows, void @empty_3, i32 4294967295, i32 4294967295, void @empty_4, i32 0, i32 0, void @empty_5, void @empty_15, void @empty_24, i32 0, i32 0, i32 0, i32 0, void @empty_24, void @empty_24, i32 4294967295, i32 0, i32 0"   --->   Operation 45 'specinterface' 'specinterface_ln0' <Predicate = true> <Delay = 0.00>
ST_1 : Operation 46 [1/1] (0.00ns)   --->   "%specinterface_ln0 = specinterface void @_ssdm_op_SpecInterface, i32 %fullImage_rows, void @empty_7, i32 4294967295, i32 4294967295, void @empty_24, i32 0, i32 0, void @empty_24, void @empty_24, void @empty_24, i32 0, i32 0, i32 0, i32 0, void @empty_24, void @empty_24, i32 4294967295, i32 0, i32 0"   --->   Operation 46 'specinterface' 'specinterface_ln0' <Predicate = true> <Delay = 0.00>
ST_1 : Operation 47 [1/1] (0.00ns)   --->   "%specbitsmap_ln0 = specbitsmap void @_ssdm_op_SpecBitsMap, i32 %fullImage_cols"   --->   Operation 47 'specbitsmap' 'specbitsmap_ln0' <Predicate = true> <Delay = 0.00>
ST_1 : Operation 48 [1/1] (0.00ns)   --->   "%specinterface_ln0 = specinterface void @_ssdm_op_SpecInterface, i32 %fullImage_cols, void @empty_3, i32 4294967295, i32 4294967295, void @empty_4, i32 0, i32 0, void @empty_5, void @empty_14, void @empty_24, i32 0, i32 0, i32 0, i32 0, void @empty_24, void @empty_24, i32 4294967295, i32 0, i32 0"   --->   Operation 48 'specinterface' 'specinterface_ln0' <Predicate = true> <Delay = 0.00>
ST_1 : Operation 49 [1/1] (0.00ns)   --->   "%specinterface_ln0 = specinterface void @_ssdm_op_SpecInterface, i32 %fullImage_cols, void @empty_7, i32 4294967295, i32 4294967295, void @empty_24, i32 0, i32 0, void @empty_24, void @empty_24, void @empty_24, i32 0, i32 0, i32 0, i32 0, void @empty_24, void @empty_24, i32 4294967295, i32 0, i32 0"   --->   Operation 49 'specinterface' 'specinterface_ln0' <Predicate = true> <Delay = 0.00>
ST_1 : Operation 50 [1/1] (0.00ns)   --->   "%specinterface_ln0 = specinterface void @_ssdm_op_SpecInterface, i64 %emissions_offset, void @empty_3, i32 0, i32 0, void @empty_24, i32 0, i32 0, void @empty_10, void @empty_16, void @empty_24, i32 0, i32 0, i32 0, i32 0, void @empty_24, void @empty_22, i32 4294967295, i32 0, i32 0"   --->   Operation 50 'specinterface' 'specinterface_ln0' <Predicate = true> <Delay = 0.00>
ST_1 : Operation 51 [1/1] (0.00ns)   --->   "%specinterface_ln0 = specinterface void @_ssdm_op_SpecInterface, i64 %emissions_offset, void @empty_7, i32 0, i32 0, void @empty_24, i32 0, i32 0, void @empty_24, void @empty_24, void @empty_24, i32 0, i32 0, i32 0, i32 0, void @empty_24, void @empty_22, i32 4294967295, i32 0, i32 0"   --->   Operation 51 'specinterface' 'specinterface_ln0' <Predicate = true> <Delay = 0.00>
ST_1 : Operation 52 [1/1] (0.00ns)   --->   "%specinterface_ln0 = specinterface void @_ssdm_op_SpecInterface, i32 0, void @empty_3, i32 0, i32 0, void @empty_24, i32 0, i32 0, void @empty_10, void @empty_24, void @empty_24, i32 0, i32 0, i32 0, i32 0, void @empty_24, void @empty_24, i32 4294967295, i32 0, i32 0"   --->   Operation 52 'specinterface' 'specinterface_ln0' <Predicate = true> <Delay = 0.00>
ST_1 : Operation 53 [1/1] (1.00ns)   --->   "%emissions_offset_read = read i64 @_ssdm_op_Read.s_axilite.i64, i64 %emissions_offset" [../image_analysis.cpp:207]   --->   Operation 53 'read' 'emissions_offset_read' <Predicate = true> <Delay = 1.00> <CoreInst = "s_axilite">   --->   Core 120 's_axilite' <Latency = 0> <II = 1> <Delay = 1.00> <Adapter> <Opcode : 'read' 'write'>
ST_1 : Operation 54 [1/1] (1.00ns)   --->   "%fullImage_offset_read = read i64 @_ssdm_op_Read.s_axilite.i64, i64 %fullImage_offset" [../image_analysis.cpp:207]   --->   Operation 54 'read' 'fullImage_offset_read' <Predicate = true> <Delay = 1.00> <CoreInst = "s_axilite">   --->   Core 120 's_axilite' <Latency = 0> <II = 1> <Delay = 1.00> <Adapter> <Opcode : 'read' 'write'>
ST_1 : Operation 55 [1/1] (1.00ns)   --->   "%imageProjs_offset_read = read i64 @_ssdm_op_Read.s_axilite.i64, i64 %imageProjs_offset" [../image_analysis.cpp:207]   --->   Operation 55 'read' 'imageProjs_offset_read' <Predicate = true> <Delay = 1.00> <CoreInst = "s_axilite">   --->   Core 120 's_axilite' <Latency = 0> <II = 1> <Delay = 1.00> <Adapter> <Opcode : 'read' 'write'>
ST_1 : Operation 56 [1/1] (1.00ns)   --->   "%imageProjs_local_offset_read = read i64 @_ssdm_op_Read.s_axilite.i64, i64 %imageProjs_local_offset" [../image_analysis.cpp:207]   --->   Operation 56 'read' 'imageProjs_local_offset_read' <Predicate = true> <Delay = 1.00> <CoreInst = "s_axilite">   --->   Core 120 's_axilite' <Latency = 0> <II = 1> <Delay = 1.00> <Adapter> <Opcode : 'read' 'write'>
ST_1 : Operation 57 [1/1] (1.00ns)   --->   "%psfSupersample_read = read i32 @_ssdm_op_Read.s_axilite.i32, i32 %psfSupersample" [../image_analysis.cpp:207]   --->   Operation 57 'read' 'psfSupersample_read' <Predicate = true> <Delay = 1.00> <CoreInst = "s_axilite">   --->   Core 120 's_axilite' <Latency = 0> <II = 1> <Delay = 1.00> <Adapter> <Opcode : 'read' 'write'>
ST_1 : Operation 58 [1/1] (1.00ns)   --->   "%atomLocations_offset_read = read i64 @_ssdm_op_Read.s_axilite.i64, i64 %atomLocations_offset" [../image_analysis.cpp:207]   --->   Operation 58 'read' 'atomLocations_offset_read' <Predicate = true> <Delay = 1.00> <CoreInst = "s_axilite">   --->   Core 120 's_axilite' <Latency = 0> <II = 1> <Delay = 1.00> <Adapter> <Opcode : 'read' 'write'>
ST_1 : Operation 59 [1/1] (1.00ns)   --->   "%projShape1_read = read i32 @_ssdm_op_Read.s_axilite.i32, i32 %projShape1" [../image_analysis.cpp:207]   --->   Operation 59 'read' 'projShape1_read' <Predicate = true> <Delay = 1.00> <CoreInst = "s_axilite">   --->   Core 120 's_axilite' <Latency = 0> <II = 1> <Delay = 1.00> <Adapter> <Opcode : 'read' 'write'>
ST_1 : Operation 60 [1/1] (1.00ns)   --->   "%projShape0_read = read i32 @_ssdm_op_Read.s_axilite.i32, i32 %projShape0" [../image_analysis.cpp:207]   --->   Operation 60 'read' 'projShape0_read' <Predicate = true> <Delay = 1.00> <CoreInst = "s_axilite">   --->   Core 120 's_axilite' <Latency = 0> <II = 1> <Delay = 1.00> <Adapter> <Opcode : 'read' 'write'>
ST_1 : Operation 61 [1/1] (1.00ns)   --->   "%atomLocationsSize_read = read i32 @_ssdm_op_Read.s_axilite.i32, i32 %atomLocationsSize" [../image_analysis.cpp:207]   --->   Operation 61 'read' 'atomLocationsSize_read' <Predicate = true> <Delay = 1.00> <CoreInst = "s_axilite">   --->   Core 120 's_axilite' <Latency = 0> <II = 1> <Delay = 1.00> <Adapter> <Opcode : 'read' 'write'>
ST_1 : Operation 62 [1/1] (0.42ns)   --->   "%br_ln241 = br void %for.cond" [../image_analysis.cpp:241]   --->   Operation 62 'br' 'br_ln241' <Predicate = true> <Delay = 0.42>

State 2 <SV = 1> <Delay = 1.01>
ST_2 : Operation 63 [1/1] (0.00ns)   --->   "%idx = phi i16 0, void %entry, i16 %add_ln241, void %codeRepl" [../image_analysis.cpp:241]   --->   Operation 63 'phi' 'idx' <Predicate = true> <Delay = 0.00>
ST_2 : Operation 64 [1/1] (0.00ns)   --->   "%zext_ln241 = zext i16 %idx" [../image_analysis.cpp:241]   --->   Operation 64 'zext' 'zext_ln241' <Predicate = true> <Delay = 0.00>
ST_2 : Operation 65 [1/1] (1.01ns)   --->   "%icmp_ln241 = icmp_slt  i32 %zext_ln241, i32 %atomLocationsSize_read" [../image_analysis.cpp:241]   --->   Operation 65 'icmp' 'icmp_ln241' <Predicate = true> <Delay = 1.01> <CoreInst = "Cmp">   --->   Core 9 'Cmp' <Latency = 0> <II = 1> <Delay = 1.01> <FuncUnit> <Opcode : 'seteq' 'setne' 'setle' 'setge' 'setlt' 'setgt'> <InPorts = 2> <OutPorts = 1>
ST_2 : Operation 66 [1/1] (0.85ns)   --->   "%add_ln241 = add i16 %idx, i16 1" [../image_analysis.cpp:241]   --->   Operation 66 'add' 'add_ln241' <Predicate = true> <Delay = 0.85> <CoreInst = "Adder">   --->   Core 1 'Adder' <Latency = 0> <II = 1> <Delay = 0.85> <FuncUnit> <Opcode : 'add' 'sub'> <InPorts = 2> <OutPorts = 1>
ST_2 : Operation 67 [1/1] (0.00ns)   --->   "%specdataflowpipeline_ln241 = specdataflowpipeline void @_ssdm_op_SpecDataflowPipeline, i32 4294967295, i32 0, void @dataflow_parent_loop_str, i16 %idx, i32 %atomLocationsSize, i32 1" [../image_analysis.cpp:241]   --->   Operation 67 'specdataflowpipeline' 'specdataflowpipeline_ln241' <Predicate = true> <Delay = 0.00>
ST_2 : Operation 68 [1/1] (0.00ns)   --->   "%br_ln241 = br i1 %icmp_ln241, void %for.end, void %codeRepl" [../image_analysis.cpp:241]   --->   Operation 68 'br' 'br_ln241' <Predicate = true> <Delay = 0.00>
ST_2 : Operation 69 [1/1] (0.00ns)   --->   "%ret_ln265 = ret" [../image_analysis.cpp:265]   --->   Operation 69 'ret' 'ret_ln265' <Predicate = (!icmp_ln241)> <Delay = 0.00>

State 3 <SV = 2> <Delay = 7.30>
ST_3 : Operation 70 [2/2] (7.30ns)   --->   "%call_ln251 = call void @dataflow_in_loop_VITIS_LOOP_241_1.1, i16 %idx, i32 %psfSupersample_read, i32 %projShape0_read, i32 %projShape1_read, i64 %atomLocations, i64 %atomLocations_offset_read, i32 %imageProjs, i64 %imageProjs_offset_read, i32 %fullImage, i64 %fullImage_offset_read, i32 %imageProjs_local, i64 %imageProjs_local_offset_read, i16 %idx, i32 %emissions, i64 %emissions_offset_read, i23 %mask_table, i24 %one_half_table" [../image_analysis.cpp:251]   --->   Operation 70 'call' 'call_ln251' <Predicate = (icmp_ln241)> <Delay = 7.30> <CoreType = "Generic">   --->   Generic Core

State 4 <SV = 3> <Delay = 0.00>
ST_4 : Operation 71 [1/1] (0.00ns)   --->   "%speclooptripcount_ln244 = speclooptripcount void @_ssdm_op_SpecLoopTripCount, i64 1024, i64 1024, i64 1024" [../image_analysis.cpp:244]   --->   Operation 71 'speclooptripcount' 'speclooptripcount_ln244' <Predicate = (icmp_ln241)> <Delay = 0.00>
ST_4 : Operation 72 [1/1] (0.00ns)   --->   "%specloopname_ln241 = specloopname void @_ssdm_op_SpecLoopName, void @empty_19" [../image_analysis.cpp:241]   --->   Operation 72 'specloopname' 'specloopname_ln241' <Predicate = (icmp_ln241)> <Delay = 0.00>
ST_4 : Operation 73 [1/2] (0.00ns)   --->   "%call_ln251 = call void @dataflow_in_loop_VITIS_LOOP_241_1.1, i16 %idx, i32 %psfSupersample_read, i32 %projShape0_read, i32 %projShape1_read, i64 %atomLocations, i64 %atomLocations_offset_read, i32 %imageProjs, i64 %imageProjs_offset_read, i32 %fullImage, i64 %fullImage_offset_read, i32 %imageProjs_local, i64 %imageProjs_local_offset_read, i16 %idx, i32 %emissions, i64 %emissions_offset_read, i23 %mask_table, i24 %one_half_table" [../image_analysis.cpp:251]   --->   Operation 73 'call' 'call_ln251' <Predicate = (icmp_ln241)> <Delay = 0.00> <CoreType = "Generic">   --->   Generic Core
ST_4 : Operation 74 [1/1] (0.00ns)   --->   "%br_ln241 = br void %for.cond" [../image_analysis.cpp:241]   --->   Operation 74 'br' 'br_ln241' <Predicate = (icmp_ln241)> <Delay = 0.00>


============================================================
+ Verbose Summary: Binding
============================================================
STG Binding: 
---------------- STG Properties BEGIN ----------------
- Is combinational: 0
- Is one-state seq: 0
- Is datapath-only: 0
- Is pipelined: 0
- Is top level: 1
Port [ Return ] is wired: 1; IO mode=ap_ctrl_hs:ce=0
Port [ atomLocations]:  wired=1; compound=1; hidden=0; nouse=0; global=0; static=0; extern=0; dir=0; type=4; pingpong=0; private_global=0; IO mode=m_axi:ce=0
Port [ imageProjs_local]:  wired=1; compound=1; hidden=0; nouse=0; global=0; static=0; extern=0; dir=0; type=4; pingpong=0; private_global=0; IO mode=m_axi:ce=0
Port [ imageProjs]:  wired=1; compound=1; hidden=0; nouse=0; global=0; static=0; extern=0; dir=0; type=4; pingpong=0; private_global=0; IO mode=m_axi:ce=0
Port [ imageProjs_local_size_r]:  wired=1; compound=1; hidden=0; nouse=1; global=0; static=0; extern=0; dir=0; type=4; pingpong=0; private_global=0; IO mode=m_axi:ce=0
Port [ fullImage]:  wired=1; compound=1; hidden=0; nouse=0; global=0; static=0; extern=0; dir=0; type=4; pingpong=0; private_global=0; IO mode=m_axi:ce=0
Port [ emissions]:  wired=1; compound=1; hidden=0; nouse=0; global=0; static=0; extern=0; dir=1; type=4; pingpong=0; private_global=0; IO mode=m_axi:ce=0
Port [ atomLocationsSize]:  wired=1; compound=0; hidden=0; nouse=0; global=0; static=0; extern=0; dir=0; type=0; pingpong=0; private_global=0; IO mode=ap_none:ce=0
Port [ projShape0]:  wired=1; compound=0; hidden=0; nouse=0; global=0; static=0; extern=0; dir=0; type=0; pingpong=0; private_global=0; IO mode=ap_none:ce=0
Port [ projShape1]:  wired=1; compound=0; hidden=0; nouse=0; global=0; static=0; extern=0; dir=0; type=0; pingpong=0; private_global=0; IO mode=ap_none:ce=0
Port [ atomLocations_offset]:  wired=1; compound=0; hidden=0; nouse=0; global=0; static=0; extern=0; dir=0; type=0; pingpong=0; private_global=0; IO mode=ap_none:ce=0
Port [ psfSupersample]:  wired=1; compound=0; hidden=0; nouse=0; global=0; static=0; extern=0; dir=0; type=0; pingpong=0; private_global=0; IO mode=ap_none:ce=0
Port [ imageProjectionSize]:  wired=1; compound=0; hidden=0; nouse=1; global=0; static=0; extern=0; dir=0; type=0; pingpong=0; private_global=0; IO mode=ap_none:ce=0
Port [ imageProjs_local_offset]:  wired=1; compound=0; hidden=0; nouse=0; global=0; static=0; extern=0; dir=0; type=0; pingpong=0; private_global=0; IO mode=ap_none:ce=0
Port [ imageProjs_offset]:  wired=1; compound=0; hidden=0; nouse=0; global=0; static=0; extern=0; dir=0; type=0; pingpong=0; private_global=0; IO mode=ap_none:ce=0
Port [ imageProjs_local_size_offset]:  wired=1; compound=0; hidden=0; nouse=1; global=0; static=0; extern=0; dir=0; type=0; pingpong=0; private_global=0; IO mode=ap_none:ce=0
Port [ fullImage_offset]:  wired=1; compound=0; hidden=0; nouse=0; global=0; static=0; extern=0; dir=0; type=0; pingpong=0; private_global=0; IO mode=ap_none:ce=0
Port [ fullImage_rows]:  wired=1; compound=0; hidden=0; nouse=1; global=0; static=0; extern=0; dir=0; type=0; pingpong=0; private_global=0; IO mode=ap_none:ce=0
Port [ fullImage_cols]:  wired=1; compound=0; hidden=0; nouse=1; global=0; static=0; extern=0; dir=0; type=0; pingpong=0; private_global=0; IO mode=ap_none:ce=0
Port [ emissions_offset]:  wired=1; compound=0; hidden=0; nouse=0; global=0; static=0; extern=0; dir=0; type=0; pingpong=0; private_global=0; IO mode=ap_none:ce=0
Port [ mask_table]:  wired=0; compound=1; hidden=1; nouse=1; global=1; static=1; extern=0; dir=0; type=1; pingpong=0; private_global=0; MemPort=[11]; IO mode=ap_memory:ce=0
Port [ one_half_table]:  wired=0; compound=1; hidden=1; nouse=1; global=1; static=1; extern=0; dir=0; type=1; pingpong=0; private_global=0; MemPort=[11]; IO mode=ap_memory:ce=0
---------------- STG Properties END ------------------

---------------- Datapath Model BEGIN ----------------

<LifeTime>
<method=bitvector/>
spectopmodule_ln207          (spectopmodule       ) [ 00000]
specinterface_ln0            (specinterface       ) [ 00000]
specbitsmap_ln0              (specbitsmap         ) [ 00000]
specinterface_ln0            (specinterface       ) [ 00000]
specbitsmap_ln0              (specbitsmap         ) [ 00000]
specinterface_ln0            (specinterface       ) [ 00000]
specbitsmap_ln0              (specbitsmap         ) [ 00000]
specinterface_ln0            (specinterface       ) [ 00000]
specbitsmap_ln0              (specbitsmap         ) [ 00000]
specmaxicache_ln0            (specmaxicache       ) [ 00000]
specinterface_ln0            (specinterface       ) [ 00000]
specbitsmap_ln0              (specbitsmap         ) [ 00000]
specinterface_ln0            (specinterface       ) [ 00000]
specbitsmap_ln0              (specbitsmap         ) [ 00000]
specbitsmap_ln0              (specbitsmap         ) [ 00000]
specinterface_ln0            (specinterface       ) [ 00000]
specinterface_ln0            (specinterface       ) [ 00000]
specbitsmap_ln0              (specbitsmap         ) [ 00000]
specinterface_ln0            (specinterface       ) [ 00000]
specinterface_ln0            (specinterface       ) [ 00000]
specbitsmap_ln0              (specbitsmap         ) [ 00000]
specinterface_ln0            (specinterface       ) [ 00000]
specinterface_ln0            (specinterface       ) [ 00000]
specinterface_ln0            (specinterface       ) [ 00000]
specinterface_ln0            (specinterface       ) [ 00000]
specbitsmap_ln0              (specbitsmap         ) [ 00000]
specinterface_ln0            (specinterface       ) [ 00000]
specinterface_ln0            (specinterface       ) [ 00000]
specbitsmap_ln0              (specbitsmap         ) [ 00000]
specinterface_ln0            (specinterface       ) [ 00000]
specinterface_ln0            (specinterface       ) [ 00000]
specinterface_ln0            (specinterface       ) [ 00000]
specinterface_ln0            (specinterface       ) [ 00000]
specinterface_ln0            (specinterface       ) [ 00000]
specinterface_ln0            (specinterface       ) [ 00000]
specinterface_ln0            (specinterface       ) [ 00000]
specinterface_ln0            (specinterface       ) [ 00000]
specinterface_ln0            (specinterface       ) [ 00000]
specinterface_ln0            (specinterface       ) [ 00000]
specbitsmap_ln0              (specbitsmap         ) [ 00000]
specinterface_ln0            (specinterface       ) [ 00000]
specinterface_ln0            (specinterface       ) [ 00000]
specbitsmap_ln0              (specbitsmap         ) [ 00000]
specinterface_ln0            (specinterface       ) [ 00000]
specinterface_ln0            (specinterface       ) [ 00000]
specinterface_ln0            (specinterface       ) [ 00000]
specinterface_ln0            (specinterface       ) [ 00000]
specinterface_ln0            (specinterface       ) [ 00000]
emissions_offset_read        (read                ) [ 00111]
fullImage_offset_read        (read                ) [ 00111]
imageProjs_offset_read       (read                ) [ 00111]
imageProjs_local_offset_read (read                ) [ 00111]
psfSupersample_read          (read                ) [ 00111]
atomLocations_offset_read    (read                ) [ 00111]
projShape1_read              (read                ) [ 00111]
projShape0_read              (read                ) [ 00111]
atomLocationsSize_read       (read                ) [ 00111]
br_ln241                     (br                  ) [ 01111]
idx                          (phi                 ) [ 00111]
zext_ln241                   (zext                ) [ 00000]
icmp_ln241                   (icmp                ) [ 00111]
add_ln241                    (add                 ) [ 01111]
specdataflowpipeline_ln241   (specdataflowpipeline) [ 00000]
br_ln241                     (br                  ) [ 00000]
ret_ln265                    (ret                 ) [ 00000]
speclooptripcount_ln244      (speclooptripcount   ) [ 00000]
specloopname_ln241           (specloopname        ) [ 00000]
call_ln251                   (call                ) [ 00000]
br_ln241                     (br                  ) [ 01111]
</LifeTime>

<model>

<comp_list>
<comp id="0" class="1000" name="atomLocations">
<pin_list>
<pin id="1" dir="1" index="0" bw="1" slack="0"/>
</pin_list>
<bind>
<StgValue><ssdm name="atomLocations"/><MemPortTyVec>0 </MemPortTyVec>
</StgValue>
</bind>
</comp>

<comp id="2" class="1000" name="imageProjs_local">
<pin_list>
<pin id="3" dir="1" index="0" bw="1" slack="0"/>
</pin_list>
<bind>
<StgValue><ssdm name="imageProjs_local"/><MemPortTyVec>0 </MemPortTyVec>
</StgValue>
</bind>
</comp>

<comp id="4" class="1000" name="imageProjs">
<pin_list>
<pin id="5" dir="1" index="0" bw="1" slack="0"/>
</pin_list>
<bind>
<StgValue><ssdm name="imageProjs"/><MemPortTyVec>0 </MemPortTyVec>
</StgValue>
</bind>
</comp>

<comp id="6" class="1000" name="imageProjs_local_size_r">
<pin_list>
<pin id="7" dir="1" index="0" bw="1" slack="2147483647"/>
</pin_list>
<bind>
<StgValue><ssdm name="imageProjs_local_size_r"/></StgValue>
</bind>
</comp>

<comp id="8" class="1000" name="fullImage">
<pin_list>
<pin id="9" dir="1" index="0" bw="1" slack="0"/>
</pin_list>
<bind>
<StgValue><ssdm name="fullImage"/><MemPortTyVec>0 </MemPortTyVec>
</StgValue>
</bind>
</comp>

<comp id="10" class="1000" name="emissions">
<pin_list>
<pin id="11" dir="1" index="0" bw="1" slack="0"/>
</pin_list>
<bind>
<StgValue><ssdm name="emissions"/><MemPortTyVec>1 </MemPortTyVec>
</StgValue>
</bind>
</comp>

<comp id="12" class="1000" name="atomLocationsSize">
<pin_list>
<pin id="13" dir="1" index="0" bw="1" slack="0"/>
</pin_list>
<bind>
<StgValue><ssdm name="atomLocationsSize"/></StgValue>
</bind>
</comp>

<comp id="14" class="1000" name="projShape0">
<pin_list>
<pin id="15" dir="1" index="0" bw="1" slack="0"/>
</pin_list>
<bind>
<StgValue><ssdm name="projShape0"/></StgValue>
</bind>
</comp>

<comp id="16" class="1000" name="projShape1">
<pin_list>
<pin id="17" dir="1" index="0" bw="1" slack="0"/>
</pin_list>
<bind>
<StgValue><ssdm name="projShape1"/></StgValue>
</bind>
</comp>

<comp id="18" class="1000" name="atomLocations_offset">
<pin_list>
<pin id="19" dir="1" index="0" bw="1" slack="0"/>
</pin_list>
<bind>
<StgValue><ssdm name="atomLocations_offset"/></StgValue>
</bind>
</comp>

<comp id="20" class="1000" name="psfSupersample">
<pin_list>
<pin id="21" dir="1" index="0" bw="1" slack="0"/>
</pin_list>
<bind>
<StgValue><ssdm name="psfSupersample"/></StgValue>
</bind>
</comp>

<comp id="22" class="1000" name="imageProjectionSize">
<pin_list>
<pin id="23" dir="1" index="0" bw="1" slack="2147483647"/>
</pin_list>
<bind>
<StgValue><ssdm name="imageProjectionSize"/></StgValue>
</bind>
</comp>

<comp id="24" class="1000" name="imageProjs_local_offset">
<pin_list>
<pin id="25" dir="1" index="0" bw="1" slack="0"/>
</pin_list>
<bind>
<StgValue><ssdm name="imageProjs_local_offset"/></StgValue>
</bind>
</comp>

<comp id="26" class="1000" name="imageProjs_offset">
<pin_list>
<pin id="27" dir="1" index="0" bw="1" slack="0"/>
</pin_list>
<bind>
<StgValue><ssdm name="imageProjs_offset"/></StgValue>
</bind>
</comp>

<comp id="28" class="1000" name="imageProjs_local_size_offset">
<pin_list>
<pin id="29" dir="1" index="0" bw="1" slack="2147483647"/>
</pin_list>
<bind>
<StgValue><ssdm name="imageProjs_local_size_offset"/></StgValue>
</bind>
</comp>

<comp id="30" class="1000" name="fullImage_offset">
<pin_list>
<pin id="31" dir="1" index="0" bw="1" slack="0"/>
</pin_list>
<bind>
<StgValue><ssdm name="fullImage_offset"/></StgValue>
</bind>
</comp>

<comp id="32" class="1000" name="fullImage_rows">
<pin_list>
<pin id="33" dir="1" index="0" bw="1" slack="2147483647"/>
</pin_list>
<bind>
<StgValue><ssdm name="fullImage_rows"/></StgValue>
</bind>
</comp>

<comp id="34" class="1000" name="fullImage_cols">
<pin_list>
<pin id="35" dir="1" index="0" bw="1" slack="2147483647"/>
</pin_list>
<bind>
<StgValue><ssdm name="fullImage_cols"/></StgValue>
</bind>
</comp>

<comp id="36" class="1000" name="emissions_offset">
<pin_list>
<pin id="37" dir="1" index="0" bw="1" slack="0"/>
</pin_list>
<bind>
<StgValue><ssdm name="emissions_offset"/></StgValue>
</bind>
</comp>

<comp id="38" class="1000" name="mask_table">
<pin_list>
<pin id="39" dir="1" index="0" bw="1" slack="0"/>
</pin_list>
<bind>
<StgValue><ssdm name="mask_table"/><MemPortTyVec>1 1 </MemPortTyVec>
</StgValue>
</bind>
</comp>

<comp id="40" class="1000" name="one_half_table">
<pin_list>
<pin id="41" dir="1" index="0" bw="1" slack="0"/>
</pin_list>
<bind>
<StgValue><ssdm name="one_half_table"/><MemPortTyVec>1 1 </MemPortTyVec>
</StgValue>
</bind>
</comp>

<comp id="42" class="1001" name="const_42">
<pin_list>
<pin id="43" dir="1" index="0" bw="1" slack="2147483647"/>
</pin_list>
<bind>
<StgValue><ssdm name="_ssdm_op_SpecTopModule"/></StgValue>
</bind>
</comp>

<comp id="44" class="1001" name="const_44">
<pin_list>
<pin id="45" dir="1" index="0" bw="1" slack="2147483647"/>
</pin_list>
<bind>
<StgValue><ssdm name="empty_18"/></StgValue>
</bind>
</comp>

<comp id="46" class="1001" name="const_46">
<pin_list>
<pin id="47" dir="1" index="0" bw="1" slack="2147483647"/>
</pin_list>
<bind>
<StgValue><ssdm name="_ssdm_op_SpecInterface"/></StgValue>
</bind>
</comp>

<comp id="48" class="1001" name="const_48">
<pin_list>
<pin id="49" dir="1" index="0" bw="1" slack="2147483647"/>
</pin_list>
<bind>
<StgValue><ssdm name="empty_23"/></StgValue>
</bind>
</comp>

<comp id="50" class="1001" name="const_50">
<pin_list>
<pin id="51" dir="1" index="0" bw="1" slack="2147483647"/>
</pin_list>
<bind>
<StgValue><ssdm name=""/></StgValue>
</bind>
</comp>

<comp id="52" class="1001" name="const_52">
<pin_list>
<pin id="53" dir="1" index="0" bw="1" slack="2147483647"/>
</pin_list>
<bind>
<StgValue><ssdm name="empty_24"/></StgValue>
</bind>
</comp>

<comp id="54" class="1001" name="const_54">
<pin_list>
<pin id="55" dir="1" index="0" bw="1" slack="2147483647"/>
</pin_list>
<bind>
<StgValue><ssdm name=""/></StgValue>
</bind>
</comp>

<comp id="56" class="1001" name="const_56">
<pin_list>
<pin id="57" dir="1" index="0" bw="1" slack="2147483647"/>
</pin_list>
<bind>
<StgValue><ssdm name="empty_25"/></StgValue>
</bind>
</comp>

<comp id="58" class="1001" name="const_58">
<pin_list>
<pin id="59" dir="1" index="0" bw="1" slack="2147483647"/>
</pin_list>
<bind>
<StgValue><ssdm name="empty_26"/></StgValue>
</bind>
</comp>

<comp id="60" class="1001" name="const_60">
<pin_list>
<pin id="61" dir="1" index="0" bw="1" slack="2147483647"/>
</pin_list>
<bind>
<StgValue><ssdm name=""/></StgValue>
</bind>
</comp>

<comp id="62" class="1001" name="const_62">
<pin_list>
<pin id="63" dir="1" index="0" bw="1" slack="2147483647"/>
</pin_list>
<bind>
<StgValue><ssdm name=""/></StgValue>
</bind>
</comp>

<comp id="64" class="1001" name="const_64">
<pin_list>
<pin id="65" dir="1" index="0" bw="1" slack="2147483647"/>
</pin_list>
<bind>
<StgValue><ssdm name="_ssdm_op_SpecBitsMap"/></StgValue>
</bind>
</comp>

<comp id="66" class="1001" name="const_66">
<pin_list>
<pin id="67" dir="1" index="0" bw="1" slack="2147483647"/>
</pin_list>
<bind>
<StgValue><ssdm name="empty_27"/></StgValue>
</bind>
</comp>

<comp id="68" class="1001" name="const_68">
<pin_list>
<pin id="69" dir="1" index="0" bw="1" slack="2147483647"/>
</pin_list>
<bind>
<StgValue><ssdm name="empty"/></StgValue>
</bind>
</comp>

<comp id="70" class="1001" name="const_70">
<pin_list>
<pin id="71" dir="1" index="0" bw="1" slack="2147483647"/>
</pin_list>
<bind>
<StgValue><ssdm name="empty_0"/></StgValue>
</bind>
</comp>

<comp id="72" class="1001" name="const_72">
<pin_list>
<pin id="73" dir="1" index="0" bw="1" slack="2147483647"/>
</pin_list>
<bind>
<StgValue><ssdm name="_ssdm_op_SpecMAXICache"/></StgValue>
</bind>
</comp>

<comp id="74" class="1001" name="const_74">
<pin_list>
<pin id="75" dir="1" index="0" bw="1" slack="2147483647"/>
</pin_list>
<bind>
<StgValue><ssdm name=""/></StgValue>
</bind>
</comp>

<comp id="76" class="1001" name="const_76">
<pin_list>
<pin id="77" dir="1" index="0" bw="1" slack="2147483647"/>
</pin_list>
<bind>
<StgValue><ssdm name=""/></StgValue>
</bind>
</comp>

<comp id="78" class="1001" name="const_78">
<pin_list>
<pin id="79" dir="1" index="0" bw="1" slack="2147483647"/>
</pin_list>
<bind>
<StgValue><ssdm name=""/></StgValue>
</bind>
</comp>

<comp id="80" class="1001" name="const_80">
<pin_list>
<pin id="81" dir="1" index="0" bw="1" slack="2147483647"/>
</pin_list>
<bind>
<StgValue><ssdm name=""/></StgValue>
</bind>
</comp>

<comp id="82" class="1001" name="const_82">
<pin_list>
<pin id="83" dir="1" index="0" bw="1" slack="2147483647"/>
</pin_list>
<bind>
<StgValue><ssdm name="empty_1"/></StgValue>
</bind>
</comp>

<comp id="84" class="1001" name="const_84">
<pin_list>
<pin id="85" dir="1" index="0" bw="1" slack="2147483647"/>
</pin_list>
<bind>
<StgValue><ssdm name=""/></StgValue>
</bind>
</comp>

<comp id="86" class="1001" name="const_86">
<pin_list>
<pin id="87" dir="1" index="0" bw="1" slack="2147483647"/>
</pin_list>
<bind>
<StgValue><ssdm name="empty_2"/></StgValue>
</bind>
</comp>

<comp id="88" class="1001" name="const_88">
<pin_list>
<pin id="89" dir="1" index="0" bw="1" slack="2147483647"/>
</pin_list>
<bind>
<StgValue><ssdm name="empty_3"/></StgValue>
</bind>
</comp>

<comp id="90" class="1001" name="const_90">
<pin_list>
<pin id="91" dir="1" index="0" bw="1" slack="2147483647"/>
</pin_list>
<bind>
<StgValue><ssdm name="empty_4"/></StgValue>
</bind>
</comp>

<comp id="92" class="1001" name="const_92">
<pin_list>
<pin id="93" dir="1" index="0" bw="1" slack="2147483647"/>
</pin_list>
<bind>
<StgValue><ssdm name="empty_5"/></StgValue>
</bind>
</comp>

<comp id="94" class="1001" name="const_94">
<pin_list>
<pin id="95" dir="1" index="0" bw="1" slack="2147483647"/>
</pin_list>
<bind>
<StgValue><ssdm name="empty_6"/></StgValue>
</bind>
</comp>

<comp id="96" class="1001" name="const_96">
<pin_list>
<pin id="97" dir="1" index="0" bw="1" slack="2147483647"/>
</pin_list>
<bind>
<StgValue><ssdm name="empty_7"/></StgValue>
</bind>
</comp>

<comp id="98" class="1001" name="const_98">
<pin_list>
<pin id="99" dir="1" index="0" bw="1" slack="2147483647"/>
</pin_list>
<bind>
<StgValue><ssdm name="empty_8"/></StgValue>
</bind>
</comp>

<comp id="100" class="1001" name="const_100">
<pin_list>
<pin id="101" dir="1" index="0" bw="1" slack="2147483647"/>
</pin_list>
<bind>
<StgValue><ssdm name="empty_9"/></StgValue>
</bind>
</comp>

<comp id="102" class="1001" name="const_102">
<pin_list>
<pin id="103" dir="1" index="0" bw="1" slack="2147483647"/>
</pin_list>
<bind>
<StgValue><ssdm name="empty_10"/></StgValue>
</bind>
</comp>

<comp id="104" class="1001" name="const_104">
<pin_list>
<pin id="105" dir="1" index="0" bw="1" slack="2147483647"/>
</pin_list>
<bind>
<StgValue><ssdm name="empty_22"/></StgValue>
</bind>
</comp>

<comp id="106" class="1001" name="const_106">
<pin_list>
<pin id="107" dir="1" index="0" bw="1" slack="2147483647"/>
</pin_list>
<bind>
<StgValue><ssdm name="empty_28"/></StgValue>
</bind>
</comp>

<comp id="108" class="1001" name="const_108">
<pin_list>
<pin id="109" dir="1" index="0" bw="1" slack="2147483647"/>
</pin_list>
<bind>
<StgValue><ssdm name="empty_11"/></StgValue>
</bind>
</comp>

<comp id="110" class="1001" name="const_110">
<pin_list>
<pin id="111" dir="1" index="0" bw="1" slack="2147483647"/>
</pin_list>
<bind>
<StgValue><ssdm name="empty_12"/></StgValue>
</bind>
</comp>

<comp id="112" class="1001" name="const_112">
<pin_list>
<pin id="113" dir="1" index="0" bw="1" slack="2147483647"/>
</pin_list>
<bind>
<StgValue><ssdm name="empty_13"/></StgValue>
</bind>
</comp>

<comp id="114" class="1001" name="const_114">
<pin_list>
<pin id="115" dir="1" index="0" bw="1" slack="2147483647"/>
</pin_list>
<bind>
<StgValue><ssdm name="empty_14"/></StgValue>
</bind>
</comp>

<comp id="116" class="1001" name="const_116">
<pin_list>
<pin id="117" dir="1" index="0" bw="1" slack="2147483647"/>
</pin_list>
<bind>
<StgValue><ssdm name="empty_15"/></StgValue>
</bind>
</comp>

<comp id="118" class="1001" name="const_118">
<pin_list>
<pin id="119" dir="1" index="0" bw="1" slack="2147483647"/>
</pin_list>
<bind>
<StgValue><ssdm name="empty_16"/></StgValue>
</bind>
</comp>

<comp id="120" class="1001" name="const_120">
<pin_list>
<pin id="121" dir="1" index="0" bw="1" slack="0"/>
</pin_list>
<bind>
<StgValue><ssdm name="_ssdm_op_Read.s_axilite.i64"/></StgValue>
</bind>
</comp>

<comp id="122" class="1001" name="const_122">
<pin_list>
<pin id="123" dir="1" index="0" bw="1" slack="0"/>
</pin_list>
<bind>
<StgValue><ssdm name="_ssdm_op_Read.s_axilite.i32"/></StgValue>
</bind>
</comp>

<comp id="124" class="1001" name="const_124">
<pin_list>
<pin id="125" dir="1" index="0" bw="1" slack="1"/>
</pin_list>
<bind>
<StgValue><ssdm name=""/></StgValue>
</bind>
</comp>

<comp id="126" class="1001" name="const_126">
<pin_list>
<pin id="127" dir="1" index="0" bw="1" slack="0"/>
</pin_list>
<bind>
<StgValue><ssdm name=""/></StgValue>
</bind>
</comp>

<comp id="128" class="1001" name="const_128">
<pin_list>
<pin id="129" dir="1" index="0" bw="1" slack="2147483647"/>
</pin_list>
<bind>
<StgValue><ssdm name="_ssdm_op_SpecDataflowPipeline"/></StgValue>
</bind>
</comp>

<comp id="130" class="1001" name="const_130">
<pin_list>
<pin id="131" dir="1" index="0" bw="1" slack="2147483647"/>
</pin_list>
<bind>
<StgValue><ssdm name="dataflow_parent_loop_str"/></StgValue>
</bind>
</comp>

<comp id="132" class="1001" name="const_132">
<pin_list>
<pin id="133" dir="1" index="0" bw="1" slack="2147483647"/>
</pin_list>
<bind>
<StgValue><ssdm name=""/></StgValue>
</bind>
</comp>

<comp id="134" class="1001" name="const_134">
<pin_list>
<pin id="135" dir="1" index="0" bw="1" slack="0"/>
</pin_list>
<bind>
<StgValue><ssdm name="dataflow_in_loop_VITIS_LOOP_241_1.1"/></StgValue>
</bind>
</comp>

<comp id="136" class="1001" name="const_136">
<pin_list>
<pin id="137" dir="1" index="0" bw="1" slack="2147483647"/>
</pin_list>
<bind>
<StgValue><ssdm name="_ssdm_op_SpecLoopTripCount"/></StgValue>
</bind>
</comp>

<comp id="138" class="1001" name="const_138">
<pin_list>
<pin id="139" dir="1" index="0" bw="1" slack="2147483647"/>
</pin_list>
<bind>
<StgValue><ssdm name=""/></StgValue>
</bind>
</comp>

<comp id="140" class="1001" name="const_140">
<pin_list>
<pin id="141" dir="1" index="0" bw="1" slack="2147483647"/>
</pin_list>
<bind>
<StgValue><ssdm name="_ssdm_op_SpecLoopName"/></StgValue>
</bind>
</comp>

<comp id="142" class="1001" name="const_142">
<pin_list>
<pin id="143" dir="1" index="0" bw="1" slack="2147483647"/>
</pin_list>
<bind>
<StgValue><ssdm name="empty_19"/></StgValue>
</bind>
</comp>

<comp id="144" class="1004" name="emissions_offset_read_read_fu_144">
<pin_list>
<pin id="145" dir="0" index="0" bw="64" slack="0"/>
<pin id="146" dir="0" index="1" bw="64" slack="0"/>
<pin id="147" dir="1" index="2" bw="64" slack="2"/>
</pin_list>
<bind>
<opcode="read(1150) " fcode="read"/>
<opset="emissions_offset_read/1 "/>
</bind>
</comp>

<comp id="150" class="1004" name="fullImage_offset_read_read_fu_150">
<pin_list>
<pin id="151" dir="0" index="0" bw="64" slack="0"/>
<pin id="152" dir="0" index="1" bw="64" slack="0"/>
<pin id="153" dir="1" index="2" bw="64" slack="2"/>
</pin_list>
<bind>
<opcode="read(1150) " fcode="read"/>
<opset="fullImage_offset_read/1 "/>
</bind>
</comp>

<comp id="156" class="1004" name="imageProjs_offset_read_read_fu_156">
<pin_list>
<pin id="157" dir="0" index="0" bw="64" slack="0"/>
<pin id="158" dir="0" index="1" bw="64" slack="0"/>
<pin id="159" dir="1" index="2" bw="64" slack="2"/>
</pin_list>
<bind>
<opcode="read(1150) " fcode="read"/>
<opset="imageProjs_offset_read/1 "/>
</bind>
</comp>

<comp id="162" class="1004" name="imageProjs_local_offset_read_read_fu_162">
<pin_list>
<pin id="163" dir="0" index="0" bw="64" slack="0"/>
<pin id="164" dir="0" index="1" bw="64" slack="0"/>
<pin id="165" dir="1" index="2" bw="64" slack="2"/>
</pin_list>
<bind>
<opcode="read(1150) " fcode="read"/>
<opset="imageProjs_local_offset_read/1 "/>
</bind>
</comp>

<comp id="168" class="1004" name="psfSupersample_read_read_fu_168">
<pin_list>
<pin id="169" dir="0" index="0" bw="32" slack="0"/>
<pin id="170" dir="0" index="1" bw="32" slack="0"/>
<pin id="171" dir="1" index="2" bw="32" slack="2"/>
</pin_list>
<bind>
<opcode="read(1150) " fcode="read"/>
<opset="psfSupersample_read/1 "/>
</bind>
</comp>

<comp id="174" class="1004" name="atomLocations_offset_read_read_fu_174">
<pin_list>
<pin id="175" dir="0" index="0" bw="64" slack="0"/>
<pin id="176" dir="0" index="1" bw="64" slack="0"/>
<pin id="177" dir="1" index="2" bw="64" slack="2"/>
</pin_list>
<bind>
<opcode="read(1150) " fcode="read"/>
<opset="atomLocations_offset_read/1 "/>
</bind>
</comp>

<comp id="180" class="1004" name="projShape1_read_read_fu_180">
<pin_list>
<pin id="181" dir="0" index="0" bw="32" slack="0"/>
<pin id="182" dir="0" index="1" bw="32" slack="0"/>
<pin id="183" dir="1" index="2" bw="32" slack="2"/>
</pin_list>
<bind>
<opcode="read(1150) " fcode="read"/>
<opset="projShape1_read/1 "/>
</bind>
</comp>

<comp id="186" class="1004" name="projShape0_read_read_fu_186">
<pin_list>
<pin id="187" dir="0" index="0" bw="32" slack="0"/>
<pin id="188" dir="0" index="1" bw="32" slack="0"/>
<pin id="189" dir="1" index="2" bw="32" slack="2"/>
</pin_list>
<bind>
<opcode="read(1150) " fcode="read"/>
<opset="projShape0_read/1 "/>
</bind>
</comp>

<comp id="192" class="1004" name="atomLocationsSize_read_read_fu_192">
<pin_list>
<pin id="193" dir="0" index="0" bw="32" slack="0"/>
<pin id="194" dir="0" index="1" bw="32" slack="0"/>
<pin id="195" dir="1" index="2" bw="32" slack="1"/>
</pin_list>
<bind>
<opcode="read(1150) " fcode="read"/>
<opset="atomLocationsSize_read/1 "/>
</bind>
</comp>

<comp id="198" class="1005" name="idx_reg_198">
<pin_list>
<pin id="199" dir="0" index="0" bw="16" slack="1"/>
<pin id="200" dir="1" index="1" bw="16" slack="1"/>
</pin_list>
<bind>
<opset="idx (phireg) "/>
</bind>
</comp>

<comp id="202" class="1004" name="idx_phi_fu_202">
<pin_list>
<pin id="203" dir="0" index="0" bw="1" slack="1"/>
<pin id="204" dir="0" index="1" bw="0" slack="2147483647"/>
<pin id="205" dir="0" index="2" bw="16" slack="0"/>
<pin id="206" dir="0" index="3" bw="0" slack="2147483647"/>
<pin id="207" dir="1" index="4" bw="16" slack="0"/>
</pin_list>
<bind>
<opcode="phi(47) " fcode="phi"/>
<opset="idx/2 "/>
</bind>
</comp>

<comp id="210" class="1004" name="grp_dataflow_in_loop_VITIS_LOOP_241_1_1_fu_210">
<pin_list>
<pin id="211" dir="0" index="0" bw="0" slack="0"/>
<pin id="212" dir="0" index="1" bw="16" slack="1"/>
<pin id="213" dir="0" index="2" bw="32" slack="2"/>
<pin id="214" dir="0" index="3" bw="32" slack="2"/>
<pin id="215" dir="0" index="4" bw="32" slack="2"/>
<pin id="216" dir="0" index="5" bw="64" slack="0"/>
<pin id="217" dir="0" index="6" bw="64" slack="2"/>
<pin id="218" dir="0" index="7" bw="32" slack="0"/>
<pin id="219" dir="0" index="8" bw="64" slack="2"/>
<pin id="220" dir="0" index="9" bw="32" slack="0"/>
<pin id="221" dir="0" index="10" bw="64" slack="2"/>
<pin id="222" dir="0" index="11" bw="32" slack="0"/>
<pin id="223" dir="0" index="12" bw="64" slack="2"/>
<pin id="224" dir="0" index="13" bw="16" slack="1"/>
<pin id="225" dir="0" index="14" bw="32" slack="0"/>
<pin id="226" dir="0" index="15" bw="64" slack="2"/>
<pin id="227" dir="0" index="16" bw="23" slack="0"/>
<pin id="228" dir="0" index="17" bw="24" slack="0"/>
<pin id="229" dir="1" index="18" bw="0" slack="2147483647"/>
</pin_list>
<bind>
<opcode="call(48) " fcode="call"/>
<opset="call_ln251/3 "/>
</bind>
</comp>

<comp id="240" class="1004" name="zext_ln241_fu_240">
<pin_list>
<pin id="241" dir="0" index="0" bw="16" slack="0"/>
<pin id="242" dir="1" index="1" bw="32" slack="0"/>
</pin_list>
<bind>
<opcode="zext(34) " fcode="zext"/>
<opset="zext_ln241/2 "/>
</bind>
</comp>

<comp id="244" class="1004" name="icmp_ln241_fu_244">
<pin_list>
<pin id="245" dir="0" index="0" bw="16" slack="0"/>
<pin id="246" dir="0" index="1" bw="32" slack="1"/>
<pin id="247" dir="1" index="2" bw="1" slack="1"/>
</pin_list>
<bind>
<opcode="icmp(45) " fcode="icmp"/>
<opset="icmp_ln241/2 "/>
</bind>
</comp>

<comp id="249" class="1004" name="add_ln241_fu_249">
<pin_list>
<pin id="250" dir="0" index="0" bw="16" slack="0"/>
<pin id="251" dir="0" index="1" bw="1" slack="0"/>
<pin id="252" dir="1" index="2" bw="16" slack="0"/>
</pin_list>
<bind>
<opcode="add(8) " fcode="add"/>
<opset="add_ln241/2 "/>
</bind>
</comp>

<comp id="255" class="1005" name="emissions_offset_read_reg_255">
<pin_list>
<pin id="256" dir="0" index="0" bw="64" slack="2"/>
<pin id="257" dir="1" index="1" bw="64" slack="2"/>
</pin_list>
<bind>
<opset="emissions_offset_read "/>
</bind>
</comp>

<comp id="260" class="1005" name="fullImage_offset_read_reg_260">
<pin_list>
<pin id="261" dir="0" index="0" bw="64" slack="2"/>
<pin id="262" dir="1" index="1" bw="64" slack="2"/>
</pin_list>
<bind>
<opset="fullImage_offset_read "/>
</bind>
</comp>

<comp id="265" class="1005" name="imageProjs_offset_read_reg_265">
<pin_list>
<pin id="266" dir="0" index="0" bw="64" slack="2"/>
<pin id="267" dir="1" index="1" bw="64" slack="2"/>
</pin_list>
<bind>
<opset="imageProjs_offset_read "/>
</bind>
</comp>

<comp id="270" class="1005" name="imageProjs_local_offset_read_reg_270">
<pin_list>
<pin id="271" dir="0" index="0" bw="64" slack="2"/>
<pin id="272" dir="1" index="1" bw="64" slack="2"/>
</pin_list>
<bind>
<opset="imageProjs_local_offset_read "/>
</bind>
</comp>

<comp id="275" class="1005" name="psfSupersample_read_reg_275">
<pin_list>
<pin id="276" dir="0" index="0" bw="32" slack="2"/>
<pin id="277" dir="1" index="1" bw="32" slack="2"/>
</pin_list>
<bind>
<opset="psfSupersample_read "/>
</bind>
</comp>

<comp id="280" class="1005" name="atomLocations_offset_read_reg_280">
<pin_list>
<pin id="281" dir="0" index="0" bw="64" slack="2"/>
<pin id="282" dir="1" index="1" bw="64" slack="2"/>
</pin_list>
<bind>
<opset="atomLocations_offset_read "/>
</bind>
</comp>

<comp id="285" class="1005" name="projShape1_read_reg_285">
<pin_list>
<pin id="286" dir="0" index="0" bw="32" slack="2"/>
<pin id="287" dir="1" index="1" bw="32" slack="2"/>
</pin_list>
<bind>
<opset="projShape1_read "/>
</bind>
</comp>

<comp id="290" class="1005" name="projShape0_read_reg_290">
<pin_list>
<pin id="291" dir="0" index="0" bw="32" slack="2"/>
<pin id="292" dir="1" index="1" bw="32" slack="2"/>
</pin_list>
<bind>
<opset="projShape0_read "/>
</bind>
</comp>

<comp id="295" class="1005" name="atomLocationsSize_read_reg_295">
<pin_list>
<pin id="296" dir="0" index="0" bw="32" slack="1"/>
<pin id="297" dir="1" index="1" bw="32" slack="1"/>
</pin_list>
<bind>
<opset="atomLocationsSize_read "/>
</bind>
</comp>

<comp id="300" class="1005" name="icmp_ln241_reg_300">
<pin_list>
<pin id="301" dir="0" index="0" bw="1" slack="1"/>
<pin id="302" dir="1" index="1" bw="1" slack="2147483647"/>
</pin_list>
<bind>
<opset="icmp_ln241 "/>
</bind>
</comp>

<comp id="304" class="1005" name="add_ln241_reg_304">
<pin_list>
<pin id="305" dir="0" index="0" bw="16" slack="0"/>
<pin id="306" dir="1" index="1" bw="16" slack="0"/>
</pin_list>
<bind>
<opset="add_ln241 "/>
</bind>
</comp>

</comp_list>

<net_list>
<net id="148"><net_src comp="120" pin="0"/><net_sink comp="144" pin=0"/></net>

<net id="149"><net_src comp="36" pin="0"/><net_sink comp="144" pin=1"/></net>

<net id="154"><net_src comp="120" pin="0"/><net_sink comp="150" pin=0"/></net>

<net id="155"><net_src comp="30" pin="0"/><net_sink comp="150" pin=1"/></net>

<net id="160"><net_src comp="120" pin="0"/><net_sink comp="156" pin=0"/></net>

<net id="161"><net_src comp="26" pin="0"/><net_sink comp="156" pin=1"/></net>

<net id="166"><net_src comp="120" pin="0"/><net_sink comp="162" pin=0"/></net>

<net id="167"><net_src comp="24" pin="0"/><net_sink comp="162" pin=1"/></net>

<net id="172"><net_src comp="122" pin="0"/><net_sink comp="168" pin=0"/></net>

<net id="173"><net_src comp="20" pin="0"/><net_sink comp="168" pin=1"/></net>

<net id="178"><net_src comp="120" pin="0"/><net_sink comp="174" pin=0"/></net>

<net id="179"><net_src comp="18" pin="0"/><net_sink comp="174" pin=1"/></net>

<net id="184"><net_src comp="122" pin="0"/><net_sink comp="180" pin=0"/></net>

<net id="185"><net_src comp="16" pin="0"/><net_sink comp="180" pin=1"/></net>

<net id="190"><net_src comp="122" pin="0"/><net_sink comp="186" pin=0"/></net>

<net id="191"><net_src comp="14" pin="0"/><net_sink comp="186" pin=1"/></net>

<net id="196"><net_src comp="122" pin="0"/><net_sink comp="192" pin=0"/></net>

<net id="197"><net_src comp="12" pin="0"/><net_sink comp="192" pin=1"/></net>

<net id="201"><net_src comp="124" pin="0"/><net_sink comp="198" pin=0"/></net>

<net id="208"><net_src comp="198" pin="1"/><net_sink comp="202" pin=0"/></net>

<net id="209"><net_src comp="202" pin="4"/><net_sink comp="198" pin=0"/></net>

<net id="230"><net_src comp="134" pin="0"/><net_sink comp="210" pin=0"/></net>

<net id="231"><net_src comp="198" pin="1"/><net_sink comp="210" pin=1"/></net>

<net id="232"><net_src comp="0" pin="0"/><net_sink comp="210" pin=5"/></net>

<net id="233"><net_src comp="4" pin="0"/><net_sink comp="210" pin=7"/></net>

<net id="234"><net_src comp="8" pin="0"/><net_sink comp="210" pin=9"/></net>

<net id="235"><net_src comp="2" pin="0"/><net_sink comp="210" pin=11"/></net>

<net id="236"><net_src comp="198" pin="1"/><net_sink comp="210" pin=13"/></net>

<net id="237"><net_src comp="10" pin="0"/><net_sink comp="210" pin=14"/></net>

<net id="238"><net_src comp="38" pin="0"/><net_sink comp="210" pin=16"/></net>

<net id="239"><net_src comp="40" pin="0"/><net_sink comp="210" pin=17"/></net>

<net id="243"><net_src comp="202" pin="4"/><net_sink comp="240" pin=0"/></net>

<net id="248"><net_src comp="240" pin="1"/><net_sink comp="244" pin=0"/></net>

<net id="253"><net_src comp="202" pin="4"/><net_sink comp="249" pin=0"/></net>

<net id="254"><net_src comp="126" pin="0"/><net_sink comp="249" pin=1"/></net>

<net id="258"><net_src comp="144" pin="2"/><net_sink comp="255" pin=0"/></net>

<net id="259"><net_src comp="255" pin="1"/><net_sink comp="210" pin=15"/></net>

<net id="263"><net_src comp="150" pin="2"/><net_sink comp="260" pin=0"/></net>

<net id="264"><net_src comp="260" pin="1"/><net_sink comp="210" pin=10"/></net>

<net id="268"><net_src comp="156" pin="2"/><net_sink comp="265" pin=0"/></net>

<net id="269"><net_src comp="265" pin="1"/><net_sink comp="210" pin=8"/></net>

<net id="273"><net_src comp="162" pin="2"/><net_sink comp="270" pin=0"/></net>

<net id="274"><net_src comp="270" pin="1"/><net_sink comp="210" pin=12"/></net>

<net id="278"><net_src comp="168" pin="2"/><net_sink comp="275" pin=0"/></net>

<net id="279"><net_src comp="275" pin="1"/><net_sink comp="210" pin=2"/></net>

<net id="283"><net_src comp="174" pin="2"/><net_sink comp="280" pin=0"/></net>

<net id="284"><net_src comp="280" pin="1"/><net_sink comp="210" pin=6"/></net>

<net id="288"><net_src comp="180" pin="2"/><net_sink comp="285" pin=0"/></net>

<net id="289"><net_src comp="285" pin="1"/><net_sink comp="210" pin=4"/></net>

<net id="293"><net_src comp="186" pin="2"/><net_sink comp="290" pin=0"/></net>

<net id="294"><net_src comp="290" pin="1"/><net_sink comp="210" pin=3"/></net>

<net id="298"><net_src comp="192" pin="2"/><net_sink comp="295" pin=0"/></net>

<net id="299"><net_src comp="295" pin="1"/><net_sink comp="244" pin=1"/></net>

<net id="303"><net_src comp="244" pin="2"/><net_sink comp="300" pin=0"/></net>

<net id="307"><net_src comp="249" pin="2"/><net_sink comp="304" pin=0"/></net>

<net id="308"><net_src comp="304" pin="1"/><net_sink comp="202" pin=2"/></net>

</net_list>

</model> 
---------------- Datapath Model END ------------------

* FSMD analyzer results:
  - Output states:
	Port: emissions | {3 4 }
 - Input state : 
	Port: reconstruct : atomLocations | {3 4 }
	Port: reconstruct : imageProjs_local | {3 4 }
	Port: reconstruct : imageProjs | {3 4 }
	Port: reconstruct : fullImage | {3 4 }
	Port: reconstruct : atomLocationsSize | {1 }
	Port: reconstruct : projShape0 | {1 }
	Port: reconstruct : projShape1 | {1 }
	Port: reconstruct : atomLocations_offset | {1 }
	Port: reconstruct : psfSupersample | {1 }
	Port: reconstruct : imageProjs_local_offset | {1 }
	Port: reconstruct : imageProjs_offset | {1 }
	Port: reconstruct : fullImage_offset | {1 }
	Port: reconstruct : emissions_offset | {1 }
	Port: reconstruct : mask_table | {3 4 }
	Port: reconstruct : one_half_table | {3 4 }
  - Chain level:
	State 1
	State 2
		zext_ln241 : 1
		icmp_ln241 : 2
		add_ln241 : 1
		specdataflowpipeline_ln241 : 1
		br_ln241 : 3
	State 3
	State 4


============================================================
+ Verbose Summary: Datapath Resource usage 
============================================================

* Functional unit list:
|----------|------------------------------------------------|---------|---------|---------|---------|
| Operation|                 Functional Unit                |   DSP   |  Delay  |    FF   |   LUT   |
|----------|------------------------------------------------|---------|---------|---------|---------|
|   call   | grp_dataflow_in_loop_VITIS_LOOP_241_1_1_fu_210 |   2053  | 1517.32 |  442306 |  185540 |
|----------|------------------------------------------------|---------|---------|---------|---------|
|   icmp   |                icmp_ln241_fu_244               |    0    |    0    |    0    |    39   |
|----------|------------------------------------------------|---------|---------|---------|---------|
|    add   |                add_ln241_fu_249                |    0    |    0    |    0    |    23   |
|----------|------------------------------------------------|---------|---------|---------|---------|
|          |        emissions_offset_read_read_fu_144       |    0    |    0    |    0    |    0    |
|          |        fullImage_offset_read_read_fu_150       |    0    |    0    |    0    |    0    |
|          |       imageProjs_offset_read_read_fu_156       |    0    |    0    |    0    |    0    |
|          |    imageProjs_local_offset_read_read_fu_162    |    0    |    0    |    0    |    0    |
|   read   |         psfSupersample_read_read_fu_168        |    0    |    0    |    0    |    0    |
|          |      atomLocations_offset_read_read_fu_174     |    0    |    0    |    0    |    0    |
|          |           projShape1_read_read_fu_180          |    0    |    0    |    0    |    0    |
|          |           projShape0_read_read_fu_186          |    0    |    0    |    0    |    0    |
|          |       atomLocationsSize_read_read_fu_192       |    0    |    0    |    0    |    0    |
|----------|------------------------------------------------|---------|---------|---------|---------|
|   zext   |                zext_ln241_fu_240               |    0    |    0    |    0    |    0    |
|----------|------------------------------------------------|---------|---------|---------|---------|
|   Total  |                                                |   2053  | 1517.32 |  442306 |  185602 |
|----------|------------------------------------------------|---------|---------|---------|---------|

Memories:
+--------------+--------+--------+--------+
|              |  BRAM  |   FF   |   LUT  |
+--------------+--------+--------+--------+
|  mask_table  |    0   |   46   |   12   |
|one_half_table|    0   |   48   |   12   |
+--------------+--------+--------+--------+
|     Total    |    0   |   94   |   24   |
+--------------+--------+--------+--------+

* Register list:
+------------------------------------+--------+
|                                    |   FF   |
+------------------------------------+--------+
|          add_ln241_reg_304         |   16   |
|   atomLocationsSize_read_reg_295   |   32   |
|  atomLocations_offset_read_reg_280 |   64   |
|    emissions_offset_read_reg_255   |   64   |
|    fullImage_offset_read_reg_260   |   64   |
|         icmp_ln241_reg_300         |    1   |
|             idx_reg_198            |   16   |
|imageProjs_local_offset_read_reg_270|   64   |
|   imageProjs_offset_read_reg_265   |   64   |
|       projShape0_read_reg_290      |   32   |
|       projShape1_read_reg_285      |   32   |
|     psfSupersample_read_reg_275    |   32   |
+------------------------------------+--------+
|                Total               |   481  |
+------------------------------------+--------+

* Multiplexer (MUX) list: 
|-------------|------|------|------|--------||---------||---------||---------|
|     Comp    |  Pin | Size |  BW  | S x BW ||  Delay  ||    FF   ||   LUT   |
|-------------|------|------|------|--------||---------||---------||---------|
| idx_reg_198 |  p0  |   2  |  16  |   32   ||    0    ||    9    |
|-------------|------|------|------|--------||---------||---------||---------|
|    Total    |      |      |      |   32   ||  0.427  ||    0    ||    9    |
|-------------|------|------|------|--------||---------||---------||---------|



* Summary:
+-----------+--------+--------+--------+--------+--------+
|           |  BRAM  |   DSP  |  Delay |   FF   |   LUT  |
+-----------+--------+--------+--------+--------+--------+
|  Function |    -   |  2053  |  1517  | 442306 | 185602 |
|   Memory  |    0   |    -   |    -   |   94   |   24   |
|Multiplexer|    -   |    -   |    0   |    0   |    9   |
|  Register |    -   |    -   |    -   |   481  |    -   |
+-----------+--------+--------+--------+--------+--------+
|   Total   |    0   |  2053  |  1517  | 442881 | 185635 |
+-----------+--------+--------+--------+--------+--------+
