

================================================================
== Vitis HLS Report for 'applyProjectors'
================================================================
* Date:           Wed May 21 17:37:31 2025

* Version:        2024.2 (Build 5238294 on Nov  8 2024)
* Project:        reconstruct
* Solution:       hls (Vivado IP Flow Target)
* Product family: zynq
* Target device:  xc7z020-clg400-1


================================================================
== Performance Estimates
================================================================
+ Timing: 
    * Summary: 
    +--------+----------+----------+------------+
    |  Clock |  Target  | Estimated| Uncertainty|
    +--------+----------+----------+------------+
    |ap_clk  |  10.00 ns|  7.300 ns|     2.70 ns|
    +--------+----------+----------+------------+

+ Latency: 
    * Summary: 
    +---------+---------+----------+----------+-----+-----+---------+
    |  Latency (cycles) |  Latency (absolute) |  Interval | Pipeline|
    |   min   |   max   |    min   |    max   | min | max |   Type  |
    +---------+---------+----------+----------+-----+-----+---------+
    |        ?|        ?|         ?|         ?|    ?|    ?|       no|
    +---------+---------+----------+----------+-----+-----+---------+

    + Detail: 
        * Instance: 
        N/A

        * Loop: 
        +----------------------+---------+---------+----------+-----------+-----------+------+----------+
        |                      |  Latency (cycles) | Iteration|  Initiation Interval  | Trip |          |
        |       Loop Name      |   min   |   max   |  Latency |  achieved |   target  | Count| Pipelined|
        +----------------------+---------+---------+----------+-----------+-----------+------+----------+
        |- VITIS_LOOP_72_1     |        ?|        ?|         ?|          -|          -|     ?|        no|
        | + VITIS_LOOP_91_2    |        ?|        ?|         ?|          -|          -|     ?|        no|
        |  ++ VITIS_LOOP_98_3  |        ?|        ?|        24|          -|          -|     ?|        no|
        +----------------------+---------+---------+----------+-----------+-----------+------+----------+



================================================================
== Utilization Estimates
================================================================
* Summary: 
+-----------------+---------+-----+--------+-------+-----+
|       Name      | BRAM_18K| DSP |   FF   |  LUT  | URAM|
+-----------------+---------+-----+--------+-------+-----+
|DSP              |        -|    -|       -|      -|    -|
|Expression       |        -|    -|       0|   2349|    -|
|FIFO             |        -|    -|       -|      -|    -|
|Instance         |        -|   27|    6694|   6743|    -|
|Memory           |        -|    -|       -|      -|    -|
|Multiplexer      |        -|    -|       0|   1276|    -|
|Register         |        -|    -|    4030|      -|    -|
+-----------------+---------+-----+--------+-------+-----+
|Total            |        0|   27|   10724|  10368|    0|
+-----------------+---------+-----+--------+-------+-----+
|Available        |      280|  220|  106400|  53200|    0|
+-----------------+---------+-----+--------+-------+-----+
|Utilization (%)  |        0|   12|      10|     19|    0|
+-----------------+---------+-----+--------+-------+-----+

+ Detail: 
    * Instance: 
    +-------------------------------------+--------------------------------+---------+----+------+------+-----+
    |               Instance              |             Module             | BRAM_18K| DSP|  FF  |  LUT | URAM|
    +-------------------------------------+--------------------------------+---------+----+------+------+-----+
    |dadd_64ns_64ns_64_7_full_dsp_1_U437  |dadd_64ns_64ns_64_7_full_dsp_1  |        0|   3|   630|  1141|    0|
    |dadd_64ns_64ns_64_7_full_dsp_1_U438  |dadd_64ns_64ns_64_7_full_dsp_1  |        0|   3|   630|  1141|    0|
    |dcmp_64ns_64ns_1_2_no_dsp_1_U441     |dcmp_64ns_64ns_1_2_no_dsp_1     |        0|   0|     0|     0|    0|
    |ddiv_64ns_64ns_64_59_no_dsp_1_U440   |ddiv_64ns_64ns_64_59_no_dsp_1   |        0|   0|     0|     0|    0|
    |dmul_64ns_64ns_64_7_max_dsp_1_U439   |dmul_64ns_64ns_64_7_max_dsp_1   |        0|  11|   342|   586|    0|
    |mul_32s_32s_32_2_1_U442              |mul_32s_32s_32_2_1              |        0|   3|   165|    50|    0|
    |mul_61s_32s_61_5_1_U443              |mul_61s_32s_61_5_1              |        0|   7|   361|   349|    0|
    |srem_32ns_32s_32_36_1_U444           |srem_32ns_32s_32_36_1           |        0|   0|  2283|  1738|    0|
    |srem_32ns_32s_32_36_1_U445           |srem_32ns_32s_32_36_1           |        0|   0|  2283|  1738|    0|
    +-------------------------------------+--------------------------------+---------+----+------+------+-----+
    |Total                                |                                |        0|  27|  6694|  6743|    0|
    +-------------------------------------+--------------------------------+---------+----+------+------+-----+

    * DSP: 
    N/A

    * Memory: 
    N/A

    * FIFO: 
    N/A

    * Expression: 
    +---------------------------------------+----------+----+---+----+------------+------------+
    |             Variable Name             | Operation| DSP| FF| LUT| Bitwidth P0| Bitwidth P1|
    +---------------------------------------+----------+----+---+----+------------+------------+
    |add_ln107_1_fu_1187_p2                 |         +|   0|  0|  71|          64|          64|
    |add_ln107_fu_1099_p2                   |         +|   0|  0|  71|          64|          64|
    |add_ln72_fu_543_p2                     |         +|   0|  0|  38|          31|           1|
    |add_ln85_1_fu_669_p2                   |         +|   0|  0|  71|          64|          64|
    |add_ln85_fu_709_p2                     |         +|   0|  0|  32|          32|          32|
    |add_ln91_1_fu_875_p2                   |         +|   0|  0|  40|          33|          33|
    |add_ln91_2_fu_1070_p2                  |         +|   0|  0|  71|          64|           1|
    |add_ln91_fu_855_p2                     |         +|   0|  0|  40|          33|          33|
    |add_ln98_fu_1031_p2                    |         +|   0|  0|  71|          64|           1|
    |add_ln99_1_fu_978_p2                   |         +|   0|  0|  71|          64|          64|
    |add_ln99_2_fu_993_p2                   |         +|   0|  0|  39|          32|          32|
    |add_ln99_3_fu_1010_p2                  |         +|   0|  0|  71|          64|          64|
    |add_ln99_fu_965_p2                     |         +|   0|  0|  68|          61|          61|
    |cols_fu_698_p2                         |         +|   0|  0|  32|          32|           1|
    |emission_ptr_1_fu_1104_p2              |         +|   0|  0|  39|          32|           1|
    |grp_fu_633_p0                          |         +|   0|  0|  39|          32|          32|
    |grp_fu_642_p0                          |         +|   0|  0|  39|          32|          32|
    |mul40_fu_762_p2                        |         +|   0|  0|  32|          32|          32|
    |p_3_fu_1025_p2                         |         +|   0|  0|  39|          32|           1|
    |proj_offset_fu_647_p2                  |         +|   0|  0|  39|          32|          32|
    |row_3_fu_1076_p2                       |         +|   0|  0|  39|          32|           1|
    |p_sub_fu_751_p2                        |         -|   0|  0|  32|          32|          32|
    |sub_ln84_fu_694_p2                     |         -|   0|  0|  32|          32|          32|
    |sub_ln85_fu_704_p2                     |         -|   0|  0|  32|           1|          32|
    |sub_ln91_1_fu_897_p2                   |         -|   0|  0|  40|          33|          33|
    |sub_ln91_2_fu_861_p2                   |         -|   0|  0|  39|          32|          32|
    |sub_ln91_3_fu_921_p2                   |         -|   0|  0|  40|          33|          33|
    |sub_ln91_fu_841_p2                     |         -|   0|  0|  40|          33|          33|
    |sub_ln92_fu_935_p2                     |         -|   0|  0|  39|          32|          32|
    |sub_ln94_fu_944_p2                     |         -|   0|  0|  39|          32|          32|
    |sub_ln95_fu_949_p2                     |         -|   0|  0|  39|          32|          32|
    |and_ln104_fu_1161_p2                   |       and|   0|  0|   2|           1|           1|
    |and_ln91_fu_784_p2                     |       and|   0|  0|   2|           1|           1|
    |ap_block_state173                      |       and|   0|  0|   2|           1|           1|
    |ap_block_state2                        |       and|   0|  0|   2|           1|           1|
    |ap_predicate_op574_writeresp_state173  |       and|   0|  0|   2|           1|           1|
    |spec_select1619_fu_816_p2              |       and|   0|  0|   2|           1|           1|
    |cmp3318_fu_811_p2                      |      icmp|   0|  0|  39|          32|          32|
    |empty_47_fu_825_p2                     |      icmp|   0|  0|  39|          32|           1|
    |empty_48_fu_887_p2                     |      icmp|   0|  0|  40|          33|          33|
    |empty_49_fu_909_p2                     |      icmp|   0|  0|  40|          33|          33|
    |icmp_ln104_1_fu_1149_p2                |      icmp|   0|  0|  59|          52|           1|
    |icmp_ln104_fu_1143_p2                  |      icmp|   0|  0|  12|          11|           2|
    |icmp_ln72_fu_538_p2                    |      icmp|   0|  0|  39|          32|          32|
    |icmp_ln79_fu_652_p2                    |      icmp|   0|  0|  39|          32|          32|
    |icmp_ln85_fu_714_p2                    |      icmp|   0|  0|  39|          32|          32|
    |icmp_ln88_fu_719_p2                    |      icmp|   0|  0|  39|          32|           1|
    |icmp_ln91_1_fu_779_p2                  |      icmp|   0|  0|  39|          32|          32|
    |icmp_ln91_2_fu_1082_p2                 |      icmp|   0|  0|  71|          64|          64|
    |icmp_ln91_fu_768_p2                    |      icmp|   0|  0|  39|          32|          32|
    |icmp_ln98_fu_1037_p2                   |      icmp|   0|  0|  71|          64|          64|
    |slt52_fu_800_p2                        |      icmp|   0|  0|  39|          32|          32|
    |ap_block_state1                        |        or|   0|  0|   2|           1|           1|
    |ap_block_state60_io                    |        or|   0|  0|   2|           1|           1|
    |ap_block_state68                       |        or|   0|  0|   2|           1|           1|
    |ap_block_state93_io                    |        or|   0|  0|   2|           1|           1|
    |or_ln104_fu_1155_p2                    |        or|   0|  0|   2|           1|           1|
    |col_1_fu_790_p3                        |    select|   0|  0|  31|           1|           1|
    |p_1_fu_954_p3                          |    select|   0|  0|  32|           1|          32|
    |row_1_fu_724_p3                        |    select|   0|  0|  31|           1|          31|
    |smax_fu_830_p3                         |    select|   0|  0|  31|           1|          31|
    |umax2_fu_914_p3                        |    select|   0|  0|  33|           1|          33|
    |umax_fu_891_p3                         |    select|   0|  0|  33|           1|          33|
    |rev53_fu_805_p2                        |       xor|   0|  0|   2|           1|           2|
    |xor_ln91_1_fu_866_p2                   |       xor|   0|  0|  32|          32|           2|
    |xor_ln91_2_fu_773_p2                   |       xor|   0|  0|   2|           1|           2|
    |xor_ln91_fu_846_p2                     |       xor|   0|  0|  32|          32|           2|
    +---------------------------------------+----------+----+---+----+------------+------------+
    |Total                                  |          |   0|  0|2349|        1846|        1572|
    +---------------------------------------+----------+----+---+----+------------+------------+

    * Multiplexer: 
    +----------------------------------------------+-----+-----------+-----+-----------+
    |                     Name                     | LUT | Input Size| Bits| Total Bits|
    +----------------------------------------------+-----+-----------+-----+-----------+
    |ap_NS_fsm                                     |  928|        174|    1|        174|
    |ap_done                                       |    9|          2|    1|          2|
    |ap_phi_mux_projSumUsed_0_lcssa_phi_fu_444_p4  |    9|          2|   64|        128|
    |col_2_reg_376                                 |    9|          2|   64|        128|
    |emission_cnt                                  |    9|          2|   32|         64|
    |emission_ptr_fu_182                           |    9|          2|   32|         64|
    |emissions_blk_n_AW                            |    9|          2|    1|          2|
    |emissions_blk_n_B                             |    9|          2|    1|          2|
    |emissions_blk_n_W                             |    9|          2|    1|          2|
    |fullImage_blk_n_AR                            |    9|          2|    1|          2|
    |fullImage_blk_n_R                             |    9|          2|    1|          2|
    |grp_fu_476_p0                                 |   14|          3|   64|        192|
    |grp_fu_476_p1                                 |   14|          3|   64|        192|
    |grp_fu_492_p0                                 |   25|          5|   32|        160|
    |grp_fu_492_p1                                 |   20|          4|   32|        128|
    |i_fu_178                                      |    9|          2|   31|         62|
    |imageProjs_blk_n_AR                           |    9|          2|    1|          2|
    |imageProjs_blk_n_R                            |    9|          2|    1|          2|
    |imageProjs_local_blk_n_AR                     |    9|          2|    1|          2|
    |imageProjs_local_blk_n_R                      |    9|          2|    1|          2|
    |imageProjs_local_size_r_blk_n_AR              |    9|          2|    1|          2|
    |imageProjs_local_size_r_blk_n_R               |    9|          2|    1|          2|
    |localImages_blk_n                             |    9|          2|    1|          2|
    |m_axi_emissions_0_WDATA                       |   14|          3|   64|        192|
    |p_2_reg_385                                   |    9|          2|   32|         64|
    |projSumUsed_0_lcssa_reg_440                   |    9|          2|   64|        128|
    |projSumUsed_1_reg_405                         |    9|          2|   64|        128|
    |projSumUsed_3_reg_416                         |    9|          2|   64|        128|
    |projSumUsed_reg_364                           |    9|          2|   64|        128|
    |row_130_reg_342                               |    9|          2|   32|         64|
    |row_2_reg_332                                 |    9|          2|   64|        128|
    |sum_0_lcssa_reg_453                           |    9|          2|   64|        128|
    |sum_1_reg_394                                 |    9|          2|   64|        128|
    |sum_3_reg_428                                 |    9|          2|   64|        128|
    |sum_reg_352                                   |    9|          2|   64|        128|
    +----------------------------------------------+-----+-----------+-----+-----------+
    |Total                                         | 1276|        250| 1133|       2790|
    +----------------------------------------------+-----+-----------+-----+-----------+

    * Register: 
    +------------------------------------------+-----+----+-----+-----------+
    |                   Name                   |  FF | LUT| Bits| Const Bits|
    +------------------------------------------+-----+----+-----+-----------+
    |add_ln72_reg_1307                         |   31|   0|   31|          0|
    |add_ln85_reg_1411                         |   32|   0|   32|          0|
    |add_ln91_1_reg_1488                       |   33|   0|   33|          0|
    |add_ln91_2_reg_1608                       |   64|   0|   64|          0|
    |add_ln91_reg_1477                         |   33|   0|   33|          0|
    |add_ln98_reg_1554                         |   64|   0|   64|          0|
    |and_ln104_reg_1627                        |    1|   0|    1|          0|
    |and_ln91_reg_1448                         |    1|   0|    1|          0|
    |ap_CS_fsm                                 |  173|   0|  173|          0|
    |ap_done_reg                               |    1|   0|    1|          0|
    |atomLocationsSize_read_reg_1289           |   32|   0|   32|          0|
    |bitcast_ln99_1_reg_1590                   |   64|   0|   64|          0|
    |col_1_reg_1452                            |   31|   0|   31|          0|
    |col_2_reg_376                             |   64|   0|   64|          0|
    |cols_reg_1405                             |   32|   0|   32|          0|
    |div_reg_1659                              |   64|   0|   64|          0|
    |emission_cnt_preg                         |   32|   0|   32|          0|
    |emission_ptr_fu_182                       |   32|   0|   32|          0|
    |emissions5_read_reg_1239                  |   64|   0|   64|          0|
    |emissions_addr_reg_1631                   |   64|   0|   64|          0|
    |empty_50_reg_1534                         |   61|   0|   61|          0|
    |fullImage4_read_reg_1255                  |   64|   0|   64|          0|
    |fullImage_addr_read_reg_1575              |   64|   0|   64|          0|
    |fullImage_cols_cast11_reg_1294            |   61|   0|   61|          0|
    |fullImage_cols_cast_reg_1299              |   33|   0|   33|          0|
    |fullImage_cols_read_reg_1244              |   32|   0|   32|          0|
    |fullImage_rows_read_reg_1249              |   32|   0|   32|          0|
    |i_fu_178                                  |   31|   0|   31|          0|
    |icmp_ln79_reg_1395                        |    1|   0|    1|          0|
    |icmp_ln85_reg_1421                        |    1|   0|    1|          0|
    |icmp_ln91_2_reg_1618                      |    1|   0|    1|          0|
    |icmp_ln98_reg_1559                        |    1|   0|    1|          0|
    |imageProjectionSize_read_reg_1275         |   32|   0|   32|          0|
    |imageProjs2_read_reg_1265                 |   64|   0|   64|          0|
    |imageProjs_addr_read_reg_1649             |   64|   0|   64|          0|
    |imageProjs_local1_read_reg_1270           |   64|   0|   64|          0|
    |imageProjs_local_addr_read_reg_1580       |   64|   0|   64|          0|
    |imageProjs_local_size3_read_reg_1260      |   64|   0|   64|          0|
    |imageProjs_local_size_addr_read_reg_1416  |   32|   0|   32|          0|
    |imageProjs_local_size_addr_reg_1399       |   64|   0|   64|          0|
    |localImage_X_max_reg_1343                 |   32|   0|   32|          0|
    |localImage_X_min_reg_1317                 |   32|   0|   32|          0|
    |localImage_Y_max_reg_1350                 |   32|   0|   32|          0|
    |localImage_Y_min_reg_1330                 |   32|   0|   32|          0|
    |localImage_dx_reg_1357                    |   32|   0|   32|          0|
    |localImage_dy_reg_1362                    |   32|   0|   32|          0|
    |localImages_read_reg_1312                 |  256|   0|  256|          0|
    |mul40_reg_1443                            |   32|   0|   32|          0|
    |p_1_reg_1529                              |   32|   0|   32|          0|
    |p_2_reg_385                               |   32|   0|   32|          0|
    |p_3_reg_1549                              |   32|   0|   32|          0|
    |projSumUsed_0_lcssa_reg_440               |   64|   0|   64|          0|
    |projSumUsed_1_reg_405                     |   64|   0|   64|          0|
    |projSumUsed_2_reg_1602                    |   64|   0|   64|          0|
    |projSumUsed_3_reg_416                     |   64|   0|   64|          0|
    |projSumUsed_reg_364                       |   64|   0|   64|          0|
    |proj_offset_reg_1387                      |   32|   0|   32|          0|
    |psfSupersample_read_reg_1280              |   32|   0|   32|          0|
    |reg_504                                   |   32|   0|   32|          0|
    |reg_508                                   |   64|   0|   64|          0|
    |row_130_reg_342                           |   32|   0|   32|          0|
    |row_1_cast24_reg_1461                     |   31|   0|   33|          2|
    |row_1_reg_1425                            |   31|   0|   31|          0|
    |row_2_reg_332                             |   64|   0|   64|          0|
    |row_3_reg_1613                            |   32|   0|   32|          0|
    |sext_ln91_1_reg_1504                      |   64|   0|   64|          0|
    |sext_ln91_3_reg_1509                      |   64|   0|   64|          0|
    |spec_select1619_reg_1457                  |    1|   0|    1|          0|
    |sub_ln91_2_reg_1483                       |   32|   0|   32|          0|
    |sub_ln91_reg_1471                         |   33|   0|   33|          0|
    |sub_ln92_reg_1519                         |   32|   0|   32|          0|
    |sub_ln94_reg_1524                         |   32|   0|   32|          0|
    |sum_0_lcssa_reg_453                       |   64|   0|   64|          0|
    |sum_1_reg_394                             |   64|   0|   64|          0|
    |sum_2_reg_1596                            |   64|   0|   64|          0|
    |sum_3_reg_428                             |   64|   0|   64|          0|
    |sum_reg_352                               |   64|   0|   64|          0|
    |tmp_21_reg_1432                           |    1|   0|    1|          0|
    |trunc_ln4_reg_1539                        |   61|   0|   61|          0|
    |trunc_ln6_reg_1622                        |   61|   0|   61|          0|
    |trunc_ln74_6_reg_1324                     |   31|   0|   31|          0|
    |trunc_ln74_8_reg_1338                     |   31|   0|   31|          0|
    |trunc_ln7_reg_1638                        |   61|   0|   61|          0|
    |trunc_ln99_1_reg_1544                     |   61|   0|   61|          0|
    |xidx_reg_1377                             |   32|   0|   32|          0|
    |yidx_reg_1382                             |   32|   0|   32|          0|
    |zext_ln87_reg_1438                        |   31|   0|   32|          1|
    |zext_ln91_2_reg_1466                      |   31|   0|   33|          2|
    |zext_ln91_reg_1494                        |   31|   0|   64|         33|
    +------------------------------------------+-----+----+-----+-----------+
    |Total                                     | 4030|   0| 4068|         38|
    +------------------------------------------+-----+----+-----+-----------+



================================================================
== Interface
================================================================
* Summary: 
+------------------------------------------+-----+-----+------------+------------------------+--------------+
|                 RTL Ports                | Dir | Bits|  Protocol  |      Source Object     |    C Type    |
+------------------------------------------+-----+-----+------------+------------------------+--------------+
|ap_clk                                    |   in|    1|  ap_ctrl_hs|         applyProjectors|  return value|
|ap_rst                                    |   in|    1|  ap_ctrl_hs|         applyProjectors|  return value|
|ap_start                                  |   in|    1|  ap_ctrl_hs|         applyProjectors|  return value|
|ap_done                                   |  out|    1|  ap_ctrl_hs|         applyProjectors|  return value|
|ap_continue                               |   in|    1|  ap_ctrl_hs|         applyProjectors|  return value|
|ap_idle                                   |  out|    1|  ap_ctrl_hs|         applyProjectors|  return value|
|ap_ready                                  |  out|    1|  ap_ctrl_hs|         applyProjectors|  return value|
|atomLocationsSize                         |   in|   32|     ap_none|       atomLocationsSize|        scalar|
|psfSupersample                            |   in|   32|     ap_none|          psfSupersample|        scalar|
|imageProjectionSize                       |   in|   32|     ap_none|     imageProjectionSize|        scalar|
|m_axi_imageProjs_local_0_AWVALID          |  out|    1|       m_axi|        imageProjs_local|       pointer|
|m_axi_imageProjs_local_0_AWREADY          |   in|    1|       m_axi|        imageProjs_local|       pointer|
|m_axi_imageProjs_local_0_AWADDR           |  out|   64|       m_axi|        imageProjs_local|       pointer|
|m_axi_imageProjs_local_0_AWID             |  out|    1|       m_axi|        imageProjs_local|       pointer|
|m_axi_imageProjs_local_0_AWLEN            |  out|   32|       m_axi|        imageProjs_local|       pointer|
|m_axi_imageProjs_local_0_AWSIZE           |  out|    3|       m_axi|        imageProjs_local|       pointer|
|m_axi_imageProjs_local_0_AWBURST          |  out|    2|       m_axi|        imageProjs_local|       pointer|
|m_axi_imageProjs_local_0_AWLOCK           |  out|    2|       m_axi|        imageProjs_local|       pointer|
|m_axi_imageProjs_local_0_AWCACHE          |  out|    4|       m_axi|        imageProjs_local|       pointer|
|m_axi_imageProjs_local_0_AWPROT           |  out|    3|       m_axi|        imageProjs_local|       pointer|
|m_axi_imageProjs_local_0_AWQOS            |  out|    4|       m_axi|        imageProjs_local|       pointer|
|m_axi_imageProjs_local_0_AWREGION         |  out|    4|       m_axi|        imageProjs_local|       pointer|
|m_axi_imageProjs_local_0_AWUSER           |  out|    1|       m_axi|        imageProjs_local|       pointer|
|m_axi_imageProjs_local_0_WVALID           |  out|    1|       m_axi|        imageProjs_local|       pointer|
|m_axi_imageProjs_local_0_WREADY           |   in|    1|       m_axi|        imageProjs_local|       pointer|
|m_axi_imageProjs_local_0_WDATA            |  out|   64|       m_axi|        imageProjs_local|       pointer|
|m_axi_imageProjs_local_0_WSTRB            |  out|    8|       m_axi|        imageProjs_local|       pointer|
|m_axi_imageProjs_local_0_WLAST            |  out|    1|       m_axi|        imageProjs_local|       pointer|
|m_axi_imageProjs_local_0_WID              |  out|    1|       m_axi|        imageProjs_local|       pointer|
|m_axi_imageProjs_local_0_WUSER            |  out|    1|       m_axi|        imageProjs_local|       pointer|
|m_axi_imageProjs_local_0_ARVALID          |  out|    1|       m_axi|        imageProjs_local|       pointer|
|m_axi_imageProjs_local_0_ARREADY          |   in|    1|       m_axi|        imageProjs_local|       pointer|
|m_axi_imageProjs_local_0_ARADDR           |  out|   64|       m_axi|        imageProjs_local|       pointer|
|m_axi_imageProjs_local_0_ARID             |  out|    1|       m_axi|        imageProjs_local|       pointer|
|m_axi_imageProjs_local_0_ARLEN            |  out|   32|       m_axi|        imageProjs_local|       pointer|
|m_axi_imageProjs_local_0_ARSIZE           |  out|    3|       m_axi|        imageProjs_local|       pointer|
|m_axi_imageProjs_local_0_ARBURST          |  out|    2|       m_axi|        imageProjs_local|       pointer|
|m_axi_imageProjs_local_0_ARLOCK           |  out|    2|       m_axi|        imageProjs_local|       pointer|
|m_axi_imageProjs_local_0_ARCACHE          |  out|    4|       m_axi|        imageProjs_local|       pointer|
|m_axi_imageProjs_local_0_ARPROT           |  out|    3|       m_axi|        imageProjs_local|       pointer|
|m_axi_imageProjs_local_0_ARQOS            |  out|    4|       m_axi|        imageProjs_local|       pointer|
|m_axi_imageProjs_local_0_ARREGION         |  out|    4|       m_axi|        imageProjs_local|       pointer|
|m_axi_imageProjs_local_0_ARUSER           |  out|    1|       m_axi|        imageProjs_local|       pointer|
|m_axi_imageProjs_local_0_RVALID           |   in|    1|       m_axi|        imageProjs_local|       pointer|
|m_axi_imageProjs_local_0_RREADY           |  out|    1|       m_axi|        imageProjs_local|       pointer|
|m_axi_imageProjs_local_0_RDATA            |   in|   64|       m_axi|        imageProjs_local|       pointer|
|m_axi_imageProjs_local_0_RLAST            |   in|    1|       m_axi|        imageProjs_local|       pointer|
|m_axi_imageProjs_local_0_RID              |   in|    1|       m_axi|        imageProjs_local|       pointer|
|m_axi_imageProjs_local_0_RFIFONUM         |   in|    9|       m_axi|        imageProjs_local|       pointer|
|m_axi_imageProjs_local_0_RUSER            |   in|    1|       m_axi|        imageProjs_local|       pointer|
|m_axi_imageProjs_local_0_RRESP            |   in|    2|       m_axi|        imageProjs_local|       pointer|
|m_axi_imageProjs_local_0_BVALID           |   in|    1|       m_axi|        imageProjs_local|       pointer|
|m_axi_imageProjs_local_0_BREADY           |  out|    1|       m_axi|        imageProjs_local|       pointer|
|m_axi_imageProjs_local_0_BRESP            |   in|    2|       m_axi|        imageProjs_local|       pointer|
|m_axi_imageProjs_local_0_BID              |   in|    1|       m_axi|        imageProjs_local|       pointer|
|m_axi_imageProjs_local_0_BUSER            |   in|    1|       m_axi|        imageProjs_local|       pointer|
|imageProjs_local1                         |   in|   64|     ap_none|       imageProjs_local1|        scalar|
|m_axi_imageProjs_0_AWVALID                |  out|    1|       m_axi|              imageProjs|       pointer|
|m_axi_imageProjs_0_AWREADY                |   in|    1|       m_axi|              imageProjs|       pointer|
|m_axi_imageProjs_0_AWADDR                 |  out|   64|       m_axi|              imageProjs|       pointer|
|m_axi_imageProjs_0_AWID                   |  out|    1|       m_axi|              imageProjs|       pointer|
|m_axi_imageProjs_0_AWLEN                  |  out|   32|       m_axi|              imageProjs|       pointer|
|m_axi_imageProjs_0_AWSIZE                 |  out|    3|       m_axi|              imageProjs|       pointer|
|m_axi_imageProjs_0_AWBURST                |  out|    2|       m_axi|              imageProjs|       pointer|
|m_axi_imageProjs_0_AWLOCK                 |  out|    2|       m_axi|              imageProjs|       pointer|
|m_axi_imageProjs_0_AWCACHE                |  out|    4|       m_axi|              imageProjs|       pointer|
|m_axi_imageProjs_0_AWPROT                 |  out|    3|       m_axi|              imageProjs|       pointer|
|m_axi_imageProjs_0_AWQOS                  |  out|    4|       m_axi|              imageProjs|       pointer|
|m_axi_imageProjs_0_AWREGION               |  out|    4|       m_axi|              imageProjs|       pointer|
|m_axi_imageProjs_0_AWUSER                 |  out|    1|       m_axi|              imageProjs|       pointer|
|m_axi_imageProjs_0_WVALID                 |  out|    1|       m_axi|              imageProjs|       pointer|
|m_axi_imageProjs_0_WREADY                 |   in|    1|       m_axi|              imageProjs|       pointer|
|m_axi_imageProjs_0_WDATA                  |  out|   64|       m_axi|              imageProjs|       pointer|
|m_axi_imageProjs_0_WSTRB                  |  out|    8|       m_axi|              imageProjs|       pointer|
|m_axi_imageProjs_0_WLAST                  |  out|    1|       m_axi|              imageProjs|       pointer|
|m_axi_imageProjs_0_WID                    |  out|    1|       m_axi|              imageProjs|       pointer|
|m_axi_imageProjs_0_WUSER                  |  out|    1|       m_axi|              imageProjs|       pointer|
|m_axi_imageProjs_0_ARVALID                |  out|    1|       m_axi|              imageProjs|       pointer|
|m_axi_imageProjs_0_ARREADY                |   in|    1|       m_axi|              imageProjs|       pointer|
|m_axi_imageProjs_0_ARADDR                 |  out|   64|       m_axi|              imageProjs|       pointer|
|m_axi_imageProjs_0_ARID                   |  out|    1|       m_axi|              imageProjs|       pointer|
|m_axi_imageProjs_0_ARLEN                  |  out|   32|       m_axi|              imageProjs|       pointer|
|m_axi_imageProjs_0_ARSIZE                 |  out|    3|       m_axi|              imageProjs|       pointer|
|m_axi_imageProjs_0_ARBURST                |  out|    2|       m_axi|              imageProjs|       pointer|
|m_axi_imageProjs_0_ARLOCK                 |  out|    2|       m_axi|              imageProjs|       pointer|
|m_axi_imageProjs_0_ARCACHE                |  out|    4|       m_axi|              imageProjs|       pointer|
|m_axi_imageProjs_0_ARPROT                 |  out|    3|       m_axi|              imageProjs|       pointer|
|m_axi_imageProjs_0_ARQOS                  |  out|    4|       m_axi|              imageProjs|       pointer|
|m_axi_imageProjs_0_ARREGION               |  out|    4|       m_axi|              imageProjs|       pointer|
|m_axi_imageProjs_0_ARUSER                 |  out|    1|       m_axi|              imageProjs|       pointer|
|m_axi_imageProjs_0_RVALID                 |   in|    1|       m_axi|              imageProjs|       pointer|
|m_axi_imageProjs_0_RREADY                 |  out|    1|       m_axi|              imageProjs|       pointer|
|m_axi_imageProjs_0_RDATA                  |   in|   64|       m_axi|              imageProjs|       pointer|
|m_axi_imageProjs_0_RLAST                  |   in|    1|       m_axi|              imageProjs|       pointer|
|m_axi_imageProjs_0_RID                    |   in|    1|       m_axi|              imageProjs|       pointer|
|m_axi_imageProjs_0_RFIFONUM               |   in|    9|       m_axi|              imageProjs|       pointer|
|m_axi_imageProjs_0_RUSER                  |   in|    1|       m_axi|              imageProjs|       pointer|
|m_axi_imageProjs_0_RRESP                  |   in|    2|       m_axi|              imageProjs|       pointer|
|m_axi_imageProjs_0_BVALID                 |   in|    1|       m_axi|              imageProjs|       pointer|
|m_axi_imageProjs_0_BREADY                 |  out|    1|       m_axi|              imageProjs|       pointer|
|m_axi_imageProjs_0_BRESP                  |   in|    2|       m_axi|              imageProjs|       pointer|
|m_axi_imageProjs_0_BID                    |   in|    1|       m_axi|              imageProjs|       pointer|
|m_axi_imageProjs_0_BUSER                  |   in|    1|       m_axi|              imageProjs|       pointer|
|imageProjs2                               |   in|   64|     ap_none|             imageProjs2|        scalar|
|m_axi_imageProjs_local_size_r_0_AWVALID   |  out|    1|       m_axi|   imageProjs_local_size|       pointer|
|m_axi_imageProjs_local_size_r_0_AWREADY   |   in|    1|       m_axi|   imageProjs_local_size|       pointer|
|m_axi_imageProjs_local_size_r_0_AWADDR    |  out|   64|       m_axi|   imageProjs_local_size|       pointer|
|m_axi_imageProjs_local_size_r_0_AWID      |  out|    1|       m_axi|   imageProjs_local_size|       pointer|
|m_axi_imageProjs_local_size_r_0_AWLEN     |  out|   32|       m_axi|   imageProjs_local_size|       pointer|
|m_axi_imageProjs_local_size_r_0_AWSIZE    |  out|    3|       m_axi|   imageProjs_local_size|       pointer|
|m_axi_imageProjs_local_size_r_0_AWBURST   |  out|    2|       m_axi|   imageProjs_local_size|       pointer|
|m_axi_imageProjs_local_size_r_0_AWLOCK    |  out|    2|       m_axi|   imageProjs_local_size|       pointer|
|m_axi_imageProjs_local_size_r_0_AWCACHE   |  out|    4|       m_axi|   imageProjs_local_size|       pointer|
|m_axi_imageProjs_local_size_r_0_AWPROT    |  out|    3|       m_axi|   imageProjs_local_size|       pointer|
|m_axi_imageProjs_local_size_r_0_AWQOS     |  out|    4|       m_axi|   imageProjs_local_size|       pointer|
|m_axi_imageProjs_local_size_r_0_AWREGION  |  out|    4|       m_axi|   imageProjs_local_size|       pointer|
|m_axi_imageProjs_local_size_r_0_AWUSER    |  out|    1|       m_axi|   imageProjs_local_size|       pointer|
|m_axi_imageProjs_local_size_r_0_WVALID    |  out|    1|       m_axi|   imageProjs_local_size|       pointer|
|m_axi_imageProjs_local_size_r_0_WREADY    |   in|    1|       m_axi|   imageProjs_local_size|       pointer|
|m_axi_imageProjs_local_size_r_0_WDATA     |  out|   32|       m_axi|   imageProjs_local_size|       pointer|
|m_axi_imageProjs_local_size_r_0_WSTRB     |  out|    4|       m_axi|   imageProjs_local_size|       pointer|
|m_axi_imageProjs_local_size_r_0_WLAST     |  out|    1|       m_axi|   imageProjs_local_size|       pointer|
|m_axi_imageProjs_local_size_r_0_WID       |  out|    1|       m_axi|   imageProjs_local_size|       pointer|
|m_axi_imageProjs_local_size_r_0_WUSER     |  out|    1|       m_axi|   imageProjs_local_size|       pointer|
|m_axi_imageProjs_local_size_r_0_ARVALID   |  out|    1|       m_axi|   imageProjs_local_size|       pointer|
|m_axi_imageProjs_local_size_r_0_ARREADY   |   in|    1|       m_axi|   imageProjs_local_size|       pointer|
|m_axi_imageProjs_local_size_r_0_ARADDR    |  out|   64|       m_axi|   imageProjs_local_size|       pointer|
|m_axi_imageProjs_local_size_r_0_ARID      |  out|    1|       m_axi|   imageProjs_local_size|       pointer|
|m_axi_imageProjs_local_size_r_0_ARLEN     |  out|   32|       m_axi|   imageProjs_local_size|       pointer|
|m_axi_imageProjs_local_size_r_0_ARSIZE    |  out|    3|       m_axi|   imageProjs_local_size|       pointer|
|m_axi_imageProjs_local_size_r_0_ARBURST   |  out|    2|       m_axi|   imageProjs_local_size|       pointer|
|m_axi_imageProjs_local_size_r_0_ARLOCK    |  out|    2|       m_axi|   imageProjs_local_size|       pointer|
|m_axi_imageProjs_local_size_r_0_ARCACHE   |  out|    4|       m_axi|   imageProjs_local_size|       pointer|
|m_axi_imageProjs_local_size_r_0_ARPROT    |  out|    3|       m_axi|   imageProjs_local_size|       pointer|
|m_axi_imageProjs_local_size_r_0_ARQOS     |  out|    4|       m_axi|   imageProjs_local_size|       pointer|
|m_axi_imageProjs_local_size_r_0_ARREGION  |  out|    4|       m_axi|   imageProjs_local_size|       pointer|
|m_axi_imageProjs_local_size_r_0_ARUSER    |  out|    1|       m_axi|   imageProjs_local_size|       pointer|
|m_axi_imageProjs_local_size_r_0_RVALID    |   in|    1|       m_axi|   imageProjs_local_size|       pointer|
|m_axi_imageProjs_local_size_r_0_RREADY    |  out|    1|       m_axi|   imageProjs_local_size|       pointer|
|m_axi_imageProjs_local_size_r_0_RDATA     |   in|   32|       m_axi|   imageProjs_local_size|       pointer|
|m_axi_imageProjs_local_size_r_0_RLAST     |   in|    1|       m_axi|   imageProjs_local_size|       pointer|
|m_axi_imageProjs_local_size_r_0_RID       |   in|    1|       m_axi|   imageProjs_local_size|       pointer|
|m_axi_imageProjs_local_size_r_0_RFIFONUM  |   in|    9|       m_axi|   imageProjs_local_size|       pointer|
|m_axi_imageProjs_local_size_r_0_RUSER     |   in|    1|       m_axi|   imageProjs_local_size|       pointer|
|m_axi_imageProjs_local_size_r_0_RRESP     |   in|    2|       m_axi|   imageProjs_local_size|       pointer|
|m_axi_imageProjs_local_size_r_0_BVALID    |   in|    1|       m_axi|   imageProjs_local_size|       pointer|
|m_axi_imageProjs_local_size_r_0_BREADY    |  out|    1|       m_axi|   imageProjs_local_size|       pointer|
|m_axi_imageProjs_local_size_r_0_BRESP     |   in|    2|       m_axi|   imageProjs_local_size|       pointer|
|m_axi_imageProjs_local_size_r_0_BID       |   in|    1|       m_axi|   imageProjs_local_size|       pointer|
|m_axi_imageProjs_local_size_r_0_BUSER     |   in|    1|       m_axi|   imageProjs_local_size|       pointer|
|imageProjs_local_size3                    |   in|   64|     ap_none|  imageProjs_local_size3|        scalar|
|m_axi_fullImage_0_AWVALID                 |  out|    1|       m_axi|               fullImage|       pointer|
|m_axi_fullImage_0_AWREADY                 |   in|    1|       m_axi|               fullImage|       pointer|
|m_axi_fullImage_0_AWADDR                  |  out|   64|       m_axi|               fullImage|       pointer|
|m_axi_fullImage_0_AWID                    |  out|    1|       m_axi|               fullImage|       pointer|
|m_axi_fullImage_0_AWLEN                   |  out|   32|       m_axi|               fullImage|       pointer|
|m_axi_fullImage_0_AWSIZE                  |  out|    3|       m_axi|               fullImage|       pointer|
|m_axi_fullImage_0_AWBURST                 |  out|    2|       m_axi|               fullImage|       pointer|
|m_axi_fullImage_0_AWLOCK                  |  out|    2|       m_axi|               fullImage|       pointer|
|m_axi_fullImage_0_AWCACHE                 |  out|    4|       m_axi|               fullImage|       pointer|
|m_axi_fullImage_0_AWPROT                  |  out|    3|       m_axi|               fullImage|       pointer|
|m_axi_fullImage_0_AWQOS                   |  out|    4|       m_axi|               fullImage|       pointer|
|m_axi_fullImage_0_AWREGION                |  out|    4|       m_axi|               fullImage|       pointer|
|m_axi_fullImage_0_AWUSER                  |  out|    1|       m_axi|               fullImage|       pointer|
|m_axi_fullImage_0_WVALID                  |  out|    1|       m_axi|               fullImage|       pointer|
|m_axi_fullImage_0_WREADY                  |   in|    1|       m_axi|               fullImage|       pointer|
|m_axi_fullImage_0_WDATA                   |  out|   64|       m_axi|               fullImage|       pointer|
|m_axi_fullImage_0_WSTRB                   |  out|    8|       m_axi|               fullImage|       pointer|
|m_axi_fullImage_0_WLAST                   |  out|    1|       m_axi|               fullImage|       pointer|
|m_axi_fullImage_0_WID                     |  out|    1|       m_axi|               fullImage|       pointer|
|m_axi_fullImage_0_WUSER                   |  out|    1|       m_axi|               fullImage|       pointer|
|m_axi_fullImage_0_ARVALID                 |  out|    1|       m_axi|               fullImage|       pointer|
|m_axi_fullImage_0_ARREADY                 |   in|    1|       m_axi|               fullImage|       pointer|
|m_axi_fullImage_0_ARADDR                  |  out|   64|       m_axi|               fullImage|       pointer|
|m_axi_fullImage_0_ARID                    |  out|    1|       m_axi|               fullImage|       pointer|
|m_axi_fullImage_0_ARLEN                   |  out|   32|       m_axi|               fullImage|       pointer|
|m_axi_fullImage_0_ARSIZE                  |  out|    3|       m_axi|               fullImage|       pointer|
|m_axi_fullImage_0_ARBURST                 |  out|    2|       m_axi|               fullImage|       pointer|
|m_axi_fullImage_0_ARLOCK                  |  out|    2|       m_axi|               fullImage|       pointer|
|m_axi_fullImage_0_ARCACHE                 |  out|    4|       m_axi|               fullImage|       pointer|
|m_axi_fullImage_0_ARPROT                  |  out|    3|       m_axi|               fullImage|       pointer|
|m_axi_fullImage_0_ARQOS                   |  out|    4|       m_axi|               fullImage|       pointer|
|m_axi_fullImage_0_ARREGION                |  out|    4|       m_axi|               fullImage|       pointer|
|m_axi_fullImage_0_ARUSER                  |  out|    1|       m_axi|               fullImage|       pointer|
|m_axi_fullImage_0_RVALID                  |   in|    1|       m_axi|               fullImage|       pointer|
|m_axi_fullImage_0_RREADY                  |  out|    1|       m_axi|               fullImage|       pointer|
|m_axi_fullImage_0_RDATA                   |   in|   64|       m_axi|               fullImage|       pointer|
|m_axi_fullImage_0_RLAST                   |   in|    1|       m_axi|               fullImage|       pointer|
|m_axi_fullImage_0_RID                     |   in|    1|       m_axi|               fullImage|       pointer|
|m_axi_fullImage_0_RFIFONUM                |   in|    9|       m_axi|               fullImage|       pointer|
|m_axi_fullImage_0_RUSER                   |   in|    1|       m_axi|               fullImage|       pointer|
|m_axi_fullImage_0_RRESP                   |   in|    2|       m_axi|               fullImage|       pointer|
|m_axi_fullImage_0_BVALID                  |   in|    1|       m_axi|               fullImage|       pointer|
|m_axi_fullImage_0_BREADY                  |  out|    1|       m_axi|               fullImage|       pointer|
|m_axi_fullImage_0_BRESP                   |   in|    2|       m_axi|               fullImage|       pointer|
|m_axi_fullImage_0_BID                     |   in|    1|       m_axi|               fullImage|       pointer|
|m_axi_fullImage_0_BUSER                   |   in|    1|       m_axi|               fullImage|       pointer|
|fullImage4                                |   in|   64|     ap_none|              fullImage4|        scalar|
|fullImage_rows                            |   in|   32|     ap_none|          fullImage_rows|        scalar|
|fullImage_cols                            |   in|   32|     ap_none|          fullImage_cols|        scalar|
|localImages_dout                          |   in|  256|     ap_fifo|             localImages|       pointer|
|localImages_empty_n                       |   in|    1|     ap_fifo|             localImages|       pointer|
|localImages_read                          |  out|    1|     ap_fifo|             localImages|       pointer|
|localImages_num_data_valid                |   in|    3|     ap_fifo|             localImages|       pointer|
|localImages_fifo_cap                      |   in|    3|     ap_fifo|             localImages|       pointer|
|m_axi_emissions_0_AWVALID                 |  out|    1|       m_axi|               emissions|       pointer|
|m_axi_emissions_0_AWREADY                 |   in|    1|       m_axi|               emissions|       pointer|
|m_axi_emissions_0_AWADDR                  |  out|   64|       m_axi|               emissions|       pointer|
|m_axi_emissions_0_AWID                    |  out|    1|       m_axi|               emissions|       pointer|
|m_axi_emissions_0_AWLEN                   |  out|   32|       m_axi|               emissions|       pointer|
|m_axi_emissions_0_AWSIZE                  |  out|    3|       m_axi|               emissions|       pointer|
|m_axi_emissions_0_AWBURST                 |  out|    2|       m_axi|               emissions|       pointer|
|m_axi_emissions_0_AWLOCK                  |  out|    2|       m_axi|               emissions|       pointer|
|m_axi_emissions_0_AWCACHE                 |  out|    4|       m_axi|               emissions|       pointer|
|m_axi_emissions_0_AWPROT                  |  out|    3|       m_axi|               emissions|       pointer|
|m_axi_emissions_0_AWQOS                   |  out|    4|       m_axi|               emissions|       pointer|
|m_axi_emissions_0_AWREGION                |  out|    4|       m_axi|               emissions|       pointer|
|m_axi_emissions_0_AWUSER                  |  out|    1|       m_axi|               emissions|       pointer|
|m_axi_emissions_0_WVALID                  |  out|    1|       m_axi|               emissions|       pointer|
|m_axi_emissions_0_WREADY                  |   in|    1|       m_axi|               emissions|       pointer|
|m_axi_emissions_0_WDATA                   |  out|   64|       m_axi|               emissions|       pointer|
|m_axi_emissions_0_WSTRB                   |  out|    8|       m_axi|               emissions|       pointer|
|m_axi_emissions_0_WLAST                   |  out|    1|       m_axi|               emissions|       pointer|
|m_axi_emissions_0_WID                     |  out|    1|       m_axi|               emissions|       pointer|
|m_axi_emissions_0_WUSER                   |  out|    1|       m_axi|               emissions|       pointer|
|m_axi_emissions_0_ARVALID                 |  out|    1|       m_axi|               emissions|       pointer|
|m_axi_emissions_0_ARREADY                 |   in|    1|       m_axi|               emissions|       pointer|
|m_axi_emissions_0_ARADDR                  |  out|   64|       m_axi|               emissions|       pointer|
|m_axi_emissions_0_ARID                    |  out|    1|       m_axi|               emissions|       pointer|
|m_axi_emissions_0_ARLEN                   |  out|   32|       m_axi|               emissions|       pointer|
|m_axi_emissions_0_ARSIZE                  |  out|    3|       m_axi|               emissions|       pointer|
|m_axi_emissions_0_ARBURST                 |  out|    2|       m_axi|               emissions|       pointer|
|m_axi_emissions_0_ARLOCK                  |  out|    2|       m_axi|               emissions|       pointer|
|m_axi_emissions_0_ARCACHE                 |  out|    4|       m_axi|               emissions|       pointer|
|m_axi_emissions_0_ARPROT                  |  out|    3|       m_axi|               emissions|       pointer|
|m_axi_emissions_0_ARQOS                   |  out|    4|       m_axi|               emissions|       pointer|
|m_axi_emissions_0_ARREGION                |  out|    4|       m_axi|               emissions|       pointer|
|m_axi_emissions_0_ARUSER                  |  out|    1|       m_axi|               emissions|       pointer|
|m_axi_emissions_0_RVALID                  |   in|    1|       m_axi|               emissions|       pointer|
|m_axi_emissions_0_RREADY                  |  out|    1|       m_axi|               emissions|       pointer|
|m_axi_emissions_0_RDATA                   |   in|   64|       m_axi|               emissions|       pointer|
|m_axi_emissions_0_RLAST                   |   in|    1|       m_axi|               emissions|       pointer|
|m_axi_emissions_0_RID                     |   in|    1|       m_axi|               emissions|       pointer|
|m_axi_emissions_0_RFIFONUM                |   in|    9|       m_axi|               emissions|       pointer|
|m_axi_emissions_0_RUSER                   |   in|    1|       m_axi|               emissions|       pointer|
|m_axi_emissions_0_RRESP                   |   in|    2|       m_axi|               emissions|       pointer|
|m_axi_emissions_0_BVALID                  |   in|    1|       m_axi|               emissions|       pointer|
|m_axi_emissions_0_BREADY                  |  out|    1|       m_axi|               emissions|       pointer|
|m_axi_emissions_0_BRESP                   |   in|    2|       m_axi|               emissions|       pointer|
|m_axi_emissions_0_BID                     |   in|    1|       m_axi|               emissions|       pointer|
|m_axi_emissions_0_BUSER                   |   in|    1|       m_axi|               emissions|       pointer|
|emissions5                                |   in|   64|     ap_none|              emissions5|        scalar|
|emission_cnt                              |  out|   32|      ap_vld|            emission_cnt|       pointer|
|emission_cnt_ap_vld                       |  out|    1|      ap_vld|            emission_cnt|       pointer|
+------------------------------------------+-----+-----+------------+------------------------+--------------+

