================================================================
== Design Size Report
================================================================

* Total Instructions per Compilation Phase
+---------------+-----------------------------+--------------+----------------------------------------------------------------------------------------+
| Phase         | Step                        | Instructions | Description                                                                            |
+---------------+-----------------------------+--------------+----------------------------------------------------------------------------------------+
| Compile/Link  |                             | 19,372       | After all functions are compiled and linked into a single design                       |
|               |                             |              |                                                                                        |
| Unroll/Inline |                             |              | After user unroll and inline pragmas are applied                                       |
|               | (1) unroll                  |  1,718       | user unroll pragmas are applied                                                        |
|               | (2) simplification          |  1,145       | simplification of applied user unroll pragmas                                          |
|               | (3) inline                  |  1,112       | user inline pragmas are applied                                                        |
|               | (4) simplification          |    624       | simplification of applied user inline pragmas                                          |
|               |                             |              |                                                                                        |
| Array/Struct  |                             |              | After user array partition and struct aggregate/disaggregate pragmas are applied       |
|               | (1) array partition         |  5,023       | user array partition pragmas are applied                                               |
|               | (2) simplification          |  4,989       | simplification of applied user array partition & struct aggregate/disaggregate pragmas |
|               | (3) aggregate/disaggregate  |  4,992       | user struct aggregate/disaggregate pragmas are applied                                 |
|               | (4) array reshape           |  5,044       | apply array reshape pragmas                                                            |
|               | (5) access patterns         |  5,032       | array access pattern optmizations                                                      |
|               |                             |              |                                                                                        |
| Performance   |                             |              | After transformations are applied to meet performance pragma targets                   |
|               | (1) loop simplification     |  5,031       | loop and instruction simplification                                                    |
|               | (2) parallelization         |  5,028       | loops are unrolled or pipelined to meet performance targets                            |
|               | (3) array partition         |  5,028       | arrays are partitioned to meet performance targets                                     |
|               | (4) simplification          |  5,028       | simplification of design after performance transformations                             |
|               |                             |              |                                                                                        |
| HW Transforms |                             |              | After hardware transfomations                                                          |
|               | (1) lowering                |  5,088       | initial conversion to HW specific instructions                                         |
|               | (2) optimizations           |  4,916       | high level synthesis optimizations                                                     |
+---------------+-----------------------------+--------------+----------------------------------------------------------------------------------------+

* Instructions per Function for each Compilation Phase
+--------------------------+------------------------+--------------+---------------+----------------+----------------+---------------+
| Function                 | Location               | Compile/Link | Unroll/Inline | Array/Struct   | Performance    | HW Transforms |
+--------------------------+------------------------+--------------+---------------+----------------+----------------+---------------+
| + reconstruct            | image_analysis.cpp:116 | 19,372       | 624           | 5,032          | 5,028          | 4,916         |
|  + getLocalImages_single | image_analysis.cpp:7   | 19,093       | 287           |  318           |  318           |               |
|     generic_round<float> | hls_round.h:159        |              | 152 (4 calls) |  152 (4 calls) |  152 (4 calls) |               |
|    Image_extract         | image_analysis.cpp:66  |   138        |  35           |  324           |  321           |               |
|    conv_kernel           | image_analysis.cpp:98  |    55        | 229           | 4,013          | 4,011          |               |
|    post_process          | image_analysis.cpp:112 |     4        |   4           |    4           |    4           |               |
+--------------------------+------------------------+--------------+---------------+----------------+----------------+---------------+

* Design Size Message Settings
+---------------------------------------------+--------+------------------------------------------------------------------+
| Message Setting                             | Value  | Description                                                      |
+---------------------------------------------+--------+------------------------------------------------------------------+
| config_compile -design_size_maximum_warning | 100000 | Show a warning when total design instructions exceeds this value |
+---------------------------------------------+--------+------------------------------------------------------------------+


