

================================================================
== Vitis HLS Report for 'dataflow_in_loop_VITIS_LOOP_149_1_1'
================================================================
* Date:           Mon Jun 30 08:26:10 2025

* Version:        2024.2 (Build 5238294 on Nov  8 2024)
* Project:        reconstruct
* Solution:       hls (Vivado IP Flow Target)
* Product family: zynquplusRFSOC
* Target device:  xczu49dr-ffvf1760-2-e


================================================================
== Performance Estimates
================================================================
+ Timing: 
    * Summary: 
    +--------+----------+----------+------------+
    |  Clock |  Target  | Estimated| Uncertainty|
    +--------+----------+----------+------------+
    |ap_clk  |  10.00 ns|  7.705 ns|     2.70 ns|
    +--------+----------+----------+------------+

+ Latency: 
    * Summary: 
    +---------+---------+-----------+-----------+------+------+----------+
    |  Latency (cycles) |   Latency (absolute)  |   Interval  | Pipeline |
    |   min   |   max   |    min    |    max    |  min |  max |   Type   |
    +---------+---------+-----------+-----------+------+------+----------+
    |     4888|     4888|  48.880 us|  48.880 us|  3868|  3868|  dataflow|
    +---------+---------+-----------+-----------+------+------+----------+

    + Detail: 
        * Instance: 
        +---------------------------------------------------------------+------------------------------------------------------------+---------+---------+-----------+-----------+------+------+---------+
        |                                                               |                                                            |  Latency (cycles) |   Latency (absolute)  |   Interval  | Pipeline|
        |                            Instance                           |                           Module                           |   min   |   max   |    min    |    max    |  min |  max |   Type  |
        +---------------------------------------------------------------+------------------------------------------------------------+---------+---------+-----------+-----------+------+------+---------+
        |getLocalImages_single_U0                                       |getLocalImages_single                                       |       25|       26|   0.250 us|   0.260 us|    25|    26|       no|
        |Image_extract_U0                                               |Image_extract                                               |      982|      982|   9.820 us|   9.820 us|   982|   982|       no|
        |conv_kernel_U0                                                 |conv_kernel                                                 |     3867|     3867|  38.670 us|  38.670 us|  3867|  3867|       no|
        |dataflow_in_loop_VITIS_LOOP_149_1_1_Block_newFuncRoot_proc_U0  |dataflow_in_loop_VITIS_LOOP_149_1_1_Block_newFuncRoot_proc  |        0|        0|       0 ns|       0 ns|     0|     0|       no|
        |post_process_U0                                                |post_process                                                |       18|       18|   0.180 us|   0.180 us|    18|    18|       no|
        +---------------------------------------------------------------+------------------------------------------------------------+---------+---------+-----------+-----------+------+------+---------+

        * Loop: 
        N/A



================================================================
== Utilization Estimates
================================================================
* Summary: 
+-----------------+---------+------+--------+--------+-----+
|       Name      | BRAM_18K|  DSP |   FF   |   LUT  | URAM|
+-----------------+---------+------+--------+--------+-----+
|DSP              |        -|     -|       -|       -|    -|
|Expression       |        -|     -|       0|      32|    -|
|FIFO             |        -|     -|     495|     335|    -|
|Instance         |        0|    18|   67590|   25744|    -|
|Memory           |        0|     -|    7936|    1984|    0|
|Multiplexer      |        -|     -|       0|      54|    -|
|Register         |        -|     -|       6|       -|    -|
+-----------------+---------+------+--------+--------+-----+
|Total            |        0|    18|   76027|   28149|    0|
+-----------------+---------+------+--------+--------+-----+
|Available        |     2160|  4272|  850560|  425280|   80|
+-----------------+---------+------+--------+--------+-----+
|Utilization (%)  |        0|    ~0|       8|       6|    0|
+-----------------+---------+------+--------+--------+-----+

+ Detail: 
    * Instance: 
    +---------------------------------------------------------------+------------------------------------------------------------+---------+----+-------+-------+-----+
    |                            Instance                           |                           Module                           | BRAM_18K| DSP|   FF  |  LUT  | URAM|
    +---------------------------------------------------------------+------------------------------------------------------------+---------+----+-------+-------+-----+
    |Image_extract_U0                                               |Image_extract                                               |        0|   0|    581|    683|    0|
    |conv_kernel_U0                                                 |conv_kernel                                                 |        0|   5|  64932|  19822|    0|
    |dataflow_in_loop_VITIS_LOOP_149_1_1_Block_newFuncRoot_proc_U0  |dataflow_in_loop_VITIS_LOOP_149_1_1_Block_newFuncRoot_proc  |        0|   0|     66|     91|    0|
    |getLocalImages_single_U0                                       |getLocalImages_single                                       |        0|  10|   1639|   4874|    0|
    |post_process_U0                                                |post_process                                                |        0|   3|    372|    274|    0|
    +---------------------------------------------------------------+------------------------------------------------------------+---------+----+-------+-------+-----+
    |Total                                                          |                                                            |        0|  18|  67590|  25744|    0|
    +---------------------------------------------------------------+------------------------------------------------------------+---------+----+-------+-------+-----+

    * DSP: 
    N/A

    * Memory: 
    +--------------------------+-------------------------------------------------------------------+---------+-----+----+-----+------+-----+------+-------------+
    |          Memory          |                               Module                              | BRAM_18K|  FF | LUT| URAM| Words| Bits| Banks| W*Bits*Banks|
    +--------------------------+-------------------------------------------------------------------+---------+-----+----+-----+------+-----+------+-------------+
    |curr_localImage_U         |dataflow_in_loop_VITIS_LOOP_149_1_1_curr_localImage_RAM_AUTO_1R1W  |        0|  128|  32|    0|    31|   32|     1|          992|
    |curr_localImage_1_99_U    |dataflow_in_loop_VITIS_LOOP_149_1_1_curr_localImage_RAM_AUTO_1R1W  |        0|  128|  32|    0|    31|   32|     1|          992|
    |curr_localImage_2_100_U   |dataflow_in_loop_VITIS_LOOP_149_1_1_curr_localImage_RAM_AUTO_1R1W  |        0|  128|  32|    0|    31|   32|     1|          992|
    |curr_localImage_3_101_U   |dataflow_in_loop_VITIS_LOOP_149_1_1_curr_localImage_RAM_AUTO_1R1W  |        0|  128|  32|    0|    31|   32|     1|          992|
    |curr_localImage_4_102_U   |dataflow_in_loop_VITIS_LOOP_149_1_1_curr_localImage_RAM_AUTO_1R1W  |        0|  128|  32|    0|    31|   32|     1|          992|
    |curr_localImage_5_103_U   |dataflow_in_loop_VITIS_LOOP_149_1_1_curr_localImage_RAM_AUTO_1R1W  |        0|  128|  32|    0|    31|   32|     1|          992|
    |curr_localImage_6_104_U   |dataflow_in_loop_VITIS_LOOP_149_1_1_curr_localImage_RAM_AUTO_1R1W  |        0|  128|  32|    0|    31|   32|     1|          992|
    |curr_localImage_7_105_U   |dataflow_in_loop_VITIS_LOOP_149_1_1_curr_localImage_RAM_AUTO_1R1W  |        0|  128|  32|    0|    31|   32|     1|          992|
    |curr_localImage_8_106_U   |dataflow_in_loop_VITIS_LOOP_149_1_1_curr_localImage_RAM_AUTO_1R1W  |        0|  128|  32|    0|    31|   32|     1|          992|
    |curr_localImage_9_107_U   |dataflow_in_loop_VITIS_LOOP_149_1_1_curr_localImage_RAM_AUTO_1R1W  |        0|  128|  32|    0|    31|   32|     1|          992|
    |curr_localImage_10_108_U  |dataflow_in_loop_VITIS_LOOP_149_1_1_curr_localImage_RAM_AUTO_1R1W  |        0|  128|  32|    0|    31|   32|     1|          992|
    |curr_localImage_11_109_U  |dataflow_in_loop_VITIS_LOOP_149_1_1_curr_localImage_RAM_AUTO_1R1W  |        0|  128|  32|    0|    31|   32|     1|          992|
    |curr_localImage_12_110_U  |dataflow_in_loop_VITIS_LOOP_149_1_1_curr_localImage_RAM_AUTO_1R1W  |        0|  128|  32|    0|    31|   32|     1|          992|
    |curr_localImage_13_111_U  |dataflow_in_loop_VITIS_LOOP_149_1_1_curr_localImage_RAM_AUTO_1R1W  |        0|  128|  32|    0|    31|   32|     1|          992|
    |curr_localImage_14_112_U  |dataflow_in_loop_VITIS_LOOP_149_1_1_curr_localImage_RAM_AUTO_1R1W  |        0|  128|  32|    0|    31|   32|     1|          992|
    |curr_localImage_15_U      |dataflow_in_loop_VITIS_LOOP_149_1_1_curr_localImage_RAM_AUTO_1R1W  |        0|  128|  32|    0|    31|   32|     1|          992|
    |curr_localImage_14_U      |dataflow_in_loop_VITIS_LOOP_149_1_1_curr_localImage_RAM_AUTO_1R1W  |        0|  128|  32|    0|    31|   32|     1|          992|
    |curr_localImage_13_U      |dataflow_in_loop_VITIS_LOOP_149_1_1_curr_localImage_RAM_AUTO_1R1W  |        0|  128|  32|    0|    31|   32|     1|          992|
    |curr_localImage_12_U      |dataflow_in_loop_VITIS_LOOP_149_1_1_curr_localImage_RAM_AUTO_1R1W  |        0|  128|  32|    0|    31|   32|     1|          992|
    |curr_localImage_11_U      |dataflow_in_loop_VITIS_LOOP_149_1_1_curr_localImage_RAM_AUTO_1R1W  |        0|  128|  32|    0|    31|   32|     1|          992|
    |curr_localImage_10_U      |dataflow_in_loop_VITIS_LOOP_149_1_1_curr_localImage_RAM_AUTO_1R1W  |        0|  128|  32|    0|    31|   32|     1|          992|
    |curr_localImage_9_U       |dataflow_in_loop_VITIS_LOOP_149_1_1_curr_localImage_RAM_AUTO_1R1W  |        0|  128|  32|    0|    31|   32|     1|          992|
    |curr_localImage_8_U       |dataflow_in_loop_VITIS_LOOP_149_1_1_curr_localImage_RAM_AUTO_1R1W  |        0|  128|  32|    0|    31|   32|     1|          992|
    |curr_localImage_7_U       |dataflow_in_loop_VITIS_LOOP_149_1_1_curr_localImage_RAM_AUTO_1R1W  |        0|  128|  32|    0|    31|   32|     1|          992|
    |curr_localImage_6_U       |dataflow_in_loop_VITIS_LOOP_149_1_1_curr_localImage_RAM_AUTO_1R1W  |        0|  128|  32|    0|    31|   32|     1|          992|
    |curr_localImage_5_U       |dataflow_in_loop_VITIS_LOOP_149_1_1_curr_localImage_RAM_AUTO_1R1W  |        0|  128|  32|    0|    31|   32|     1|          992|
    |curr_localImage_4_U       |dataflow_in_loop_VITIS_LOOP_149_1_1_curr_localImage_RAM_AUTO_1R1W  |        0|  128|  32|    0|    31|   32|     1|          992|
    |curr_localImage_3_U       |dataflow_in_loop_VITIS_LOOP_149_1_1_curr_localImage_RAM_AUTO_1R1W  |        0|  128|  32|    0|    31|   32|     1|          992|
    |curr_localImage_2_U       |dataflow_in_loop_VITIS_LOOP_149_1_1_curr_localImage_RAM_AUTO_1R1W  |        0|  128|  32|    0|    31|   32|     1|          992|
    |curr_localImage_1_U       |dataflow_in_loop_VITIS_LOOP_149_1_1_curr_localImage_RAM_AUTO_1R1W  |        0|  128|  32|    0|    31|   32|     1|          992|
    |curr_localImage_16_U      |dataflow_in_loop_VITIS_LOOP_149_1_1_curr_localImage_RAM_AUTO_1R1W  |        0|  128|  32|    0|    31|   32|     1|          992|
    |curr_fullImage_U          |dataflow_in_loop_VITIS_LOOP_149_1_1_curr_localImage_RAM_AUTO_1R1W  |        0|  128|  32|    0|    31|   32|     1|          992|
    |curr_fullImage_1_113_U    |dataflow_in_loop_VITIS_LOOP_149_1_1_curr_localImage_RAM_AUTO_1R1W  |        0|  128|  32|    0|    31|   32|     1|          992|
    |curr_fullImage_2_114_U    |dataflow_in_loop_VITIS_LOOP_149_1_1_curr_localImage_RAM_AUTO_1R1W  |        0|  128|  32|    0|    31|   32|     1|          992|
    |curr_fullImage_3_115_U    |dataflow_in_loop_VITIS_LOOP_149_1_1_curr_localImage_RAM_AUTO_1R1W  |        0|  128|  32|    0|    31|   32|     1|          992|
    |curr_fullImage_4_116_U    |dataflow_in_loop_VITIS_LOOP_149_1_1_curr_localImage_RAM_AUTO_1R1W  |        0|  128|  32|    0|    31|   32|     1|          992|
    |curr_fullImage_5_117_U    |dataflow_in_loop_VITIS_LOOP_149_1_1_curr_localImage_RAM_AUTO_1R1W  |        0|  128|  32|    0|    31|   32|     1|          992|
    |curr_fullImage_6_118_U    |dataflow_in_loop_VITIS_LOOP_149_1_1_curr_localImage_RAM_AUTO_1R1W  |        0|  128|  32|    0|    31|   32|     1|          992|
    |curr_fullImage_7_119_U    |dataflow_in_loop_VITIS_LOOP_149_1_1_curr_localImage_RAM_AUTO_1R1W  |        0|  128|  32|    0|    31|   32|     1|          992|
    |curr_fullImage_8_120_U    |dataflow_in_loop_VITIS_LOOP_149_1_1_curr_localImage_RAM_AUTO_1R1W  |        0|  128|  32|    0|    31|   32|     1|          992|
    |curr_fullImage_9_121_U    |dataflow_in_loop_VITIS_LOOP_149_1_1_curr_localImage_RAM_AUTO_1R1W  |        0|  128|  32|    0|    31|   32|     1|          992|
    |curr_fullImage_10_122_U   |dataflow_in_loop_VITIS_LOOP_149_1_1_curr_localImage_RAM_AUTO_1R1W  |        0|  128|  32|    0|    31|   32|     1|          992|
    |curr_fullImage_11_123_U   |dataflow_in_loop_VITIS_LOOP_149_1_1_curr_localImage_RAM_AUTO_1R1W  |        0|  128|  32|    0|    31|   32|     1|          992|
    |curr_fullImage_12_124_U   |dataflow_in_loop_VITIS_LOOP_149_1_1_curr_localImage_RAM_AUTO_1R1W  |        0|  128|  32|    0|    31|   32|     1|          992|
    |curr_fullImage_13_125_U   |dataflow_in_loop_VITIS_LOOP_149_1_1_curr_localImage_RAM_AUTO_1R1W  |        0|  128|  32|    0|    31|   32|     1|          992|
    |curr_fullImage_14_126_U   |dataflow_in_loop_VITIS_LOOP_149_1_1_curr_localImage_RAM_AUTO_1R1W  |        0|  128|  32|    0|    31|   32|     1|          992|
    |curr_fullImage_15_U       |dataflow_in_loop_VITIS_LOOP_149_1_1_curr_localImage_RAM_AUTO_1R1W  |        0|  128|  32|    0|    31|   32|     1|          992|
    |curr_fullImage_14_U       |dataflow_in_loop_VITIS_LOOP_149_1_1_curr_localImage_RAM_AUTO_1R1W  |        0|  128|  32|    0|    31|   32|     1|          992|
    |curr_fullImage_13_U       |dataflow_in_loop_VITIS_LOOP_149_1_1_curr_localImage_RAM_AUTO_1R1W  |        0|  128|  32|    0|    31|   32|     1|          992|
    |curr_fullImage_12_U       |dataflow_in_loop_VITIS_LOOP_149_1_1_curr_localImage_RAM_AUTO_1R1W  |        0|  128|  32|    0|    31|   32|     1|          992|
    |curr_fullImage_11_U       |dataflow_in_loop_VITIS_LOOP_149_1_1_curr_localImage_RAM_AUTO_1R1W  |        0|  128|  32|    0|    31|   32|     1|          992|
    |curr_fullImage_10_U       |dataflow_in_loop_VITIS_LOOP_149_1_1_curr_localImage_RAM_AUTO_1R1W  |        0|  128|  32|    0|    31|   32|     1|          992|
    |curr_fullImage_9_U        |dataflow_in_loop_VITIS_LOOP_149_1_1_curr_localImage_RAM_AUTO_1R1W  |        0|  128|  32|    0|    31|   32|     1|          992|
    |curr_fullImage_8_U        |dataflow_in_loop_VITIS_LOOP_149_1_1_curr_localImage_RAM_AUTO_1R1W  |        0|  128|  32|    0|    31|   32|     1|          992|
    |curr_fullImage_7_U        |dataflow_in_loop_VITIS_LOOP_149_1_1_curr_localImage_RAM_AUTO_1R1W  |        0|  128|  32|    0|    31|   32|     1|          992|
    |curr_fullImage_6_U        |dataflow_in_loop_VITIS_LOOP_149_1_1_curr_localImage_RAM_AUTO_1R1W  |        0|  128|  32|    0|    31|   32|     1|          992|
    |curr_fullImage_5_U        |dataflow_in_loop_VITIS_LOOP_149_1_1_curr_localImage_RAM_AUTO_1R1W  |        0|  128|  32|    0|    31|   32|     1|          992|
    |curr_fullImage_4_U        |dataflow_in_loop_VITIS_LOOP_149_1_1_curr_localImage_RAM_AUTO_1R1W  |        0|  128|  32|    0|    31|   32|     1|          992|
    |curr_fullImage_3_U        |dataflow_in_loop_VITIS_LOOP_149_1_1_curr_localImage_RAM_AUTO_1R1W  |        0|  128|  32|    0|    31|   32|     1|          992|
    |curr_fullImage_2_U        |dataflow_in_loop_VITIS_LOOP_149_1_1_curr_localImage_RAM_AUTO_1R1W  |        0|  128|  32|    0|    31|   32|     1|          992|
    |curr_fullImage_1_U        |dataflow_in_loop_VITIS_LOOP_149_1_1_curr_localImage_RAM_AUTO_1R1W  |        0|  128|  32|    0|    31|   32|     1|          992|
    |curr_fullImage_16_U       |dataflow_in_loop_VITIS_LOOP_149_1_1_curr_localImage_RAM_AUTO_1R1W  |        0|  128|  32|    0|    31|   32|     1|          992|
    +--------------------------+-------------------------------------------------------------------+---------+-----+----+-----+------+-----+------+-------------+
    |Total                     |                                                                   |        0| 7936|1984|    0|  1922| 1984|    62|        61504|
    +--------------------------+-------------------------------------------------------------------+---------+-----+----+-----+------+-----+------+-------------+

    * FIFO: 
    +-------------------+---------+----+----+-----+------+-----+---------+
    |        Name       | BRAM_18K| FF | LUT| URAM| Depth| Bits| Size:D*B|
    +-------------------+---------+----+----+-----+------+-----+---------+
    |call_ret_U         |        0|  99|   0|    -|     4|   64|      256|
    |curr_imageProjs_U  |        0|  99|   0|    -|     3|   32|       96|
    |localImages_U      |        0|  99|   0|    -|     4|  256|     1024|
    |projSumUsed_U      |        0|  99|   0|    -|     2|   32|       64|
    |sum_U              |        0|  99|   0|    -|     2|   32|       64|
    +-------------------+---------+----+----+-----+------+-----+---------+
    |Total              |        0| 495|   0|    0|    15|  416|     1504|
    +-------------------+---------+----+----+-----+------+-----+---------+

    * Expression: 
    +--------------------------------------------------------------------------------+----------+----+---+----+------------+------------+
    |                                  Variable Name                                 | Operation| DSP| FF| LUT| Bitwidth P0| Bitwidth P1|
    +--------------------------------------------------------------------------------+----------+----+---+----+------------+------------+
    |Image_extract_U0_ap_continue                                                    |       and|   0|  0|   2|           1|           1|
    |Image_extract_U0_ap_start                                                       |       and|   0|  0|   2|           1|           1|
    |ap_channel_done_curr_imageProjs                                                 |       and|   0|  0|   2|           1|           1|
    |ap_channel_done_curr_localImage                                                 |       and|   0|  0|   2|           1|           1|
    |ap_channel_done_sum                                                             |       and|   0|  0|   2|           1|           1|
    |ap_idle                                                                         |       and|   0|  0|   2|           1|           1|
    |ap_sync_ready                                                                   |       and|   0|  0|   2|           1|           1|
    |dataflow_in_loop_VITIS_LOOP_149_1_1_Block_newFuncRoot_proc_U0_ap_start          |       and|   0|  0|   2|           1|           1|
    |getLocalImages_single_U0_ap_start                                               |       and|   0|  0|   2|           1|           1|
    |post_process_U0_ap_start                                                        |       and|   0|  0|   2|           1|           1|
    |ap_sync_Image_extract_U0_ap_ready                                               |        or|   0|  0|   2|           1|           1|
    |ap_sync_channel_write_curr_imageProjs                                           |        or|   0|  0|   2|           1|           1|
    |ap_sync_channel_write_curr_localImage                                           |        or|   0|  0|   2|           1|           1|
    |ap_sync_channel_write_sum                                                       |        or|   0|  0|   2|           1|           1|
    |ap_sync_dataflow_in_loop_VITIS_LOOP_149_1_1_Block_newFuncRoot_proc_U0_ap_ready  |        or|   0|  0|   2|           1|           1|
    |ap_sync_getLocalImages_single_U0_ap_ready                                       |        or|   0|  0|   2|           1|           1|
    +--------------------------------------------------------------------------------+----------+----+---+----+------------+------------+
    |Total                                                                           |          |   0|  0|  32|          16|          16|
    +--------------------------------------------------------------------------------+----------+----+---+----+------------+------------+

    * Multiplexer: 
    +------------------------------------------------------------------------------------+----+-----------+-----+-----------+
    |                                        Name                                        | LUT| Input Size| Bits| Total Bits|
    +------------------------------------------------------------------------------------+----+-----------+-----+-----------+
    |ap_sync_reg_Image_extract_U0_ap_ready                                               |   9|          2|    1|          2|
    |ap_sync_reg_channel_write_curr_imageProjs                                           |   9|          2|    1|          2|
    |ap_sync_reg_channel_write_curr_localImage                                           |   9|          2|    1|          2|
    |ap_sync_reg_channel_write_sum                                                       |   9|          2|    1|          2|
    |ap_sync_reg_dataflow_in_loop_VITIS_LOOP_149_1_1_Block_newFuncRoot_proc_U0_ap_ready  |   9|          2|    1|          2|
    |ap_sync_reg_getLocalImages_single_U0_ap_ready                                       |   9|          2|    1|          2|
    +------------------------------------------------------------------------------------+----+-----------+-----+-----------+
    |Total                                                                               |  54|         12|    6|         12|
    +------------------------------------------------------------------------------------+----+-----------+-----+-----------+

    * Register: 
    +------------------------------------------------------------------------------------+---+----+-----+-----------+
    |                                        Name                                        | FF| LUT| Bits| Const Bits|
    +------------------------------------------------------------------------------------+---+----+-----+-----------+
    |ap_sync_reg_Image_extract_U0_ap_ready                                               |  1|   0|    1|          0|
    |ap_sync_reg_channel_write_curr_imageProjs                                           |  1|   0|    1|          0|
    |ap_sync_reg_channel_write_curr_localImage                                           |  1|   0|    1|          0|
    |ap_sync_reg_channel_write_sum                                                       |  1|   0|    1|          0|
    |ap_sync_reg_dataflow_in_loop_VITIS_LOOP_149_1_1_Block_newFuncRoot_proc_U0_ap_ready  |  1|   0|    1|          0|
    |ap_sync_reg_getLocalImages_single_U0_ap_ready                                       |  1|   0|    1|          0|
    +------------------------------------------------------------------------------------+---+----+-----+-----------+
    |Total                                                                               |  6|   0|    6|          0|
    +------------------------------------------------------------------------------------+---+----+-----+-----------+



================================================================
== Interface
================================================================
* Summary: 
+-----------------------------------+-----+-----+------------+-------------------------------------+--------------+
|             RTL Ports             | Dir | Bits|  Protocol  |            Source Object            |    C Type    |
+-----------------------------------+-----+-----+------------+-------------------------------------+--------------+
|ap_clk                             |   in|    1|  ap_ctrl_hs|  dataflow_in_loop_VITIS_LOOP_149_1.1|  return value|
|ap_rst                             |   in|    1|  ap_ctrl_hs|  dataflow_in_loop_VITIS_LOOP_149_1.1|  return value|
|ap_start                           |   in|    1|  ap_ctrl_hs|  dataflow_in_loop_VITIS_LOOP_149_1.1|  return value|
|ap_done                            |  out|    1|  ap_ctrl_hs|  dataflow_in_loop_VITIS_LOOP_149_1.1|  return value|
|ap_ready                           |  out|    1|  ap_ctrl_hs|  dataflow_in_loop_VITIS_LOOP_149_1.1|  return value|
|ap_idle                            |  out|    1|  ap_ctrl_hs|  dataflow_in_loop_VITIS_LOOP_149_1.1|  return value|
|ap_continue                        |   in|    1|  ap_ctrl_hs|  dataflow_in_loop_VITIS_LOOP_149_1.1|  return value|
|conv                               |   in|   16|     ap_none|                                 conv|        scalar|
|conv_ap_vld                        |   in|    1|     ap_none|                                 conv|        scalar|
|psfSupersample                     |   in|   32|     ap_none|                       psfSupersample|        scalar|
|psfSupersample_ap_vld              |   in|    1|     ap_none|                       psfSupersample|        scalar|
|projShape0                         |   in|   32|     ap_none|                           projShape0|        scalar|
|projShape0_ap_vld                  |   in|    1|     ap_none|                           projShape0|        scalar|
|projShape1                         |   in|   32|     ap_none|                           projShape1|        scalar|
|projShape1_ap_vld                  |   in|    1|     ap_none|                           projShape1|        scalar|
|m_axi_atomLocations_0_AWVALID      |  out|    1|       m_axi|                        atomLocations|       pointer|
|m_axi_atomLocations_0_AWREADY      |   in|    1|       m_axi|                        atomLocations|       pointer|
|m_axi_atomLocations_0_AWADDR       |  out|   64|       m_axi|                        atomLocations|       pointer|
|m_axi_atomLocations_0_AWID         |  out|    1|       m_axi|                        atomLocations|       pointer|
|m_axi_atomLocations_0_AWLEN        |  out|   32|       m_axi|                        atomLocations|       pointer|
|m_axi_atomLocations_0_AWSIZE       |  out|    3|       m_axi|                        atomLocations|       pointer|
|m_axi_atomLocations_0_AWBURST      |  out|    2|       m_axi|                        atomLocations|       pointer|
|m_axi_atomLocations_0_AWLOCK       |  out|    2|       m_axi|                        atomLocations|       pointer|
|m_axi_atomLocations_0_AWCACHE      |  out|    4|       m_axi|                        atomLocations|       pointer|
|m_axi_atomLocations_0_AWPROT       |  out|    3|       m_axi|                        atomLocations|       pointer|
|m_axi_atomLocations_0_AWQOS        |  out|    4|       m_axi|                        atomLocations|       pointer|
|m_axi_atomLocations_0_AWREGION     |  out|    4|       m_axi|                        atomLocations|       pointer|
|m_axi_atomLocations_0_AWUSER       |  out|    1|       m_axi|                        atomLocations|       pointer|
|m_axi_atomLocations_0_WVALID       |  out|    1|       m_axi|                        atomLocations|       pointer|
|m_axi_atomLocations_0_WREADY       |   in|    1|       m_axi|                        atomLocations|       pointer|
|m_axi_atomLocations_0_WDATA        |  out|   64|       m_axi|                        atomLocations|       pointer|
|m_axi_atomLocations_0_WSTRB        |  out|    8|       m_axi|                        atomLocations|       pointer|
|m_axi_atomLocations_0_WLAST        |  out|    1|       m_axi|                        atomLocations|       pointer|
|m_axi_atomLocations_0_WID          |  out|    1|       m_axi|                        atomLocations|       pointer|
|m_axi_atomLocations_0_WUSER        |  out|    1|       m_axi|                        atomLocations|       pointer|
|m_axi_atomLocations_0_ARVALID      |  out|    1|       m_axi|                        atomLocations|       pointer|
|m_axi_atomLocations_0_ARREADY      |   in|    1|       m_axi|                        atomLocations|       pointer|
|m_axi_atomLocations_0_ARADDR       |  out|   64|       m_axi|                        atomLocations|       pointer|
|m_axi_atomLocations_0_ARID         |  out|    1|       m_axi|                        atomLocations|       pointer|
|m_axi_atomLocations_0_ARLEN        |  out|   32|       m_axi|                        atomLocations|       pointer|
|m_axi_atomLocations_0_ARSIZE       |  out|    3|       m_axi|                        atomLocations|       pointer|
|m_axi_atomLocations_0_ARBURST      |  out|    2|       m_axi|                        atomLocations|       pointer|
|m_axi_atomLocations_0_ARLOCK       |  out|    2|       m_axi|                        atomLocations|       pointer|
|m_axi_atomLocations_0_ARCACHE      |  out|    4|       m_axi|                        atomLocations|       pointer|
|m_axi_atomLocations_0_ARPROT       |  out|    3|       m_axi|                        atomLocations|       pointer|
|m_axi_atomLocations_0_ARQOS        |  out|    4|       m_axi|                        atomLocations|       pointer|
|m_axi_atomLocations_0_ARREGION     |  out|    4|       m_axi|                        atomLocations|       pointer|
|m_axi_atomLocations_0_ARUSER       |  out|    1|       m_axi|                        atomLocations|       pointer|
|m_axi_atomLocations_0_RVALID       |   in|    1|       m_axi|                        atomLocations|       pointer|
|m_axi_atomLocations_0_RREADY       |  out|    1|       m_axi|                        atomLocations|       pointer|
|m_axi_atomLocations_0_RDATA        |   in|   64|       m_axi|                        atomLocations|       pointer|
|m_axi_atomLocations_0_RLAST        |   in|    1|       m_axi|                        atomLocations|       pointer|
|m_axi_atomLocations_0_RID          |   in|    1|       m_axi|                        atomLocations|       pointer|
|m_axi_atomLocations_0_RFIFONUM     |   in|    9|       m_axi|                        atomLocations|       pointer|
|m_axi_atomLocations_0_RUSER        |   in|    1|       m_axi|                        atomLocations|       pointer|
|m_axi_atomLocations_0_RRESP        |   in|    2|       m_axi|                        atomLocations|       pointer|
|m_axi_atomLocations_0_BVALID       |   in|    1|       m_axi|                        atomLocations|       pointer|
|m_axi_atomLocations_0_BREADY       |  out|    1|       m_axi|                        atomLocations|       pointer|
|m_axi_atomLocations_0_BRESP        |   in|    2|       m_axi|                        atomLocations|       pointer|
|m_axi_atomLocations_0_BID          |   in|    1|       m_axi|                        atomLocations|       pointer|
|m_axi_atomLocations_0_BUSER        |   in|    1|       m_axi|                        atomLocations|       pointer|
|atomLocations1                     |   in|   64|     ap_none|                       atomLocations1|        scalar|
|atomLocations1_ap_vld              |   in|    1|     ap_none|                       atomLocations1|        scalar|
|m_axi_imageProjs_0_AWVALID         |  out|    1|       m_axi|                           imageProjs|       pointer|
|m_axi_imageProjs_0_AWREADY         |   in|    1|       m_axi|                           imageProjs|       pointer|
|m_axi_imageProjs_0_AWADDR          |  out|   64|       m_axi|                           imageProjs|       pointer|
|m_axi_imageProjs_0_AWID            |  out|    1|       m_axi|                           imageProjs|       pointer|
|m_axi_imageProjs_0_AWLEN           |  out|   32|       m_axi|                           imageProjs|       pointer|
|m_axi_imageProjs_0_AWSIZE          |  out|    3|       m_axi|                           imageProjs|       pointer|
|m_axi_imageProjs_0_AWBURST         |  out|    2|       m_axi|                           imageProjs|       pointer|
|m_axi_imageProjs_0_AWLOCK          |  out|    2|       m_axi|                           imageProjs|       pointer|
|m_axi_imageProjs_0_AWCACHE         |  out|    4|       m_axi|                           imageProjs|       pointer|
|m_axi_imageProjs_0_AWPROT          |  out|    3|       m_axi|                           imageProjs|       pointer|
|m_axi_imageProjs_0_AWQOS           |  out|    4|       m_axi|                           imageProjs|       pointer|
|m_axi_imageProjs_0_AWREGION        |  out|    4|       m_axi|                           imageProjs|       pointer|
|m_axi_imageProjs_0_AWUSER          |  out|    1|       m_axi|                           imageProjs|       pointer|
|m_axi_imageProjs_0_WVALID          |  out|    1|       m_axi|                           imageProjs|       pointer|
|m_axi_imageProjs_0_WREADY          |   in|    1|       m_axi|                           imageProjs|       pointer|
|m_axi_imageProjs_0_WDATA           |  out|   32|       m_axi|                           imageProjs|       pointer|
|m_axi_imageProjs_0_WSTRB           |  out|    4|       m_axi|                           imageProjs|       pointer|
|m_axi_imageProjs_0_WLAST           |  out|    1|       m_axi|                           imageProjs|       pointer|
|m_axi_imageProjs_0_WID             |  out|    1|       m_axi|                           imageProjs|       pointer|
|m_axi_imageProjs_0_WUSER           |  out|    1|       m_axi|                           imageProjs|       pointer|
|m_axi_imageProjs_0_ARVALID         |  out|    1|       m_axi|                           imageProjs|       pointer|
|m_axi_imageProjs_0_ARREADY         |   in|    1|       m_axi|                           imageProjs|       pointer|
|m_axi_imageProjs_0_ARADDR          |  out|   64|       m_axi|                           imageProjs|       pointer|
|m_axi_imageProjs_0_ARID            |  out|    1|       m_axi|                           imageProjs|       pointer|
|m_axi_imageProjs_0_ARLEN           |  out|   32|       m_axi|                           imageProjs|       pointer|
|m_axi_imageProjs_0_ARSIZE          |  out|    3|       m_axi|                           imageProjs|       pointer|
|m_axi_imageProjs_0_ARBURST         |  out|    2|       m_axi|                           imageProjs|       pointer|
|m_axi_imageProjs_0_ARLOCK          |  out|    2|       m_axi|                           imageProjs|       pointer|
|m_axi_imageProjs_0_ARCACHE         |  out|    4|       m_axi|                           imageProjs|       pointer|
|m_axi_imageProjs_0_ARPROT          |  out|    3|       m_axi|                           imageProjs|       pointer|
|m_axi_imageProjs_0_ARQOS           |  out|    4|       m_axi|                           imageProjs|       pointer|
|m_axi_imageProjs_0_ARREGION        |  out|    4|       m_axi|                           imageProjs|       pointer|
|m_axi_imageProjs_0_ARUSER          |  out|    1|       m_axi|                           imageProjs|       pointer|
|m_axi_imageProjs_0_RVALID          |   in|    1|       m_axi|                           imageProjs|       pointer|
|m_axi_imageProjs_0_RREADY          |  out|    1|       m_axi|                           imageProjs|       pointer|
|m_axi_imageProjs_0_RDATA           |   in|   32|       m_axi|                           imageProjs|       pointer|
|m_axi_imageProjs_0_RLAST           |   in|    1|       m_axi|                           imageProjs|       pointer|
|m_axi_imageProjs_0_RID             |   in|    1|       m_axi|                           imageProjs|       pointer|
|m_axi_imageProjs_0_RFIFONUM        |   in|    9|       m_axi|                           imageProjs|       pointer|
|m_axi_imageProjs_0_RUSER           |   in|    1|       m_axi|                           imageProjs|       pointer|
|m_axi_imageProjs_0_RRESP           |   in|    2|       m_axi|                           imageProjs|       pointer|
|m_axi_imageProjs_0_BVALID          |   in|    1|       m_axi|                           imageProjs|       pointer|
|m_axi_imageProjs_0_BREADY          |  out|    1|       m_axi|                           imageProjs|       pointer|
|m_axi_imageProjs_0_BRESP           |   in|    2|       m_axi|                           imageProjs|       pointer|
|m_axi_imageProjs_0_BID             |   in|    1|       m_axi|                           imageProjs|       pointer|
|m_axi_imageProjs_0_BUSER           |   in|    1|       m_axi|                           imageProjs|       pointer|
|empty                              |   in|   64|     ap_none|                                empty|        scalar|
|empty_ap_vld                       |   in|    1|     ap_none|                                empty|        scalar|
|m_axi_fullImage_0_AWVALID          |  out|    1|       m_axi|                            fullImage|       pointer|
|m_axi_fullImage_0_AWREADY          |   in|    1|       m_axi|                            fullImage|       pointer|
|m_axi_fullImage_0_AWADDR           |  out|   64|       m_axi|                            fullImage|       pointer|
|m_axi_fullImage_0_AWID             |  out|    1|       m_axi|                            fullImage|       pointer|
|m_axi_fullImage_0_AWLEN            |  out|   32|       m_axi|                            fullImage|       pointer|
|m_axi_fullImage_0_AWSIZE           |  out|    3|       m_axi|                            fullImage|       pointer|
|m_axi_fullImage_0_AWBURST          |  out|    2|       m_axi|                            fullImage|       pointer|
|m_axi_fullImage_0_AWLOCK           |  out|    2|       m_axi|                            fullImage|       pointer|
|m_axi_fullImage_0_AWCACHE          |  out|    4|       m_axi|                            fullImage|       pointer|
|m_axi_fullImage_0_AWPROT           |  out|    3|       m_axi|                            fullImage|       pointer|
|m_axi_fullImage_0_AWQOS            |  out|    4|       m_axi|                            fullImage|       pointer|
|m_axi_fullImage_0_AWREGION         |  out|    4|       m_axi|                            fullImage|       pointer|
|m_axi_fullImage_0_AWUSER           |  out|    1|       m_axi|                            fullImage|       pointer|
|m_axi_fullImage_0_WVALID           |  out|    1|       m_axi|                            fullImage|       pointer|
|m_axi_fullImage_0_WREADY           |   in|    1|       m_axi|                            fullImage|       pointer|
|m_axi_fullImage_0_WDATA            |  out|   32|       m_axi|                            fullImage|       pointer|
|m_axi_fullImage_0_WSTRB            |  out|    4|       m_axi|                            fullImage|       pointer|
|m_axi_fullImage_0_WLAST            |  out|    1|       m_axi|                            fullImage|       pointer|
|m_axi_fullImage_0_WID              |  out|    1|       m_axi|                            fullImage|       pointer|
|m_axi_fullImage_0_WUSER            |  out|    1|       m_axi|                            fullImage|       pointer|
|m_axi_fullImage_0_ARVALID          |  out|    1|       m_axi|                            fullImage|       pointer|
|m_axi_fullImage_0_ARREADY          |   in|    1|       m_axi|                            fullImage|       pointer|
|m_axi_fullImage_0_ARADDR           |  out|   64|       m_axi|                            fullImage|       pointer|
|m_axi_fullImage_0_ARID             |  out|    1|       m_axi|                            fullImage|       pointer|
|m_axi_fullImage_0_ARLEN            |  out|   32|       m_axi|                            fullImage|       pointer|
|m_axi_fullImage_0_ARSIZE           |  out|    3|       m_axi|                            fullImage|       pointer|
|m_axi_fullImage_0_ARBURST          |  out|    2|       m_axi|                            fullImage|       pointer|
|m_axi_fullImage_0_ARLOCK           |  out|    2|       m_axi|                            fullImage|       pointer|
|m_axi_fullImage_0_ARCACHE          |  out|    4|       m_axi|                            fullImage|       pointer|
|m_axi_fullImage_0_ARPROT           |  out|    3|       m_axi|                            fullImage|       pointer|
|m_axi_fullImage_0_ARQOS            |  out|    4|       m_axi|                            fullImage|       pointer|
|m_axi_fullImage_0_ARREGION         |  out|    4|       m_axi|                            fullImage|       pointer|
|m_axi_fullImage_0_ARUSER           |  out|    1|       m_axi|                            fullImage|       pointer|
|m_axi_fullImage_0_RVALID           |   in|    1|       m_axi|                            fullImage|       pointer|
|m_axi_fullImage_0_RREADY           |  out|    1|       m_axi|                            fullImage|       pointer|
|m_axi_fullImage_0_RDATA            |   in|   32|       m_axi|                            fullImage|       pointer|
|m_axi_fullImage_0_RLAST            |   in|    1|       m_axi|                            fullImage|       pointer|
|m_axi_fullImage_0_RID              |   in|    1|       m_axi|                            fullImage|       pointer|
|m_axi_fullImage_0_RFIFONUM         |   in|    9|       m_axi|                            fullImage|       pointer|
|m_axi_fullImage_0_RUSER            |   in|    1|       m_axi|                            fullImage|       pointer|
|m_axi_fullImage_0_RRESP            |   in|    2|       m_axi|                            fullImage|       pointer|
|m_axi_fullImage_0_BVALID           |   in|    1|       m_axi|                            fullImage|       pointer|
|m_axi_fullImage_0_BREADY           |  out|    1|       m_axi|                            fullImage|       pointer|
|m_axi_fullImage_0_BRESP            |   in|    2|       m_axi|                            fullImage|       pointer|
|m_axi_fullImage_0_BID              |   in|    1|       m_axi|                            fullImage|       pointer|
|m_axi_fullImage_0_BUSER            |   in|    1|       m_axi|                            fullImage|       pointer|
|fullImage2                         |   in|   64|     ap_none|                           fullImage2|        scalar|
|fullImage2_ap_vld                  |   in|    1|     ap_none|                           fullImage2|        scalar|
|m_axi_imageProjs_local_0_AWVALID   |  out|    1|       m_axi|                     imageProjs_local|       pointer|
|m_axi_imageProjs_local_0_AWREADY   |   in|    1|       m_axi|                     imageProjs_local|       pointer|
|m_axi_imageProjs_local_0_AWADDR    |  out|   64|       m_axi|                     imageProjs_local|       pointer|
|m_axi_imageProjs_local_0_AWID      |  out|    1|       m_axi|                     imageProjs_local|       pointer|
|m_axi_imageProjs_local_0_AWLEN     |  out|   32|       m_axi|                     imageProjs_local|       pointer|
|m_axi_imageProjs_local_0_AWSIZE    |  out|    3|       m_axi|                     imageProjs_local|       pointer|
|m_axi_imageProjs_local_0_AWBURST   |  out|    2|       m_axi|                     imageProjs_local|       pointer|
|m_axi_imageProjs_local_0_AWLOCK    |  out|    2|       m_axi|                     imageProjs_local|       pointer|
|m_axi_imageProjs_local_0_AWCACHE   |  out|    4|       m_axi|                     imageProjs_local|       pointer|
|m_axi_imageProjs_local_0_AWPROT    |  out|    3|       m_axi|                     imageProjs_local|       pointer|
|m_axi_imageProjs_local_0_AWQOS     |  out|    4|       m_axi|                     imageProjs_local|       pointer|
|m_axi_imageProjs_local_0_AWREGION  |  out|    4|       m_axi|                     imageProjs_local|       pointer|
|m_axi_imageProjs_local_0_AWUSER    |  out|    1|       m_axi|                     imageProjs_local|       pointer|
|m_axi_imageProjs_local_0_WVALID    |  out|    1|       m_axi|                     imageProjs_local|       pointer|
|m_axi_imageProjs_local_0_WREADY    |   in|    1|       m_axi|                     imageProjs_local|       pointer|
|m_axi_imageProjs_local_0_WDATA     |  out|   32|       m_axi|                     imageProjs_local|       pointer|
|m_axi_imageProjs_local_0_WSTRB     |  out|    4|       m_axi|                     imageProjs_local|       pointer|
|m_axi_imageProjs_local_0_WLAST     |  out|    1|       m_axi|                     imageProjs_local|       pointer|
|m_axi_imageProjs_local_0_WID       |  out|    1|       m_axi|                     imageProjs_local|       pointer|
|m_axi_imageProjs_local_0_WUSER     |  out|    1|       m_axi|                     imageProjs_local|       pointer|
|m_axi_imageProjs_local_0_ARVALID   |  out|    1|       m_axi|                     imageProjs_local|       pointer|
|m_axi_imageProjs_local_0_ARREADY   |   in|    1|       m_axi|                     imageProjs_local|       pointer|
|m_axi_imageProjs_local_0_ARADDR    |  out|   64|       m_axi|                     imageProjs_local|       pointer|
|m_axi_imageProjs_local_0_ARID      |  out|    1|       m_axi|                     imageProjs_local|       pointer|
|m_axi_imageProjs_local_0_ARLEN     |  out|   32|       m_axi|                     imageProjs_local|       pointer|
|m_axi_imageProjs_local_0_ARSIZE    |  out|    3|       m_axi|                     imageProjs_local|       pointer|
|m_axi_imageProjs_local_0_ARBURST   |  out|    2|       m_axi|                     imageProjs_local|       pointer|
|m_axi_imageProjs_local_0_ARLOCK    |  out|    2|       m_axi|                     imageProjs_local|       pointer|
|m_axi_imageProjs_local_0_ARCACHE   |  out|    4|       m_axi|                     imageProjs_local|       pointer|
|m_axi_imageProjs_local_0_ARPROT    |  out|    3|       m_axi|                     imageProjs_local|       pointer|
|m_axi_imageProjs_local_0_ARQOS     |  out|    4|       m_axi|                     imageProjs_local|       pointer|
|m_axi_imageProjs_local_0_ARREGION  |  out|    4|       m_axi|                     imageProjs_local|       pointer|
|m_axi_imageProjs_local_0_ARUSER    |  out|    1|       m_axi|                     imageProjs_local|       pointer|
|m_axi_imageProjs_local_0_RVALID    |   in|    1|       m_axi|                     imageProjs_local|       pointer|
|m_axi_imageProjs_local_0_RREADY    |  out|    1|       m_axi|                     imageProjs_local|       pointer|
|m_axi_imageProjs_local_0_RDATA     |   in|   32|       m_axi|                     imageProjs_local|       pointer|
|m_axi_imageProjs_local_0_RLAST     |   in|    1|       m_axi|                     imageProjs_local|       pointer|
|m_axi_imageProjs_local_0_RID       |   in|    1|       m_axi|                     imageProjs_local|       pointer|
|m_axi_imageProjs_local_0_RFIFONUM  |   in|    9|       m_axi|                     imageProjs_local|       pointer|
|m_axi_imageProjs_local_0_RUSER     |   in|    1|       m_axi|                     imageProjs_local|       pointer|
|m_axi_imageProjs_local_0_RRESP     |   in|    2|       m_axi|                     imageProjs_local|       pointer|
|m_axi_imageProjs_local_0_BVALID    |   in|    1|       m_axi|                     imageProjs_local|       pointer|
|m_axi_imageProjs_local_0_BREADY    |  out|    1|       m_axi|                     imageProjs_local|       pointer|
|m_axi_imageProjs_local_0_BRESP     |   in|    2|       m_axi|                     imageProjs_local|       pointer|
|m_axi_imageProjs_local_0_BID       |   in|    1|       m_axi|                     imageProjs_local|       pointer|
|m_axi_imageProjs_local_0_BUSER     |   in|    1|       m_axi|                     imageProjs_local|       pointer|
|imageProjs_local3                  |   in|   64|     ap_none|                    imageProjs_local3|        scalar|
|imageProjs_local3_ap_vld           |   in|    1|     ap_none|                    imageProjs_local3|        scalar|
|idx_0                              |   in|   16|     ap_none|                                idx_0|        scalar|
|idx_0_ap_vld                       |   in|    1|     ap_none|                                idx_0|        scalar|
|m_axi_emissions_0_AWVALID          |  out|    1|       m_axi|                            emissions|       pointer|
|m_axi_emissions_0_AWREADY          |   in|    1|       m_axi|                            emissions|       pointer|
|m_axi_emissions_0_AWADDR           |  out|   64|       m_axi|                            emissions|       pointer|
|m_axi_emissions_0_AWID             |  out|    1|       m_axi|                            emissions|       pointer|
|m_axi_emissions_0_AWLEN            |  out|   32|       m_axi|                            emissions|       pointer|
|m_axi_emissions_0_AWSIZE           |  out|    3|       m_axi|                            emissions|       pointer|
|m_axi_emissions_0_AWBURST          |  out|    2|       m_axi|                            emissions|       pointer|
|m_axi_emissions_0_AWLOCK           |  out|    2|       m_axi|                            emissions|       pointer|
|m_axi_emissions_0_AWCACHE          |  out|    4|       m_axi|                            emissions|       pointer|
|m_axi_emissions_0_AWPROT           |  out|    3|       m_axi|                            emissions|       pointer|
|m_axi_emissions_0_AWQOS            |  out|    4|       m_axi|                            emissions|       pointer|
|m_axi_emissions_0_AWREGION         |  out|    4|       m_axi|                            emissions|       pointer|
|m_axi_emissions_0_AWUSER           |  out|    1|       m_axi|                            emissions|       pointer|
|m_axi_emissions_0_WVALID           |  out|    1|       m_axi|                            emissions|       pointer|
|m_axi_emissions_0_WREADY           |   in|    1|       m_axi|                            emissions|       pointer|
|m_axi_emissions_0_WDATA            |  out|   32|       m_axi|                            emissions|       pointer|
|m_axi_emissions_0_WSTRB            |  out|    4|       m_axi|                            emissions|       pointer|
|m_axi_emissions_0_WLAST            |  out|    1|       m_axi|                            emissions|       pointer|
|m_axi_emissions_0_WID              |  out|    1|       m_axi|                            emissions|       pointer|
|m_axi_emissions_0_WUSER            |  out|    1|       m_axi|                            emissions|       pointer|
|m_axi_emissions_0_ARVALID          |  out|    1|       m_axi|                            emissions|       pointer|
|m_axi_emissions_0_ARREADY          |   in|    1|       m_axi|                            emissions|       pointer|
|m_axi_emissions_0_ARADDR           |  out|   64|       m_axi|                            emissions|       pointer|
|m_axi_emissions_0_ARID             |  out|    1|       m_axi|                            emissions|       pointer|
|m_axi_emissions_0_ARLEN            |  out|   32|       m_axi|                            emissions|       pointer|
|m_axi_emissions_0_ARSIZE           |  out|    3|       m_axi|                            emissions|       pointer|
|m_axi_emissions_0_ARBURST          |  out|    2|       m_axi|                            emissions|       pointer|
|m_axi_emissions_0_ARLOCK           |  out|    2|       m_axi|                            emissions|       pointer|
|m_axi_emissions_0_ARCACHE          |  out|    4|       m_axi|                            emissions|       pointer|
|m_axi_emissions_0_ARPROT           |  out|    3|       m_axi|                            emissions|       pointer|
|m_axi_emissions_0_ARQOS            |  out|    4|       m_axi|                            emissions|       pointer|
|m_axi_emissions_0_ARREGION         |  out|    4|       m_axi|                            emissions|       pointer|
|m_axi_emissions_0_ARUSER           |  out|    1|       m_axi|                            emissions|       pointer|
|m_axi_emissions_0_RVALID           |   in|    1|       m_axi|                            emissions|       pointer|
|m_axi_emissions_0_RREADY           |  out|    1|       m_axi|                            emissions|       pointer|
|m_axi_emissions_0_RDATA            |   in|   32|       m_axi|                            emissions|       pointer|
|m_axi_emissions_0_RLAST            |   in|    1|       m_axi|                            emissions|       pointer|
|m_axi_emissions_0_RID              |   in|    1|       m_axi|                            emissions|       pointer|
|m_axi_emissions_0_RFIFONUM         |   in|    9|       m_axi|                            emissions|       pointer|
|m_axi_emissions_0_RUSER            |   in|    1|       m_axi|                            emissions|       pointer|
|m_axi_emissions_0_RRESP            |   in|    2|       m_axi|                            emissions|       pointer|
|m_axi_emissions_0_BVALID           |   in|    1|       m_axi|                            emissions|       pointer|
|m_axi_emissions_0_BREADY           |  out|    1|       m_axi|                            emissions|       pointer|
|m_axi_emissions_0_BRESP            |   in|    2|       m_axi|                            emissions|       pointer|
|m_axi_emissions_0_BID              |   in|    1|       m_axi|                            emissions|       pointer|
|m_axi_emissions_0_BUSER            |   in|    1|       m_axi|                            emissions|       pointer|
|emissions4                         |   in|   64|     ap_none|                           emissions4|        scalar|
|emissions4_ap_vld                  |   in|    1|     ap_none|                           emissions4|        scalar|
+-----------------------------------+-----+-----+------------+-------------------------------------+--------------+

