

================================================================
== Vitis HLS Report for 'getLocalImages_Pipeline_copy_loop'
================================================================
* Date:           Wed May 21 17:37:28 2025

* Version:        2024.2 (Build 5238294 on Nov  8 2024)
* Project:        reconstruct
* Solution:       hls (Vivado IP Flow Target)
* Product family: zynq
* Target device:  xc7z020-clg400-1


================================================================
== Performance Estimates
================================================================
+ Timing: 
    * Summary: 
    +--------+----------+----------+------------+
    |  Clock |  Target  | Estimated| Uncertainty|
    +--------+----------+----------+------------+
    |ap_clk  |  10.00 ns|  5.728 ns|     2.70 ns|
    +--------+----------+----------+------------+

+ Latency: 
    * Summary: 
    +---------+---------+----------+----------+-----+-----+------------------------------------------------+
    |  Latency (cycles) |  Latency (absolute) |  Interval |                    Pipeline                    |
    |   min   |   max   |    min   |    max   | min | max |                      Type                      |
    +---------+---------+----------+----------+-----+-----+------------------------------------------------+
    |        ?|        ?|         ?|         ?|    0|    0|  loop auto-rewind stp (delay=0 clock cycles(s))|
    +---------+---------+----------+----------+-----+-----+------------------------------------------------+

    + Detail: 
        * Instance: 
        N/A

        * Loop: 
        +-------------+---------+---------+----------+-----------+-----------+------+----------+
        |             |  Latency (cycles) | Iteration|  Initiation Interval  | Trip |          |
        |  Loop Name  |   min   |   max   |  Latency |  achieved |   target  | Count| Pipelined|
        +-------------+---------+---------+----------+-----------+-----------+------+----------+
        |- copy_loop  |        ?|        ?|         2|          1|          1|     ?|       yes|
        +-------------+---------+---------+----------+-----------+-----------+------+----------+



================================================================
== Utilization Estimates
================================================================
* Summary: 
+-----------------+---------+-----+--------+-------+-----+
|       Name      | BRAM_18K| DSP |   FF   |  LUT  | URAM|
+-----------------+---------+-----+--------+-------+-----+
|DSP              |        -|    -|       -|      -|    -|
|Expression       |        -|    -|       0|     55|    -|
|FIFO             |        -|    -|       -|      -|    -|
|Instance         |        -|    -|       -|      -|    -|
|Memory           |        -|    -|       -|      -|    -|
|Multiplexer      |        -|    -|       0|     36|    -|
|Register         |        -|    -|   12817|      -|    -|
+-----------------+---------+-----+--------+-------+-----+
|Total            |        0|    0|   12817|     91|    0|
+-----------------+---------+-----+--------+-------+-----+
|Available        |      280|  220|  106400|  53200|    0|
+-----------------+---------+-----+--------+-------+-----+
|Utilization (%)  |        0|    0|      12|     ~0|    0|
+-----------------+---------+-----+--------+-------+-----+

+ Detail: 
    * Instance: 
    N/A

    * DSP: 
    N/A

    * Memory: 
    N/A

    * FIFO: 
    N/A

    * Expression: 
    +----------------------+----------+----+---+----+------------+------------+
    |     Variable Name    | Operation| DSP| FF| LUT| Bitwidth P0| Bitwidth P1|
    +----------------------+----------+----+---+----+------------+------------+
    |add_ln13_fu_2873_p2   |         +|   0|  0|  14|           7|           1|
    |icmp_ln13_fu_2867_p2  |      icmp|   0|  0|  39|          32|          32|
    |ap_enable_pp0         |       xor|   0|  0|   2|           1|           2|
    +----------------------+----------+----+---+----+------------+------------+
    |Total                 |          |   0|  0|  55|          40|          35|
    +----------------------+----------+----+---+----+------------+------------+

    * Multiplexer: 
    +-------------------------+----+-----------+-----+-----------+
    |           Name          | LUT| Input Size| Bits| Total Bits|
    +-------------------------+----+-----------+-----+-----------+
    |ap_done_int              |   9|          2|    1|          2|
    |ap_enable_reg_pp0_iter1  |   9|          2|    1|          2|
    |ap_sig_allocacmp_i_2     |   9|          2|    7|         14|
    |i_fu_632                 |   9|          2|    7|         14|
    +-------------------------+----+-----------+-----+-----------+
    |Total                    |  36|          8|   16|         32|
    +-------------------------+----+-----------+-----+-----------+

    * Register: 
    +---------------------------+-----+----+-----+-----------+
    |            Name           |  FF | LUT| Bits| Const Bits|
    +---------------------------+-----+----+-----+-----------+
    |ap_CS_fsm                  |    1|   0|    1|          0|
    |ap_done_reg                |    1|   0|    1|          0|
    |ap_enable_reg_pp0_iter1    |    1|   0|    1|          0|
    |i_2_reg_5918               |    7|   0|    7|          0|
    |i_fu_632                   |    7|   0|    7|          0|
    |mux_case_0111_fu_636       |   64|   0|   64|          0|
    |mux_case_03511_fu_1036     |   64|   0|   64|          0|
    |mux_case_10151_fu_676      |   64|   0|   64|          0|
    |mux_case_1019551_fu_1076   |   64|   0|   64|          0|
    |mux_case_110515_fu_1040    |   64|   0|   64|          0|
    |mux_case_11155_fu_680      |   64|   0|   64|          0|
    |mux_case_1115_fu_640       |   64|   0|   64|          0|
    |mux_case_1120555_fu_1080   |   64|   0|   64|          0|
    |mux_case_12159_fu_684      |   64|   0|   64|          0|
    |mux_case_1221559_fu_1084   |   64|   0|   64|          0|
    |mux_case_13163_fu_688      |   64|   0|   64|          0|
    |mux_case_1322563_fu_1088   |   64|   0|   64|          0|
    |mux_case_14167_fu_692      |   64|   0|   64|          0|
    |mux_case_1423567_fu_1092   |   64|   0|   64|          0|
    |mux_case_15171_fu_696      |   64|   0|   64|          0|
    |mux_case_1524571_fu_1096   |   64|   0|   64|          0|
    |mux_case_16175_fu_700      |   64|   0|   64|          0|
    |mux_case_1625575_fu_1100   |   64|   0|   64|          0|
    |mux_case_17179_fu_704      |   64|   0|   64|          0|
    |mux_case_1726579_fu_1104   |   64|   0|   64|          0|
    |mux_case_18183_fu_708      |   64|   0|   64|          0|
    |mux_case_1827583_fu_1108   |   64|   0|   64|          0|
    |mux_case_19187_fu_712      |   64|   0|   64|          0|
    |mux_case_1928587_fu_1112   |   64|   0|   64|          0|
    |mux_case_20191_fu_716      |   64|   0|   64|          0|
    |mux_case_2029591_fu_1116   |   64|   0|   64|          0|
    |mux_case_211519_fu_1044    |   64|   0|   64|          0|
    |mux_case_21195_fu_720      |   64|   0|   64|          0|
    |mux_case_2119_fu_644       |   64|   0|   64|          0|
    |mux_case_2130595_fu_1120   |   64|   0|   64|          0|
    |mux_case_22199_fu_724      |   64|   0|   64|          0|
    |mux_case_2231599_fu_1124   |   64|   0|   64|          0|
    |mux_case_23203_fu_728      |   64|   0|   64|          0|
    |mux_case_2332603_fu_1128   |   64|   0|   64|          0|
    |mux_case_24207_fu_732      |   64|   0|   64|          0|
    |mux_case_2433607_fu_1132   |   64|   0|   64|          0|
    |mux_case_25211_fu_736      |   64|   0|   64|          0|
    |mux_case_2534611_fu_1136   |   64|   0|   64|          0|
    |mux_case_26215_fu_740      |   64|   0|   64|          0|
    |mux_case_2635615_fu_1140   |   64|   0|   64|          0|
    |mux_case_27219_fu_744      |   64|   0|   64|          0|
    |mux_case_2736619_fu_1144   |   64|   0|   64|          0|
    |mux_case_28223_fu_748      |   64|   0|   64|          0|
    |mux_case_2837623_fu_1148   |   64|   0|   64|          0|
    |mux_case_29227_fu_752      |   64|   0|   64|          0|
    |mux_case_2938627_fu_1152   |   64|   0|   64|          0|
    |mux_case_30231_fu_756      |   64|   0|   64|          0|
    |mux_case_3039631_fu_1156   |   64|   0|   64|          0|
    |mux_case_31235_fu_760      |   64|   0|   64|          0|
    |mux_case_3123_fu_648       |   64|   0|   64|          0|
    |mux_case_312523_fu_1048    |   64|   0|   64|          0|
    |mux_case_3140635_fu_1160   |   64|   0|   64|          0|
    |mux_case_32239_fu_764      |   64|   0|   64|          0|
    |mux_case_3241639_fu_1164   |   64|   0|   64|          0|
    |mux_case_33243_fu_768      |   64|   0|   64|          0|
    |mux_case_3342643_fu_1168   |   64|   0|   64|          0|
    |mux_case_34247_fu_772      |   64|   0|   64|          0|
    |mux_case_3443647_fu_1172   |   64|   0|   64|          0|
    |mux_case_35251_fu_776      |   64|   0|   64|          0|
    |mux_case_3544651_fu_1176   |   64|   0|   64|          0|
    |mux_case_36255_fu_780      |   64|   0|   64|          0|
    |mux_case_3645655_fu_1180   |   64|   0|   64|          0|
    |mux_case_37259_fu_784      |   64|   0|   64|          0|
    |mux_case_3746659_fu_1184   |   64|   0|   64|          0|
    |mux_case_38263_fu_788      |   64|   0|   64|          0|
    |mux_case_3847663_fu_1188   |   64|   0|   64|          0|
    |mux_case_39267_fu_792      |   64|   0|   64|          0|
    |mux_case_3948667_fu_1192   |   64|   0|   64|          0|
    |mux_case_40271_fu_796      |   64|   0|   64|          0|
    |mux_case_4049671_fu_1196   |   64|   0|   64|          0|
    |mux_case_41275_fu_800      |   64|   0|   64|          0|
    |mux_case_4127_fu_652       |   64|   0|   64|          0|
    |mux_case_413527_fu_1052    |   64|   0|   64|          0|
    |mux_case_4150675_fu_1200   |   64|   0|   64|          0|
    |mux_case_42279_fu_804      |   64|   0|   64|          0|
    |mux_case_4251679_fu_1204   |   64|   0|   64|          0|
    |mux_case_43283_fu_808      |   64|   0|   64|          0|
    |mux_case_4352683_fu_1208   |   64|   0|   64|          0|
    |mux_case_44287_fu_812      |   64|   0|   64|          0|
    |mux_case_4453687_fu_1212   |   64|   0|   64|          0|
    |mux_case_45291_fu_816      |   64|   0|   64|          0|
    |mux_case_4554691_fu_1216   |   64|   0|   64|          0|
    |mux_case_46295_fu_820      |   64|   0|   64|          0|
    |mux_case_4655695_fu_1220   |   64|   0|   64|          0|
    |mux_case_47299_fu_824      |   64|   0|   64|          0|
    |mux_case_4756699_fu_1224   |   64|   0|   64|          0|
    |mux_case_48303_fu_828      |   64|   0|   64|          0|
    |mux_case_4857703_fu_1228   |   64|   0|   64|          0|
    |mux_case_49307_fu_832      |   64|   0|   64|          0|
    |mux_case_4958707_fu_1232   |   64|   0|   64|          0|
    |mux_case_50311_fu_836      |   64|   0|   64|          0|
    |mux_case_5059711_fu_1236   |   64|   0|   64|          0|
    |mux_case_51315_fu_840      |   64|   0|   64|          0|
    |mux_case_5131_fu_656       |   64|   0|   64|          0|
    |mux_case_514531_fu_1056    |   64|   0|   64|          0|
    |mux_case_5160715_fu_1240   |   64|   0|   64|          0|
    |mux_case_52319_fu_844      |   64|   0|   64|          0|
    |mux_case_5261719_fu_1244   |   64|   0|   64|          0|
    |mux_case_53323_fu_848      |   64|   0|   64|          0|
    |mux_case_5362723_fu_1248   |   64|   0|   64|          0|
    |mux_case_54327_fu_852      |   64|   0|   64|          0|
    |mux_case_5463727_fu_1252   |   64|   0|   64|          0|
    |mux_case_55331_fu_856      |   64|   0|   64|          0|
    |mux_case_5564731_fu_1256   |   64|   0|   64|          0|
    |mux_case_56335_fu_860      |   64|   0|   64|          0|
    |mux_case_5665735_fu_1260   |   64|   0|   64|          0|
    |mux_case_57339_fu_864      |   64|   0|   64|          0|
    |mux_case_5766739_fu_1264   |   64|   0|   64|          0|
    |mux_case_58343_fu_868      |   64|   0|   64|          0|
    |mux_case_5867743_fu_1268   |   64|   0|   64|          0|
    |mux_case_59347_fu_872      |   64|   0|   64|          0|
    |mux_case_5968747_fu_1272   |   64|   0|   64|          0|
    |mux_case_60351_fu_876      |   64|   0|   64|          0|
    |mux_case_6069751_fu_1276   |   64|   0|   64|          0|
    |mux_case_61355_fu_880      |   64|   0|   64|          0|
    |mux_case_6135_fu_660       |   64|   0|   64|          0|
    |mux_case_615535_fu_1060    |   64|   0|   64|          0|
    |mux_case_6170755_fu_1280   |   64|   0|   64|          0|
    |mux_case_62359_fu_884      |   64|   0|   64|          0|
    |mux_case_6271759_fu_1284   |   64|   0|   64|          0|
    |mux_case_63363_fu_888      |   64|   0|   64|          0|
    |mux_case_6372763_fu_1288   |   64|   0|   64|          0|
    |mux_case_64367_fu_892      |   64|   0|   64|          0|
    |mux_case_6473767_fu_1292   |   64|   0|   64|          0|
    |mux_case_65371_fu_896      |   64|   0|   64|          0|
    |mux_case_6574771_fu_1296   |   64|   0|   64|          0|
    |mux_case_66375_fu_900      |   64|   0|   64|          0|
    |mux_case_6675775_fu_1300   |   64|   0|   64|          0|
    |mux_case_67379_fu_904      |   64|   0|   64|          0|
    |mux_case_6776779_fu_1304   |   64|   0|   64|          0|
    |mux_case_68383_fu_908      |   64|   0|   64|          0|
    |mux_case_6877783_fu_1308   |   64|   0|   64|          0|
    |mux_case_69387_fu_912      |   64|   0|   64|          0|
    |mux_case_6978787_fu_1312   |   64|   0|   64|          0|
    |mux_case_70391_fu_916      |   64|   0|   64|          0|
    |mux_case_7079791_fu_1316   |   64|   0|   64|          0|
    |mux_case_71395_fu_920      |   64|   0|   64|          0|
    |mux_case_7139_fu_664       |   64|   0|   64|          0|
    |mux_case_716539_fu_1064    |   64|   0|   64|          0|
    |mux_case_7180795_fu_1320   |   64|   0|   64|          0|
    |mux_case_72399_fu_924      |   64|   0|   64|          0|
    |mux_case_7281799_fu_1324   |   64|   0|   64|          0|
    |mux_case_73403_fu_928      |   64|   0|   64|          0|
    |mux_case_7382803_fu_1328   |   64|   0|   64|          0|
    |mux_case_74407_fu_932      |   64|   0|   64|          0|
    |mux_case_7483807_fu_1332   |   64|   0|   64|          0|
    |mux_case_75411_fu_936      |   64|   0|   64|          0|
    |mux_case_7584811_fu_1336   |   64|   0|   64|          0|
    |mux_case_76415_fu_940      |   64|   0|   64|          0|
    |mux_case_7685815_fu_1340   |   64|   0|   64|          0|
    |mux_case_77419_fu_944      |   64|   0|   64|          0|
    |mux_case_7786819_fu_1344   |   64|   0|   64|          0|
    |mux_case_78423_fu_948      |   64|   0|   64|          0|
    |mux_case_7887823_fu_1348   |   64|   0|   64|          0|
    |mux_case_79427_fu_952      |   64|   0|   64|          0|
    |mux_case_7988827_fu_1352   |   64|   0|   64|          0|
    |mux_case_80431_fu_956      |   64|   0|   64|          0|
    |mux_case_8089831_fu_1356   |   64|   0|   64|          0|
    |mux_case_81435_fu_960      |   64|   0|   64|          0|
    |mux_case_8143_fu_668       |   64|   0|   64|          0|
    |mux_case_817543_fu_1068    |   64|   0|   64|          0|
    |mux_case_8190835_fu_1360   |   64|   0|   64|          0|
    |mux_case_82439_fu_964      |   64|   0|   64|          0|
    |mux_case_8291839_fu_1364   |   64|   0|   64|          0|
    |mux_case_83443_fu_968      |   64|   0|   64|          0|
    |mux_case_8392843_fu_1368   |   64|   0|   64|          0|
    |mux_case_84447_fu_972      |   64|   0|   64|          0|
    |mux_case_8493847_fu_1372   |   64|   0|   64|          0|
    |mux_case_85451_fu_976      |   64|   0|   64|          0|
    |mux_case_8594851_fu_1376   |   64|   0|   64|          0|
    |mux_case_86455_fu_980      |   64|   0|   64|          0|
    |mux_case_8695855_fu_1380   |   64|   0|   64|          0|
    |mux_case_87459_fu_984      |   64|   0|   64|          0|
    |mux_case_8796859_fu_1384   |   64|   0|   64|          0|
    |mux_case_88463_fu_988      |   64|   0|   64|          0|
    |mux_case_8897863_fu_1388   |   64|   0|   64|          0|
    |mux_case_89467_fu_992      |   64|   0|   64|          0|
    |mux_case_8998867_fu_1392   |   64|   0|   64|          0|
    |mux_case_90471_fu_996      |   64|   0|   64|          0|
    |mux_case_9099871_fu_1396   |   64|   0|   64|          0|
    |mux_case_91100875_fu_1400  |   64|   0|   64|          0|
    |mux_case_91475_fu_1000     |   64|   0|   64|          0|
    |mux_case_9147_fu_672       |   64|   0|   64|          0|
    |mux_case_918547_fu_1072    |   64|   0|   64|          0|
    |mux_case_92101879_fu_1404  |   64|   0|   64|          0|
    |mux_case_92479_fu_1004     |   64|   0|   64|          0|
    |mux_case_93102883_fu_1408  |   64|   0|   64|          0|
    |mux_case_93483_fu_1008     |   64|   0|   64|          0|
    |mux_case_94103887_fu_1412  |   64|   0|   64|          0|
    |mux_case_94487_fu_1012     |   64|   0|   64|          0|
    |mux_case_95104891_fu_1416  |   64|   0|   64|          0|
    |mux_case_95491_fu_1016     |   64|   0|   64|          0|
    |mux_case_96105895_fu_1420  |   64|   0|   64|          0|
    |mux_case_96495_fu_1020     |   64|   0|   64|          0|
    |mux_case_97106899_fu_1424  |   64|   0|   64|          0|
    |mux_case_97499_fu_1024     |   64|   0|   64|          0|
    |mux_case_98107903_fu_1428  |   64|   0|   64|          0|
    |mux_case_98503_fu_1028     |   64|   0|   64|          0|
    |mux_case_99108907_fu_1432  |   64|   0|   64|          0|
    |mux_case_99507_fu_1032     |   64|   0|   64|          0|
    +---------------------------+-----+----+-----+-----------+
    |Total                      |12817|   0|12817|          0|
    +---------------------------+-----+----+-----+-----------+



================================================================
== Interface
================================================================
* Summary: 
+------------------------------+-----+-----+------------+-----------------------------------+--------------+
|           RTL Ports          | Dir | Bits|  Protocol  |           Source Object           |    C Type    |
+------------------------------+-----+-----+------------+-----------------------------------+--------------+
|ap_clk                        |   in|    1|  ap_ctrl_hs|  getLocalImages_Pipeline_copy_loop|  return value|
|ap_rst                        |   in|    1|  ap_ctrl_hs|  getLocalImages_Pipeline_copy_loop|  return value|
|ap_start                      |   in|    1|  ap_ctrl_hs|  getLocalImages_Pipeline_copy_loop|  return value|
|ap_done                       |  out|    1|  ap_ctrl_hs|  getLocalImages_Pipeline_copy_loop|  return value|
|ap_idle                       |  out|    1|  ap_ctrl_hs|  getLocalImages_Pipeline_copy_loop|  return value|
|ap_ready                      |  out|    1|  ap_ctrl_hs|  getLocalImages_Pipeline_copy_loop|  return value|
|atomLocationsSize             |   in|   32|     ap_none|                  atomLocationsSize|        scalar|
|atomLocations_address0        |  out|    7|   ap_memory|                      atomLocations|         array|
|atomLocations_ce0             |  out|    1|   ap_memory|                      atomLocations|         array|
|atomLocations_q0              |   in|  128|   ap_memory|                      atomLocations|         array|
|mux_case_99108907_out         |  out|   64|      ap_vld|              mux_case_99108907_out|       pointer|
|mux_case_99108907_out_ap_vld  |  out|    1|      ap_vld|              mux_case_99108907_out|       pointer|
|mux_case_98107903_out         |  out|   64|      ap_vld|              mux_case_98107903_out|       pointer|
|mux_case_98107903_out_ap_vld  |  out|    1|      ap_vld|              mux_case_98107903_out|       pointer|
|mux_case_97106899_out         |  out|   64|      ap_vld|              mux_case_97106899_out|       pointer|
|mux_case_97106899_out_ap_vld  |  out|    1|      ap_vld|              mux_case_97106899_out|       pointer|
|mux_case_96105895_out         |  out|   64|      ap_vld|              mux_case_96105895_out|       pointer|
|mux_case_96105895_out_ap_vld  |  out|    1|      ap_vld|              mux_case_96105895_out|       pointer|
|mux_case_95104891_out         |  out|   64|      ap_vld|              mux_case_95104891_out|       pointer|
|mux_case_95104891_out_ap_vld  |  out|    1|      ap_vld|              mux_case_95104891_out|       pointer|
|mux_case_94103887_out         |  out|   64|      ap_vld|              mux_case_94103887_out|       pointer|
|mux_case_94103887_out_ap_vld  |  out|    1|      ap_vld|              mux_case_94103887_out|       pointer|
|mux_case_93102883_out         |  out|   64|      ap_vld|              mux_case_93102883_out|       pointer|
|mux_case_93102883_out_ap_vld  |  out|    1|      ap_vld|              mux_case_93102883_out|       pointer|
|mux_case_92101879_out         |  out|   64|      ap_vld|              mux_case_92101879_out|       pointer|
|mux_case_92101879_out_ap_vld  |  out|    1|      ap_vld|              mux_case_92101879_out|       pointer|
|mux_case_91100875_out         |  out|   64|      ap_vld|              mux_case_91100875_out|       pointer|
|mux_case_91100875_out_ap_vld  |  out|    1|      ap_vld|              mux_case_91100875_out|       pointer|
|mux_case_9099871_out          |  out|   64|      ap_vld|               mux_case_9099871_out|       pointer|
|mux_case_9099871_out_ap_vld   |  out|    1|      ap_vld|               mux_case_9099871_out|       pointer|
|mux_case_8998867_out          |  out|   64|      ap_vld|               mux_case_8998867_out|       pointer|
|mux_case_8998867_out_ap_vld   |  out|    1|      ap_vld|               mux_case_8998867_out|       pointer|
|mux_case_8897863_out          |  out|   64|      ap_vld|               mux_case_8897863_out|       pointer|
|mux_case_8897863_out_ap_vld   |  out|    1|      ap_vld|               mux_case_8897863_out|       pointer|
|mux_case_8796859_out          |  out|   64|      ap_vld|               mux_case_8796859_out|       pointer|
|mux_case_8796859_out_ap_vld   |  out|    1|      ap_vld|               mux_case_8796859_out|       pointer|
|mux_case_8695855_out          |  out|   64|      ap_vld|               mux_case_8695855_out|       pointer|
|mux_case_8695855_out_ap_vld   |  out|    1|      ap_vld|               mux_case_8695855_out|       pointer|
|mux_case_8594851_out          |  out|   64|      ap_vld|               mux_case_8594851_out|       pointer|
|mux_case_8594851_out_ap_vld   |  out|    1|      ap_vld|               mux_case_8594851_out|       pointer|
|mux_case_8493847_out          |  out|   64|      ap_vld|               mux_case_8493847_out|       pointer|
|mux_case_8493847_out_ap_vld   |  out|    1|      ap_vld|               mux_case_8493847_out|       pointer|
|mux_case_8392843_out          |  out|   64|      ap_vld|               mux_case_8392843_out|       pointer|
|mux_case_8392843_out_ap_vld   |  out|    1|      ap_vld|               mux_case_8392843_out|       pointer|
|mux_case_8291839_out          |  out|   64|      ap_vld|               mux_case_8291839_out|       pointer|
|mux_case_8291839_out_ap_vld   |  out|    1|      ap_vld|               mux_case_8291839_out|       pointer|
|mux_case_8190835_out          |  out|   64|      ap_vld|               mux_case_8190835_out|       pointer|
|mux_case_8190835_out_ap_vld   |  out|    1|      ap_vld|               mux_case_8190835_out|       pointer|
|mux_case_8089831_out          |  out|   64|      ap_vld|               mux_case_8089831_out|       pointer|
|mux_case_8089831_out_ap_vld   |  out|    1|      ap_vld|               mux_case_8089831_out|       pointer|
|mux_case_7988827_out          |  out|   64|      ap_vld|               mux_case_7988827_out|       pointer|
|mux_case_7988827_out_ap_vld   |  out|    1|      ap_vld|               mux_case_7988827_out|       pointer|
|mux_case_7887823_out          |  out|   64|      ap_vld|               mux_case_7887823_out|       pointer|
|mux_case_7887823_out_ap_vld   |  out|    1|      ap_vld|               mux_case_7887823_out|       pointer|
|mux_case_7786819_out          |  out|   64|      ap_vld|               mux_case_7786819_out|       pointer|
|mux_case_7786819_out_ap_vld   |  out|    1|      ap_vld|               mux_case_7786819_out|       pointer|
|mux_case_7685815_out          |  out|   64|      ap_vld|               mux_case_7685815_out|       pointer|
|mux_case_7685815_out_ap_vld   |  out|    1|      ap_vld|               mux_case_7685815_out|       pointer|
|mux_case_7584811_out          |  out|   64|      ap_vld|               mux_case_7584811_out|       pointer|
|mux_case_7584811_out_ap_vld   |  out|    1|      ap_vld|               mux_case_7584811_out|       pointer|
|mux_case_7483807_out          |  out|   64|      ap_vld|               mux_case_7483807_out|       pointer|
|mux_case_7483807_out_ap_vld   |  out|    1|      ap_vld|               mux_case_7483807_out|       pointer|
|mux_case_7382803_out          |  out|   64|      ap_vld|               mux_case_7382803_out|       pointer|
|mux_case_7382803_out_ap_vld   |  out|    1|      ap_vld|               mux_case_7382803_out|       pointer|
|mux_case_7281799_out          |  out|   64|      ap_vld|               mux_case_7281799_out|       pointer|
|mux_case_7281799_out_ap_vld   |  out|    1|      ap_vld|               mux_case_7281799_out|       pointer|
|mux_case_7180795_out          |  out|   64|      ap_vld|               mux_case_7180795_out|       pointer|
|mux_case_7180795_out_ap_vld   |  out|    1|      ap_vld|               mux_case_7180795_out|       pointer|
|mux_case_7079791_out          |  out|   64|      ap_vld|               mux_case_7079791_out|       pointer|
|mux_case_7079791_out_ap_vld   |  out|    1|      ap_vld|               mux_case_7079791_out|       pointer|
|mux_case_6978787_out          |  out|   64|      ap_vld|               mux_case_6978787_out|       pointer|
|mux_case_6978787_out_ap_vld   |  out|    1|      ap_vld|               mux_case_6978787_out|       pointer|
|mux_case_6877783_out          |  out|   64|      ap_vld|               mux_case_6877783_out|       pointer|
|mux_case_6877783_out_ap_vld   |  out|    1|      ap_vld|               mux_case_6877783_out|       pointer|
|mux_case_6776779_out          |  out|   64|      ap_vld|               mux_case_6776779_out|       pointer|
|mux_case_6776779_out_ap_vld   |  out|    1|      ap_vld|               mux_case_6776779_out|       pointer|
|mux_case_6675775_out          |  out|   64|      ap_vld|               mux_case_6675775_out|       pointer|
|mux_case_6675775_out_ap_vld   |  out|    1|      ap_vld|               mux_case_6675775_out|       pointer|
|mux_case_6574771_out          |  out|   64|      ap_vld|               mux_case_6574771_out|       pointer|
|mux_case_6574771_out_ap_vld   |  out|    1|      ap_vld|               mux_case_6574771_out|       pointer|
|mux_case_6473767_out          |  out|   64|      ap_vld|               mux_case_6473767_out|       pointer|
|mux_case_6473767_out_ap_vld   |  out|    1|      ap_vld|               mux_case_6473767_out|       pointer|
|mux_case_6372763_out          |  out|   64|      ap_vld|               mux_case_6372763_out|       pointer|
|mux_case_6372763_out_ap_vld   |  out|    1|      ap_vld|               mux_case_6372763_out|       pointer|
|mux_case_6271759_out          |  out|   64|      ap_vld|               mux_case_6271759_out|       pointer|
|mux_case_6271759_out_ap_vld   |  out|    1|      ap_vld|               mux_case_6271759_out|       pointer|
|mux_case_6170755_out          |  out|   64|      ap_vld|               mux_case_6170755_out|       pointer|
|mux_case_6170755_out_ap_vld   |  out|    1|      ap_vld|               mux_case_6170755_out|       pointer|
|mux_case_6069751_out          |  out|   64|      ap_vld|               mux_case_6069751_out|       pointer|
|mux_case_6069751_out_ap_vld   |  out|    1|      ap_vld|               mux_case_6069751_out|       pointer|
|mux_case_5968747_out          |  out|   64|      ap_vld|               mux_case_5968747_out|       pointer|
|mux_case_5968747_out_ap_vld   |  out|    1|      ap_vld|               mux_case_5968747_out|       pointer|
|mux_case_5867743_out          |  out|   64|      ap_vld|               mux_case_5867743_out|       pointer|
|mux_case_5867743_out_ap_vld   |  out|    1|      ap_vld|               mux_case_5867743_out|       pointer|
|mux_case_5766739_out          |  out|   64|      ap_vld|               mux_case_5766739_out|       pointer|
|mux_case_5766739_out_ap_vld   |  out|    1|      ap_vld|               mux_case_5766739_out|       pointer|
|mux_case_5665735_out          |  out|   64|      ap_vld|               mux_case_5665735_out|       pointer|
|mux_case_5665735_out_ap_vld   |  out|    1|      ap_vld|               mux_case_5665735_out|       pointer|
|mux_case_5564731_out          |  out|   64|      ap_vld|               mux_case_5564731_out|       pointer|
|mux_case_5564731_out_ap_vld   |  out|    1|      ap_vld|               mux_case_5564731_out|       pointer|
|mux_case_5463727_out          |  out|   64|      ap_vld|               mux_case_5463727_out|       pointer|
|mux_case_5463727_out_ap_vld   |  out|    1|      ap_vld|               mux_case_5463727_out|       pointer|
|mux_case_5362723_out          |  out|   64|      ap_vld|               mux_case_5362723_out|       pointer|
|mux_case_5362723_out_ap_vld   |  out|    1|      ap_vld|               mux_case_5362723_out|       pointer|
|mux_case_5261719_out          |  out|   64|      ap_vld|               mux_case_5261719_out|       pointer|
|mux_case_5261719_out_ap_vld   |  out|    1|      ap_vld|               mux_case_5261719_out|       pointer|
|mux_case_5160715_out          |  out|   64|      ap_vld|               mux_case_5160715_out|       pointer|
|mux_case_5160715_out_ap_vld   |  out|    1|      ap_vld|               mux_case_5160715_out|       pointer|
|mux_case_5059711_out          |  out|   64|      ap_vld|               mux_case_5059711_out|       pointer|
|mux_case_5059711_out_ap_vld   |  out|    1|      ap_vld|               mux_case_5059711_out|       pointer|
|mux_case_4958707_out          |  out|   64|      ap_vld|               mux_case_4958707_out|       pointer|
|mux_case_4958707_out_ap_vld   |  out|    1|      ap_vld|               mux_case_4958707_out|       pointer|
|mux_case_4857703_out          |  out|   64|      ap_vld|               mux_case_4857703_out|       pointer|
|mux_case_4857703_out_ap_vld   |  out|    1|      ap_vld|               mux_case_4857703_out|       pointer|
|mux_case_4756699_out          |  out|   64|      ap_vld|               mux_case_4756699_out|       pointer|
|mux_case_4756699_out_ap_vld   |  out|    1|      ap_vld|               mux_case_4756699_out|       pointer|
|mux_case_4655695_out          |  out|   64|      ap_vld|               mux_case_4655695_out|       pointer|
|mux_case_4655695_out_ap_vld   |  out|    1|      ap_vld|               mux_case_4655695_out|       pointer|
|mux_case_4554691_out          |  out|   64|      ap_vld|               mux_case_4554691_out|       pointer|
|mux_case_4554691_out_ap_vld   |  out|    1|      ap_vld|               mux_case_4554691_out|       pointer|
|mux_case_4453687_out          |  out|   64|      ap_vld|               mux_case_4453687_out|       pointer|
|mux_case_4453687_out_ap_vld   |  out|    1|      ap_vld|               mux_case_4453687_out|       pointer|
|mux_case_4352683_out          |  out|   64|      ap_vld|               mux_case_4352683_out|       pointer|
|mux_case_4352683_out_ap_vld   |  out|    1|      ap_vld|               mux_case_4352683_out|       pointer|
|mux_case_4251679_out          |  out|   64|      ap_vld|               mux_case_4251679_out|       pointer|
|mux_case_4251679_out_ap_vld   |  out|    1|      ap_vld|               mux_case_4251679_out|       pointer|
|mux_case_4150675_out          |  out|   64|      ap_vld|               mux_case_4150675_out|       pointer|
|mux_case_4150675_out_ap_vld   |  out|    1|      ap_vld|               mux_case_4150675_out|       pointer|
|mux_case_4049671_out          |  out|   64|      ap_vld|               mux_case_4049671_out|       pointer|
|mux_case_4049671_out_ap_vld   |  out|    1|      ap_vld|               mux_case_4049671_out|       pointer|
|mux_case_3948667_out          |  out|   64|      ap_vld|               mux_case_3948667_out|       pointer|
|mux_case_3948667_out_ap_vld   |  out|    1|      ap_vld|               mux_case_3948667_out|       pointer|
|mux_case_3847663_out          |  out|   64|      ap_vld|               mux_case_3847663_out|       pointer|
|mux_case_3847663_out_ap_vld   |  out|    1|      ap_vld|               mux_case_3847663_out|       pointer|
|mux_case_3746659_out          |  out|   64|      ap_vld|               mux_case_3746659_out|       pointer|
|mux_case_3746659_out_ap_vld   |  out|    1|      ap_vld|               mux_case_3746659_out|       pointer|
|mux_case_3645655_out          |  out|   64|      ap_vld|               mux_case_3645655_out|       pointer|
|mux_case_3645655_out_ap_vld   |  out|    1|      ap_vld|               mux_case_3645655_out|       pointer|
|mux_case_3544651_out          |  out|   64|      ap_vld|               mux_case_3544651_out|       pointer|
|mux_case_3544651_out_ap_vld   |  out|    1|      ap_vld|               mux_case_3544651_out|       pointer|
|mux_case_3443647_out          |  out|   64|      ap_vld|               mux_case_3443647_out|       pointer|
|mux_case_3443647_out_ap_vld   |  out|    1|      ap_vld|               mux_case_3443647_out|       pointer|
|mux_case_3342643_out          |  out|   64|      ap_vld|               mux_case_3342643_out|       pointer|
|mux_case_3342643_out_ap_vld   |  out|    1|      ap_vld|               mux_case_3342643_out|       pointer|
|mux_case_3241639_out          |  out|   64|      ap_vld|               mux_case_3241639_out|       pointer|
|mux_case_3241639_out_ap_vld   |  out|    1|      ap_vld|               mux_case_3241639_out|       pointer|
|mux_case_3140635_out          |  out|   64|      ap_vld|               mux_case_3140635_out|       pointer|
|mux_case_3140635_out_ap_vld   |  out|    1|      ap_vld|               mux_case_3140635_out|       pointer|
|mux_case_3039631_out          |  out|   64|      ap_vld|               mux_case_3039631_out|       pointer|
|mux_case_3039631_out_ap_vld   |  out|    1|      ap_vld|               mux_case_3039631_out|       pointer|
|mux_case_2938627_out          |  out|   64|      ap_vld|               mux_case_2938627_out|       pointer|
|mux_case_2938627_out_ap_vld   |  out|    1|      ap_vld|               mux_case_2938627_out|       pointer|
|mux_case_2837623_out          |  out|   64|      ap_vld|               mux_case_2837623_out|       pointer|
|mux_case_2837623_out_ap_vld   |  out|    1|      ap_vld|               mux_case_2837623_out|       pointer|
|mux_case_2736619_out          |  out|   64|      ap_vld|               mux_case_2736619_out|       pointer|
|mux_case_2736619_out_ap_vld   |  out|    1|      ap_vld|               mux_case_2736619_out|       pointer|
|mux_case_2635615_out          |  out|   64|      ap_vld|               mux_case_2635615_out|       pointer|
|mux_case_2635615_out_ap_vld   |  out|    1|      ap_vld|               mux_case_2635615_out|       pointer|
|mux_case_2534611_out          |  out|   64|      ap_vld|               mux_case_2534611_out|       pointer|
|mux_case_2534611_out_ap_vld   |  out|    1|      ap_vld|               mux_case_2534611_out|       pointer|
|mux_case_2433607_out          |  out|   64|      ap_vld|               mux_case_2433607_out|       pointer|
|mux_case_2433607_out_ap_vld   |  out|    1|      ap_vld|               mux_case_2433607_out|       pointer|
|mux_case_2332603_out          |  out|   64|      ap_vld|               mux_case_2332603_out|       pointer|
|mux_case_2332603_out_ap_vld   |  out|    1|      ap_vld|               mux_case_2332603_out|       pointer|
|mux_case_2231599_out          |  out|   64|      ap_vld|               mux_case_2231599_out|       pointer|
|mux_case_2231599_out_ap_vld   |  out|    1|      ap_vld|               mux_case_2231599_out|       pointer|
|mux_case_2130595_out          |  out|   64|      ap_vld|               mux_case_2130595_out|       pointer|
|mux_case_2130595_out_ap_vld   |  out|    1|      ap_vld|               mux_case_2130595_out|       pointer|
|mux_case_2029591_out          |  out|   64|      ap_vld|               mux_case_2029591_out|       pointer|
|mux_case_2029591_out_ap_vld   |  out|    1|      ap_vld|               mux_case_2029591_out|       pointer|
|mux_case_1928587_out          |  out|   64|      ap_vld|               mux_case_1928587_out|       pointer|
|mux_case_1928587_out_ap_vld   |  out|    1|      ap_vld|               mux_case_1928587_out|       pointer|
|mux_case_1827583_out          |  out|   64|      ap_vld|               mux_case_1827583_out|       pointer|
|mux_case_1827583_out_ap_vld   |  out|    1|      ap_vld|               mux_case_1827583_out|       pointer|
|mux_case_1726579_out          |  out|   64|      ap_vld|               mux_case_1726579_out|       pointer|
|mux_case_1726579_out_ap_vld   |  out|    1|      ap_vld|               mux_case_1726579_out|       pointer|
|mux_case_1625575_out          |  out|   64|      ap_vld|               mux_case_1625575_out|       pointer|
|mux_case_1625575_out_ap_vld   |  out|    1|      ap_vld|               mux_case_1625575_out|       pointer|
|mux_case_1524571_out          |  out|   64|      ap_vld|               mux_case_1524571_out|       pointer|
|mux_case_1524571_out_ap_vld   |  out|    1|      ap_vld|               mux_case_1524571_out|       pointer|
|mux_case_1423567_out          |  out|   64|      ap_vld|               mux_case_1423567_out|       pointer|
|mux_case_1423567_out_ap_vld   |  out|    1|      ap_vld|               mux_case_1423567_out|       pointer|
|mux_case_1322563_out          |  out|   64|      ap_vld|               mux_case_1322563_out|       pointer|
|mux_case_1322563_out_ap_vld   |  out|    1|      ap_vld|               mux_case_1322563_out|       pointer|
|mux_case_1221559_out          |  out|   64|      ap_vld|               mux_case_1221559_out|       pointer|
|mux_case_1221559_out_ap_vld   |  out|    1|      ap_vld|               mux_case_1221559_out|       pointer|
|mux_case_1120555_out          |  out|   64|      ap_vld|               mux_case_1120555_out|       pointer|
|mux_case_1120555_out_ap_vld   |  out|    1|      ap_vld|               mux_case_1120555_out|       pointer|
|mux_case_1019551_out          |  out|   64|      ap_vld|               mux_case_1019551_out|       pointer|
|mux_case_1019551_out_ap_vld   |  out|    1|      ap_vld|               mux_case_1019551_out|       pointer|
|mux_case_918547_out           |  out|   64|      ap_vld|                mux_case_918547_out|       pointer|
|mux_case_918547_out_ap_vld    |  out|    1|      ap_vld|                mux_case_918547_out|       pointer|
|mux_case_817543_out           |  out|   64|      ap_vld|                mux_case_817543_out|       pointer|
|mux_case_817543_out_ap_vld    |  out|    1|      ap_vld|                mux_case_817543_out|       pointer|
|mux_case_716539_out           |  out|   64|      ap_vld|                mux_case_716539_out|       pointer|
|mux_case_716539_out_ap_vld    |  out|    1|      ap_vld|                mux_case_716539_out|       pointer|
|mux_case_615535_out           |  out|   64|      ap_vld|                mux_case_615535_out|       pointer|
|mux_case_615535_out_ap_vld    |  out|    1|      ap_vld|                mux_case_615535_out|       pointer|
|mux_case_514531_out           |  out|   64|      ap_vld|                mux_case_514531_out|       pointer|
|mux_case_514531_out_ap_vld    |  out|    1|      ap_vld|                mux_case_514531_out|       pointer|
|mux_case_413527_out           |  out|   64|      ap_vld|                mux_case_413527_out|       pointer|
|mux_case_413527_out_ap_vld    |  out|    1|      ap_vld|                mux_case_413527_out|       pointer|
|mux_case_312523_out           |  out|   64|      ap_vld|                mux_case_312523_out|       pointer|
|mux_case_312523_out_ap_vld    |  out|    1|      ap_vld|                mux_case_312523_out|       pointer|
|mux_case_211519_out           |  out|   64|      ap_vld|                mux_case_211519_out|       pointer|
|mux_case_211519_out_ap_vld    |  out|    1|      ap_vld|                mux_case_211519_out|       pointer|
|mux_case_110515_out           |  out|   64|      ap_vld|                mux_case_110515_out|       pointer|
|mux_case_110515_out_ap_vld    |  out|    1|      ap_vld|                mux_case_110515_out|       pointer|
|mux_case_03511_out            |  out|   64|      ap_vld|                 mux_case_03511_out|       pointer|
|mux_case_03511_out_ap_vld     |  out|    1|      ap_vld|                 mux_case_03511_out|       pointer|
|mux_case_99507_out            |  out|   64|      ap_vld|                 mux_case_99507_out|       pointer|
|mux_case_99507_out_ap_vld     |  out|    1|      ap_vld|                 mux_case_99507_out|       pointer|
|mux_case_98503_out            |  out|   64|      ap_vld|                 mux_case_98503_out|       pointer|
|mux_case_98503_out_ap_vld     |  out|    1|      ap_vld|                 mux_case_98503_out|       pointer|
|mux_case_97499_out            |  out|   64|      ap_vld|                 mux_case_97499_out|       pointer|
|mux_case_97499_out_ap_vld     |  out|    1|      ap_vld|                 mux_case_97499_out|       pointer|
|mux_case_96495_out            |  out|   64|      ap_vld|                 mux_case_96495_out|       pointer|
|mux_case_96495_out_ap_vld     |  out|    1|      ap_vld|                 mux_case_96495_out|       pointer|
|mux_case_95491_out            |  out|   64|      ap_vld|                 mux_case_95491_out|       pointer|
|mux_case_95491_out_ap_vld     |  out|    1|      ap_vld|                 mux_case_95491_out|       pointer|
|mux_case_94487_out            |  out|   64|      ap_vld|                 mux_case_94487_out|       pointer|
|mux_case_94487_out_ap_vld     |  out|    1|      ap_vld|                 mux_case_94487_out|       pointer|
|mux_case_93483_out            |  out|   64|      ap_vld|                 mux_case_93483_out|       pointer|
|mux_case_93483_out_ap_vld     |  out|    1|      ap_vld|                 mux_case_93483_out|       pointer|
|mux_case_92479_out            |  out|   64|      ap_vld|                 mux_case_92479_out|       pointer|
|mux_case_92479_out_ap_vld     |  out|    1|      ap_vld|                 mux_case_92479_out|       pointer|
|mux_case_91475_out            |  out|   64|      ap_vld|                 mux_case_91475_out|       pointer|
|mux_case_91475_out_ap_vld     |  out|    1|      ap_vld|                 mux_case_91475_out|       pointer|
|mux_case_90471_out            |  out|   64|      ap_vld|                 mux_case_90471_out|       pointer|
|mux_case_90471_out_ap_vld     |  out|    1|      ap_vld|                 mux_case_90471_out|       pointer|
|mux_case_89467_out            |  out|   64|      ap_vld|                 mux_case_89467_out|       pointer|
|mux_case_89467_out_ap_vld     |  out|    1|      ap_vld|                 mux_case_89467_out|       pointer|
|mux_case_88463_out            |  out|   64|      ap_vld|                 mux_case_88463_out|       pointer|
|mux_case_88463_out_ap_vld     |  out|    1|      ap_vld|                 mux_case_88463_out|       pointer|
|mux_case_87459_out            |  out|   64|      ap_vld|                 mux_case_87459_out|       pointer|
|mux_case_87459_out_ap_vld     |  out|    1|      ap_vld|                 mux_case_87459_out|       pointer|
|mux_case_86455_out            |  out|   64|      ap_vld|                 mux_case_86455_out|       pointer|
|mux_case_86455_out_ap_vld     |  out|    1|      ap_vld|                 mux_case_86455_out|       pointer|
|mux_case_85451_out            |  out|   64|      ap_vld|                 mux_case_85451_out|       pointer|
|mux_case_85451_out_ap_vld     |  out|    1|      ap_vld|                 mux_case_85451_out|       pointer|
|mux_case_84447_out            |  out|   64|      ap_vld|                 mux_case_84447_out|       pointer|
|mux_case_84447_out_ap_vld     |  out|    1|      ap_vld|                 mux_case_84447_out|       pointer|
|mux_case_83443_out            |  out|   64|      ap_vld|                 mux_case_83443_out|       pointer|
|mux_case_83443_out_ap_vld     |  out|    1|      ap_vld|                 mux_case_83443_out|       pointer|
|mux_case_82439_out            |  out|   64|      ap_vld|                 mux_case_82439_out|       pointer|
|mux_case_82439_out_ap_vld     |  out|    1|      ap_vld|                 mux_case_82439_out|       pointer|
|mux_case_81435_out            |  out|   64|      ap_vld|                 mux_case_81435_out|       pointer|
|mux_case_81435_out_ap_vld     |  out|    1|      ap_vld|                 mux_case_81435_out|       pointer|
|mux_case_80431_out            |  out|   64|      ap_vld|                 mux_case_80431_out|       pointer|
|mux_case_80431_out_ap_vld     |  out|    1|      ap_vld|                 mux_case_80431_out|       pointer|
|mux_case_79427_out            |  out|   64|      ap_vld|                 mux_case_79427_out|       pointer|
|mux_case_79427_out_ap_vld     |  out|    1|      ap_vld|                 mux_case_79427_out|       pointer|
|mux_case_78423_out            |  out|   64|      ap_vld|                 mux_case_78423_out|       pointer|
|mux_case_78423_out_ap_vld     |  out|    1|      ap_vld|                 mux_case_78423_out|       pointer|
|mux_case_77419_out            |  out|   64|      ap_vld|                 mux_case_77419_out|       pointer|
|mux_case_77419_out_ap_vld     |  out|    1|      ap_vld|                 mux_case_77419_out|       pointer|
|mux_case_76415_out            |  out|   64|      ap_vld|                 mux_case_76415_out|       pointer|
|mux_case_76415_out_ap_vld     |  out|    1|      ap_vld|                 mux_case_76415_out|       pointer|
|mux_case_75411_out            |  out|   64|      ap_vld|                 mux_case_75411_out|       pointer|
|mux_case_75411_out_ap_vld     |  out|    1|      ap_vld|                 mux_case_75411_out|       pointer|
|mux_case_74407_out            |  out|   64|      ap_vld|                 mux_case_74407_out|       pointer|
|mux_case_74407_out_ap_vld     |  out|    1|      ap_vld|                 mux_case_74407_out|       pointer|
|mux_case_73403_out            |  out|   64|      ap_vld|                 mux_case_73403_out|       pointer|
|mux_case_73403_out_ap_vld     |  out|    1|      ap_vld|                 mux_case_73403_out|       pointer|
|mux_case_72399_out            |  out|   64|      ap_vld|                 mux_case_72399_out|       pointer|
|mux_case_72399_out_ap_vld     |  out|    1|      ap_vld|                 mux_case_72399_out|       pointer|
|mux_case_71395_out            |  out|   64|      ap_vld|                 mux_case_71395_out|       pointer|
|mux_case_71395_out_ap_vld     |  out|    1|      ap_vld|                 mux_case_71395_out|       pointer|
|mux_case_70391_out            |  out|   64|      ap_vld|                 mux_case_70391_out|       pointer|
|mux_case_70391_out_ap_vld     |  out|    1|      ap_vld|                 mux_case_70391_out|       pointer|
|mux_case_69387_out            |  out|   64|      ap_vld|                 mux_case_69387_out|       pointer|
|mux_case_69387_out_ap_vld     |  out|    1|      ap_vld|                 mux_case_69387_out|       pointer|
|mux_case_68383_out            |  out|   64|      ap_vld|                 mux_case_68383_out|       pointer|
|mux_case_68383_out_ap_vld     |  out|    1|      ap_vld|                 mux_case_68383_out|       pointer|
|mux_case_67379_out            |  out|   64|      ap_vld|                 mux_case_67379_out|       pointer|
|mux_case_67379_out_ap_vld     |  out|    1|      ap_vld|                 mux_case_67379_out|       pointer|
|mux_case_66375_out            |  out|   64|      ap_vld|                 mux_case_66375_out|       pointer|
|mux_case_66375_out_ap_vld     |  out|    1|      ap_vld|                 mux_case_66375_out|       pointer|
|mux_case_65371_out            |  out|   64|      ap_vld|                 mux_case_65371_out|       pointer|
|mux_case_65371_out_ap_vld     |  out|    1|      ap_vld|                 mux_case_65371_out|       pointer|
|mux_case_64367_out            |  out|   64|      ap_vld|                 mux_case_64367_out|       pointer|
|mux_case_64367_out_ap_vld     |  out|    1|      ap_vld|                 mux_case_64367_out|       pointer|
|mux_case_63363_out            |  out|   64|      ap_vld|                 mux_case_63363_out|       pointer|
|mux_case_63363_out_ap_vld     |  out|    1|      ap_vld|                 mux_case_63363_out|       pointer|
|mux_case_62359_out            |  out|   64|      ap_vld|                 mux_case_62359_out|       pointer|
|mux_case_62359_out_ap_vld     |  out|    1|      ap_vld|                 mux_case_62359_out|       pointer|
|mux_case_61355_out            |  out|   64|      ap_vld|                 mux_case_61355_out|       pointer|
|mux_case_61355_out_ap_vld     |  out|    1|      ap_vld|                 mux_case_61355_out|       pointer|
|mux_case_60351_out            |  out|   64|      ap_vld|                 mux_case_60351_out|       pointer|
|mux_case_60351_out_ap_vld     |  out|    1|      ap_vld|                 mux_case_60351_out|       pointer|
|mux_case_59347_out            |  out|   64|      ap_vld|                 mux_case_59347_out|       pointer|
|mux_case_59347_out_ap_vld     |  out|    1|      ap_vld|                 mux_case_59347_out|       pointer|
|mux_case_58343_out            |  out|   64|      ap_vld|                 mux_case_58343_out|       pointer|
|mux_case_58343_out_ap_vld     |  out|    1|      ap_vld|                 mux_case_58343_out|       pointer|
|mux_case_57339_out            |  out|   64|      ap_vld|                 mux_case_57339_out|       pointer|
|mux_case_57339_out_ap_vld     |  out|    1|      ap_vld|                 mux_case_57339_out|       pointer|
|mux_case_56335_out            |  out|   64|      ap_vld|                 mux_case_56335_out|       pointer|
|mux_case_56335_out_ap_vld     |  out|    1|      ap_vld|                 mux_case_56335_out|       pointer|
|mux_case_55331_out            |  out|   64|      ap_vld|                 mux_case_55331_out|       pointer|
|mux_case_55331_out_ap_vld     |  out|    1|      ap_vld|                 mux_case_55331_out|       pointer|
|mux_case_54327_out            |  out|   64|      ap_vld|                 mux_case_54327_out|       pointer|
|mux_case_54327_out_ap_vld     |  out|    1|      ap_vld|                 mux_case_54327_out|       pointer|
|mux_case_53323_out            |  out|   64|      ap_vld|                 mux_case_53323_out|       pointer|
|mux_case_53323_out_ap_vld     |  out|    1|      ap_vld|                 mux_case_53323_out|       pointer|
|mux_case_52319_out            |  out|   64|      ap_vld|                 mux_case_52319_out|       pointer|
|mux_case_52319_out_ap_vld     |  out|    1|      ap_vld|                 mux_case_52319_out|       pointer|
|mux_case_51315_out            |  out|   64|      ap_vld|                 mux_case_51315_out|       pointer|
|mux_case_51315_out_ap_vld     |  out|    1|      ap_vld|                 mux_case_51315_out|       pointer|
|mux_case_50311_out            |  out|   64|      ap_vld|                 mux_case_50311_out|       pointer|
|mux_case_50311_out_ap_vld     |  out|    1|      ap_vld|                 mux_case_50311_out|       pointer|
|mux_case_49307_out            |  out|   64|      ap_vld|                 mux_case_49307_out|       pointer|
|mux_case_49307_out_ap_vld     |  out|    1|      ap_vld|                 mux_case_49307_out|       pointer|
|mux_case_48303_out            |  out|   64|      ap_vld|                 mux_case_48303_out|       pointer|
|mux_case_48303_out_ap_vld     |  out|    1|      ap_vld|                 mux_case_48303_out|       pointer|
|mux_case_47299_out            |  out|   64|      ap_vld|                 mux_case_47299_out|       pointer|
|mux_case_47299_out_ap_vld     |  out|    1|      ap_vld|                 mux_case_47299_out|       pointer|
|mux_case_46295_out            |  out|   64|      ap_vld|                 mux_case_46295_out|       pointer|
|mux_case_46295_out_ap_vld     |  out|    1|      ap_vld|                 mux_case_46295_out|       pointer|
|mux_case_45291_out            |  out|   64|      ap_vld|                 mux_case_45291_out|       pointer|
|mux_case_45291_out_ap_vld     |  out|    1|      ap_vld|                 mux_case_45291_out|       pointer|
|mux_case_44287_out            |  out|   64|      ap_vld|                 mux_case_44287_out|       pointer|
|mux_case_44287_out_ap_vld     |  out|    1|      ap_vld|                 mux_case_44287_out|       pointer|
|mux_case_43283_out            |  out|   64|      ap_vld|                 mux_case_43283_out|       pointer|
|mux_case_43283_out_ap_vld     |  out|    1|      ap_vld|                 mux_case_43283_out|       pointer|
|mux_case_42279_out            |  out|   64|      ap_vld|                 mux_case_42279_out|       pointer|
|mux_case_42279_out_ap_vld     |  out|    1|      ap_vld|                 mux_case_42279_out|       pointer|
|mux_case_41275_out            |  out|   64|      ap_vld|                 mux_case_41275_out|       pointer|
|mux_case_41275_out_ap_vld     |  out|    1|      ap_vld|                 mux_case_41275_out|       pointer|
|mux_case_40271_out            |  out|   64|      ap_vld|                 mux_case_40271_out|       pointer|
|mux_case_40271_out_ap_vld     |  out|    1|      ap_vld|                 mux_case_40271_out|       pointer|
|mux_case_39267_out            |  out|   64|      ap_vld|                 mux_case_39267_out|       pointer|
|mux_case_39267_out_ap_vld     |  out|    1|      ap_vld|                 mux_case_39267_out|       pointer|
|mux_case_38263_out            |  out|   64|      ap_vld|                 mux_case_38263_out|       pointer|
|mux_case_38263_out_ap_vld     |  out|    1|      ap_vld|                 mux_case_38263_out|       pointer|
|mux_case_37259_out            |  out|   64|      ap_vld|                 mux_case_37259_out|       pointer|
|mux_case_37259_out_ap_vld     |  out|    1|      ap_vld|                 mux_case_37259_out|       pointer|
|mux_case_36255_out            |  out|   64|      ap_vld|                 mux_case_36255_out|       pointer|
|mux_case_36255_out_ap_vld     |  out|    1|      ap_vld|                 mux_case_36255_out|       pointer|
|mux_case_35251_out            |  out|   64|      ap_vld|                 mux_case_35251_out|       pointer|
|mux_case_35251_out_ap_vld     |  out|    1|      ap_vld|                 mux_case_35251_out|       pointer|
|mux_case_34247_out            |  out|   64|      ap_vld|                 mux_case_34247_out|       pointer|
|mux_case_34247_out_ap_vld     |  out|    1|      ap_vld|                 mux_case_34247_out|       pointer|
|mux_case_33243_out            |  out|   64|      ap_vld|                 mux_case_33243_out|       pointer|
|mux_case_33243_out_ap_vld     |  out|    1|      ap_vld|                 mux_case_33243_out|       pointer|
|mux_case_32239_out            |  out|   64|      ap_vld|                 mux_case_32239_out|       pointer|
|mux_case_32239_out_ap_vld     |  out|    1|      ap_vld|                 mux_case_32239_out|       pointer|
|mux_case_31235_out            |  out|   64|      ap_vld|                 mux_case_31235_out|       pointer|
|mux_case_31235_out_ap_vld     |  out|    1|      ap_vld|                 mux_case_31235_out|       pointer|
|mux_case_30231_out            |  out|   64|      ap_vld|                 mux_case_30231_out|       pointer|
|mux_case_30231_out_ap_vld     |  out|    1|      ap_vld|                 mux_case_30231_out|       pointer|
|mux_case_29227_out            |  out|   64|      ap_vld|                 mux_case_29227_out|       pointer|
|mux_case_29227_out_ap_vld     |  out|    1|      ap_vld|                 mux_case_29227_out|       pointer|
|mux_case_28223_out            |  out|   64|      ap_vld|                 mux_case_28223_out|       pointer|
|mux_case_28223_out_ap_vld     |  out|    1|      ap_vld|                 mux_case_28223_out|       pointer|
|mux_case_27219_out            |  out|   64|      ap_vld|                 mux_case_27219_out|       pointer|
|mux_case_27219_out_ap_vld     |  out|    1|      ap_vld|                 mux_case_27219_out|       pointer|
|mux_case_26215_out            |  out|   64|      ap_vld|                 mux_case_26215_out|       pointer|
|mux_case_26215_out_ap_vld     |  out|    1|      ap_vld|                 mux_case_26215_out|       pointer|
|mux_case_25211_out            |  out|   64|      ap_vld|                 mux_case_25211_out|       pointer|
|mux_case_25211_out_ap_vld     |  out|    1|      ap_vld|                 mux_case_25211_out|       pointer|
|mux_case_24207_out            |  out|   64|      ap_vld|                 mux_case_24207_out|       pointer|
|mux_case_24207_out_ap_vld     |  out|    1|      ap_vld|                 mux_case_24207_out|       pointer|
|mux_case_23203_out            |  out|   64|      ap_vld|                 mux_case_23203_out|       pointer|
|mux_case_23203_out_ap_vld     |  out|    1|      ap_vld|                 mux_case_23203_out|       pointer|
|mux_case_22199_out            |  out|   64|      ap_vld|                 mux_case_22199_out|       pointer|
|mux_case_22199_out_ap_vld     |  out|    1|      ap_vld|                 mux_case_22199_out|       pointer|
|mux_case_21195_out            |  out|   64|      ap_vld|                 mux_case_21195_out|       pointer|
|mux_case_21195_out_ap_vld     |  out|    1|      ap_vld|                 mux_case_21195_out|       pointer|
|mux_case_20191_out            |  out|   64|      ap_vld|                 mux_case_20191_out|       pointer|
|mux_case_20191_out_ap_vld     |  out|    1|      ap_vld|                 mux_case_20191_out|       pointer|
|mux_case_19187_out            |  out|   64|      ap_vld|                 mux_case_19187_out|       pointer|
|mux_case_19187_out_ap_vld     |  out|    1|      ap_vld|                 mux_case_19187_out|       pointer|
|mux_case_18183_out            |  out|   64|      ap_vld|                 mux_case_18183_out|       pointer|
|mux_case_18183_out_ap_vld     |  out|    1|      ap_vld|                 mux_case_18183_out|       pointer|
|mux_case_17179_out            |  out|   64|      ap_vld|                 mux_case_17179_out|       pointer|
|mux_case_17179_out_ap_vld     |  out|    1|      ap_vld|                 mux_case_17179_out|       pointer|
|mux_case_16175_out            |  out|   64|      ap_vld|                 mux_case_16175_out|       pointer|
|mux_case_16175_out_ap_vld     |  out|    1|      ap_vld|                 mux_case_16175_out|       pointer|
|mux_case_15171_out            |  out|   64|      ap_vld|                 mux_case_15171_out|       pointer|
|mux_case_15171_out_ap_vld     |  out|    1|      ap_vld|                 mux_case_15171_out|       pointer|
|mux_case_14167_out            |  out|   64|      ap_vld|                 mux_case_14167_out|       pointer|
|mux_case_14167_out_ap_vld     |  out|    1|      ap_vld|                 mux_case_14167_out|       pointer|
|mux_case_13163_out            |  out|   64|      ap_vld|                 mux_case_13163_out|       pointer|
|mux_case_13163_out_ap_vld     |  out|    1|      ap_vld|                 mux_case_13163_out|       pointer|
|mux_case_12159_out            |  out|   64|      ap_vld|                 mux_case_12159_out|       pointer|
|mux_case_12159_out_ap_vld     |  out|    1|      ap_vld|                 mux_case_12159_out|       pointer|
|mux_case_11155_out            |  out|   64|      ap_vld|                 mux_case_11155_out|       pointer|
|mux_case_11155_out_ap_vld     |  out|    1|      ap_vld|                 mux_case_11155_out|       pointer|
|mux_case_10151_out            |  out|   64|      ap_vld|                 mux_case_10151_out|       pointer|
|mux_case_10151_out_ap_vld     |  out|    1|      ap_vld|                 mux_case_10151_out|       pointer|
|mux_case_9147_out             |  out|   64|      ap_vld|                  mux_case_9147_out|       pointer|
|mux_case_9147_out_ap_vld      |  out|    1|      ap_vld|                  mux_case_9147_out|       pointer|
|mux_case_8143_out             |  out|   64|      ap_vld|                  mux_case_8143_out|       pointer|
|mux_case_8143_out_ap_vld      |  out|    1|      ap_vld|                  mux_case_8143_out|       pointer|
|mux_case_7139_out             |  out|   64|      ap_vld|                  mux_case_7139_out|       pointer|
|mux_case_7139_out_ap_vld      |  out|    1|      ap_vld|                  mux_case_7139_out|       pointer|
|mux_case_6135_out             |  out|   64|      ap_vld|                  mux_case_6135_out|       pointer|
|mux_case_6135_out_ap_vld      |  out|    1|      ap_vld|                  mux_case_6135_out|       pointer|
|mux_case_5131_out             |  out|   64|      ap_vld|                  mux_case_5131_out|       pointer|
|mux_case_5131_out_ap_vld      |  out|    1|      ap_vld|                  mux_case_5131_out|       pointer|
|mux_case_4127_out             |  out|   64|      ap_vld|                  mux_case_4127_out|       pointer|
|mux_case_4127_out_ap_vld      |  out|    1|      ap_vld|                  mux_case_4127_out|       pointer|
|mux_case_3123_out             |  out|   64|      ap_vld|                  mux_case_3123_out|       pointer|
|mux_case_3123_out_ap_vld      |  out|    1|      ap_vld|                  mux_case_3123_out|       pointer|
|mux_case_2119_out             |  out|   64|      ap_vld|                  mux_case_2119_out|       pointer|
|mux_case_2119_out_ap_vld      |  out|    1|      ap_vld|                  mux_case_2119_out|       pointer|
|mux_case_1115_out             |  out|   64|      ap_vld|                  mux_case_1115_out|       pointer|
|mux_case_1115_out_ap_vld      |  out|    1|      ap_vld|                  mux_case_1115_out|       pointer|
|mux_case_0111_out             |  out|   64|      ap_vld|                  mux_case_0111_out|       pointer|
|mux_case_0111_out_ap_vld      |  out|    1|      ap_vld|                  mux_case_0111_out|       pointer|
+------------------------------+-----+-----+------------+-----------------------------------+--------------+

