

================================================================
== Vitis HLS Report for 'getLocalImages'
================================================================
* Date:           Wed May 21 17:37:31 2025

* Version:        2024.2 (Build 5238294 on Nov  8 2024)
* Project:        reconstruct
* Solution:       hls (Vivado IP Flow Target)
* Product family: zynq
* Target device:  xc7z020-clg400-1


================================================================
== Performance Estimates
================================================================
+ Timing: 
    * Summary: 
    +--------+----------+----------+------------+
    |  Clock |  Target  | Estimated| Uncertainty|
    +--------+----------+----------+------------+
    |ap_clk  |  10.00 ns|  7.297 ns|     2.70 ns|
    +--------+----------+----------+------------+

+ Latency: 
    * Summary: 
    +---------+---------+----------+----------+-----+-----+---------+
    |  Latency (cycles) |  Latency (absolute) |  Interval | Pipeline|
    |   min   |   max   |    min   |    max   | min | max |   Type  |
    +---------+---------+----------+----------+-----+-----+---------+
    |        ?|        ?|         ?|         ?|    ?|    ?|       no|
    +---------+---------+----------+----------+-----+-----+---------+

    + Detail: 
        * Instance: 
        +--------------------------------------------------+--------------------------------------+---------+---------+----------+----------+-----+-----+------------------------------------------------+
        |                                                  |                                      |  Latency (cycles) |  Latency (absolute) |  Interval |                    Pipeline                    |
        |                     Instance                     |                Module                |   min   |   max   |    min   |    max   | min | max |                      Type                      |
        +--------------------------------------------------+--------------------------------------+---------+---------+----------+----------+-----+-----+------------------------------------------------+
        |grp_getLocalImages_Pipeline_copy_loop_fu_872      |getLocalImages_Pipeline_copy_loop     |        ?|        ?|         ?|         ?|    0|    0|  loop auto-rewind stp (delay=0 clock cycles(s))|
        |grp_getLocalImages_Pipeline_process_loop_fu_1080  |getLocalImages_Pipeline_process_loop  |        ?|        ?|         ?|         ?|    0|    0|  loop auto-rewind stp (delay=0 clock cycles(s))|
        +--------------------------------------------------+--------------------------------------+---------+---------+----------+----------+-----+-----+------------------------------------------------+

        * Loop: 
        N/A



================================================================
== Utilization Estimates
================================================================
* Summary: 
+-----------------+---------+-----+--------+-------+-----+
|       Name      | BRAM_18K| DSP |   FF   |  LUT  | URAM|
+-----------------+---------+-----+--------+-------+-----+
|DSP              |        -|    -|       -|      -|    -|
|Expression       |        -|    -|       0|    218|    -|
|FIFO             |        -|    -|       -|      -|    -|
|Instance         |       12|   28|   17313|  10127|    -|
|Memory           |        -|    -|       -|      -|    -|
|Multiplexer      |        -|    -|       0|     85|    -|
|Register         |        -|    -|     233|      -|    -|
+-----------------+---------+-----+--------+-------+-----+
|Total            |       12|   28|   17546|  10430|    0|
+-----------------+---------+-----+--------+-------+-----+
|Available        |      280|  220|  106400|  53200|    0|
+-----------------+---------+-----+--------+-------+-----+
|Utilization (%)  |        4|   12|      16|     19|    0|
+-----------------+---------+-----+--------+-------+-----+

+ Detail: 
    * Instance: 
    +--------------------------------------------------+--------------------------------------+---------+----+-------+-------+-----+
    |                     Instance                     |                Module                | BRAM_18K| DSP|   FF  |  LUT  | URAM|
    +--------------------------------------------------+--------------------------------------+---------+----+-------+-------+-----+
    |grp_getLocalImages_Pipeline_copy_loop_fu_872      |getLocalImages_Pipeline_copy_loop     |        0|   0|  12817|     91|    0|
    |grp_getLocalImages_Pipeline_process_loop_fu_1080  |getLocalImages_Pipeline_process_loop  |       12|  28|   4496|  10036|    0|
    |sitodp_32ns_64_6_no_dsp_1_U429                    |sitodp_32ns_64_6_no_dsp_1             |        0|   0|      0|      0|    0|
    +--------------------------------------------------+--------------------------------------+---------+----+-------+-------+-----+
    |Total                                             |                                      |       12|  28|  17313|  10127|    0|
    +--------------------------------------------------+--------------------------------------+---------+----+-------+-------+-----+

    * DSP: 
    N/A

    * Memory: 
    N/A

    * FIFO: 
    N/A

    * Expression: 
    +---------------------+----------+----+---+----+------------+------------+
    |    Variable Name    | Operation| DSP| FF| LUT| Bitwidth P0| Bitwidth P1|
    +---------------------+----------+----+---+----+------------+------------+
    |p_neg3_fu_1308_p2    |         -|   0|  0|  39|           1|          32|
    |p_neg_fu_1356_p2     |         -|   0|  0|  39|           1|          32|
    |p_neg_t5_fu_1324_p2  |         -|   0|  0|  38|           1|          31|
    |p_neg_t_fu_1372_p2   |         -|   0|  0|  38|           1|          31|
    |ap_block_state1      |        or|   0|  0|   2|           1|           1|
    |div11_fu_1388_p3     |    select|   0|  0|  31|           1|          31|
    |div_fu_1340_p3       |    select|   0|  0|  31|           1|          31|
    +---------------------+----------+----+---+----+------------+------------+
    |Total                |          |   0|  0| 218|           7|         189|
    +---------------------+----------+----+---+----+------------+------------+

    * Multiplexer: 
    +----------------+----+-----------+-----+-----------+
    |      Name      | LUT| Input Size| Bits| Total Bits|
    +----------------+----+-----------+-----+-----------+
    |ap_NS_fsm       |  48|          9|    1|          9|
    |ap_done         |   9|          2|    1|          2|
    |grp_fu_1296_ce  |  14|          3|    1|          3|
    |grp_fu_1296_p0  |  14|          3|   32|         96|
    +----------------+----+-----------+-----+-----------+
    |Total           |  85|         17|   35|        110|
    +----------------+----+-----------+-----+-----------+

    * Register: 
    +---------------------------------------------------------------+----+----+-----+-----------+
    |                              Name                             | FF | LUT| Bits| Const Bits|
    +---------------------------------------------------------------+----+----+-----+-----------+
    |ap_CS_fsm                                                      |   8|   0|    8|          0|
    |ap_done_reg                                                    |   1|   0|    1|          0|
    |atomLocationsSize_read_reg_3401                                |  32|   0|   32|          0|
    |conv_reg_3427                                                  |  64|   0|   64|          0|
    |div11_reg_3422                                                 |  31|   0|   31|          0|
    |div_reg_3417                                                   |  31|   0|   31|          0|
    |grp_getLocalImages_Pipeline_copy_loop_fu_872_ap_start_reg      |   1|   0|    1|          0|
    |grp_getLocalImages_Pipeline_process_loop_fu_1080_ap_start_reg  |   1|   0|    1|          0|
    |projShape0_read_reg_3412                                       |  32|   0|   32|          0|
    |projShape1_read_reg_3407                                       |  32|   0|   32|          0|
    +---------------------------------------------------------------+----+----+-----+-----------+
    |Total                                                          | 233|   0|  233|          0|
    +---------------------------------------------------------------+----+----+-----+-----------+



================================================================
== Interface
================================================================
* Summary: 
+----------------------------+-----+-----+------------+-------------------+--------------+
|          RTL Ports         | Dir | Bits|  Protocol  |   Source Object   |    C Type    |
+----------------------------+-----+-----+------------+-------------------+--------------+
|ap_clk                      |   in|    1|  ap_ctrl_hs|     getLocalImages|  return value|
|ap_rst                      |   in|    1|  ap_ctrl_hs|     getLocalImages|  return value|
|ap_start                    |   in|    1|  ap_ctrl_hs|     getLocalImages|  return value|
|ap_done                     |  out|    1|  ap_ctrl_hs|     getLocalImages|  return value|
|ap_continue                 |   in|    1|  ap_ctrl_hs|     getLocalImages|  return value|
|ap_idle                     |  out|    1|  ap_ctrl_hs|     getLocalImages|  return value|
|ap_ready                    |  out|    1|  ap_ctrl_hs|     getLocalImages|  return value|
|atomLocationsSize           |   in|   32|     ap_none|  atomLocationsSize|        scalar|
|psfSupersample              |   in|   32|     ap_none|     psfSupersample|        scalar|
|projShape0                  |   in|   32|     ap_none|         projShape0|        scalar|
|projShape1                  |   in|   32|     ap_none|         projShape1|        scalar|
|atomLocations_address0      |  out|    7|   ap_memory|      atomLocations|         array|
|atomLocations_ce0           |  out|    1|   ap_memory|      atomLocations|         array|
|atomLocations_q0            |   in|  128|   ap_memory|      atomLocations|         array|
|localImages_din             |  out|  256|     ap_fifo|        localImages|       pointer|
|localImages_full_n          |   in|    1|     ap_fifo|        localImages|       pointer|
|localImages_write           |  out|    1|     ap_fifo|        localImages|       pointer|
|localImages_num_data_valid  |   in|   32|     ap_fifo|        localImages|       pointer|
|localImages_fifo_cap        |   in|   32|     ap_fifo|        localImages|       pointer|
+----------------------------+-----+-----+------------+-------------------+--------------+

