

================================================================
== Vitis HLS Report for 'getLocalImages_single'
================================================================
* Date:           Wed Aug  6 13:39:30 2025

* Version:        2024.2 (Build 5238294 on Nov  8 2024)
* Project:        reconstruct
* Solution:       hls (Vivado IP Flow Target)
* Product family: zynquplusRFSOC
* Target device:  xczu49dr-ffvf1760-2-e


================================================================
== Performance Estimates
================================================================
+ Timing: 
    * Summary: 
    +--------+----------+----------+------------+
    |  Clock |  Target  | Estimated| Uncertainty|
    +--------+----------+----------+------------+
    |ap_clk  |  10.00 ns|  7.300 ns|     2.70 ns|
    +--------+----------+----------+------------+

+ Latency: 
    * Summary: 
    +---------+---------+----------+----------+-----+-----+---------+
    |  Latency (cycles) |  Latency (absolute) |  Interval | Pipeline|
    |   min   |   max   |    min   |    max   | min | max |   Type  |
    +---------+---------+----------+----------+-----+-----+---------+
    |       25|       26|  0.250 us|  0.260 us|   25|   26|       no|
    +---------+---------+----------+----------+-----+-----+---------+

    + Detail: 
        * Instance: 
        N/A

        * Loop: 
        N/A



================================================================
== Utilization Estimates
================================================================
* Summary: 
+-----------------+---------+------+--------+--------+-----+
|       Name      | BRAM_18K|  DSP |   FF   |   LUT  | URAM|
+-----------------+---------+------+--------+--------+-----+
|DSP              |        -|     -|       -|       -|    -|
|Expression       |        -|     -|       0|    3870|    -|
|FIFO             |        -|     -|       -|       -|    -|
|Instance         |        -|    10|     710|     734|    -|
|Memory           |        0|     -|      94|      24|    -|
|Multiplexer      |        -|     -|       0|     246|    -|
|Register         |        -|     -|     835|       -|    -|
+-----------------+---------+------+--------+--------+-----+
|Total            |        0|    10|    1639|    4874|    0|
+-----------------+---------+------+--------+--------+-----+
|Available        |     2160|  4272|  850560|  425280|   80|
+-----------------+---------+------+--------+--------+-----+
|Utilization (%)  |        0|    ~0|      ~0|       1|    0|
+-----------------+---------+------+--------+--------+-----+

+ Detail: 
    * Instance: 
    +-----------------------------------+--------------------------------+---------+----+-----+-----+-----+
    |              Instance             |             Module             | BRAM_18K| DSP|  FF | LUT | URAM|
    +-----------------------------------+--------------------------------+---------+----+-----+-----+-----+
    |fmul_32ns_32ns_32_3_max_dsp_1_U5   |fmul_32ns_32ns_32_3_max_dsp_1   |        0|   3|  128|  135|    0|
    |fmul_32ns_32ns_32_3_max_dsp_1_U6   |fmul_32ns_32ns_32_3_max_dsp_1   |        0|   3|  128|  135|    0|
    |fsub_32ns_32ns_32_4_full_dsp_1_U3  |fsub_32ns_32ns_32_4_full_dsp_1  |        0|   2|  227|  214|    0|
    |fsub_32ns_32ns_32_4_full_dsp_1_U4  |fsub_32ns_32ns_32_4_full_dsp_1  |        0|   2|  227|  214|    0|
    |sitofp_32ns_32_4_no_dsp_1_U7       |sitofp_32ns_32_4_no_dsp_1       |        0|   0|    0|    0|    0|
    |sitofp_32ns_32_4_no_dsp_1_U8       |sitofp_32ns_32_4_no_dsp_1       |        0|   0|    0|    0|    0|
    |sparsemux_7_2_32_1_1_U9            |sparsemux_7_2_32_1_1            |        0|   0|    0|    9|    0|
    |sparsemux_7_2_32_1_1_U10           |sparsemux_7_2_32_1_1            |        0|   0|    0|    9|    0|
    |sparsemux_7_2_32_1_1_U11           |sparsemux_7_2_32_1_1            |        0|   0|    0|    9|    0|
    |sparsemux_7_2_32_1_1_U12           |sparsemux_7_2_32_1_1            |        0|   0|    0|    9|    0|
    +-----------------------------------+--------------------------------+---------+----+-----+-----+-----+
    |Total                              |                                |        0|  10|  710|  734|    0|
    +-----------------------------------+--------------------------------+---------+----+-----+-----+-----+

    * DSP: 
    N/A

    * Memory: 
    +------------------+--------------------------------------------------+---------+----+----+-----+------+-----+------+-------------+
    |      Memory      |                      Module                      | BRAM_18K| FF | LUT| URAM| Words| Bits| Banks| W*Bits*Banks|
    +------------------+--------------------------------------------------+---------+----+----+-----+------+-----+------+-------------+
    |mask_table_U      |getLocalImages_single_mask_table_ROM_AUTO_1R      |        0|  46|  12|    0|    32|   23|     1|          736|
    |one_half_table_U  |getLocalImages_single_one_half_table_ROM_AUTO_1R  |        0|  48|  12|    0|    32|   24|     1|          768|
    +------------------+--------------------------------------------------+---------+----+----+-----+------+-----+------+-------------+
    |Total             |                                                  |        0|  94|  24|    0|    64|   47|     2|         1504|
    +------------------+--------------------------------------------------+---------+----+----+-----+------+-----+------+-------------+

    * FIFO: 
    N/A

    * Expression: 
    +--------------------------+----------+----+---+-----+------------+------------+
    |       Variable Name      | Operation| DSP| FF| LUT | Bitwidth P0| Bitwidth P1|
    +--------------------------+----------+----+---+-----+------------+------------+
    |add_ln17_fu_1370_p2       |         +|   0|  0|   32|          32|           2|
    |add_ln18_fu_1381_p2       |         +|   0|  0|   32|          32|           2|
    |add_ln317_1_fu_886_p2     |         +|   0|  0|   16|           9|           8|
    |add_ln317_2_fu_1433_p2    |         +|   0|  0|   16|           9|           8|
    |add_ln317_3_fu_1568_p2    |         +|   0|  0|   16|           9|           8|
    |add_ln317_fu_655_p2       |         +|   0|  0|   16|           9|           8|
    |add_ln8_fu_334_p2         |         +|   0|  0|   71|          64|          64|
    |data_10_fu_1183_p2        |         +|   0|  0|   39|          32|          32|
    |data_2_fu_533_p2          |         +|   0|  0|   39|          32|          32|
    |data_4_fu_764_p2          |         +|   0|  0|   39|          32|          32|
    |data_7_fu_1089_p2         |         +|   0|  0|   39|          32|          32|
    |info_X_max_fu_1387_p2     |         +|   0|  0|   32|          32|          32|
    |info_Y_max_fu_1376_p2     |         +|   0|  0|   32|          32|          32|
    |info_X_min_fu_1365_p2     |         -|   0|  0|   39|          32|          32|
    |info_Y_min_fu_1311_p2     |         -|   0|  0|   39|          32|          32|
    |result_10_fu_1648_p2      |         -|   0|  0|   39|           1|          32|
    |result_2_fu_735_p2        |         -|   0|  0|   39|           1|          32|
    |result_5_fu_966_p2        |         -|   0|  0|   39|           1|          32|
    |result_9_fu_1513_p2       |         -|   0|  0|   39|           1|          32|
    |sub_ln15_1_fu_1284_p2     |         -|   0|  0|   38|           1|          31|
    |sub_ln15_fu_1269_p2       |         -|   0|  0|   39|           1|          32|
    |sub_ln16_1_fu_1338_p2     |         -|   0|  0|   38|           1|          31|
    |sub_ln16_fu_1323_p2       |         -|   0|  0|   39|           1|          32|
    |sub_ln18_1_fu_900_p2      |         -|   0|  0|   15|           7|           8|
    |sub_ln18_2_fu_1447_p2     |         -|   0|  0|   15|           7|           8|
    |sub_ln18_3_fu_1582_p2     |         -|   0|  0|   15|           7|           8|
    |sub_ln18_fu_669_p2        |         -|   0|  0|   15|           7|           8|
    |and_ln170_1_fu_812_p2     |       and|   0|  0|    2|           1|           1|
    |and_ln170_2_fu_1137_p2    |       and|   0|  0|    2|           1|           1|
    |and_ln170_3_fu_1231_p2    |       and|   0|  0|    2|           1|           1|
    |and_ln170_fu_581_p2       |       and|   0|  0|    2|           1|           1|
    |xs_sig_1_fu_779_p2        |       and|   0|  0|   23|          23|          23|
    |xs_sig_2_fu_1104_p2       |       and|   0|  0|   23|          23|          23|
    |xs_sig_3_fu_1198_p2       |       and|   0|  0|   23|          23|          23|
    |xs_sig_fu_548_p2          |       and|   0|  0|   23|          23|          23|
    |icmp_ln167_1_fu_476_p2    |      icmp|   0|  0|   15|           8|           7|
    |icmp_ln167_2_fu_991_p2    |      icmp|   0|  0|   15|           8|           7|
    |icmp_ln167_3_fu_1038_p2   |      icmp|   0|  0|   15|           8|           7|
    |icmp_ln167_fu_430_p2      |      icmp|   0|  0|   15|           8|           7|
    |icmp_ln170_1_fu_490_p2    |      icmp|   0|  0|   15|           8|           8|
    |icmp_ln170_2_fu_1005_p2   |      icmp|   0|  0|   15|           8|           8|
    |icmp_ln170_3_fu_1052_p2   |      icmp|   0|  0|   15|           8|           8|
    |icmp_ln170_fu_444_p2      |      icmp|   0|  0|   15|           8|           8|
    |icmp_ln8_fu_344_p2        |      icmp|   0|  0|   10|           3|           1|
    |lshr_ln18_1_fu_926_p2     |      lshr|   0|  0|  240|          79|          79|
    |lshr_ln18_2_fu_1473_p2    |      lshr|   0|  0|  240|          79|          79|
    |lshr_ln18_3_fu_1608_p2    |      lshr|   0|  0|  240|          79|          79|
    |lshr_ln18_fu_695_p2       |      lshr|   0|  0|  240|          79|          79|
    |lshr_ln8_fu_400_p2        |      lshr|   0|  0|  395|         120|         120|
    |ap_block_state1           |        or|   0|  0|    2|           1|           1|
    |result_12_fu_741_p3       |    select|   0|  0|   32|           1|          32|
    |result_13_fu_972_p3       |    select|   0|  0|   32|           1|          32|
    |result_14_fu_1519_p3      |    select|   0|  0|   32|           1|          32|
    |result_fu_1654_p3         |    select|   0|  0|   32|           1|          32|
    |select_ln15_fu_1299_p3    |    select|   0|  0|   31|           1|          31|
    |select_ln16_fu_1353_p3    |    select|   0|  0|   31|           1|          31|
    |select_ln18_2_fu_910_p3   |    select|   0|  0|    9|           1|           9|
    |select_ln18_4_fu_1457_p3  |    select|   0|  0|    9|           1|           9|
    |select_ln18_6_fu_1592_p3  |    select|   0|  0|    9|           1|           9|
    |select_ln18_fu_679_p3     |    select|   0|  0|    9|           1|           9|
    |select_ln8_fu_350_p3      |    select|   0|  0|    2|           1|           2|
    |val_1_fu_958_p3           |    select|   0|  0|   32|           1|          32|
    |val_2_fu_1505_p3          |    select|   0|  0|   32|           1|          32|
    |val_3_fu_1640_p3          |    select|   0|  0|   32|           1|          32|
    |val_fu_727_p3             |    select|   0|  0|   32|           1|          32|
    |shl_ln18_1_fu_932_p2      |       shl|   0|  0|  240|          79|          79|
    |shl_ln18_2_fu_1479_p2     |       shl|   0|  0|  240|          79|          79|
    |shl_ln18_3_fu_1614_p2     |       shl|   0|  0|  240|          79|          79|
    |shl_ln18_fu_701_p2        |       shl|   0|  0|  240|          79|          79|
    |xor_ln167_1_fu_807_p2     |       xor|   0|  0|    2|           1|           2|
    |xor_ln167_2_fu_1132_p2    |       xor|   0|  0|    2|           1|           2|
    |xor_ln167_3_fu_1226_p2    |       xor|   0|  0|    2|           1|           2|
    |xor_ln167_fu_576_p2       |       xor|   0|  0|    2|           1|           2|
    |xor_ln184_1_fu_773_p2     |       xor|   0|  0|   23|          23|           2|
    |xor_ln184_2_fu_1098_p2    |       xor|   0|  0|   23|          23|           2|
    |xor_ln184_3_fu_1192_p2    |       xor|   0|  0|   23|          23|           2|
    |xor_ln184_fu_542_p2       |       xor|   0|  0|   23|          23|           2|
    +--------------------------+----------+----+---+-----+------------+------------+
    |Total                     |          |   0|  0| 3870|        1483|        1924|
    +--------------------------+----------+----+---+-----+------------+------------+

    * Multiplexer: 
    +-------------------------------+-----+-----------+-----+-----------+
    |              Name             | LUT | Input Size| Bits| Total Bits|
    +-------------------------------+-----+-----------+-----+-----------+
    |ap_NS_fsm                      |  140|         28|    1|         28|
    |ap_done                        |    9|          2|    1|          2|
    |atomLocations_blk_n_AR         |    9|          2|    1|          2|
    |atomLocations_blk_n_R          |    9|          2|    1|          2|
    |grp_fu_309_p0                  |   14|          3|   32|         96|
    |localImages_blk_n              |    9|          2|    1|          2|
    |mask_table_address0_local      |   14|          3|    5|         15|
    |mask_table_address1_local      |   14|          3|    5|         15|
    |one_half_table_address0_local  |   14|          3|    5|         15|
    |one_half_table_address1_local  |   14|          3|    5|         15|
    +-------------------------------+-----+-----------+-----+-----------+
    |Total                          |  246|         51|   57|        192|
    +-------------------------------+-----+-----------+-----+-----------+

    * Register: 
    +----------------------------------+----+----+-----+-----------+
    |               Name               | FF | LUT| Bits| Const Bits|
    +----------------------------------+----+----+-----+-----------+
    |ap_CS_fsm                         |  27|   0|   27|          0|
    |ap_done_reg                       |   1|   0|    1|          0|
    |atomLocations_addr_read_reg_1727  |  64|   0|   64|          0|
    |conv2_reg_1825                    |  32|   0|   32|          0|
    |coord_x_reg_1801                  |  32|   0|   32|          0|
    |coord_y_reg_1806                  |  32|   0|   32|          0|
    |data_12_reg_1743                  |  32|   0|   32|          0|
    |data_13_reg_1737                  |  32|   0|   32|          0|
    |data_14_reg_1852                  |  32|   0|   32|          0|
    |data_15_reg_1883                  |  32|   0|   32|          0|
    |dc_10_reg_1919                    |  32|   0|   32|          0|
    |dc_6_reg_1840                     |  32|   0|   32|          0|
    |dc_7_reg_1914                     |  32|   0|   32|          0|
    |dc_9_reg_1846                     |  32|   0|   32|          0|
    |icmp_ln167_1_reg_1775             |   1|   0|    1|          0|
    |icmp_ln167_2_reg_1857             |   1|   0|    1|          0|
    |icmp_ln167_3_reg_1888             |   1|   0|    1|          0|
    |icmp_ln167_reg_1749               |   1|   0|    1|          0|
    |icmp_ln170_1_reg_1786             |   1|   0|    1|          0|
    |icmp_ln170_2_reg_1868             |   1|   0|    1|          0|
    |icmp_ln170_3_reg_1899             |   1|   0|    1|          0|
    |icmp_ln170_reg_1760               |   1|   0|    1|          0|
    |icmp_ln8_reg_1686                 |   1|   0|    1|          0|
    |phi_ln8_reg_282                   |  56|   0|   56|          0|
    |projShape0_read_reg_1714          |  32|   0|   32|          0|
    |projShape1_read_reg_1706          |  32|   0|   32|          0|
    |psfSupersample_read_reg_1722      |  32|   0|   32|          0|
    |reg_315                           |  32|   0|   32|          0|
    |result_12_reg_1811                |  32|   0|   32|          0|
    |result_13_reg_1818                |  32|   0|   32|          0|
    |select_ln8_reg_1690               |   2|   0|   64|         62|
    |sub1_reg_1835                     |  32|   0|   32|          0|
    |sub_reg_1830                      |  32|   0|   32|          0|
    |tmp_12_reg_1781                   |   1|   0|    1|          0|
    |tmp_17_reg_1863                   |   1|   0|    1|          0|
    |tmp_1_reg_1755                    |   1|   0|    1|          0|
    |tmp_20_reg_1894                   |   1|   0|    1|          0|
    |trunc_ln8_1_reg_1695              |  61|   0|   61|          0|
    |trunc_ln8_reg_1681                |   3|   0|    3|          0|
    +----------------------------------+----+----+-----+-----------+
    |Total                             | 835|   0|  897|         62|
    +----------------------------------+----+----+-----+-----------+



================================================================
== Interface
================================================================
* Summary: 
+--------------------------------+-----+-----+------------+-----------------------+--------------+
|            RTL Ports           | Dir | Bits|  Protocol  |     Source Object     |    C Type    |
+--------------------------------+-----+-----+------------+-----------------------+--------------+
|ap_clk                          |   in|    1|  ap_ctrl_hs|  getLocalImages_single|  return value|
|ap_rst                          |   in|    1|  ap_ctrl_hs|  getLocalImages_single|  return value|
|ap_start                        |   in|    1|  ap_ctrl_hs|  getLocalImages_single|  return value|
|ap_done                         |  out|    1|  ap_ctrl_hs|  getLocalImages_single|  return value|
|ap_continue                     |   in|    1|  ap_ctrl_hs|  getLocalImages_single|  return value|
|ap_idle                         |  out|    1|  ap_ctrl_hs|  getLocalImages_single|  return value|
|ap_ready                        |  out|    1|  ap_ctrl_hs|  getLocalImages_single|  return value|
|curr_idx                        |   in|   16|     ap_none|               curr_idx|        scalar|
|psfSupersample                  |   in|   32|     ap_none|         psfSupersample|        scalar|
|projShape0                      |   in|   32|     ap_none|             projShape0|        scalar|
|projShape1                      |   in|   32|     ap_none|             projShape1|        scalar|
|m_axi_atomLocations_0_AWVALID   |  out|    1|       m_axi|          atomLocations|       pointer|
|m_axi_atomLocations_0_AWREADY   |   in|    1|       m_axi|          atomLocations|       pointer|
|m_axi_atomLocations_0_AWADDR    |  out|   64|       m_axi|          atomLocations|       pointer|
|m_axi_atomLocations_0_AWID      |  out|    1|       m_axi|          atomLocations|       pointer|
|m_axi_atomLocations_0_AWLEN     |  out|   32|       m_axi|          atomLocations|       pointer|
|m_axi_atomLocations_0_AWSIZE    |  out|    3|       m_axi|          atomLocations|       pointer|
|m_axi_atomLocations_0_AWBURST   |  out|    2|       m_axi|          atomLocations|       pointer|
|m_axi_atomLocations_0_AWLOCK    |  out|    2|       m_axi|          atomLocations|       pointer|
|m_axi_atomLocations_0_AWCACHE   |  out|    4|       m_axi|          atomLocations|       pointer|
|m_axi_atomLocations_0_AWPROT    |  out|    3|       m_axi|          atomLocations|       pointer|
|m_axi_atomLocations_0_AWQOS     |  out|    4|       m_axi|          atomLocations|       pointer|
|m_axi_atomLocations_0_AWREGION  |  out|    4|       m_axi|          atomLocations|       pointer|
|m_axi_atomLocations_0_AWUSER    |  out|    1|       m_axi|          atomLocations|       pointer|
|m_axi_atomLocations_0_WVALID    |  out|    1|       m_axi|          atomLocations|       pointer|
|m_axi_atomLocations_0_WREADY    |   in|    1|       m_axi|          atomLocations|       pointer|
|m_axi_atomLocations_0_WDATA     |  out|   64|       m_axi|          atomLocations|       pointer|
|m_axi_atomLocations_0_WSTRB     |  out|    8|       m_axi|          atomLocations|       pointer|
|m_axi_atomLocations_0_WLAST     |  out|    1|       m_axi|          atomLocations|       pointer|
|m_axi_atomLocations_0_WID       |  out|    1|       m_axi|          atomLocations|       pointer|
|m_axi_atomLocations_0_WUSER     |  out|    1|       m_axi|          atomLocations|       pointer|
|m_axi_atomLocations_0_ARVALID   |  out|    1|       m_axi|          atomLocations|       pointer|
|m_axi_atomLocations_0_ARREADY   |   in|    1|       m_axi|          atomLocations|       pointer|
|m_axi_atomLocations_0_ARADDR    |  out|   64|       m_axi|          atomLocations|       pointer|
|m_axi_atomLocations_0_ARID      |  out|    1|       m_axi|          atomLocations|       pointer|
|m_axi_atomLocations_0_ARLEN     |  out|   32|       m_axi|          atomLocations|       pointer|
|m_axi_atomLocations_0_ARSIZE    |  out|    3|       m_axi|          atomLocations|       pointer|
|m_axi_atomLocations_0_ARBURST   |  out|    2|       m_axi|          atomLocations|       pointer|
|m_axi_atomLocations_0_ARLOCK    |  out|    2|       m_axi|          atomLocations|       pointer|
|m_axi_atomLocations_0_ARCACHE   |  out|    4|       m_axi|          atomLocations|       pointer|
|m_axi_atomLocations_0_ARPROT    |  out|    3|       m_axi|          atomLocations|       pointer|
|m_axi_atomLocations_0_ARQOS     |  out|    4|       m_axi|          atomLocations|       pointer|
|m_axi_atomLocations_0_ARREGION  |  out|    4|       m_axi|          atomLocations|       pointer|
|m_axi_atomLocations_0_ARUSER    |  out|    1|       m_axi|          atomLocations|       pointer|
|m_axi_atomLocations_0_RVALID    |   in|    1|       m_axi|          atomLocations|       pointer|
|m_axi_atomLocations_0_RREADY    |  out|    1|       m_axi|          atomLocations|       pointer|
|m_axi_atomLocations_0_RDATA     |   in|   64|       m_axi|          atomLocations|       pointer|
|m_axi_atomLocations_0_RLAST     |   in|    1|       m_axi|          atomLocations|       pointer|
|m_axi_atomLocations_0_RID       |   in|    1|       m_axi|          atomLocations|       pointer|
|m_axi_atomLocations_0_RFIFONUM  |   in|    9|       m_axi|          atomLocations|       pointer|
|m_axi_atomLocations_0_RUSER     |   in|    1|       m_axi|          atomLocations|       pointer|
|m_axi_atomLocations_0_RRESP     |   in|    2|       m_axi|          atomLocations|       pointer|
|m_axi_atomLocations_0_BVALID    |   in|    1|       m_axi|          atomLocations|       pointer|
|m_axi_atomLocations_0_BREADY    |  out|    1|       m_axi|          atomLocations|       pointer|
|m_axi_atomLocations_0_BRESP     |   in|    2|       m_axi|          atomLocations|       pointer|
|m_axi_atomLocations_0_BID       |   in|    1|       m_axi|          atomLocations|       pointer|
|m_axi_atomLocations_0_BUSER     |   in|    1|       m_axi|          atomLocations|       pointer|
|atomLocations1                  |   in|   64|     ap_none|         atomLocations1|        scalar|
|localImages_din                 |  out|  256|     ap_fifo|            localImages|       pointer|
|localImages_full_n              |   in|    1|     ap_fifo|            localImages|       pointer|
|localImages_write               |  out|    1|     ap_fifo|            localImages|       pointer|
|localImages_num_data_valid      |   in|    3|     ap_fifo|            localImages|       pointer|
|localImages_fifo_cap            |   in|    3|     ap_fifo|            localImages|       pointer|
+--------------------------------+-----+-----+------------+-----------------------+--------------+

