

================================================================
== Vitis HLS Report for 'matrix_sum_prod_Pipeline_VITIS_LOOP_191_1'
================================================================
* Date:           Sat Jul 26 18:44:03 2025

* Version:        2024.2 (Build 5238294 on Nov  8 2024)
* Project:        reconstruct
* Solution:       hls (Vivado IP Flow Target)
* Product family: zynquplusRFSOC
* Target device:  xczu49dr-ffvf1760-2-e


================================================================
== Performance Estimates
================================================================
+ Timing: 
    * Summary: 
    +--------+----------+----------+------------+
    |  Clock |  Target  | Estimated| Uncertainty|
    +--------+----------+----------+------------+
    |ap_clk  |  10.00 ns|  1.643 ns|     2.70 ns|
    +--------+----------+----------+------------+

+ Latency: 
    * Summary: 
    +---------+---------+-----------+-----------+-----+-----+------------------------------------------------+
    |  Latency (cycles) |   Latency (absolute)  |  Interval |                    Pipeline                    |
    |   min   |   max   |    min    |    max    | min | max |                      Type                      |
    +---------+---------+-----------+-----------+-----+-----+------------------------------------------------+
    |        4|        4|  40.000 ns|  40.000 ns|    3|    3|  loop auto-rewind stp (delay=0 clock cycles(s))|
    +---------+---------+-----------+-----------+-----+-----+------------------------------------------------+

    + Detail: 
        * Instance: 
        N/A

        * Loop: 
        +--------------------+---------+---------+----------+-----------+-----------+------+----------+
        |                    |  Latency (cycles) | Iteration|  Initiation Interval  | Trip |          |
        |      Loop Name     |   min   |   max   |  Latency |  achieved |   target  | Count| Pipelined|
        +--------------------+---------+---------+----------+-----------+-----------+------+----------+
        |- VITIS_LOOP_191_1  |        2|        2|         1|          1|          1|     2|       yes|
        +--------------------+---------+---------+----------+-----------+-----------+------+----------+



================================================================
== Utilization Estimates
================================================================
* Summary: 
+-----------------+---------+------+--------+--------+-----+
|       Name      | BRAM_18K|  DSP |   FF   |   LUT  | URAM|
+-----------------+---------+------+--------+--------+-----+
|DSP              |        -|     -|       -|       -|    -|
|Expression       |        -|     -|       0|      24|    -|
|FIFO             |        -|     -|       -|       -|    -|
|Instance         |        -|     -|       -|       -|    -|
|Memory           |        -|     -|       -|       -|    -|
|Multiplexer      |        -|     -|       0|      18|    -|
|Register         |        -|     -|     963|       -|    -|
+-----------------+---------+------+--------+--------+-----+
|Total            |        0|     0|     963|      42|    0|
+-----------------+---------+------+--------+--------+-----+
|Available        |     2160|  4272|  850560|  425280|   80|
+-----------------+---------+------+--------+--------+-----+
|Utilization (%)  |        0|     0|      ~0|      ~0|    0|
+-----------------+---------+------+--------+--------+-----+

+ Detail: 
    * Instance: 
    N/A

    * DSP: 
    N/A

    * Memory: 
    N/A

    * FIFO: 
    N/A

    * Expression: 
    +----------------------+----------+----+---+----+------------+------------+
    |     Variable Name    | Operation| DSP| FF| LUT| Bitwidth P0| Bitwidth P1|
    +----------------------+----------+----+---+----+------------+------------+
    |icmp_ln191_fu_698_p2  |      icmp|   0|  0|  12|           5|           2|
    |icmp_ln195_fu_676_p2  |      icmp|   0|  0|  12|           5|           1|
    +----------------------+----------+----+---+----+------------+------------+
    |Total                 |          |   0|  0|  24|          10|           3|
    +----------------------+----------+----+---+----+------------+------------+

    * Multiplexer: 
    +----------------------+----+-----------+-----+-----------+
    |         Name         | LUT| Input Size| Bits| Total Bits|
    +----------------------+----+-----------+-----+-----------+
    |ap_done_int           |   9|          2|    1|          2|
    |ap_sig_allocacmp_i_1  |   9|          2|    1|          2|
    +----------------------+----+-----------+-----+-----------+
    |Total                 |  18|          4|    2|          4|
    +----------------------+----+-----------+-----+-----------+

    * Register: 
    +--------------------+----+----+-----+-----------+
    |        Name        | FF | LUT| Bits| Const Bits|
    +--------------------+----+----+-----+-----------+
    |ap_CS_fsm           |   1|   0|    1|          0|
    |ap_done_reg         |   1|   0|    1|          0|
    |i_fu_154            |   1|   0|    5|          4|
    |prod_val_15_fu_162  |  32|   0|   32|          0|
    |prod_val_16_fu_170  |  32|   0|   32|          0|
    |prod_val_17_fu_178  |  32|   0|   32|          0|
    |prod_val_18_fu_186  |  32|   0|   32|          0|
    |prod_val_19_fu_194  |  32|   0|   32|          0|
    |prod_val_20_fu_202  |  32|   0|   32|          0|
    |prod_val_21_fu_210  |  32|   0|   32|          0|
    |prod_val_22_fu_218  |  32|   0|   32|          0|
    |prod_val_23_fu_226  |  32|   0|   32|          0|
    |prod_val_24_fu_234  |  32|   0|   32|          0|
    |prod_val_25_fu_242  |  32|   0|   32|          0|
    |prod_val_26_fu_250  |  32|   0|   32|          0|
    |prod_val_27_fu_258  |  32|   0|   32|          0|
    |prod_val_28_fu_266  |  32|   0|   32|          0|
    |prod_val_29_fu_274  |  32|   0|   32|          0|
    |sum_val_15_fu_158   |  32|   0|   32|          0|
    |sum_val_16_fu_166   |  32|   0|   32|          0|
    |sum_val_17_fu_174   |  32|   0|   32|          0|
    |sum_val_18_fu_182   |  32|   0|   32|          0|
    |sum_val_19_fu_190   |  32|   0|   32|          0|
    |sum_val_20_fu_198   |  32|   0|   32|          0|
    |sum_val_21_fu_206   |  32|   0|   32|          0|
    |sum_val_22_fu_214   |  32|   0|   32|          0|
    |sum_val_23_fu_222   |  32|   0|   32|          0|
    |sum_val_24_fu_230   |  32|   0|   32|          0|
    |sum_val_25_fu_238   |  32|   0|   32|          0|
    |sum_val_26_fu_246   |  32|   0|   32|          0|
    |sum_val_27_fu_254   |  32|   0|   32|          0|
    |sum_val_28_fu_262   |  32|   0|   32|          0|
    |sum_val_29_fu_270   |  32|   0|   32|          0|
    +--------------------+----+----+-----+-----------+
    |Total               | 963|   0|  967|          4|
    +--------------------+----+----+-----+-----------+



================================================================
== Interface
================================================================
* Summary: 
+------------------------+-----+-----+------------+-------------------------------------------+--------------+
|        RTL Ports       | Dir | Bits|  Protocol  |               Source Object               |    C Type    |
+------------------------+-----+-----+------------+-------------------------------------------+--------------+
|ap_clk                  |   in|    1|  ap_ctrl_hs|  matrix_sum_prod_Pipeline_VITIS_LOOP_191_1|  return value|
|ap_rst                  |   in|    1|  ap_ctrl_hs|  matrix_sum_prod_Pipeline_VITIS_LOOP_191_1|  return value|
|ap_start                |   in|    1|  ap_ctrl_hs|  matrix_sum_prod_Pipeline_VITIS_LOOP_191_1|  return value|
|ap_done                 |  out|    1|  ap_ctrl_hs|  matrix_sum_prod_Pipeline_VITIS_LOOP_191_1|  return value|
|ap_idle                 |  out|    1|  ap_ctrl_hs|  matrix_sum_prod_Pipeline_VITIS_LOOP_191_1|  return value|
|ap_ready                |  out|    1|  ap_ctrl_hs|  matrix_sum_prod_Pipeline_VITIS_LOOP_191_1|  return value|
|add76_i29_i             |   in|   32|     ap_none|                                add76_i29_i|        scalar|
|add76_i28_i             |   in|   32|     ap_none|                                add76_i28_i|        scalar|
|add76_i27_i             |   in|   32|     ap_none|                                add76_i27_i|        scalar|
|add76_i26_i             |   in|   32|     ap_none|                                add76_i26_i|        scalar|
|add76_i25_i             |   in|   32|     ap_none|                                add76_i25_i|        scalar|
|add76_i24_i             |   in|   32|     ap_none|                                add76_i24_i|        scalar|
|add76_i23_i             |   in|   32|     ap_none|                                add76_i23_i|        scalar|
|add76_i22_i             |   in|   32|     ap_none|                                add76_i22_i|        scalar|
|add76_i21_i             |   in|   32|     ap_none|                                add76_i21_i|        scalar|
|add76_i20_i             |   in|   32|     ap_none|                                add76_i20_i|        scalar|
|add76_i19_i             |   in|   32|     ap_none|                                add76_i19_i|        scalar|
|add76_i18_i             |   in|   32|     ap_none|                                add76_i18_i|        scalar|
|add76_i17_i             |   in|   32|     ap_none|                                add76_i17_i|        scalar|
|add76_i16_i             |   in|   32|     ap_none|                                add76_i16_i|        scalar|
|add76_i15_i             |   in|   32|     ap_none|                                add76_i15_i|        scalar|
|add76_i14_i             |   in|   32|     ap_none|                                add76_i14_i|        scalar|
|add76_i13_i             |   in|   32|     ap_none|                                add76_i13_i|        scalar|
|add76_i12_i             |   in|   32|     ap_none|                                add76_i12_i|        scalar|
|add76_i11_i             |   in|   32|     ap_none|                                add76_i11_i|        scalar|
|add76_i10_i             |   in|   32|     ap_none|                                add76_i10_i|        scalar|
|add76_i_i               |   in|   32|     ap_none|                                  add76_i_i|        scalar|
|add76_i9_i              |   in|   32|     ap_none|                                 add76_i9_i|        scalar|
|add76_i8_i              |   in|   32|     ap_none|                                 add76_i8_i|        scalar|
|add76_i7_i              |   in|   32|     ap_none|                                 add76_i7_i|        scalar|
|add76_i6_i              |   in|   32|     ap_none|                                 add76_i6_i|        scalar|
|add76_i5_i              |   in|   32|     ap_none|                                 add76_i5_i|        scalar|
|add76_i4_i              |   in|   32|     ap_none|                                 add76_i4_i|        scalar|
|add76_i3_i              |   in|   32|     ap_none|                                 add76_i3_i|        scalar|
|add76_i2_i              |   in|   32|     ap_none|                                 add76_i2_i|        scalar|
|add76_i1_i              |   in|   32|     ap_none|                                 add76_i1_i|        scalar|
|prod_val_29_out         |  out|   32|      ap_vld|                            prod_val_29_out|       pointer|
|prod_val_29_out_ap_vld  |  out|    1|      ap_vld|                            prod_val_29_out|       pointer|
|sum_val_29_out          |  out|   32|      ap_vld|                             sum_val_29_out|       pointer|
|sum_val_29_out_ap_vld   |  out|    1|      ap_vld|                             sum_val_29_out|       pointer|
|prod_val_28_out         |  out|   32|      ap_vld|                            prod_val_28_out|       pointer|
|prod_val_28_out_ap_vld  |  out|    1|      ap_vld|                            prod_val_28_out|       pointer|
|sum_val_28_out          |  out|   32|      ap_vld|                             sum_val_28_out|       pointer|
|sum_val_28_out_ap_vld   |  out|    1|      ap_vld|                             sum_val_28_out|       pointer|
|prod_val_27_out         |  out|   32|      ap_vld|                            prod_val_27_out|       pointer|
|prod_val_27_out_ap_vld  |  out|    1|      ap_vld|                            prod_val_27_out|       pointer|
|sum_val_27_out          |  out|   32|      ap_vld|                             sum_val_27_out|       pointer|
|sum_val_27_out_ap_vld   |  out|    1|      ap_vld|                             sum_val_27_out|       pointer|
|prod_val_26_out         |  out|   32|      ap_vld|                            prod_val_26_out|       pointer|
|prod_val_26_out_ap_vld  |  out|    1|      ap_vld|                            prod_val_26_out|       pointer|
|sum_val_26_out          |  out|   32|      ap_vld|                             sum_val_26_out|       pointer|
|sum_val_26_out_ap_vld   |  out|    1|      ap_vld|                             sum_val_26_out|       pointer|
|prod_val_25_out         |  out|   32|      ap_vld|                            prod_val_25_out|       pointer|
|prod_val_25_out_ap_vld  |  out|    1|      ap_vld|                            prod_val_25_out|       pointer|
|sum_val_25_out          |  out|   32|      ap_vld|                             sum_val_25_out|       pointer|
|sum_val_25_out_ap_vld   |  out|    1|      ap_vld|                             sum_val_25_out|       pointer|
|prod_val_24_out         |  out|   32|      ap_vld|                            prod_val_24_out|       pointer|
|prod_val_24_out_ap_vld  |  out|    1|      ap_vld|                            prod_val_24_out|       pointer|
|sum_val_24_out          |  out|   32|      ap_vld|                             sum_val_24_out|       pointer|
|sum_val_24_out_ap_vld   |  out|    1|      ap_vld|                             sum_val_24_out|       pointer|
|prod_val_23_out         |  out|   32|      ap_vld|                            prod_val_23_out|       pointer|
|prod_val_23_out_ap_vld  |  out|    1|      ap_vld|                            prod_val_23_out|       pointer|
|sum_val_23_out          |  out|   32|      ap_vld|                             sum_val_23_out|       pointer|
|sum_val_23_out_ap_vld   |  out|    1|      ap_vld|                             sum_val_23_out|       pointer|
|prod_val_22_out         |  out|   32|      ap_vld|                            prod_val_22_out|       pointer|
|prod_val_22_out_ap_vld  |  out|    1|      ap_vld|                            prod_val_22_out|       pointer|
|sum_val_22_out          |  out|   32|      ap_vld|                             sum_val_22_out|       pointer|
|sum_val_22_out_ap_vld   |  out|    1|      ap_vld|                             sum_val_22_out|       pointer|
|prod_val_21_out         |  out|   32|      ap_vld|                            prod_val_21_out|       pointer|
|prod_val_21_out_ap_vld  |  out|    1|      ap_vld|                            prod_val_21_out|       pointer|
|sum_val_21_out          |  out|   32|      ap_vld|                             sum_val_21_out|       pointer|
|sum_val_21_out_ap_vld   |  out|    1|      ap_vld|                             sum_val_21_out|       pointer|
|prod_val_20_out         |  out|   32|      ap_vld|                            prod_val_20_out|       pointer|
|prod_val_20_out_ap_vld  |  out|    1|      ap_vld|                            prod_val_20_out|       pointer|
|sum_val_20_out          |  out|   32|      ap_vld|                             sum_val_20_out|       pointer|
|sum_val_20_out_ap_vld   |  out|    1|      ap_vld|                             sum_val_20_out|       pointer|
|prod_val_19_out         |  out|   32|      ap_vld|                            prod_val_19_out|       pointer|
|prod_val_19_out_ap_vld  |  out|    1|      ap_vld|                            prod_val_19_out|       pointer|
|sum_val_19_out          |  out|   32|      ap_vld|                             sum_val_19_out|       pointer|
|sum_val_19_out_ap_vld   |  out|    1|      ap_vld|                             sum_val_19_out|       pointer|
|prod_val_18_out         |  out|   32|      ap_vld|                            prod_val_18_out|       pointer|
|prod_val_18_out_ap_vld  |  out|    1|      ap_vld|                            prod_val_18_out|       pointer|
|sum_val_18_out          |  out|   32|      ap_vld|                             sum_val_18_out|       pointer|
|sum_val_18_out_ap_vld   |  out|    1|      ap_vld|                             sum_val_18_out|       pointer|
|prod_val_17_out         |  out|   32|      ap_vld|                            prod_val_17_out|       pointer|
|prod_val_17_out_ap_vld  |  out|    1|      ap_vld|                            prod_val_17_out|       pointer|
|sum_val_17_out          |  out|   32|      ap_vld|                             sum_val_17_out|       pointer|
|sum_val_17_out_ap_vld   |  out|    1|      ap_vld|                             sum_val_17_out|       pointer|
|prod_val_16_out         |  out|   32|      ap_vld|                            prod_val_16_out|       pointer|
|prod_val_16_out_ap_vld  |  out|    1|      ap_vld|                            prod_val_16_out|       pointer|
|sum_val_16_out          |  out|   32|      ap_vld|                             sum_val_16_out|       pointer|
|sum_val_16_out_ap_vld   |  out|    1|      ap_vld|                             sum_val_16_out|       pointer|
|prod_val_15_out         |  out|   32|      ap_vld|                            prod_val_15_out|       pointer|
|prod_val_15_out_ap_vld  |  out|    1|      ap_vld|                            prod_val_15_out|       pointer|
|sum_val_15_out          |  out|   32|      ap_vld|                             sum_val_15_out|       pointer|
|sum_val_15_out_ap_vld   |  out|    1|      ap_vld|                             sum_val_15_out|       pointer|
+------------------------+-----+-----+------------+-------------------------------------------+--------------+

