

================================================================
== Vitis HLS Report for 'post_process'
================================================================
* Date:           Sat Jul 26 18:44:20 2025

* Version:        2024.2 (Build 5238294 on Nov  8 2024)
* Project:        reconstruct
* Solution:       hls (Vivado IP Flow Target)
* Product family: zynquplusRFSOC
* Target device:  xczu49dr-ffvf1760-2-e


================================================================
== Performance Estimates
================================================================
+ Timing: 
    * Summary: 
    +--------+----------+----------+------------+
    |  Clock |  Target  | Estimated| Uncertainty|
    +--------+----------+----------+------------+
    |ap_clk  |  10.00 ns|  7.300 ns|     2.70 ns|
    +--------+----------+----------+------------+

+ Latency: 
    * Summary: 
    +---------+---------+----------+----------+-----+-----+---------+
    |  Latency (cycles) |  Latency (absolute) |  Interval | Pipeline|
    |   min   |   max   |    min   |    max   | min | max |   Type  |
    +---------+---------+----------+----------+-----+-----+---------+
    |       18|       18|  0.180 us|  0.180 us|    1|    1|      yes|
    +---------+---------+----------+----------+-----+-----+---------+

    + Detail: 
        * Instance: 
        N/A

        * Loop: 
        N/A



================================================================
== Utilization Estimates
================================================================
* Summary: 
+-----------------+---------+------+--------+--------+-----+
|       Name      | BRAM_18K|  DSP |   FF   |   LUT  | URAM|
+-----------------+---------+------+--------+--------+-----+
|DSP              |        -|     -|       -|       -|    -|
|Expression       |        -|     -|       0|       8|    -|
|FIFO             |        -|     -|       -|       -|    -|
|Instance         |        -|     3|     128|     135|    -|
|Memory           |        -|     -|       -|       -|    -|
|Multiplexer      |        -|     -|       0|      36|    -|
|Register         |        -|     -|     372|      64|    -|
+-----------------+---------+------+--------+--------+-----+
|Total            |        0|     3|     500|     243|    0|
+-----------------+---------+------+--------+--------+-----+
|Available        |     2160|  4272|  850560|  425280|   80|
+-----------------+---------+------+--------+--------+-----+
|Utilization (%)  |        0|    ~0|      ~0|      ~0|    0|
+-----------------+---------+------+--------+--------+-----+

+ Detail: 
    * Instance: 
    +-------------------------------------+-------------------------------+---------+----+-----+-----+-----+
    |               Instance              |             Module            | BRAM_18K| DSP|  FF | LUT | URAM|
    +-------------------------------------+-------------------------------+---------+----+-----+-----+-----+
    |fdiv_32ns_32ns_32_9_no_dsp_1_U4741   |fdiv_32ns_32ns_32_9_no_dsp_1   |        0|   0|    0|    0|    0|
    |fmul_32ns_32ns_32_3_max_dsp_1_U4740  |fmul_32ns_32ns_32_3_max_dsp_1  |        0|   3|  128|  135|    0|
    +-------------------------------------+-------------------------------+---------+----+-----+-----+-----+
    |Total                                |                               |        0|   3|  128|  135|    0|
    +-------------------------------------+-------------------------------+---------+----+-----+-----+-----+

    * DSP: 
    N/A

    * Memory: 
    N/A

    * FIFO: 
    N/A

    * Expression: 
    +--------------------------------+----------+----+---+----+------------+------------+
    |          Variable Name         | Operation| DSP| FF| LUT| Bitwidth P0| Bitwidth P1|
    +--------------------------------+----------+----+---+----+------------+------------+
    |ap_block_pp0_stage0_01001_grp1  |        or|   0|  0|   2|           1|           1|
    |ap_block_pp0_stage0_11001       |        or|   0|  0|   2|           1|           1|
    |ap_block_pp0_stage0_subdone     |        or|   0|  0|   2|           1|           1|
    |ap_enable_pp0                   |       xor|   0|  0|   2|           1|           2|
    +--------------------------------+----------+----+---+----+------------+------------+
    |Total                           |          |   0|  0|   8|           4|           5|
    +--------------------------------+----------+----+---+----+------------+------------+

    * Multiplexer: 
    +--------------------+----+-----------+-----+-----------+
    |        Name        | LUT| Input Size| Bits| Total Bits|
    +--------------------+----+-----------+-----+-----------+
    |ap_done             |   9|          2|    1|          2|
    |emissions_blk_n_AW  |   9|          2|    1|          2|
    |emissions_blk_n_B   |   9|          2|    1|          2|
    |emissions_blk_n_W   |   9|          2|    1|          2|
    +--------------------+----+-----------+-----+-----------+
    |Total               |  36|          8|    4|          8|
    +--------------------+----+-----------+-----+-----------+

    * Register: 
    +------------------------------+----+----+-----+-----------+
    |             Name             | FF | LUT| Bits| Const Bits|
    +------------------------------+----+----+-----+-----------+
    |ap_CS_fsm                     |   1|   0|    1|          0|
    |ap_done_reg                   |   1|   0|    1|          0|
    |ap_enable_reg_pp0_iter1       |   1|   0|    1|          0|
    |ap_enable_reg_pp0_iter10      |   1|   0|    1|          0|
    |ap_enable_reg_pp0_iter11      |   1|   0|    1|          0|
    |ap_enable_reg_pp0_iter12      |   1|   0|    1|          0|
    |ap_enable_reg_pp0_iter13      |   1|   0|    1|          0|
    |ap_enable_reg_pp0_iter14      |   1|   0|    1|          0|
    |ap_enable_reg_pp0_iter15      |   1|   0|    1|          0|
    |ap_enable_reg_pp0_iter16      |   1|   0|    1|          0|
    |ap_enable_reg_pp0_iter17      |   1|   0|    1|          0|
    |ap_enable_reg_pp0_iter18      |   1|   0|    1|          0|
    |ap_enable_reg_pp0_iter2       |   1|   0|    1|          0|
    |ap_enable_reg_pp0_iter3       |   1|   0|    1|          0|
    |ap_enable_reg_pp0_iter4       |   1|   0|    1|          0|
    |ap_enable_reg_pp0_iter5       |   1|   0|    1|          0|
    |ap_enable_reg_pp0_iter6       |   1|   0|    1|          0|
    |ap_enable_reg_pp0_iter7       |   1|   0|    1|          0|
    |ap_enable_reg_pp0_iter8       |   1|   0|    1|          0|
    |ap_enable_reg_pp0_iter9       |   1|   0|    1|          0|
    |curr_imageProjs_read_reg_124  |  32|   0|   32|          0|
    |div_i_reg_145                 |  32|   0|   32|          0|
    |emissions_addr_reg_139        |  64|   0|   64|          0|
    |mul_i_reg_150                 |  32|   0|   32|          0|
    |projSumUsed_read_reg_134      |  32|   0|   32|          0|
    |sum_read_reg_129              |  32|   0|   32|          0|
    |emissions_addr_reg_139        |  64|  32|   64|          0|
    |sum_read_reg_129              |  64|  32|   32|          0|
    +------------------------------+----+----+-----+-----------+
    |Total                         | 372|  64|  340|          0|
    +------------------------------+----+----+-----+-----------+



================================================================
== Interface
================================================================
* Summary: 
+----------------------------+-----+-----+------------+-----------------+--------------+
|          RTL Ports         | Dir | Bits|  Protocol  |  Source Object  |    C Type    |
+----------------------------+-----+-----+------------+-----------------+--------------+
|ap_clk                      |   in|    1|  ap_ctrl_hs|     post_process|  return value|
|ap_rst                      |   in|    1|  ap_ctrl_hs|     post_process|  return value|
|ap_start                    |   in|    1|  ap_ctrl_hs|     post_process|  return value|
|ap_done                     |  out|    1|  ap_ctrl_hs|     post_process|  return value|
|ap_continue                 |   in|    1|  ap_ctrl_hs|     post_process|  return value|
|ap_idle                     |  out|    1|  ap_ctrl_hs|     post_process|  return value|
|ap_ready                    |  out|    1|  ap_ctrl_hs|     post_process|  return value|
|ap_ce                       |   in|    1|  ap_ctrl_hs|     post_process|  return value|
|m_axi_emissions_0_AWVALID   |  out|    1|       m_axi|        emissions|       pointer|
|m_axi_emissions_0_AWREADY   |   in|    1|       m_axi|        emissions|       pointer|
|m_axi_emissions_0_AWADDR    |  out|   64|       m_axi|        emissions|       pointer|
|m_axi_emissions_0_AWID      |  out|    1|       m_axi|        emissions|       pointer|
|m_axi_emissions_0_AWLEN     |  out|   32|       m_axi|        emissions|       pointer|
|m_axi_emissions_0_AWSIZE    |  out|    3|       m_axi|        emissions|       pointer|
|m_axi_emissions_0_AWBURST   |  out|    2|       m_axi|        emissions|       pointer|
|m_axi_emissions_0_AWLOCK    |  out|    2|       m_axi|        emissions|       pointer|
|m_axi_emissions_0_AWCACHE   |  out|    4|       m_axi|        emissions|       pointer|
|m_axi_emissions_0_AWPROT    |  out|    3|       m_axi|        emissions|       pointer|
|m_axi_emissions_0_AWQOS     |  out|    4|       m_axi|        emissions|       pointer|
|m_axi_emissions_0_AWREGION  |  out|    4|       m_axi|        emissions|       pointer|
|m_axi_emissions_0_AWUSER    |  out|    1|       m_axi|        emissions|       pointer|
|m_axi_emissions_0_WVALID    |  out|    1|       m_axi|        emissions|       pointer|
|m_axi_emissions_0_WREADY    |   in|    1|       m_axi|        emissions|       pointer|
|m_axi_emissions_0_WDATA     |  out|   32|       m_axi|        emissions|       pointer|
|m_axi_emissions_0_WSTRB     |  out|    4|       m_axi|        emissions|       pointer|
|m_axi_emissions_0_WLAST     |  out|    1|       m_axi|        emissions|       pointer|
|m_axi_emissions_0_WID       |  out|    1|       m_axi|        emissions|       pointer|
|m_axi_emissions_0_WUSER     |  out|    1|       m_axi|        emissions|       pointer|
|m_axi_emissions_0_ARVALID   |  out|    1|       m_axi|        emissions|       pointer|
|m_axi_emissions_0_ARREADY   |   in|    1|       m_axi|        emissions|       pointer|
|m_axi_emissions_0_ARADDR    |  out|   64|       m_axi|        emissions|       pointer|
|m_axi_emissions_0_ARID      |  out|    1|       m_axi|        emissions|       pointer|
|m_axi_emissions_0_ARLEN     |  out|   32|       m_axi|        emissions|       pointer|
|m_axi_emissions_0_ARSIZE    |  out|    3|       m_axi|        emissions|       pointer|
|m_axi_emissions_0_ARBURST   |  out|    2|       m_axi|        emissions|       pointer|
|m_axi_emissions_0_ARLOCK    |  out|    2|       m_axi|        emissions|       pointer|
|m_axi_emissions_0_ARCACHE   |  out|    4|       m_axi|        emissions|       pointer|
|m_axi_emissions_0_ARPROT    |  out|    3|       m_axi|        emissions|       pointer|
|m_axi_emissions_0_ARQOS     |  out|    4|       m_axi|        emissions|       pointer|
|m_axi_emissions_0_ARREGION  |  out|    4|       m_axi|        emissions|       pointer|
|m_axi_emissions_0_ARUSER    |  out|    1|       m_axi|        emissions|       pointer|
|m_axi_emissions_0_RVALID    |   in|    1|       m_axi|        emissions|       pointer|
|m_axi_emissions_0_RREADY    |  out|    1|       m_axi|        emissions|       pointer|
|m_axi_emissions_0_RDATA     |   in|   32|       m_axi|        emissions|       pointer|
|m_axi_emissions_0_RLAST     |   in|    1|       m_axi|        emissions|       pointer|
|m_axi_emissions_0_RID       |   in|    1|       m_axi|        emissions|       pointer|
|m_axi_emissions_0_RFIFONUM  |   in|    9|       m_axi|        emissions|       pointer|
|m_axi_emissions_0_RUSER     |   in|    1|       m_axi|        emissions|       pointer|
|m_axi_emissions_0_RRESP     |   in|    2|       m_axi|        emissions|       pointer|
|m_axi_emissions_0_BVALID    |   in|    1|       m_axi|        emissions|       pointer|
|m_axi_emissions_0_BREADY    |  out|    1|       m_axi|        emissions|       pointer|
|m_axi_emissions_0_BRESP     |   in|    2|       m_axi|        emissions|       pointer|
|m_axi_emissions_0_BID       |   in|    1|       m_axi|        emissions|       pointer|
|m_axi_emissions_0_BUSER     |   in|    1|       m_axi|        emissions|       pointer|
|projSumUsed                 |   in|   32|     ap_none|      projSumUsed|        scalar|
|sum                         |   in|   32|     ap_none|              sum|        scalar|
|curr_imageProjs             |   in|   32|     ap_none|  curr_imageProjs|        scalar|
|dout                        |   in|   64|     ap_none|             dout|        scalar|
+----------------------------+-----+-----+------------+-----------------+--------------+

