

================================================================
== Vitis HLS Report for 'reconstruct'
================================================================
* Date:           Sat Jul 26 18:46:28 2025

* Version:        2024.2 (Build 5238294 on Nov  8 2024)
* Project:        reconstruct
* Solution:       hls (Vivado IP Flow Target)
* Product family: zynquplusRFSOC
* Target device:  xczu49dr-ffvf1760-2-e


================================================================
== Performance Estimates
================================================================
+ Timing: 
    * Summary: 
    +--------+----------+----------+------------+
    |  Clock |  Target  | Estimated| Uncertainty|
    +--------+----------+----------+------------+
    |ap_clk  |  10.00 ns|  8.275 ns|     2.70 ns|
    +--------+----------+----------+------------+

+ Latency: 
    * Summary: 
    +---------+---------+-----------+-----------+---------+---------+---------+
    |  Latency (cycles) |   Latency (absolute)  |      Interval     | Pipeline|
    |   min   |   max   |    min    |    max    |   min   |   max   |   Type  |
    +---------+---------+-----------+-----------+---------+---------+---------+
    |  1004633|  1004633|  10.046 ms|  10.046 ms|  1004634|  1004634|       no|
    +---------+---------+-----------+-----------+---------+---------+---------+

    + Detail: 
        * Instance: 
        +----------------------------------------+-------------------------------------+---------+---------+-----------+-----------+-----+-----+----------+
        |                                        |                                     |  Latency (cycles) |   Latency (absolute)  |  Interval | Pipeline |
        |                Instance                |                Module               |   min   |   max   |    min    |    max    | min | max |   Type   |
        +----------------------------------------+-------------------------------------+---------+---------+-----------+-----------+-----+-----+----------+
        |dataflow_in_loop_VITIS_LOOP_241_1_1_U0  |dataflow_in_loop_VITIS_LOOP_241_1_1  |     1067|     1067|  10.670 us|  10.670 us|  981|  981|  dataflow|
        +----------------------------------------+-------------------------------------+---------+---------+-----------+-----------+-----+-----+----------+

        * Loop: 
        +--------------------+---------+---------+----------+-----------+-----------+------+----------+
        |                    |  Latency (cycles) | Iteration|  Initiation Interval  | Trip |          |
        |      Loop Name     |   min   |   max   |  Latency |  achieved |   target  | Count| Pipelined|
        +--------------------+---------+---------+----------+-----------+-----------+------+----------+
        |- VITIS_LOOP_241_1  |  1004632|  1004632|      1070|          -|          -|  1024|        no|
        +--------------------+---------+---------+----------+-----------+-----------+------+----------+



================================================================
== Utilization Estimates
================================================================
* Summary: 
+-----------------+---------+------+--------+--------+-----+
|       Name      | BRAM_18K|  DSP |   FF   |   LUT  | URAM|
+-----------------+---------+------+--------+--------+-----+
|DSP              |        -|     -|       -|       -|    -|
|Expression       |        -|     -|       0|     160|    -|
|FIFO             |        -|     -|       -|       -|    -|
|Instance         |       39|  2053|  516786|  311248|    0|
|Memory           |        -|     -|       -|       -|    -|
|Multiplexer      |        -|     -|       0|      27|    -|
|Register         |        -|     -|      65|       -|    -|
+-----------------+---------+------+--------+--------+-----+
|Total            |       39|  2053|  516851|  311435|    0|
+-----------------+---------+------+--------+--------+-----+
|Available        |     2160|  4272|  850560|  425280|   80|
+-----------------+---------+------+--------+--------+-----+
|Utilization (%)  |        1|    48|      60|      73|    0|
+-----------------+---------+------+--------+--------+-----+

+ Detail: 
    * Instance: 
    +----------------------------------------+-------------------------------------+---------+------+--------+--------+-----+
    |                Instance                |                Module               | BRAM_18K|  DSP |   FF   |   LUT  | URAM|
    +----------------------------------------+-------------------------------------+---------+------+--------+--------+-----+
    |atomLocations_m_axi_U                   |atomLocations_m_axi                  |        4|     0|     725|     823|    0|
    |control_s_axi_U                         |control_s_axi                        |        0|     0|     456|     808|    0|
    |dataflow_in_loop_VITIS_LOOP_241_1_1_U0  |dataflow_in_loop_VITIS_LOOP_241_1_1  |        0|  2053|  510742|  306650|    0|
    |emissions_m_axi_U                       |emissions_m_axi                      |        2|     0|     665|     625|    0|
    |fullImage_m_axi_U                       |fullImage_m_axi                      |       29|     0|    2560|     580|    0|
    |imageProjs_local_m_axi_U                |imageProjs_local_m_axi               |        2|     0|     671|     637|    0|
    |imageProjs_m_axi_U                      |imageProjs_m_axi                     |        2|     0|     671|     637|    0|
    |scalar_data_s_axi_U                     |scalar_data_s_axi                    |        0|     0|     296|     488|    0|
    +----------------------------------------+-------------------------------------+---------+------+--------+--------+-----+
    |Total                                   |                                     |       39|  2053|  516786|  311248|    0|
    +----------------------------------------+-------------------------------------+---------+------+--------+--------+-----+

    * DSP: 
    N/A

    * Memory: 
    N/A

    * FIFO: 
    N/A

    * Expression: 
    +-------------------------------+----------+----+---+----+------------+------------+
    |         Variable Name         | Operation| DSP| FF| LUT| Bitwidth P0| Bitwidth P1|
    +-------------------------------+----------+----+---+----+------------+------------+
    |ap_loop_dataflow_input_count   |         +|   0|  0|  39|          32|           1|
    |ap_loop_dataflow_output_count  |         +|   0|  0|  39|          32|           1|
    |ap_bound_minus_1               |         -|   0|  0|  39|          32|           1|
    |ap_bound_minus_1_output        |         -|   0|  0|  39|          32|           1|
    |ap_bound_read                  |       and|   0|  0|   2|           1|           1|
    |ap_bound_ack                   |        or|   0|  0|   2|           1|           1|
    +-------------------------------+----------+----+---+----+------------+------------+
    |Total                          |          |   0|  0| 160|         130|           6|
    +-------------------------------+----------+----+---+----+------------+------------+

    * Multiplexer: 
    +-------------------------------+----+-----------+-----+-----------+
    |              Name             | LUT| Input Size| Bits| Total Bits|
    +-------------------------------+----+-----------+-----+-----------+
    |ap_bound_reg_ack               |   9|          2|    1|          2|
    |ap_loop_dataflow_input_count   |   9|          2|   32|         64|
    |ap_loop_dataflow_output_count  |   9|          2|   32|         64|
    +-------------------------------+----+-----------+-----+-----------+
    |Total                          |  27|          6|   65|        130|
    +-------------------------------+----+-----------+-----+-----------+

    * Register: 
    +-------------------------------+----+----+-----+-----------+
    |              Name             | FF | LUT| Bits| Const Bits|
    +-------------------------------+----+----+-----+-----------+
    |ap_bound_reg_ack               |   1|   0|    1|          0|
    |ap_loop_dataflow_input_count   |  32|   0|   32|          0|
    |ap_loop_dataflow_output_count  |  32|   0|   32|          0|
    +-------------------------------+----+----+-----+-----------+
    |Total                          |  65|   0|   65|          0|
    +-------------------------------+----+----+-----+-----------+



================================================================
== Interface
================================================================
* Summary: 
+--------------------------------------+-----+------+------------+-----------------------+--------------+
|               RTL Ports              | Dir | Bits |  Protocol  |     Source Object     |    C Type    |
+--------------------------------------+-----+------+------------+-----------------------+--------------+
|s_axi_control_AWVALID                 |   in|     1|       s_axi|                control|        scalar|
|s_axi_control_AWREADY                 |  out|     1|       s_axi|                control|        scalar|
|s_axi_control_AWADDR                  |   in|     7|       s_axi|                control|        scalar|
|s_axi_control_WVALID                  |   in|     1|       s_axi|                control|        scalar|
|s_axi_control_WREADY                  |  out|     1|       s_axi|                control|        scalar|
|s_axi_control_WDATA                   |   in|    32|       s_axi|                control|        scalar|
|s_axi_control_WSTRB                   |   in|     4|       s_axi|                control|        scalar|
|s_axi_control_ARVALID                 |   in|     1|       s_axi|                control|        scalar|
|s_axi_control_ARREADY                 |  out|     1|       s_axi|                control|        scalar|
|s_axi_control_ARADDR                  |   in|     7|       s_axi|                control|        scalar|
|s_axi_control_RVALID                  |  out|     1|       s_axi|                control|        scalar|
|s_axi_control_RREADY                  |   in|     1|       s_axi|                control|        scalar|
|s_axi_control_RDATA                   |  out|    32|       s_axi|                control|        scalar|
|s_axi_control_RRESP                   |  out|     2|       s_axi|                control|        scalar|
|s_axi_control_BVALID                  |  out|     1|       s_axi|                control|        scalar|
|s_axi_control_BREADY                  |   in|     1|       s_axi|                control|        scalar|
|s_axi_control_BRESP                   |  out|     2|       s_axi|                control|        scalar|
|s_axi_scalar_data_AWVALID             |   in|     1|       s_axi|            scalar_data|        scalar|
|s_axi_scalar_data_AWREADY             |  out|     1|       s_axi|            scalar_data|        scalar|
|s_axi_scalar_data_AWADDR              |   in|     7|       s_axi|            scalar_data|        scalar|
|s_axi_scalar_data_WVALID              |   in|     1|       s_axi|            scalar_data|        scalar|
|s_axi_scalar_data_WREADY              |  out|     1|       s_axi|            scalar_data|        scalar|
|s_axi_scalar_data_WDATA               |   in|    32|       s_axi|            scalar_data|        scalar|
|s_axi_scalar_data_WSTRB               |   in|     4|       s_axi|            scalar_data|        scalar|
|s_axi_scalar_data_ARVALID             |   in|     1|       s_axi|            scalar_data|        scalar|
|s_axi_scalar_data_ARREADY             |  out|     1|       s_axi|            scalar_data|        scalar|
|s_axi_scalar_data_ARADDR              |   in|     7|       s_axi|            scalar_data|        scalar|
|s_axi_scalar_data_RVALID              |  out|     1|       s_axi|            scalar_data|        scalar|
|s_axi_scalar_data_RREADY              |   in|     1|       s_axi|            scalar_data|        scalar|
|s_axi_scalar_data_RDATA               |  out|    32|       s_axi|            scalar_data|        scalar|
|s_axi_scalar_data_RRESP               |  out|     2|       s_axi|            scalar_data|        scalar|
|s_axi_scalar_data_BVALID              |  out|     1|       s_axi|            scalar_data|        scalar|
|s_axi_scalar_data_BREADY              |   in|     1|       s_axi|            scalar_data|        scalar|
|s_axi_scalar_data_BRESP               |  out|     2|       s_axi|            scalar_data|        scalar|
|ap_clk                                |   in|     1|  ap_ctrl_hs|            reconstruct|  return value|
|ap_rst_n                              |   in|     1|  ap_ctrl_hs|            reconstruct|  return value|
|interrupt                             |  out|     1|  ap_ctrl_hs|            reconstruct|  return value|
|m_axi_atomLocations_AWVALID           |  out|     1|       m_axi|          atomLocations|       pointer|
|m_axi_atomLocations_AWREADY           |   in|     1|       m_axi|          atomLocations|       pointer|
|m_axi_atomLocations_AWADDR            |  out|    64|       m_axi|          atomLocations|       pointer|
|m_axi_atomLocations_AWID              |  out|     1|       m_axi|          atomLocations|       pointer|
|m_axi_atomLocations_AWLEN             |  out|     8|       m_axi|          atomLocations|       pointer|
|m_axi_atomLocations_AWSIZE            |  out|     3|       m_axi|          atomLocations|       pointer|
|m_axi_atomLocations_AWBURST           |  out|     2|       m_axi|          atomLocations|       pointer|
|m_axi_atomLocations_AWLOCK            |  out|     2|       m_axi|          atomLocations|       pointer|
|m_axi_atomLocations_AWCACHE           |  out|     4|       m_axi|          atomLocations|       pointer|
|m_axi_atomLocations_AWPROT            |  out|     3|       m_axi|          atomLocations|       pointer|
|m_axi_atomLocations_AWQOS             |  out|     4|       m_axi|          atomLocations|       pointer|
|m_axi_atomLocations_AWREGION          |  out|     4|       m_axi|          atomLocations|       pointer|
|m_axi_atomLocations_AWUSER            |  out|     1|       m_axi|          atomLocations|       pointer|
|m_axi_atomLocations_WVALID            |  out|     1|       m_axi|          atomLocations|       pointer|
|m_axi_atomLocations_WREADY            |   in|     1|       m_axi|          atomLocations|       pointer|
|m_axi_atomLocations_WDATA             |  out|    64|       m_axi|          atomLocations|       pointer|
|m_axi_atomLocations_WSTRB             |  out|     8|       m_axi|          atomLocations|       pointer|
|m_axi_atomLocations_WLAST             |  out|     1|       m_axi|          atomLocations|       pointer|
|m_axi_atomLocations_WID               |  out|     1|       m_axi|          atomLocations|       pointer|
|m_axi_atomLocations_WUSER             |  out|     1|       m_axi|          atomLocations|       pointer|
|m_axi_atomLocations_ARVALID           |  out|     1|       m_axi|          atomLocations|       pointer|
|m_axi_atomLocations_ARREADY           |   in|     1|       m_axi|          atomLocations|       pointer|
|m_axi_atomLocations_ARADDR            |  out|    64|       m_axi|          atomLocations|       pointer|
|m_axi_atomLocations_ARID              |  out|     1|       m_axi|          atomLocations|       pointer|
|m_axi_atomLocations_ARLEN             |  out|     8|       m_axi|          atomLocations|       pointer|
|m_axi_atomLocations_ARSIZE            |  out|     3|       m_axi|          atomLocations|       pointer|
|m_axi_atomLocations_ARBURST           |  out|     2|       m_axi|          atomLocations|       pointer|
|m_axi_atomLocations_ARLOCK            |  out|     2|       m_axi|          atomLocations|       pointer|
|m_axi_atomLocations_ARCACHE           |  out|     4|       m_axi|          atomLocations|       pointer|
|m_axi_atomLocations_ARPROT            |  out|     3|       m_axi|          atomLocations|       pointer|
|m_axi_atomLocations_ARQOS             |  out|     4|       m_axi|          atomLocations|       pointer|
|m_axi_atomLocations_ARREGION          |  out|     4|       m_axi|          atomLocations|       pointer|
|m_axi_atomLocations_ARUSER            |  out|     1|       m_axi|          atomLocations|       pointer|
|m_axi_atomLocations_RVALID            |   in|     1|       m_axi|          atomLocations|       pointer|
|m_axi_atomLocations_RREADY            |  out|     1|       m_axi|          atomLocations|       pointer|
|m_axi_atomLocations_RDATA             |   in|    64|       m_axi|          atomLocations|       pointer|
|m_axi_atomLocations_RLAST             |   in|     1|       m_axi|          atomLocations|       pointer|
|m_axi_atomLocations_RID               |   in|     1|       m_axi|          atomLocations|       pointer|
|m_axi_atomLocations_RUSER             |   in|     1|       m_axi|          atomLocations|       pointer|
|m_axi_atomLocations_RRESP             |   in|     2|       m_axi|          atomLocations|       pointer|
|m_axi_atomLocations_BVALID            |   in|     1|       m_axi|          atomLocations|       pointer|
|m_axi_atomLocations_BREADY            |  out|     1|       m_axi|          atomLocations|       pointer|
|m_axi_atomLocations_BRESP             |   in|     2|       m_axi|          atomLocations|       pointer|
|m_axi_atomLocations_BID               |   in|     1|       m_axi|          atomLocations|       pointer|
|m_axi_atomLocations_BUSER             |   in|     1|       m_axi|          atomLocations|       pointer|
|m_axi_emissions_AWVALID               |  out|     1|       m_axi|              emissions|       pointer|
|m_axi_emissions_AWREADY               |   in|     1|       m_axi|              emissions|       pointer|
|m_axi_emissions_AWADDR                |  out|    64|       m_axi|              emissions|       pointer|
|m_axi_emissions_AWID                  |  out|     1|       m_axi|              emissions|       pointer|
|m_axi_emissions_AWLEN                 |  out|     8|       m_axi|              emissions|       pointer|
|m_axi_emissions_AWSIZE                |  out|     3|       m_axi|              emissions|       pointer|
|m_axi_emissions_AWBURST               |  out|     2|       m_axi|              emissions|       pointer|
|m_axi_emissions_AWLOCK                |  out|     2|       m_axi|              emissions|       pointer|
|m_axi_emissions_AWCACHE               |  out|     4|       m_axi|              emissions|       pointer|
|m_axi_emissions_AWPROT                |  out|     3|       m_axi|              emissions|       pointer|
|m_axi_emissions_AWQOS                 |  out|     4|       m_axi|              emissions|       pointer|
|m_axi_emissions_AWREGION              |  out|     4|       m_axi|              emissions|       pointer|
|m_axi_emissions_AWUSER                |  out|     1|       m_axi|              emissions|       pointer|
|m_axi_emissions_WVALID                |  out|     1|       m_axi|              emissions|       pointer|
|m_axi_emissions_WREADY                |   in|     1|       m_axi|              emissions|       pointer|
|m_axi_emissions_WDATA                 |  out|    32|       m_axi|              emissions|       pointer|
|m_axi_emissions_WSTRB                 |  out|     4|       m_axi|              emissions|       pointer|
|m_axi_emissions_WLAST                 |  out|     1|       m_axi|              emissions|       pointer|
|m_axi_emissions_WID                   |  out|     1|       m_axi|              emissions|       pointer|
|m_axi_emissions_WUSER                 |  out|     1|       m_axi|              emissions|       pointer|
|m_axi_emissions_ARVALID               |  out|     1|       m_axi|              emissions|       pointer|
|m_axi_emissions_ARREADY               |   in|     1|       m_axi|              emissions|       pointer|
|m_axi_emissions_ARADDR                |  out|    64|       m_axi|              emissions|       pointer|
|m_axi_emissions_ARID                  |  out|     1|       m_axi|              emissions|       pointer|
|m_axi_emissions_ARLEN                 |  out|     8|       m_axi|              emissions|       pointer|
|m_axi_emissions_ARSIZE                |  out|     3|       m_axi|              emissions|       pointer|
|m_axi_emissions_ARBURST               |  out|     2|       m_axi|              emissions|       pointer|
|m_axi_emissions_ARLOCK                |  out|     2|       m_axi|              emissions|       pointer|
|m_axi_emissions_ARCACHE               |  out|     4|       m_axi|              emissions|       pointer|
|m_axi_emissions_ARPROT                |  out|     3|       m_axi|              emissions|       pointer|
|m_axi_emissions_ARQOS                 |  out|     4|       m_axi|              emissions|       pointer|
|m_axi_emissions_ARREGION              |  out|     4|       m_axi|              emissions|       pointer|
|m_axi_emissions_ARUSER                |  out|     1|       m_axi|              emissions|       pointer|
|m_axi_emissions_RVALID                |   in|     1|       m_axi|              emissions|       pointer|
|m_axi_emissions_RREADY                |  out|     1|       m_axi|              emissions|       pointer|
|m_axi_emissions_RDATA                 |   in|    32|       m_axi|              emissions|       pointer|
|m_axi_emissions_RLAST                 |   in|     1|       m_axi|              emissions|       pointer|
|m_axi_emissions_RID                   |   in|     1|       m_axi|              emissions|       pointer|
|m_axi_emissions_RUSER                 |   in|     1|       m_axi|              emissions|       pointer|
|m_axi_emissions_RRESP                 |   in|     2|       m_axi|              emissions|       pointer|
|m_axi_emissions_BVALID                |   in|     1|       m_axi|              emissions|       pointer|
|m_axi_emissions_BREADY                |  out|     1|       m_axi|              emissions|       pointer|
|m_axi_emissions_BRESP                 |   in|     2|       m_axi|              emissions|       pointer|
|m_axi_emissions_BID                   |   in|     1|       m_axi|              emissions|       pointer|
|m_axi_emissions_BUSER                 |   in|     1|       m_axi|              emissions|       pointer|
|m_axi_fullImage_AWVALID               |  out|     1|       m_axi|              fullImage|       pointer|
|m_axi_fullImage_AWREADY               |   in|     1|       m_axi|              fullImage|       pointer|
|m_axi_fullImage_AWADDR                |  out|    64|       m_axi|              fullImage|       pointer|
|m_axi_fullImage_AWID                  |  out|     1|       m_axi|              fullImage|       pointer|
|m_axi_fullImage_AWLEN                 |  out|     8|       m_axi|              fullImage|       pointer|
|m_axi_fullImage_AWSIZE                |  out|     3|       m_axi|              fullImage|       pointer|
|m_axi_fullImage_AWBURST               |  out|     2|       m_axi|              fullImage|       pointer|
|m_axi_fullImage_AWLOCK                |  out|     2|       m_axi|              fullImage|       pointer|
|m_axi_fullImage_AWCACHE               |  out|     4|       m_axi|              fullImage|       pointer|
|m_axi_fullImage_AWPROT                |  out|     3|       m_axi|              fullImage|       pointer|
|m_axi_fullImage_AWQOS                 |  out|     4|       m_axi|              fullImage|       pointer|
|m_axi_fullImage_AWREGION              |  out|     4|       m_axi|              fullImage|       pointer|
|m_axi_fullImage_AWUSER                |  out|     1|       m_axi|              fullImage|       pointer|
|m_axi_fullImage_WVALID                |  out|     1|       m_axi|              fullImage|       pointer|
|m_axi_fullImage_WREADY                |   in|     1|       m_axi|              fullImage|       pointer|
|m_axi_fullImage_WDATA                 |  out|  1024|       m_axi|              fullImage|       pointer|
|m_axi_fullImage_WSTRB                 |  out|   128|       m_axi|              fullImage|       pointer|
|m_axi_fullImage_WLAST                 |  out|     1|       m_axi|              fullImage|       pointer|
|m_axi_fullImage_WID                   |  out|     1|       m_axi|              fullImage|       pointer|
|m_axi_fullImage_WUSER                 |  out|     1|       m_axi|              fullImage|       pointer|
|m_axi_fullImage_ARVALID               |  out|     1|       m_axi|              fullImage|       pointer|
|m_axi_fullImage_ARREADY               |   in|     1|       m_axi|              fullImage|       pointer|
|m_axi_fullImage_ARADDR                |  out|    64|       m_axi|              fullImage|       pointer|
|m_axi_fullImage_ARID                  |  out|     1|       m_axi|              fullImage|       pointer|
|m_axi_fullImage_ARLEN                 |  out|     8|       m_axi|              fullImage|       pointer|
|m_axi_fullImage_ARSIZE                |  out|     3|       m_axi|              fullImage|       pointer|
|m_axi_fullImage_ARBURST               |  out|     2|       m_axi|              fullImage|       pointer|
|m_axi_fullImage_ARLOCK                |  out|     2|       m_axi|              fullImage|       pointer|
|m_axi_fullImage_ARCACHE               |  out|     4|       m_axi|              fullImage|       pointer|
|m_axi_fullImage_ARPROT                |  out|     3|       m_axi|              fullImage|       pointer|
|m_axi_fullImage_ARQOS                 |  out|     4|       m_axi|              fullImage|       pointer|
|m_axi_fullImage_ARREGION              |  out|     4|       m_axi|              fullImage|       pointer|
|m_axi_fullImage_ARUSER                |  out|     1|       m_axi|              fullImage|       pointer|
|m_axi_fullImage_RVALID                |   in|     1|       m_axi|              fullImage|       pointer|
|m_axi_fullImage_RREADY                |  out|     1|       m_axi|              fullImage|       pointer|
|m_axi_fullImage_RDATA                 |   in|  1024|       m_axi|              fullImage|       pointer|
|m_axi_fullImage_RLAST                 |   in|     1|       m_axi|              fullImage|       pointer|
|m_axi_fullImage_RID                   |   in|     1|       m_axi|              fullImage|       pointer|
|m_axi_fullImage_RUSER                 |   in|     1|       m_axi|              fullImage|       pointer|
|m_axi_fullImage_RRESP                 |   in|     2|       m_axi|              fullImage|       pointer|
|m_axi_fullImage_BVALID                |   in|     1|       m_axi|              fullImage|       pointer|
|m_axi_fullImage_BREADY                |  out|     1|       m_axi|              fullImage|       pointer|
|m_axi_fullImage_BRESP                 |   in|     2|       m_axi|              fullImage|       pointer|
|m_axi_fullImage_BID                   |   in|     1|       m_axi|              fullImage|       pointer|
|m_axi_fullImage_BUSER                 |   in|     1|       m_axi|              fullImage|       pointer|
|m_axi_imageProjs_AWVALID              |  out|     1|       m_axi|             imageProjs|       pointer|
|m_axi_imageProjs_AWREADY              |   in|     1|       m_axi|             imageProjs|       pointer|
|m_axi_imageProjs_AWADDR               |  out|    64|       m_axi|             imageProjs|       pointer|
|m_axi_imageProjs_AWID                 |  out|     1|       m_axi|             imageProjs|       pointer|
|m_axi_imageProjs_AWLEN                |  out|     8|       m_axi|             imageProjs|       pointer|
|m_axi_imageProjs_AWSIZE               |  out|     3|       m_axi|             imageProjs|       pointer|
|m_axi_imageProjs_AWBURST              |  out|     2|       m_axi|             imageProjs|       pointer|
|m_axi_imageProjs_AWLOCK               |  out|     2|       m_axi|             imageProjs|       pointer|
|m_axi_imageProjs_AWCACHE              |  out|     4|       m_axi|             imageProjs|       pointer|
|m_axi_imageProjs_AWPROT               |  out|     3|       m_axi|             imageProjs|       pointer|
|m_axi_imageProjs_AWQOS                |  out|     4|       m_axi|             imageProjs|       pointer|
|m_axi_imageProjs_AWREGION             |  out|     4|       m_axi|             imageProjs|       pointer|
|m_axi_imageProjs_AWUSER               |  out|     1|       m_axi|             imageProjs|       pointer|
|m_axi_imageProjs_WVALID               |  out|     1|       m_axi|             imageProjs|       pointer|
|m_axi_imageProjs_WREADY               |   in|     1|       m_axi|             imageProjs|       pointer|
|m_axi_imageProjs_WDATA                |  out|    32|       m_axi|             imageProjs|       pointer|
|m_axi_imageProjs_WSTRB                |  out|     4|       m_axi|             imageProjs|       pointer|
|m_axi_imageProjs_WLAST                |  out|     1|       m_axi|             imageProjs|       pointer|
|m_axi_imageProjs_WID                  |  out|     1|       m_axi|             imageProjs|       pointer|
|m_axi_imageProjs_WUSER                |  out|     1|       m_axi|             imageProjs|       pointer|
|m_axi_imageProjs_ARVALID              |  out|     1|       m_axi|             imageProjs|       pointer|
|m_axi_imageProjs_ARREADY              |   in|     1|       m_axi|             imageProjs|       pointer|
|m_axi_imageProjs_ARADDR               |  out|    64|       m_axi|             imageProjs|       pointer|
|m_axi_imageProjs_ARID                 |  out|     1|       m_axi|             imageProjs|       pointer|
|m_axi_imageProjs_ARLEN                |  out|     8|       m_axi|             imageProjs|       pointer|
|m_axi_imageProjs_ARSIZE               |  out|     3|       m_axi|             imageProjs|       pointer|
|m_axi_imageProjs_ARBURST              |  out|     2|       m_axi|             imageProjs|       pointer|
|m_axi_imageProjs_ARLOCK               |  out|     2|       m_axi|             imageProjs|       pointer|
|m_axi_imageProjs_ARCACHE              |  out|     4|       m_axi|             imageProjs|       pointer|
|m_axi_imageProjs_ARPROT               |  out|     3|       m_axi|             imageProjs|       pointer|
|m_axi_imageProjs_ARQOS                |  out|     4|       m_axi|             imageProjs|       pointer|
|m_axi_imageProjs_ARREGION             |  out|     4|       m_axi|             imageProjs|       pointer|
|m_axi_imageProjs_ARUSER               |  out|     1|       m_axi|             imageProjs|       pointer|
|m_axi_imageProjs_RVALID               |   in|     1|       m_axi|             imageProjs|       pointer|
|m_axi_imageProjs_RREADY               |  out|     1|       m_axi|             imageProjs|       pointer|
|m_axi_imageProjs_RDATA                |   in|    32|       m_axi|             imageProjs|       pointer|
|m_axi_imageProjs_RLAST                |   in|     1|       m_axi|             imageProjs|       pointer|
|m_axi_imageProjs_RID                  |   in|     1|       m_axi|             imageProjs|       pointer|
|m_axi_imageProjs_RUSER                |   in|     1|       m_axi|             imageProjs|       pointer|
|m_axi_imageProjs_RRESP                |   in|     2|       m_axi|             imageProjs|       pointer|
|m_axi_imageProjs_BVALID               |   in|     1|       m_axi|             imageProjs|       pointer|
|m_axi_imageProjs_BREADY               |  out|     1|       m_axi|             imageProjs|       pointer|
|m_axi_imageProjs_BRESP                |   in|     2|       m_axi|             imageProjs|       pointer|
|m_axi_imageProjs_BID                  |   in|     1|       m_axi|             imageProjs|       pointer|
|m_axi_imageProjs_BUSER                |   in|     1|       m_axi|             imageProjs|       pointer|
|m_axi_imageProjs_local_AWVALID        |  out|     1|       m_axi|       imageProjs_local|       pointer|
|m_axi_imageProjs_local_AWREADY        |   in|     1|       m_axi|       imageProjs_local|       pointer|
|m_axi_imageProjs_local_AWADDR         |  out|    64|       m_axi|       imageProjs_local|       pointer|
|m_axi_imageProjs_local_AWID           |  out|     1|       m_axi|       imageProjs_local|       pointer|
|m_axi_imageProjs_local_AWLEN          |  out|     8|       m_axi|       imageProjs_local|       pointer|
|m_axi_imageProjs_local_AWSIZE         |  out|     3|       m_axi|       imageProjs_local|       pointer|
|m_axi_imageProjs_local_AWBURST        |  out|     2|       m_axi|       imageProjs_local|       pointer|
|m_axi_imageProjs_local_AWLOCK         |  out|     2|       m_axi|       imageProjs_local|       pointer|
|m_axi_imageProjs_local_AWCACHE        |  out|     4|       m_axi|       imageProjs_local|       pointer|
|m_axi_imageProjs_local_AWPROT         |  out|     3|       m_axi|       imageProjs_local|       pointer|
|m_axi_imageProjs_local_AWQOS          |  out|     4|       m_axi|       imageProjs_local|       pointer|
|m_axi_imageProjs_local_AWREGION       |  out|     4|       m_axi|       imageProjs_local|       pointer|
|m_axi_imageProjs_local_AWUSER         |  out|     1|       m_axi|       imageProjs_local|       pointer|
|m_axi_imageProjs_local_WVALID         |  out|     1|       m_axi|       imageProjs_local|       pointer|
|m_axi_imageProjs_local_WREADY         |   in|     1|       m_axi|       imageProjs_local|       pointer|
|m_axi_imageProjs_local_WDATA          |  out|    32|       m_axi|       imageProjs_local|       pointer|
|m_axi_imageProjs_local_WSTRB          |  out|     4|       m_axi|       imageProjs_local|       pointer|
|m_axi_imageProjs_local_WLAST          |  out|     1|       m_axi|       imageProjs_local|       pointer|
|m_axi_imageProjs_local_WID            |  out|     1|       m_axi|       imageProjs_local|       pointer|
|m_axi_imageProjs_local_WUSER          |  out|     1|       m_axi|       imageProjs_local|       pointer|
|m_axi_imageProjs_local_ARVALID        |  out|     1|       m_axi|       imageProjs_local|       pointer|
|m_axi_imageProjs_local_ARREADY        |   in|     1|       m_axi|       imageProjs_local|       pointer|
|m_axi_imageProjs_local_ARADDR         |  out|    64|       m_axi|       imageProjs_local|       pointer|
|m_axi_imageProjs_local_ARID           |  out|     1|       m_axi|       imageProjs_local|       pointer|
|m_axi_imageProjs_local_ARLEN          |  out|     8|       m_axi|       imageProjs_local|       pointer|
|m_axi_imageProjs_local_ARSIZE         |  out|     3|       m_axi|       imageProjs_local|       pointer|
|m_axi_imageProjs_local_ARBURST        |  out|     2|       m_axi|       imageProjs_local|       pointer|
|m_axi_imageProjs_local_ARLOCK         |  out|     2|       m_axi|       imageProjs_local|       pointer|
|m_axi_imageProjs_local_ARCACHE        |  out|     4|       m_axi|       imageProjs_local|       pointer|
|m_axi_imageProjs_local_ARPROT         |  out|     3|       m_axi|       imageProjs_local|       pointer|
|m_axi_imageProjs_local_ARQOS          |  out|     4|       m_axi|       imageProjs_local|       pointer|
|m_axi_imageProjs_local_ARREGION       |  out|     4|       m_axi|       imageProjs_local|       pointer|
|m_axi_imageProjs_local_ARUSER         |  out|     1|       m_axi|       imageProjs_local|       pointer|
|m_axi_imageProjs_local_RVALID         |   in|     1|       m_axi|       imageProjs_local|       pointer|
|m_axi_imageProjs_local_RREADY         |  out|     1|       m_axi|       imageProjs_local|       pointer|
|m_axi_imageProjs_local_RDATA          |   in|    32|       m_axi|       imageProjs_local|       pointer|
|m_axi_imageProjs_local_RLAST          |   in|     1|       m_axi|       imageProjs_local|       pointer|
|m_axi_imageProjs_local_RID            |   in|     1|       m_axi|       imageProjs_local|       pointer|
|m_axi_imageProjs_local_RUSER          |   in|     1|       m_axi|       imageProjs_local|       pointer|
|m_axi_imageProjs_local_RRESP          |   in|     2|       m_axi|       imageProjs_local|       pointer|
|m_axi_imageProjs_local_BVALID         |   in|     1|       m_axi|       imageProjs_local|       pointer|
|m_axi_imageProjs_local_BREADY         |  out|     1|       m_axi|       imageProjs_local|       pointer|
|m_axi_imageProjs_local_BRESP          |   in|     2|       m_axi|       imageProjs_local|       pointer|
|m_axi_imageProjs_local_BID            |   in|     1|       m_axi|       imageProjs_local|       pointer|
|m_axi_imageProjs_local_BUSER          |   in|     1|       m_axi|       imageProjs_local|       pointer|
|m_axi_imageProjs_local_size_AWVALID   |  out|     1|       m_axi|  imageProjs_local_size|       pointer|
|m_axi_imageProjs_local_size_AWREADY   |   in|     1|       m_axi|  imageProjs_local_size|       pointer|
|m_axi_imageProjs_local_size_AWADDR    |  out|    64|       m_axi|  imageProjs_local_size|       pointer|
|m_axi_imageProjs_local_size_AWID      |  out|     1|       m_axi|  imageProjs_local_size|       pointer|
|m_axi_imageProjs_local_size_AWLEN     |  out|     8|       m_axi|  imageProjs_local_size|       pointer|
|m_axi_imageProjs_local_size_AWSIZE    |  out|     3|       m_axi|  imageProjs_local_size|       pointer|
|m_axi_imageProjs_local_size_AWBURST   |  out|     2|       m_axi|  imageProjs_local_size|       pointer|
|m_axi_imageProjs_local_size_AWLOCK    |  out|     2|       m_axi|  imageProjs_local_size|       pointer|
|m_axi_imageProjs_local_size_AWCACHE   |  out|     4|       m_axi|  imageProjs_local_size|       pointer|
|m_axi_imageProjs_local_size_AWPROT    |  out|     3|       m_axi|  imageProjs_local_size|       pointer|
|m_axi_imageProjs_local_size_AWQOS     |  out|     4|       m_axi|  imageProjs_local_size|       pointer|
|m_axi_imageProjs_local_size_AWREGION  |  out|     4|       m_axi|  imageProjs_local_size|       pointer|
|m_axi_imageProjs_local_size_AWUSER    |  out|     1|       m_axi|  imageProjs_local_size|       pointer|
|m_axi_imageProjs_local_size_WVALID    |  out|     1|       m_axi|  imageProjs_local_size|       pointer|
|m_axi_imageProjs_local_size_WREADY    |   in|     1|       m_axi|  imageProjs_local_size|       pointer|
|m_axi_imageProjs_local_size_WDATA     |  out|    32|       m_axi|  imageProjs_local_size|       pointer|
|m_axi_imageProjs_local_size_WSTRB     |  out|     4|       m_axi|  imageProjs_local_size|       pointer|
|m_axi_imageProjs_local_size_WLAST     |  out|     1|       m_axi|  imageProjs_local_size|       pointer|
|m_axi_imageProjs_local_size_WID       |  out|     1|       m_axi|  imageProjs_local_size|       pointer|
|m_axi_imageProjs_local_size_WUSER     |  out|     1|       m_axi|  imageProjs_local_size|       pointer|
|m_axi_imageProjs_local_size_ARVALID   |  out|     1|       m_axi|  imageProjs_local_size|       pointer|
|m_axi_imageProjs_local_size_ARREADY   |   in|     1|       m_axi|  imageProjs_local_size|       pointer|
|m_axi_imageProjs_local_size_ARADDR    |  out|    64|       m_axi|  imageProjs_local_size|       pointer|
|m_axi_imageProjs_local_size_ARID      |  out|     1|       m_axi|  imageProjs_local_size|       pointer|
|m_axi_imageProjs_local_size_ARLEN     |  out|     8|       m_axi|  imageProjs_local_size|       pointer|
|m_axi_imageProjs_local_size_ARSIZE    |  out|     3|       m_axi|  imageProjs_local_size|       pointer|
|m_axi_imageProjs_local_size_ARBURST   |  out|     2|       m_axi|  imageProjs_local_size|       pointer|
|m_axi_imageProjs_local_size_ARLOCK    |  out|     2|       m_axi|  imageProjs_local_size|       pointer|
|m_axi_imageProjs_local_size_ARCACHE   |  out|     4|       m_axi|  imageProjs_local_size|       pointer|
|m_axi_imageProjs_local_size_ARPROT    |  out|     3|       m_axi|  imageProjs_local_size|       pointer|
|m_axi_imageProjs_local_size_ARQOS     |  out|     4|       m_axi|  imageProjs_local_size|       pointer|
|m_axi_imageProjs_local_size_ARREGION  |  out|     4|       m_axi|  imageProjs_local_size|       pointer|
|m_axi_imageProjs_local_size_ARUSER    |  out|     1|       m_axi|  imageProjs_local_size|       pointer|
|m_axi_imageProjs_local_size_RVALID    |   in|     1|       m_axi|  imageProjs_local_size|       pointer|
|m_axi_imageProjs_local_size_RREADY    |  out|     1|       m_axi|  imageProjs_local_size|       pointer|
|m_axi_imageProjs_local_size_RDATA     |   in|    32|       m_axi|  imageProjs_local_size|       pointer|
|m_axi_imageProjs_local_size_RLAST     |   in|     1|       m_axi|  imageProjs_local_size|       pointer|
|m_axi_imageProjs_local_size_RID       |   in|     1|       m_axi|  imageProjs_local_size|       pointer|
|m_axi_imageProjs_local_size_RUSER     |   in|     1|       m_axi|  imageProjs_local_size|       pointer|
|m_axi_imageProjs_local_size_RRESP     |   in|     2|       m_axi|  imageProjs_local_size|       pointer|
|m_axi_imageProjs_local_size_BVALID    |   in|     1|       m_axi|  imageProjs_local_size|       pointer|
|m_axi_imageProjs_local_size_BREADY    |  out|     1|       m_axi|  imageProjs_local_size|       pointer|
|m_axi_imageProjs_local_size_BRESP     |   in|     2|       m_axi|  imageProjs_local_size|       pointer|
|m_axi_imageProjs_local_size_BID       |   in|     1|       m_axi|  imageProjs_local_size|       pointer|
|m_axi_imageProjs_local_size_BUSER     |   in|     1|       m_axi|  imageProjs_local_size|       pointer|
+--------------------------------------+-----+------+------------+-----------------------+--------------+

