

================================================================
== Vitis HLS Report for 'reconstruct'
================================================================
* Date:           Wed May 21 17:37:32 2025

* Version:        2024.2 (Build 5238294 on Nov  8 2024)
* Project:        reconstruct
* Solution:       hls (Vivado IP Flow Target)
* Product family: zynq
* Target device:  xc7z020-clg400-1


================================================================
== Performance Estimates
================================================================
+ Timing: 
    * Summary: 
    +--------+----------+----------+------------+
    |  Clock |  Target  | Estimated| Uncertainty|
    +--------+----------+----------+------------+
    |ap_clk  |  10.00 ns|  7.300 ns|     2.70 ns|
    +--------+----------+----------+------------+

+ Latency: 
    * Summary: 
    +---------+---------+----------+----------+-----+-----+----------+
    |  Latency (cycles) |  Latency (absolute) |  Interval | Pipeline |
    |   min   |   max   |    min   |    max   | min | max |   Type   |
    +---------+---------+----------+----------+-----+-----+----------+
    |        ?|        ?|         ?|         ?|    ?|    ?|  dataflow|
    +---------+---------+----------+----------+-----+-----+----------+

    + Detail: 
        * Instance: 
        +--------------------+-----------------+---------+---------+----------+----------+-----+-----+---------+
        |                    |                 |  Latency (cycles) |  Latency (absolute) |  Interval | Pipeline|
        |      Instance      |      Module     |   min   |   max   |    min   |    max   | min | max |   Type  |
        +--------------------+-----------------+---------+---------+----------+----------+-----+-----+---------+
        |getLocalImages_U0   |getLocalImages   |        ?|        ?|         ?|         ?|    ?|    ?|       no|
        |applyProjectors_U0  |applyProjectors  |        ?|        ?|         ?|         ?|    ?|    ?|       no|
        +--------------------+-----------------+---------+---------+----------+----------+-----+-----+---------+

        * Loop: 
        N/A



================================================================
== Utilization Estimates
================================================================
* Summary: 
+-----------------+---------+-----+--------+-------+-----+
|       Name      | BRAM_18K| DSP |   FF   |  LUT  | URAM|
+-----------------+---------+-----+--------+-------+-----+
|DSP              |        -|    -|       -|      -|    -|
|Expression       |        -|    -|       0|     12|    -|
|FIFO             |        -|    -|      99|     68|    -|
|Instance         |       30|   55|   32555|  26048|    -|
|Memory           |        -|    -|       -|      -|    -|
|Multiplexer      |        -|    -|       0|     18|    -|
|Register         |        -|    -|       2|      -|    -|
+-----------------+---------+-----+--------+-------+-----+
|Total            |       30|   55|   32656|  26146|    0|
+-----------------+---------+-----+--------+-------+-----+
|Available        |      280|  220|  106400|  53200|    0|
+-----------------+---------+-----+--------+-------+-----+
|Utilization (%)  |       10|   25|      30|     49|    0|
+-----------------+---------+-----+--------+-------+-----+

+ Detail: 
    * Instance: 
    +-------------------------------+-----------------------------+---------+----+-------+-------+-----+
    |            Instance           |            Module           | BRAM_18K| DSP|   FF  |  LUT  | URAM|
    +-------------------------------+-----------------------------+---------+----+-------+-------+-----+
    |applyProjectors_U0             |applyProjectors              |        0|  27|  10724|  10368|    0|
    |control_s_axi_U                |control_s_axi                |        0|   0|    386|    680|    0|
    |emissions_m_axi_U              |emissions_m_axi              |        4|   0|    719|    832|    0|
    |fullImage_m_axi_U              |fullImage_m_axi              |        4|   0|    725|    843|    0|
    |getLocalImages_U0              |getLocalImages               |       12|  28|  17546|  10430|    0|
    |imageProjs_local_m_axi_U       |imageProjs_local_m_axi       |        4|   0|    725|    843|    0|
    |imageProjs_local_size_m_axi_U  |imageProjs_local_size_m_axi  |        2|   0|    671|    657|    0|
    |imageProjs_m_axi_U             |imageProjs_m_axi             |        4|   0|    725|    843|    0|
    |scalar_data_s_axi_U            |scalar_data_s_axi            |        0|   0|    334|    552|    0|
    +-------------------------------+-----------------------------+---------+----+-------+-------+-----+
    |Total                          |                             |       30|  55|  32555|  26048|    0|
    +-------------------------------+-----------------------------+---------+----+-------+-------+-----+

    * DSP: 
    N/A

    * Memory: 
    N/A

    * FIFO: 
    +---------------+---------+----+----+-----+------+-----+---------+
    |      Name     | BRAM_18K| FF | LUT| URAM| Depth| Bits| Size:D*B|
    +---------------+---------+----+----+-----+------+-----+---------+
    |localImages_U  |        0|  99|   0|    -|     2|  256|      512|
    +---------------+---------+----+----+-----+------+-----+---------+
    |Total          |        0|  99|   0|    0|     2|  256|      512|
    +---------------+---------+----+----+-----+------+-----+---------+

    * Expression: 
    +-------------------------------------+----------+----+---+----+------------+------------+
    |            Variable Name            | Operation| DSP| FF| LUT| Bitwidth P0| Bitwidth P1|
    +-------------------------------------+----------+----+---+----+------------+------------+
    |ap_idle                              |       and|   0|  0|   2|           1|           1|
    |ap_sync_ready                        |       and|   0|  0|   2|           1|           1|
    |applyProjectors_U0_ap_start          |       and|   0|  0|   2|           1|           1|
    |getLocalImages_U0_ap_start           |       and|   0|  0|   2|           1|           1|
    |ap_sync_applyProjectors_U0_ap_ready  |        or|   0|  0|   2|           1|           1|
    |ap_sync_getLocalImages_U0_ap_ready   |        or|   0|  0|   2|           1|           1|
    +-------------------------------------+----------+----+---+----+------------+------------+
    |Total                                |          |   0|  0|  12|           6|           6|
    +-------------------------------------+----------+----+---+----+------------+------------+

    * Multiplexer: 
    +-----------------------------------------+----+-----------+-----+-----------+
    |                   Name                  | LUT| Input Size| Bits| Total Bits|
    +-----------------------------------------+----+-----------+-----+-----------+
    |ap_sync_reg_applyProjectors_U0_ap_ready  |   9|          2|    1|          2|
    |ap_sync_reg_getLocalImages_U0_ap_ready   |   9|          2|    1|          2|
    +-----------------------------------------+----+-----------+-----+-----------+
    |Total                                    |  18|          4|    2|          4|
    +-----------------------------------------+----+-----------+-----+-----------+

    * Register: 
    +-----------------------------------------+---+----+-----+-----------+
    |                   Name                  | FF| LUT| Bits| Const Bits|
    +-----------------------------------------+---+----+-----+-----------+
    |ap_sync_reg_applyProjectors_U0_ap_ready  |  1|   0|    1|          0|
    |ap_sync_reg_getLocalImages_U0_ap_ready   |  1|   0|    1|          0|
    +-----------------------------------------+---+----+-----+-----------+
    |Total                                    |  2|   0|    2|          0|
    +-----------------------------------------+---+----+-----+-----------+



================================================================
== Interface
================================================================
* Summary: 
+--------------------------------------+-----+-----+------------+-----------------------+--------------+
|               RTL Ports              | Dir | Bits|  Protocol  |     Source Object     |    C Type    |
+--------------------------------------+-----+-----+------------+-----------------------+--------------+
|s_axi_control_AWVALID                 |   in|    1|       s_axi|                control|        scalar|
|s_axi_control_AWREADY                 |  out|    1|       s_axi|                control|        scalar|
|s_axi_control_AWADDR                  |   in|    7|       s_axi|                control|        scalar|
|s_axi_control_WVALID                  |   in|    1|       s_axi|                control|        scalar|
|s_axi_control_WREADY                  |  out|    1|       s_axi|                control|        scalar|
|s_axi_control_WDATA                   |   in|   32|       s_axi|                control|        scalar|
|s_axi_control_WSTRB                   |   in|    4|       s_axi|                control|        scalar|
|s_axi_control_ARVALID                 |   in|    1|       s_axi|                control|        scalar|
|s_axi_control_ARREADY                 |  out|    1|       s_axi|                control|        scalar|
|s_axi_control_ARADDR                  |   in|    7|       s_axi|                control|        scalar|
|s_axi_control_RVALID                  |  out|    1|       s_axi|                control|        scalar|
|s_axi_control_RREADY                  |   in|    1|       s_axi|                control|        scalar|
|s_axi_control_RDATA                   |  out|   32|       s_axi|                control|        scalar|
|s_axi_control_RRESP                   |  out|    2|       s_axi|                control|        scalar|
|s_axi_control_BVALID                  |  out|    1|       s_axi|                control|        scalar|
|s_axi_control_BREADY                  |   in|    1|       s_axi|                control|        scalar|
|s_axi_control_BRESP                   |  out|    2|       s_axi|                control|        scalar|
|s_axi_scalar_data_AWVALID             |   in|    1|       s_axi|            scalar_data|       pointer|
|s_axi_scalar_data_AWREADY             |  out|    1|       s_axi|            scalar_data|       pointer|
|s_axi_scalar_data_AWADDR              |   in|    7|       s_axi|            scalar_data|       pointer|
|s_axi_scalar_data_WVALID              |   in|    1|       s_axi|            scalar_data|       pointer|
|s_axi_scalar_data_WREADY              |  out|    1|       s_axi|            scalar_data|       pointer|
|s_axi_scalar_data_WDATA               |   in|   32|       s_axi|            scalar_data|       pointer|
|s_axi_scalar_data_WSTRB               |   in|    4|       s_axi|            scalar_data|       pointer|
|s_axi_scalar_data_ARVALID             |   in|    1|       s_axi|            scalar_data|       pointer|
|s_axi_scalar_data_ARREADY             |  out|    1|       s_axi|            scalar_data|       pointer|
|s_axi_scalar_data_ARADDR              |   in|    7|       s_axi|            scalar_data|       pointer|
|s_axi_scalar_data_RVALID              |  out|    1|       s_axi|            scalar_data|       pointer|
|s_axi_scalar_data_RREADY              |   in|    1|       s_axi|            scalar_data|       pointer|
|s_axi_scalar_data_RDATA               |  out|   32|       s_axi|            scalar_data|       pointer|
|s_axi_scalar_data_RRESP               |  out|    2|       s_axi|            scalar_data|       pointer|
|s_axi_scalar_data_BVALID              |  out|    1|       s_axi|            scalar_data|       pointer|
|s_axi_scalar_data_BREADY              |   in|    1|       s_axi|            scalar_data|       pointer|
|s_axi_scalar_data_BRESP               |  out|    2|       s_axi|            scalar_data|       pointer|
|ap_clk                                |   in|    1|  ap_ctrl_hs|            reconstruct|  return value|
|ap_rst_n                              |   in|    1|  ap_ctrl_hs|            reconstruct|  return value|
|interrupt                             |  out|    1|  ap_ctrl_hs|            reconstruct|  return value|
|m_axi_emissions_AWVALID               |  out|    1|       m_axi|              emissions|       pointer|
|m_axi_emissions_AWREADY               |   in|    1|       m_axi|              emissions|       pointer|
|m_axi_emissions_AWADDR                |  out|   64|       m_axi|              emissions|       pointer|
|m_axi_emissions_AWID                  |  out|    1|       m_axi|              emissions|       pointer|
|m_axi_emissions_AWLEN                 |  out|    8|       m_axi|              emissions|       pointer|
|m_axi_emissions_AWSIZE                |  out|    3|       m_axi|              emissions|       pointer|
|m_axi_emissions_AWBURST               |  out|    2|       m_axi|              emissions|       pointer|
|m_axi_emissions_AWLOCK                |  out|    2|       m_axi|              emissions|       pointer|
|m_axi_emissions_AWCACHE               |  out|    4|       m_axi|              emissions|       pointer|
|m_axi_emissions_AWPROT                |  out|    3|       m_axi|              emissions|       pointer|
|m_axi_emissions_AWQOS                 |  out|    4|       m_axi|              emissions|       pointer|
|m_axi_emissions_AWREGION              |  out|    4|       m_axi|              emissions|       pointer|
|m_axi_emissions_AWUSER                |  out|    1|       m_axi|              emissions|       pointer|
|m_axi_emissions_WVALID                |  out|    1|       m_axi|              emissions|       pointer|
|m_axi_emissions_WREADY                |   in|    1|       m_axi|              emissions|       pointer|
|m_axi_emissions_WDATA                 |  out|   64|       m_axi|              emissions|       pointer|
|m_axi_emissions_WSTRB                 |  out|    8|       m_axi|              emissions|       pointer|
|m_axi_emissions_WLAST                 |  out|    1|       m_axi|              emissions|       pointer|
|m_axi_emissions_WID                   |  out|    1|       m_axi|              emissions|       pointer|
|m_axi_emissions_WUSER                 |  out|    1|       m_axi|              emissions|       pointer|
|m_axi_emissions_ARVALID               |  out|    1|       m_axi|              emissions|       pointer|
|m_axi_emissions_ARREADY               |   in|    1|       m_axi|              emissions|       pointer|
|m_axi_emissions_ARADDR                |  out|   64|       m_axi|              emissions|       pointer|
|m_axi_emissions_ARID                  |  out|    1|       m_axi|              emissions|       pointer|
|m_axi_emissions_ARLEN                 |  out|    8|       m_axi|              emissions|       pointer|
|m_axi_emissions_ARSIZE                |  out|    3|       m_axi|              emissions|       pointer|
|m_axi_emissions_ARBURST               |  out|    2|       m_axi|              emissions|       pointer|
|m_axi_emissions_ARLOCK                |  out|    2|       m_axi|              emissions|       pointer|
|m_axi_emissions_ARCACHE               |  out|    4|       m_axi|              emissions|       pointer|
|m_axi_emissions_ARPROT                |  out|    3|       m_axi|              emissions|       pointer|
|m_axi_emissions_ARQOS                 |  out|    4|       m_axi|              emissions|       pointer|
|m_axi_emissions_ARREGION              |  out|    4|       m_axi|              emissions|       pointer|
|m_axi_emissions_ARUSER                |  out|    1|       m_axi|              emissions|       pointer|
|m_axi_emissions_RVALID                |   in|    1|       m_axi|              emissions|       pointer|
|m_axi_emissions_RREADY                |  out|    1|       m_axi|              emissions|       pointer|
|m_axi_emissions_RDATA                 |   in|   64|       m_axi|              emissions|       pointer|
|m_axi_emissions_RLAST                 |   in|    1|       m_axi|              emissions|       pointer|
|m_axi_emissions_RID                   |   in|    1|       m_axi|              emissions|       pointer|
|m_axi_emissions_RUSER                 |   in|    1|       m_axi|              emissions|       pointer|
|m_axi_emissions_RRESP                 |   in|    2|       m_axi|              emissions|       pointer|
|m_axi_emissions_BVALID                |   in|    1|       m_axi|              emissions|       pointer|
|m_axi_emissions_BREADY                |  out|    1|       m_axi|              emissions|       pointer|
|m_axi_emissions_BRESP                 |   in|    2|       m_axi|              emissions|       pointer|
|m_axi_emissions_BID                   |   in|    1|       m_axi|              emissions|       pointer|
|m_axi_emissions_BUSER                 |   in|    1|       m_axi|              emissions|       pointer|
|m_axi_fullImage_AWVALID               |  out|    1|       m_axi|              fullImage|       pointer|
|m_axi_fullImage_AWREADY               |   in|    1|       m_axi|              fullImage|       pointer|
|m_axi_fullImage_AWADDR                |  out|   64|       m_axi|              fullImage|       pointer|
|m_axi_fullImage_AWID                  |  out|    1|       m_axi|              fullImage|       pointer|
|m_axi_fullImage_AWLEN                 |  out|    8|       m_axi|              fullImage|       pointer|
|m_axi_fullImage_AWSIZE                |  out|    3|       m_axi|              fullImage|       pointer|
|m_axi_fullImage_AWBURST               |  out|    2|       m_axi|              fullImage|       pointer|
|m_axi_fullImage_AWLOCK                |  out|    2|       m_axi|              fullImage|       pointer|
|m_axi_fullImage_AWCACHE               |  out|    4|       m_axi|              fullImage|       pointer|
|m_axi_fullImage_AWPROT                |  out|    3|       m_axi|              fullImage|       pointer|
|m_axi_fullImage_AWQOS                 |  out|    4|       m_axi|              fullImage|       pointer|
|m_axi_fullImage_AWREGION              |  out|    4|       m_axi|              fullImage|       pointer|
|m_axi_fullImage_AWUSER                |  out|    1|       m_axi|              fullImage|       pointer|
|m_axi_fullImage_WVALID                |  out|    1|       m_axi|              fullImage|       pointer|
|m_axi_fullImage_WREADY                |   in|    1|       m_axi|              fullImage|       pointer|
|m_axi_fullImage_WDATA                 |  out|   64|       m_axi|              fullImage|       pointer|
|m_axi_fullImage_WSTRB                 |  out|    8|       m_axi|              fullImage|       pointer|
|m_axi_fullImage_WLAST                 |  out|    1|       m_axi|              fullImage|       pointer|
|m_axi_fullImage_WID                   |  out|    1|       m_axi|              fullImage|       pointer|
|m_axi_fullImage_WUSER                 |  out|    1|       m_axi|              fullImage|       pointer|
|m_axi_fullImage_ARVALID               |  out|    1|       m_axi|              fullImage|       pointer|
|m_axi_fullImage_ARREADY               |   in|    1|       m_axi|              fullImage|       pointer|
|m_axi_fullImage_ARADDR                |  out|   64|       m_axi|              fullImage|       pointer|
|m_axi_fullImage_ARID                  |  out|    1|       m_axi|              fullImage|       pointer|
|m_axi_fullImage_ARLEN                 |  out|    8|       m_axi|              fullImage|       pointer|
|m_axi_fullImage_ARSIZE                |  out|    3|       m_axi|              fullImage|       pointer|
|m_axi_fullImage_ARBURST               |  out|    2|       m_axi|              fullImage|       pointer|
|m_axi_fullImage_ARLOCK                |  out|    2|       m_axi|              fullImage|       pointer|
|m_axi_fullImage_ARCACHE               |  out|    4|       m_axi|              fullImage|       pointer|
|m_axi_fullImage_ARPROT                |  out|    3|       m_axi|              fullImage|       pointer|
|m_axi_fullImage_ARQOS                 |  out|    4|       m_axi|              fullImage|       pointer|
|m_axi_fullImage_ARREGION              |  out|    4|       m_axi|              fullImage|       pointer|
|m_axi_fullImage_ARUSER                |  out|    1|       m_axi|              fullImage|       pointer|
|m_axi_fullImage_RVALID                |   in|    1|       m_axi|              fullImage|       pointer|
|m_axi_fullImage_RREADY                |  out|    1|       m_axi|              fullImage|       pointer|
|m_axi_fullImage_RDATA                 |   in|   64|       m_axi|              fullImage|       pointer|
|m_axi_fullImage_RLAST                 |   in|    1|       m_axi|              fullImage|       pointer|
|m_axi_fullImage_RID                   |   in|    1|       m_axi|              fullImage|       pointer|
|m_axi_fullImage_RUSER                 |   in|    1|       m_axi|              fullImage|       pointer|
|m_axi_fullImage_RRESP                 |   in|    2|       m_axi|              fullImage|       pointer|
|m_axi_fullImage_BVALID                |   in|    1|       m_axi|              fullImage|       pointer|
|m_axi_fullImage_BREADY                |  out|    1|       m_axi|              fullImage|       pointer|
|m_axi_fullImage_BRESP                 |   in|    2|       m_axi|              fullImage|       pointer|
|m_axi_fullImage_BID                   |   in|    1|       m_axi|              fullImage|       pointer|
|m_axi_fullImage_BUSER                 |   in|    1|       m_axi|              fullImage|       pointer|
|m_axi_imageProjs_AWVALID              |  out|    1|       m_axi|             imageProjs|       pointer|
|m_axi_imageProjs_AWREADY              |   in|    1|       m_axi|             imageProjs|       pointer|
|m_axi_imageProjs_AWADDR               |  out|   64|       m_axi|             imageProjs|       pointer|
|m_axi_imageProjs_AWID                 |  out|    1|       m_axi|             imageProjs|       pointer|
|m_axi_imageProjs_AWLEN                |  out|    8|       m_axi|             imageProjs|       pointer|
|m_axi_imageProjs_AWSIZE               |  out|    3|       m_axi|             imageProjs|       pointer|
|m_axi_imageProjs_AWBURST              |  out|    2|       m_axi|             imageProjs|       pointer|
|m_axi_imageProjs_AWLOCK               |  out|    2|       m_axi|             imageProjs|       pointer|
|m_axi_imageProjs_AWCACHE              |  out|    4|       m_axi|             imageProjs|       pointer|
|m_axi_imageProjs_AWPROT               |  out|    3|       m_axi|             imageProjs|       pointer|
|m_axi_imageProjs_AWQOS                |  out|    4|       m_axi|             imageProjs|       pointer|
|m_axi_imageProjs_AWREGION             |  out|    4|       m_axi|             imageProjs|       pointer|
|m_axi_imageProjs_AWUSER               |  out|    1|       m_axi|             imageProjs|       pointer|
|m_axi_imageProjs_WVALID               |  out|    1|       m_axi|             imageProjs|       pointer|
|m_axi_imageProjs_WREADY               |   in|    1|       m_axi|             imageProjs|       pointer|
|m_axi_imageProjs_WDATA                |  out|   64|       m_axi|             imageProjs|       pointer|
|m_axi_imageProjs_WSTRB                |  out|    8|       m_axi|             imageProjs|       pointer|
|m_axi_imageProjs_WLAST                |  out|    1|       m_axi|             imageProjs|       pointer|
|m_axi_imageProjs_WID                  |  out|    1|       m_axi|             imageProjs|       pointer|
|m_axi_imageProjs_WUSER                |  out|    1|       m_axi|             imageProjs|       pointer|
|m_axi_imageProjs_ARVALID              |  out|    1|       m_axi|             imageProjs|       pointer|
|m_axi_imageProjs_ARREADY              |   in|    1|       m_axi|             imageProjs|       pointer|
|m_axi_imageProjs_ARADDR               |  out|   64|       m_axi|             imageProjs|       pointer|
|m_axi_imageProjs_ARID                 |  out|    1|       m_axi|             imageProjs|       pointer|
|m_axi_imageProjs_ARLEN                |  out|    8|       m_axi|             imageProjs|       pointer|
|m_axi_imageProjs_ARSIZE               |  out|    3|       m_axi|             imageProjs|       pointer|
|m_axi_imageProjs_ARBURST              |  out|    2|       m_axi|             imageProjs|       pointer|
|m_axi_imageProjs_ARLOCK               |  out|    2|       m_axi|             imageProjs|       pointer|
|m_axi_imageProjs_ARCACHE              |  out|    4|       m_axi|             imageProjs|       pointer|
|m_axi_imageProjs_ARPROT               |  out|    3|       m_axi|             imageProjs|       pointer|
|m_axi_imageProjs_ARQOS                |  out|    4|       m_axi|             imageProjs|       pointer|
|m_axi_imageProjs_ARREGION             |  out|    4|       m_axi|             imageProjs|       pointer|
|m_axi_imageProjs_ARUSER               |  out|    1|       m_axi|             imageProjs|       pointer|
|m_axi_imageProjs_RVALID               |   in|    1|       m_axi|             imageProjs|       pointer|
|m_axi_imageProjs_RREADY               |  out|    1|       m_axi|             imageProjs|       pointer|
|m_axi_imageProjs_RDATA                |   in|   64|       m_axi|             imageProjs|       pointer|
|m_axi_imageProjs_RLAST                |   in|    1|       m_axi|             imageProjs|       pointer|
|m_axi_imageProjs_RID                  |   in|    1|       m_axi|             imageProjs|       pointer|
|m_axi_imageProjs_RUSER                |   in|    1|       m_axi|             imageProjs|       pointer|
|m_axi_imageProjs_RRESP                |   in|    2|       m_axi|             imageProjs|       pointer|
|m_axi_imageProjs_BVALID               |   in|    1|       m_axi|             imageProjs|       pointer|
|m_axi_imageProjs_BREADY               |  out|    1|       m_axi|             imageProjs|       pointer|
|m_axi_imageProjs_BRESP                |   in|    2|       m_axi|             imageProjs|       pointer|
|m_axi_imageProjs_BID                  |   in|    1|       m_axi|             imageProjs|       pointer|
|m_axi_imageProjs_BUSER                |   in|    1|       m_axi|             imageProjs|       pointer|
|m_axi_imageProjs_local_AWVALID        |  out|    1|       m_axi|       imageProjs_local|       pointer|
|m_axi_imageProjs_local_AWREADY        |   in|    1|       m_axi|       imageProjs_local|       pointer|
|m_axi_imageProjs_local_AWADDR         |  out|   64|       m_axi|       imageProjs_local|       pointer|
|m_axi_imageProjs_local_AWID           |  out|    1|       m_axi|       imageProjs_local|       pointer|
|m_axi_imageProjs_local_AWLEN          |  out|    8|       m_axi|       imageProjs_local|       pointer|
|m_axi_imageProjs_local_AWSIZE         |  out|    3|       m_axi|       imageProjs_local|       pointer|
|m_axi_imageProjs_local_AWBURST        |  out|    2|       m_axi|       imageProjs_local|       pointer|
|m_axi_imageProjs_local_AWLOCK         |  out|    2|       m_axi|       imageProjs_local|       pointer|
|m_axi_imageProjs_local_AWCACHE        |  out|    4|       m_axi|       imageProjs_local|       pointer|
|m_axi_imageProjs_local_AWPROT         |  out|    3|       m_axi|       imageProjs_local|       pointer|
|m_axi_imageProjs_local_AWQOS          |  out|    4|       m_axi|       imageProjs_local|       pointer|
|m_axi_imageProjs_local_AWREGION       |  out|    4|       m_axi|       imageProjs_local|       pointer|
|m_axi_imageProjs_local_AWUSER         |  out|    1|       m_axi|       imageProjs_local|       pointer|
|m_axi_imageProjs_local_WVALID         |  out|    1|       m_axi|       imageProjs_local|       pointer|
|m_axi_imageProjs_local_WREADY         |   in|    1|       m_axi|       imageProjs_local|       pointer|
|m_axi_imageProjs_local_WDATA          |  out|   64|       m_axi|       imageProjs_local|       pointer|
|m_axi_imageProjs_local_WSTRB          |  out|    8|       m_axi|       imageProjs_local|       pointer|
|m_axi_imageProjs_local_WLAST          |  out|    1|       m_axi|       imageProjs_local|       pointer|
|m_axi_imageProjs_local_WID            |  out|    1|       m_axi|       imageProjs_local|       pointer|
|m_axi_imageProjs_local_WUSER          |  out|    1|       m_axi|       imageProjs_local|       pointer|
|m_axi_imageProjs_local_ARVALID        |  out|    1|       m_axi|       imageProjs_local|       pointer|
|m_axi_imageProjs_local_ARREADY        |   in|    1|       m_axi|       imageProjs_local|       pointer|
|m_axi_imageProjs_local_ARADDR         |  out|   64|       m_axi|       imageProjs_local|       pointer|
|m_axi_imageProjs_local_ARID           |  out|    1|       m_axi|       imageProjs_local|       pointer|
|m_axi_imageProjs_local_ARLEN          |  out|    8|       m_axi|       imageProjs_local|       pointer|
|m_axi_imageProjs_local_ARSIZE         |  out|    3|       m_axi|       imageProjs_local|       pointer|
|m_axi_imageProjs_local_ARBURST        |  out|    2|       m_axi|       imageProjs_local|       pointer|
|m_axi_imageProjs_local_ARLOCK         |  out|    2|       m_axi|       imageProjs_local|       pointer|
|m_axi_imageProjs_local_ARCACHE        |  out|    4|       m_axi|       imageProjs_local|       pointer|
|m_axi_imageProjs_local_ARPROT         |  out|    3|       m_axi|       imageProjs_local|       pointer|
|m_axi_imageProjs_local_ARQOS          |  out|    4|       m_axi|       imageProjs_local|       pointer|
|m_axi_imageProjs_local_ARREGION       |  out|    4|       m_axi|       imageProjs_local|       pointer|
|m_axi_imageProjs_local_ARUSER         |  out|    1|       m_axi|       imageProjs_local|       pointer|
|m_axi_imageProjs_local_RVALID         |   in|    1|       m_axi|       imageProjs_local|       pointer|
|m_axi_imageProjs_local_RREADY         |  out|    1|       m_axi|       imageProjs_local|       pointer|
|m_axi_imageProjs_local_RDATA          |   in|   64|       m_axi|       imageProjs_local|       pointer|
|m_axi_imageProjs_local_RLAST          |   in|    1|       m_axi|       imageProjs_local|       pointer|
|m_axi_imageProjs_local_RID            |   in|    1|       m_axi|       imageProjs_local|       pointer|
|m_axi_imageProjs_local_RUSER          |   in|    1|       m_axi|       imageProjs_local|       pointer|
|m_axi_imageProjs_local_RRESP          |   in|    2|       m_axi|       imageProjs_local|       pointer|
|m_axi_imageProjs_local_BVALID         |   in|    1|       m_axi|       imageProjs_local|       pointer|
|m_axi_imageProjs_local_BREADY         |  out|    1|       m_axi|       imageProjs_local|       pointer|
|m_axi_imageProjs_local_BRESP          |   in|    2|       m_axi|       imageProjs_local|       pointer|
|m_axi_imageProjs_local_BID            |   in|    1|       m_axi|       imageProjs_local|       pointer|
|m_axi_imageProjs_local_BUSER          |   in|    1|       m_axi|       imageProjs_local|       pointer|
|m_axi_imageProjs_local_size_AWVALID   |  out|    1|       m_axi|  imageProjs_local_size|       pointer|
|m_axi_imageProjs_local_size_AWREADY   |   in|    1|       m_axi|  imageProjs_local_size|       pointer|
|m_axi_imageProjs_local_size_AWADDR    |  out|   64|       m_axi|  imageProjs_local_size|       pointer|
|m_axi_imageProjs_local_size_AWID      |  out|    1|       m_axi|  imageProjs_local_size|       pointer|
|m_axi_imageProjs_local_size_AWLEN     |  out|    8|       m_axi|  imageProjs_local_size|       pointer|
|m_axi_imageProjs_local_size_AWSIZE    |  out|    3|       m_axi|  imageProjs_local_size|       pointer|
|m_axi_imageProjs_local_size_AWBURST   |  out|    2|       m_axi|  imageProjs_local_size|       pointer|
|m_axi_imageProjs_local_size_AWLOCK    |  out|    2|       m_axi|  imageProjs_local_size|       pointer|
|m_axi_imageProjs_local_size_AWCACHE   |  out|    4|       m_axi|  imageProjs_local_size|       pointer|
|m_axi_imageProjs_local_size_AWPROT    |  out|    3|       m_axi|  imageProjs_local_size|       pointer|
|m_axi_imageProjs_local_size_AWQOS     |  out|    4|       m_axi|  imageProjs_local_size|       pointer|
|m_axi_imageProjs_local_size_AWREGION  |  out|    4|       m_axi|  imageProjs_local_size|       pointer|
|m_axi_imageProjs_local_size_AWUSER    |  out|    1|       m_axi|  imageProjs_local_size|       pointer|
|m_axi_imageProjs_local_size_WVALID    |  out|    1|       m_axi|  imageProjs_local_size|       pointer|
|m_axi_imageProjs_local_size_WREADY    |   in|    1|       m_axi|  imageProjs_local_size|       pointer|
|m_axi_imageProjs_local_size_WDATA     |  out|   32|       m_axi|  imageProjs_local_size|       pointer|
|m_axi_imageProjs_local_size_WSTRB     |  out|    4|       m_axi|  imageProjs_local_size|       pointer|
|m_axi_imageProjs_local_size_WLAST     |  out|    1|       m_axi|  imageProjs_local_size|       pointer|
|m_axi_imageProjs_local_size_WID       |  out|    1|       m_axi|  imageProjs_local_size|       pointer|
|m_axi_imageProjs_local_size_WUSER     |  out|    1|       m_axi|  imageProjs_local_size|       pointer|
|m_axi_imageProjs_local_size_ARVALID   |  out|    1|       m_axi|  imageProjs_local_size|       pointer|
|m_axi_imageProjs_local_size_ARREADY   |   in|    1|       m_axi|  imageProjs_local_size|       pointer|
|m_axi_imageProjs_local_size_ARADDR    |  out|   64|       m_axi|  imageProjs_local_size|       pointer|
|m_axi_imageProjs_local_size_ARID      |  out|    1|       m_axi|  imageProjs_local_size|       pointer|
|m_axi_imageProjs_local_size_ARLEN     |  out|    8|       m_axi|  imageProjs_local_size|       pointer|
|m_axi_imageProjs_local_size_ARSIZE    |  out|    3|       m_axi|  imageProjs_local_size|       pointer|
|m_axi_imageProjs_local_size_ARBURST   |  out|    2|       m_axi|  imageProjs_local_size|       pointer|
|m_axi_imageProjs_local_size_ARLOCK    |  out|    2|       m_axi|  imageProjs_local_size|       pointer|
|m_axi_imageProjs_local_size_ARCACHE   |  out|    4|       m_axi|  imageProjs_local_size|       pointer|
|m_axi_imageProjs_local_size_ARPROT    |  out|    3|       m_axi|  imageProjs_local_size|       pointer|
|m_axi_imageProjs_local_size_ARQOS     |  out|    4|       m_axi|  imageProjs_local_size|       pointer|
|m_axi_imageProjs_local_size_ARREGION  |  out|    4|       m_axi|  imageProjs_local_size|       pointer|
|m_axi_imageProjs_local_size_ARUSER    |  out|    1|       m_axi|  imageProjs_local_size|       pointer|
|m_axi_imageProjs_local_size_RVALID    |   in|    1|       m_axi|  imageProjs_local_size|       pointer|
|m_axi_imageProjs_local_size_RREADY    |  out|    1|       m_axi|  imageProjs_local_size|       pointer|
|m_axi_imageProjs_local_size_RDATA     |   in|   32|       m_axi|  imageProjs_local_size|       pointer|
|m_axi_imageProjs_local_size_RLAST     |   in|    1|       m_axi|  imageProjs_local_size|       pointer|
|m_axi_imageProjs_local_size_RID       |   in|    1|       m_axi|  imageProjs_local_size|       pointer|
|m_axi_imageProjs_local_size_RUSER     |   in|    1|       m_axi|  imageProjs_local_size|       pointer|
|m_axi_imageProjs_local_size_RRESP     |   in|    2|       m_axi|  imageProjs_local_size|       pointer|
|m_axi_imageProjs_local_size_BVALID    |   in|    1|       m_axi|  imageProjs_local_size|       pointer|
|m_axi_imageProjs_local_size_BREADY    |  out|    1|       m_axi|  imageProjs_local_size|       pointer|
|m_axi_imageProjs_local_size_BRESP     |   in|    2|       m_axi|  imageProjs_local_size|       pointer|
|m_axi_imageProjs_local_size_BID       |   in|    1|       m_axi|  imageProjs_local_size|       pointer|
|m_axi_imageProjs_local_size_BUSER     |   in|    1|       m_axi|  imageProjs_local_size|       pointer|
|atomLocations_address0                |  out|    7|   ap_memory|          atomLocations|         array|
|atomLocations_ce0                     |  out|    1|   ap_memory|          atomLocations|         array|
|atomLocations_d0                      |  out|  128|   ap_memory|          atomLocations|         array|
|atomLocations_q0                      |   in|  128|   ap_memory|          atomLocations|         array|
|atomLocations_we0                     |  out|    1|   ap_memory|          atomLocations|         array|
|atomLocations_address1                |  out|    7|   ap_memory|          atomLocations|         array|
|atomLocations_ce1                     |  out|    1|   ap_memory|          atomLocations|         array|
|atomLocations_d1                      |  out|  128|   ap_memory|          atomLocations|         array|
|atomLocations_q1                      |   in|  128|   ap_memory|          atomLocations|         array|
|atomLocations_we1                     |  out|    1|   ap_memory|          atomLocations|         array|
+--------------------------------------+-----+-----+------------+-----------------------+--------------+

