  **** HLS Build v2024.2 5238294
INFO: [HLS 200-2005] Using work_dir F:/LMU/quantumMA/opimization/reconstructv1maxi/hls_component/reconstruct 
INFO: [HLS 200-1505] Using default flow_target 'vivado'
Resolution: For help on HLS 200-1505 see docs.xilinx.com/access/sources/dita/topic?Doc_Version=2024.2%20English&url=ug1448-hls-guidance&resourceid=200-1505.html
INFO: [HLS 200-1465] Applying ini 'syn.file=F:/LMU/quantumMA/opimization/reconstructv1maxi/image_analysis.cpp' from F:/LMU/quantumMA/opimization/reconstructv1maxi/hls_component/hls_config.cfg(10)
INFO: [HLS 200-10] Adding design file 'F:/LMU/quantumMA/opimization/reconstructv1maxi/image_analysis.cpp' to the project
INFO: [HLS 200-1465] Applying ini 'syn.file=F:/LMU/quantumMA/opimization/reconstructv1maxi/image_analysis.hpp' from F:/LMU/quantumMA/opimization/reconstructv1maxi/hls_component/hls_config.cfg(11)
INFO: [HLS 200-10] Adding design file 'F:/LMU/quantumMA/opimization/reconstructv1maxi/image_analysis.hpp' to the project
INFO: [HLS 200-1465] Applying ini 'tb.file=F:/LMU/quantumMA/opimization/reconstructv1maxi/test.cpp' from F:/LMU/quantumMA/opimization/reconstructv1maxi/hls_component/hls_config.cfg(12)
INFO: [HLS 200-10] Adding test bench file 'F:/LMU/quantumMA/opimization/reconstructv1maxi/test.cpp' to the project
INFO: [HLS 200-1465] Applying ini 'tb.file=F:/LMU/quantumMA/naia/reconstructv1/sf25fram/fullImage_output.txt' from F:/LMU/quantumMA/opimization/reconstructv1maxi/hls_component/hls_config.cfg(13)
INFO: [HLS 200-10] Adding test bench file 'F:/LMU/quantumMA/naia/reconstructv1/sf25fram/fullImage_output.txt' to the project
INFO: [HLS 200-1465] Applying ini 'tb.file=F:/LMU/quantumMA/naia/reconstructv1/sf25fram/restoutput.txt' from F:/LMU/quantumMA/opimization/reconstructv1maxi/hls_component/hls_config.cfg(14)
INFO: [HLS 200-10] Adding test bench file 'F:/LMU/quantumMA/naia/reconstructv1/sf25fram/restoutput.txt' to the project
INFO: [HLS 200-1465] Applying ini 'syn.top=reconstruct' from F:/LMU/quantumMA/opimization/reconstructv1maxi/hls_component/hls_config.cfg(7)
INFO: [HLS 200-1465] Applying ini 'flow_target=vivado' from F:/LMU/quantumMA/opimization/reconstructv1maxi/hls_component/hls_config.cfg(4)
INFO: [HLS 200-1505] Using flow_target 'vivado'
Resolution: For help on HLS 200-1505 see docs.xilinx.com/access/sources/dita/topic?Doc_Version=2024.2%20English&url=ug1448-hls-guidance&resourceid=200-1505.html
INFO: [HLS 200-1465] Applying ini 'part=xczu7ev-ffvc1156-2-e' from F:/LMU/quantumMA/opimization/reconstructv1maxi/hls_component/hls_config.cfg(1)
INFO: [HLS 200-1611] Setting target device to 'xczu7ev-ffvc1156-2-e'
INFO: [HLS 200-1465] Applying ini 'csim.clean=1' from F:/LMU/quantumMA/opimization/reconstructv1maxi/hls_component/hls_config.cfg(8)
INFO: [HLS 200-1465] Applying ini 'csim.code_analyzer=1' from F:/LMU/quantumMA/opimization/reconstructv1maxi/hls_component/hls_config.cfg(9)
INFO: [HLS 200-1465] Applying ini 'package.output.format=ip_catalog' from F:/LMU/quantumMA/opimization/reconstructv1maxi/hls_component/hls_config.cfg(5)
INFO: [SIM 211-200] Executing Code Analyzer instead of classic HLS C simulation
INFO: [SIM 211-200] Cleaning
slxcmd:0:0: info: [ Cleaned build and execution files ]
INFO: [HLS 211-200] Compiling source code ../image_analysis.cpp as hardware code with instrumentation
INFO: [HLS 211-200] Compiling source code F:/LMU/quantumMA/opimization/reconstructv1maxi/test.cpp as test bench code with instrumentation
INFO: [HLS 211-200] Compiling source code ../image_analysis.cpp as test bench code with instrumentation
../image_analysis.cpp:62:39: warning: The 'enable_flush' option of the 'HLS pipeline' directive or pragma is deprecated, use style=flp instead [-Wignored-hls-pragmas]
#pragma HLS PIPELINE II=1 enable_flush
                                      ^
../image_analysis.cpp:323:98: warning: unexpected pragma parameter 'storage_type' [-Winvalid-hls-pragmas]
#pragma HLS INTERFACE port=atomLocations mode=m_axi bundle=atomLocations depth=1024 storage_type=RAM_2P // 
                                                                                                 ^
2 warnings generated.
../image_analysis.cpp:62:39: warning: The 'enable_flush' option of the 'HLS pipeline' directive or pragma is deprecated, use style=flp instead [-Wignored-hls-pragmas]
#pragma HLS PIPELINE II=1 enable_flush
                                      ^
../image_analysis.cpp:323:98: warning: unexpected pragma parameter 'storage_type' [-Winvalid-hls-pragmas]
#pragma HLS INTERFACE port=atomLocations mode=m_axi bundle=atomLocations depth=1024 storage_type=RAM_2P // 
                                                                                                 ^
2 warnings generated.
INFO: [HLS 211-200] Linking hardware code
INFO: [HLS 211-200] Transforming hardware bitcode
INFO: [HLS 211-200] Linking executable
INFO: [HLS 211-200] Computing HLS IR Information
INFO: [HLS 211-200] Determining source code dependencies
INFO: [SIM 211-200] Running executable
About to call getLocalImages...
=== getLocalImages FINISHED ===
About to call applyProjectors...
--- Logging error ---
Traceback (most recent call last):
  File "logging\__init__.py", line 1103, in emit
  File "F:\Vitis\2024.2\vcxx\libexec\slxcmd.py", line 22, in write
    res = self.stream.write(data)
UnicodeEncodeError: 'gbk' codec can't encode character '\U0001f534' in position 0: illegal multibyte sequence
Call stack:
  File "F:\Vitis\2024.2\vcxx\libexec\slxcmd.py", line 38, in <module>
    sys.exit(slx.main.main())
  File "F:\Vitis\2024.2\vcxx\python\slx\main.py", line 138, in main
    return args.func(args, logger)
  File "F:\Vitis\2024.2\vcxx\python\slx\code_analyzer.py", line 572, in cmd_code_analyzer
    common.run(
  File "F:\Vitis\2024.2\vcxx\python\slx\common.py", line 44, in run
    return asyncio.get_event_loop().run_until_complete(coroutine)
  File "asyncio\base_events.py", line 636, in run_until_complete
  File "asyncio\windows_events.py", line 321, in run_forever
  File "asyncio\base_events.py", line 603, in run_forever
  File "asyncio\base_events.py", line 1909, in _run_once
  File "asyncio\events.py", line 80, in _run
  File "F:\Vitis\2024.2\vcxx\python\slx\rule.py", line 954, in _async_tee
    f(line)
  File "F:\Vitis\2024.2\vcxx\python\slx\rule.py", line 889, in log_out_as_stream_write
    self._logger.log(SUBPROCESS_OUT, msg.rstrip("\r\n"))
  File "logging\__init__.py", line 1879, in log
  File "logging\__init__.py", line 1547, in log
  File "logging\__init__.py", line 1624, in _log
  File "logging\__init__.py", line 1634, in handle
  File "logging\__init__.py", line 1696, in callHandlers
  File "logging\__init__.py", line 968, in handle
  File "logging\__init__.py", line 1108, in emit
Message: '\U0001f534 SKIPPING: Stage 3 invalid'
Arguments: ()
--- Logging error ---
Traceback (most recent call last):
  File "logging\__init__.py", line 1103, in emit
  File "F:\Vitis\2024.2\vcxx\libexec\slxcmd.py", line 22, in write
    res = self.stream.write(data)
UnicodeEncodeError: 'gbk' codec can't encode character '\U0001f534' in position 0: illegal multibyte sequence
Call stack:
  File "F:\Vitis\2024.2\vcxx\libexec\slxcmd.py", line 38, in <module>
    sys.exit(slx.main.main())
  File "F:\Vitis\2024.2\vcxx\python\slx\main.py", line 138, in main
    return args.func(args, logger)
  File "F:\Vitis\2024.2\vcxx\python\slx\code_analyzer.py", line 572, in cmd_code_analyzer
    common.run(
  File "F:\Vitis\2024.2\vcxx\python\slx\common.py", line 44, in run
    return asyncio.get_event_loop().run_until_complete(coroutine)
  File "asyncio\base_events.py", line 636, in run_until_complete
  File "asyncio\windows_events.py", line 321, in run_forever
  File "asyncio\base_events.py", line 603, in run_forever
  File "asyncio\base_events.py", line 1909, in _run_once
  File "asyncio\events.py", line 80, in _run
  File "F:\Vitis\2024.2\vcxx\python\slx\rule.py", line 954, in _async_tee
    f(line)
  File "F:\Vitis\2024.2\vcxx\python\slx\rule.py", line 889, in log_out_as_stream_write
    self._logger.log(SUBPROCESS_OUT, msg.rstrip("\r\n"))
  File "logging\__init__.py", line 1879, in log
  File "logging\__init__.py", line 1547, in log
  File "logging\__init__.py", line 1624, in _log
  File "logging\__init__.py", line 1634, in handle
  File "logging\__init__.py", line 1696, in callHandlers
  File "logging\__init__.py", line 968, in handle
  File "logging\__init__.py", line 1108, in emit
Message: '\U0001f534 SKIPPING: Stage 3 invalid'
Arguments: ()
--- Logging error ---
Traceback (most recent call last):
  File "logging\__init__.py", line 1103, in emit
  File "F:\Vitis\2024.2\vcxx\libexec\slxcmd.py", line 22, in write
    res = self.stream.write(data)
UnicodeEncodeError: 'gbk' codec can't encode character '\U0001f534' in position 0: illegal multibyte sequence
Call stack:
  File "F:\Vitis\2024.2\vcxx\libexec\slxcmd.py", line 38, in <module>
    sys.exit(slx.main.main())
  File "F:\Vitis\2024.2\vcxx\python\slx\main.py", line 138, in main
    return args.func(args, logger)
  File "F:\Vitis\2024.2\vcxx\python\slx\code_analyzer.py", line 572, in cmd_code_analyzer
    common.run(
  File "F:\Vitis\2024.2\vcxx\python\slx\common.py", line 44, in run
    return asyncio.get_event_loop().run_until_complete(coroutine)
  File "asyncio\base_events.py", line 636, in run_until_complete
  File "asyncio\windows_events.py", line 321, in run_forever
  File "asyncio\base_events.py", line 603, in run_forever
  File "asyncio\base_events.py", line 1909, in _run_once
  File "asyncio\events.py", line 80, in _run
  File "F:\Vitis\2024.2\vcxx\python\slx\rule.py", line 954, in _async_tee
    f(line)
  File "F:\Vitis\2024.2\vcxx\python\slx\rule.py", line 889, in log_out_as_stream_write
    self._logger.log(SUBPROCESS_OUT, msg.rstrip("\r\n"))
  File "logging\__init__.py", line 1879, in log
  File "logging\__init__.py", line 1547, in log
  File "logging\__init__.py", line 1624, in _log
  File "logging\__init__.py", line 1634, in handle
  File "logging\__init__.py", line 1696, in callHandlers
  File "logging\__init__.py", line 968, in handle
  File "logging\__init__.py", line 1108, in emit
Message: '\U0001f534 SKIPPING: Stage 3 invalid'
Arguments: ()
--- Logging error ---
Traceback (most recent call last):
  File "logging\__init__.py", line 1103, in emit
  File "F:\Vitis\2024.2\vcxx\libexec\slxcmd.py", line 22, in write
    res = self.stream.write(data)
UnicodeEncodeError: 'gbk' codec can't encode character '\U0001f534' in position 0: illegal multibyte sequence
Call stack:
  File "F:\Vitis\2024.2\vcxx\libexec\slxcmd.py", line 38, in <module>
    sys.exit(slx.main.main())
  File "F:\Vitis\2024.2\vcxx\python\slx\main.py", line 138, in main
    return args.func(args, logger)
  File "F:\Vitis\2024.2\vcxx\python\slx\code_analyzer.py", line 572, in cmd_code_analyzer
    common.run(
  File "F:\Vitis\2024.2\vcxx\python\slx\common.py", line 44, in run
    return asyncio.get_event_loop().run_until_complete(coroutine)
  File "asyncio\base_events.py", line 636, in run_until_complete
  File "asyncio\windows_events.py", line 321, in run_forever
  File "asyncio\base_events.py", line 603, in run_forever
  File "asyncio\base_events.py", line 1909, in _run_once
  File "asyncio\events.py", line 80, in _run
  File "F:\Vitis\2024.2\vcxx\python\slx\rule.py", line 954, in _async_tee
    f(line)
  File "F:\Vitis\2024.2\vcxx\python\slx\rule.py", line 889, in log_out_as_stream_write
    self._logger.log(SUBPROCESS_OUT, msg.rstrip("\r\n"))
  File "logging\__init__.py", line 1879, in log
  File "logging\__init__.py", line 1547, in log
  File "logging\__init__.py", line 1624, in _log
  File "logging\__init__.py", line 1634, in handle
  File "logging\__init__.py", line 1696, in callHandlers
  File "logging\__init__.py", line 968, in handle
  File "logging\__init__.py", line 1108, in emit
Message: '\U0001f534 SKIPPING: Stage 3 invalid'
Arguments: ()
--- Logging error ---
Traceback (most recent call last):
  File "logging\__init__.py", line 1103, in emit
  File "F:\Vitis\2024.2\vcxx\libexec\slxcmd.py", line 22, in write
    res = self.stream.write(data)
UnicodeEncodeError: 'gbk' codec can't encode character '\U0001f534' in position 0: illegal multibyte sequence
Call stack:
  File "F:\Vitis\2024.2\vcxx\libexec\slxcmd.py", line 38, in <module>
    sys.exit(slx.main.main())
  File "F:\Vitis\2024.2\vcxx\python\slx\main.py", line 138, in main
    return args.func(args, logger)
  File "F:\Vitis\2024.2\vcxx\python\slx\code_analyzer.py", line 572, in cmd_code_analyzer
    common.run(
  File "F:\Vitis\2024.2\vcxx\python\slx\common.py", line 44, in run
    return asyncio.get_event_loop().run_until_complete(coroutine)
  File "asyncio\base_events.py", line 636, in run_until_complete
  File "asyncio\windows_events.py", line 321, in run_forever
  File "asyncio\base_events.py", line 603, in run_forever
  File "asyncio\base_events.py", line 1909, in _run_once
  File "asyncio\events.py", line 80, in _run
  File "F:\Vitis\2024.2\vcxx\python\slx\rule.py", line 954, in _async_tee
    f(line)
  File "F:\Vitis\2024.2\vcxx\python\slx\rule.py", line 889, in log_out_as_stream_write
    self._logger.log(SUBPROCESS_OUT, msg.rstrip("\r\n"))
  File "logging\__init__.py", line 1879, in log
  File "logging\__init__.py", line 1547, in log
  File "logging\__init__.py", line 1624, in _log
  File "logging\__init__.py", line 1634, in handle
  File "logging\__init__.py", line 1696, in callHandlers
  File "logging\__init__.py", line 968, in handle
  File "logging\__init__.py", line 1108, in emit
Message: '\U0001f534 SKIPPING: Stage 3 invalid'
Arguments: ()
--- Logging error ---
Traceback (most recent call last):
  File "logging\__init__.py", line 1103, in emit
  File "F:\Vitis\2024.2\vcxx\libexec\slxcmd.py", line 22, in write
    res = self.stream.write(data)
UnicodeEncodeError: 'gbk' codec can't encode character '\U0001f534' in position 0: illegal multibyte sequence
Call stack:
  File "F:\Vitis\2024.2\vcxx\libexec\slxcmd.py", line 38, in <module>
    sys.exit(slx.main.main())
  File "F:\Vitis\2024.2\vcxx\python\slx\main.py", line 138, in main
    return args.func(args, logger)
  File "F:\Vitis\2024.2\vcxx\python\slx\code_analyzer.py", line 572, in cmd_code_analyzer
    common.run(
  File "F:\Vitis\2024.2\vcxx\python\slx\common.py", line 44, in run
    return asyncio.get_event_loop().run_until_complete(coroutine)
  File "asyncio\base_events.py", line 636, in run_until_complete
  File "asyncio\windows_events.py", line 321, in run_forever
  File "asyncio\base_events.py", line 603, in run_forever
  File "asyncio\base_events.py", line 1909, in _run_once
  File "asyncio\events.py", line 80, in _run
  File "F:\Vitis\2024.2\vcxx\python\slx\rule.py", line 954, in _async_tee
    f(line)
  File "F:\Vitis\2024.2\vcxx\python\slx\rule.py", line 889, in log_out_as_stream_write
    self._logger.log(SUBPROCESS_OUT, msg.rstrip("\r\n"))
  File "logging\__init__.py", line 1879, in log
  File "logging\__init__.py", line 1547, in log
  File "logging\__init__.py", line 1624, in _log
  File "logging\__init__.py", line 1634, in handle
  File "logging\__init__.py", line 1696, in callHandlers
  File "logging\__init__.py", line 968, in handle
  File "logging\__init__.py", line 1108, in emit
Message: '\U0001f534 SKIPPING: Stage 3 invalid'
Arguments: ()
--- Logging error ---
Traceback (most recent call last):
  File "logging\__init__.py", line 1103, in emit
  File "F:\Vitis\2024.2\vcxx\libexec\slxcmd.py", line 22, in write
    res = self.stream.write(data)
UnicodeEncodeError: 'gbk' codec can't encode character '\U0001f534' in position 0: illegal multibyte sequence
Call stack:
  File "F:\Vitis\2024.2\vcxx\libexec\slxcmd.py", line 38, in <module>
    sys.exit(slx.main.main())
  File "F:\Vitis\2024.2\vcxx\python\slx\main.py", line 138, in main
    return args.func(args, logger)
  File "F:\Vitis\2024.2\vcxx\python\slx\code_analyzer.py", line 572, in cmd_code_analyzer
    common.run(
  File "F:\Vitis\2024.2\vcxx\python\slx\common.py", line 44, in run
    return asyncio.get_event_loop().run_until_complete(coroutine)
  File "asyncio\base_events.py", line 636, in run_until_complete
  File "asyncio\windows_events.py", line 321, in run_forever
  File "asyncio\base_events.py", line 603, in run_forever
  File "asyncio\base_events.py", line 1909, in _run_once
  File "asyncio\events.py", line 80, in _run
  File "F:\Vitis\2024.2\vcxx\python\slx\rule.py", line 954, in _async_tee
    f(line)
  File "F:\Vitis\2024.2\vcxx\python\slx\rule.py", line 889, in log_out_as_stream_write
    self._logger.log(SUBPROCESS_OUT, msg.rstrip("\r\n"))
  File "logging\__init__.py", line 1879, in log
  File "logging\__init__.py", line 1547, in log
  File "logging\__init__.py", line 1624, in _log
  File "logging\__init__.py", line 1634, in handle
  File "logging\__init__.py", line 1696, in callHandlers
  File "logging\__init__.py", line 968, in handle
  File "logging\__init__.py", line 1108, in emit
Message: '\U0001f534 SKIPPING: Stage 3 invalid'
Arguments: ()
--- Logging error ---
Traceback (most recent call last):
  File "logging\__init__.py", line 1103, in emit
  File "F:\Vitis\2024.2\vcxx\libexec\slxcmd.py", line 22, in write
    res = self.stream.write(data)
UnicodeEncodeError: 'gbk' codec can't encode character '\U0001f534' in position 0: illegal multibyte sequence
Call stack:
  File "F:\Vitis\2024.2\vcxx\libexec\slxcmd.py", line 38, in <module>
    sys.exit(slx.main.main())
  File "F:\Vitis\2024.2\vcxx\python\slx\main.py", line 138, in main
    return args.func(args, logger)
  File "F:\Vitis\2024.2\vcxx\python\slx\code_analyzer.py", line 572, in cmd_code_analyzer
    common.run(
  File "F:\Vitis\2024.2\vcxx\python\slx\common.py", line 44, in run
    return asyncio.get_event_loop().run_until_complete(coroutine)
  File "asyncio\base_events.py", line 636, in run_until_complete
  File "asyncio\windows_events.py", line 321, in run_forever
  File "asyncio\base_events.py", line 603, in run_forever
  File "asyncio\base_events.py", line 1909, in _run_once
  File "asyncio\events.py", line 80, in _run
  File "F:\Vitis\2024.2\vcxx\python\slx\rule.py", line 954, in _async_tee
    f(line)
  File "F:\Vitis\2024.2\vcxx\python\slx\rule.py", line 889, in log_out_as_stream_write
    self._logger.log(SUBPROCESS_OUT, msg.rstrip("\r\n"))
  File "logging\__init__.py", line 1879, in log
  File "logging\__init__.py", line 1547, in log
  File "logging\__init__.py", line 1624, in _log
  File "logging\__init__.py", line 1634, in handle
  File "logging\__init__.py", line 1696, in callHandlers
  File "logging\__init__.py", line 968, in handle
  File "logging\__init__.py", line 1108, in emit
Message: '\U0001f534 SKIPPING: Stage 3 invalid'
Arguments: ()
--- Logging error ---
Traceback (most recent call last):
  File "logging\__init__.py", line 1103, in emit
  File "F:\Vitis\2024.2\vcxx\libexec\slxcmd.py", line 22, in write
    res = self.stream.write(data)
UnicodeEncodeError: 'gbk' codec can't encode character '\U0001f534' in position 0: illegal multibyte sequence
Call stack:
  File "F:\Vitis\2024.2\vcxx\libexec\slxcmd.py", line 38, in <module>
    sys.exit(slx.main.main())
  File "F:\Vitis\2024.2\vcxx\python\slx\main.py", line 138, in main
    return args.func(args, logger)
  File "F:\Vitis\2024.2\vcxx\python\slx\code_analyzer.py", line 572, in cmd_code_analyzer
    common.run(
  File "F:\Vitis\2024.2\vcxx\python\slx\common.py", line 44, in run
    return asyncio.get_event_loop().run_until_complete(coroutine)
  File "asyncio\base_events.py", line 636, in run_until_complete
  File "asyncio\windows_events.py", line 321, in run_forever
  File "asyncio\base_events.py", line 603, in run_forever
  File "asyncio\base_events.py", line 1909, in _run_once
  File "asyncio\events.py", line 80, in _run
  File "F:\Vitis\2024.2\vcxx\python\slx\rule.py", line 954, in _async_tee
    f(line)
  File "F:\Vitis\2024.2\vcxx\python\slx\rule.py", line 889, in log_out_as_stream_write
    self._logger.log(SUBPROCESS_OUT, msg.rstrip("\r\n"))
  File "logging\__init__.py", line 1879, in log
  File "logging\__init__.py", line 1547, in log
  File "logging\__init__.py", line 1624, in _log
  File "logging\__init__.py", line 1634, in handle
  File "logging\__init__.py", line 1696, in callHandlers
  File "logging\__init__.py", line 968, in handle
  File "logging\__init__.py", line 1108, in emit
Message: '\U0001f534 SKIPPING: Stage 3 invalid'
Arguments: ()
--- Logging error ---
Traceback (most recent call last):
  File "logging\__init__.py", line 1103, in emit
  File "F:\Vitis\2024.2\vcxx\libexec\slxcmd.py", line 22, in write
    res = self.stream.write(data)
UnicodeEncodeError: 'gbk' codec can't encode character '\U0001f534' in position 0: illegal multibyte sequence
Call stack:
  File "F:\Vitis\2024.2\vcxx\libexec\slxcmd.py", line 38, in <module>
    sys.exit(slx.main.main())
  File "F:\Vitis\2024.2\vcxx\python\slx\main.py", line 138, in main
    return args.func(args, logger)
  File "F:\Vitis\2024.2\vcxx\python\slx\code_analyzer.py", line 572, in cmd_code_analyzer
    common.run(
  File "F:\Vitis\2024.2\vcxx\python\slx\common.py", line 44, in run
    return asyncio.get_event_loop().run_until_complete(coroutine)
  File "asyncio\base_events.py", line 636, in run_until_complete
  File "asyncio\windows_events.py", line 321, in run_forever
  File "asyncio\base_events.py", line 603, in run_forever
  File "asyncio\base_events.py", line 1909, in _run_once
  File "asyncio\events.py", line 80, in _run
  File "F:\Vitis\2024.2\vcxx\python\slx\rule.py", line 954, in _async_tee
    f(line)
  File "F:\Vitis\2024.2\vcxx\python\slx\rule.py", line 889, in log_out_as_stream_write
    self._logger.log(SUBPROCESS_OUT, msg.rstrip("\r\n"))
  File "logging\__init__.py", line 1879, in log
  File "logging\__init__.py", line 1547, in log
  File "logging\__init__.py", line 1624, in _log
  File "logging\__init__.py", line 1634, in handle
  File "logging\__init__.py", line 1696, in callHandlers
  File "logging\__init__.py", line 968, in handle
  File "logging\__init__.py", line 1108, in emit
Message: '\U0001f534 SKIPPING: Stage 3 invalid'
Arguments: ()
--- Logging error ---
Traceback (most recent call last):
  File "logging\__init__.py", line 1103, in emit
  File "F:\Vitis\2024.2\vcxx\libexec\slxcmd.py", line 22, in write
    res = self.stream.write(data)
UnicodeEncodeError: 'gbk' codec can't encode character '\U0001f534' in position 0: illegal multibyte sequence
Call stack:
  File "F:\Vitis\2024.2\vcxx\libexec\slxcmd.py", line 38, in <module>
    sys.exit(slx.main.main())
  File "F:\Vitis\2024.2\vcxx\python\slx\main.py", line 138, in main
    return args.func(args, logger)
  File "F:\Vitis\2024.2\vcxx\python\slx\code_analyzer.py", line 572, in cmd_code_analyzer
    common.run(
  File "F:\Vitis\2024.2\vcxx\python\slx\common.py", line 44, in run
    return asyncio.get_event_loop().run_until_complete(coroutine)
  File "asyncio\base_events.py", line 636, in run_until_complete
  File "asyncio\windows_events.py", line 321, in run_forever
  File "asyncio\base_events.py", line 603, in run_forever
  File "asyncio\base_events.py", line 1909, in _run_once
  File "asyncio\events.py", line 80, in _run
  File "F:\Vitis\2024.2\vcxx\python\slx\rule.py", line 954, in _async_tee
    f(line)
  File "F:\Vitis\2024.2\vcxx\python\slx\rule.py", line 889, in log_out_as_stream_write
    self._logger.log(SUBPROCESS_OUT, msg.rstrip("\r\n"))
  File "logging\__init__.py", line 1879, in log
  File "logging\__init__.py", line 1547, in log
  File "logging\__init__.py", line 1624, in _log
  File "logging\__init__.py", line 1634, in handle
  File "logging\__init__.py", line 1696, in callHandlers
  File "logging\__init__.py", line 968, in handle
  File "logging\__init__.py", line 1108, in emit
Message: '\U0001f534 SKIPPING: Stage 3 invalid'
Arguments: ()
--- Logging error ---
Traceback (most recent call last):
  File "logging\__init__.py", line 1103, in emit
  File "F:\Vitis\2024.2\vcxx\libexec\slxcmd.py", line 22, in write
    res = self.stream.write(data)
UnicodeEncodeError: 'gbk' codec can't encode character '\U0001f534' in position 0: illegal multibyte sequence
Call stack:
  File "F:\Vitis\2024.2\vcxx\libexec\slxcmd.py", line 38, in <module>
    sys.exit(slx.main.main())
  File "F:\Vitis\2024.2\vcxx\python\slx\main.py", line 138, in main
    return args.func(args, logger)
  File "F:\Vitis\2024.2\vcxx\python\slx\code_analyzer.py", line 572, in cmd_code_analyzer
    common.run(
  File "F:\Vitis\2024.2\vcxx\python\slx\common.py", line 44, in run
    return asyncio.get_event_loop().run_until_complete(coroutine)
  File "asyncio\base_events.py", line 636, in run_until_complete
  File "asyncio\windows_events.py", line 321, in run_forever
  File "asyncio\base_events.py", line 603, in run_forever
  File "asyncio\base_events.py", line 1909, in _run_once
  File "asyncio\events.py", line 80, in _run
  File "F:\Vitis\2024.2\vcxx\python\slx\rule.py", line 954, in _async_tee
    f(line)
  File "F:\Vitis\2024.2\vcxx\python\slx\rule.py", line 889, in log_out_as_stream_write
    self._logger.log(SUBPROCESS_OUT, msg.rstrip("\r\n"))
  File "logging\__init__.py", line 1879, in log
  File "logging\__init__.py", line 1547, in log
  File "logging\__init__.py", line 1624, in _log
  File "logging\__init__.py", line 1634, in handle
  File "logging\__init__.py", line 1696, in callHandlers
  File "logging\__init__.py", line 968, in handle
  File "logging\__init__.py", line 1108, in emit
Message: '\U0001f534 SKIPPING: Stage 3 invalid'
Arguments: ()
--- Logging error ---
Traceback (most recent call last):
  File "logging\__init__.py", line 1103, in emit
  File "F:\Vitis\2024.2\vcxx\libexec\slxcmd.py", line 22, in write
    res = self.stream.write(data)
UnicodeEncodeError: 'gbk' codec can't encode character '\U0001f534' in position 0: illegal multibyte sequence
Call stack:
  File "F:\Vitis\2024.2\vcxx\libexec\slxcmd.py", line 38, in <module>
    sys.exit(slx.main.main())
  File "F:\Vitis\2024.2\vcxx\python\slx\main.py", line 138, in main
    return args.func(args, logger)
  File "F:\Vitis\2024.2\vcxx\python\slx\code_analyzer.py", line 572, in cmd_code_analyzer
    common.run(
  File "F:\Vitis\2024.2\vcxx\python\slx\common.py", line 44, in run
    return asyncio.get_event_loop().run_until_complete(coroutine)
  File "asyncio\base_events.py", line 636, in run_until_complete
  File "asyncio\windows_events.py", line 321, in run_forever
  File "asyncio\base_events.py", line 603, in run_forever
  File "asyncio\base_events.py", line 1909, in _run_once
  File "asyncio\events.py", line 80, in _run
  File "F:\Vitis\2024.2\vcxx\python\slx\rule.py", line 954, in _async_tee
    f(line)
  File "F:\Vitis\2024.2\vcxx\python\slx\rule.py", line 889, in log_out_as_stream_write
    self._logger.log(SUBPROCESS_OUT, msg.rstrip("\r\n"))
  File "logging\__init__.py", line 1879, in log
  File "logging\__init__.py", line 1547, in log
  File "logging\__init__.py", line 1624, in _log
  File "logging\__init__.py", line 1634, in handle
  File "logging\__init__.py", line 1696, in callHandlers
  File "logging\__init__.py", line 968, in handle
  File "logging\__init__.py", line 1108, in emit
Message: '\U0001f534 SKIPPING: Stage 3 invalid'
Arguments: ()
--- Logging error ---
Traceback (most recent call last):
  File "logging\__init__.py", line 1103, in emit
  File "F:\Vitis\2024.2\vcxx\libexec\slxcmd.py", line 22, in write
    res = self.stream.write(data)
UnicodeEncodeError: 'gbk' codec can't encode character '\U0001f534' in position 0: illegal multibyte sequence
Call stack:
  File "F:\Vitis\2024.2\vcxx\libexec\slxcmd.py", line 38, in <module>
    sys.exit(slx.main.main())
  File "F:\Vitis\2024.2\vcxx\python\slx\main.py", line 138, in main
    return args.func(args, logger)
  File "F:\Vitis\2024.2\vcxx\python\slx\code_analyzer.py", line 572, in cmd_code_analyzer
    common.run(
  File "F:\Vitis\2024.2\vcxx\python\slx\common.py", line 44, in run
    return asyncio.get_event_loop().run_until_complete(coroutine)
  File "asyncio\base_events.py", line 636, in run_until_complete
  File "asyncio\windows_events.py", line 321, in run_forever
  File "asyncio\base_events.py", line 603, in run_forever
  File "asyncio\base_events.py", line 1909, in _run_once
  File "asyncio\events.py", line 80, in _run
  File "F:\Vitis\2024.2\vcxx\python\slx\rule.py", line 954, in _async_tee
    f(line)
  File "F:\Vitis\2024.2\vcxx\python\slx\rule.py", line 889, in log_out_as_stream_write
    self._logger.log(SUBPROCESS_OUT, msg.rstrip("\r\n"))
  File "logging\__init__.py", line 1879, in log
  File "logging\__init__.py", line 1547, in log
  File "logging\__init__.py", line 1624, in _log
  File "logging\__init__.py", line 1634, in handle
  File "logging\__init__.py", line 1696, in callHandlers
  File "logging\__init__.py", line 968, in handle
  File "logging\__init__.py", line 1108, in emit
Message: '\U0001f534 SKIPPING: Stage 3 invalid'
Arguments: ()
--- Logging error ---
Traceback (most recent call last):
  File "logging\__init__.py", line 1103, in emit
  File "F:\Vitis\2024.2\vcxx\libexec\slxcmd.py", line 22, in write
    res = self.stream.write(data)
UnicodeEncodeError: 'gbk' codec can't encode character '\U0001f534' in position 0: illegal multibyte sequence
Call stack:
  File "F:\Vitis\2024.2\vcxx\libexec\slxcmd.py", line 38, in <module>
    sys.exit(slx.main.main())
  File "F:\Vitis\2024.2\vcxx\python\slx\main.py", line 138, in main
    return args.func(args, logger)
  File "F:\Vitis\2024.2\vcxx\python\slx\code_analyzer.py", line 572, in cmd_code_analyzer
    common.run(
  File "F:\Vitis\2024.2\vcxx\python\slx\common.py", line 44, in run
    return asyncio.get_event_loop().run_until_complete(coroutine)
  File "asyncio\base_events.py", line 636, in run_until_complete
  File "asyncio\windows_events.py", line 321, in run_forever
  File "asyncio\base_events.py", line 603, in run_forever
  File "asyncio\base_events.py", line 1909, in _run_once
  File "asyncio\events.py", line 80, in _run
  File "F:\Vitis\2024.2\vcxx\python\slx\rule.py", line 954, in _async_tee
    f(line)
  File "F:\Vitis\2024.2\vcxx\python\slx\rule.py", line 889, in log_out_as_stream_write
    self._logger.log(SUBPROCESS_OUT, msg.rstrip("\r\n"))
  File "logging\__init__.py", line 1879, in log
  File "logging\__init__.py", line 1547, in log
  File "logging\__init__.py", line 1624, in _log
  File "logging\__init__.py", line 1634, in handle
  File "logging\__init__.py", line 1696, in callHandlers
  File "logging\__init__.py", line 968, in handle
  File "logging\__init__.py", line 1108, in emit
Message: '\U0001f534 SKIPPING: Stage 3 invalid'
Arguments: ()
--- Logging error ---
Traceback (most recent call last):
  File "logging\__init__.py", line 1103, in emit
  File "F:\Vitis\2024.2\vcxx\libexec\slxcmd.py", line 22, in write
    res = self.stream.write(data)
UnicodeEncodeError: 'gbk' codec can't encode character '\U0001f534' in position 0: illegal multibyte sequence
Call stack:
  File "F:\Vitis\2024.2\vcxx\libexec\slxcmd.py", line 38, in <module>
    sys.exit(slx.main.main())
  File "F:\Vitis\2024.2\vcxx\python\slx\main.py", line 138, in main
    return args.func(args, logger)
  File "F:\Vitis\2024.2\vcxx\python\slx\code_analyzer.py", line 572, in cmd_code_analyzer
    common.run(
  File "F:\Vitis\2024.2\vcxx\python\slx\common.py", line 44, in run
    return asyncio.get_event_loop().run_until_complete(coroutine)
  File "asyncio\base_events.py", line 636, in run_until_complete
  File "asyncio\windows_events.py", line 321, in run_forever
  File "asyncio\base_events.py", line 603, in run_forever
  File "asyncio\base_events.py", line 1909, in _run_once
  File "asyncio\events.py", line 80, in _run
  File "F:\Vitis\2024.2\vcxx\python\slx\rule.py", line 954, in _async_tee
    f(line)
  File "F:\Vitis\2024.2\vcxx\python\slx\rule.py", line 889, in log_out_as_stream_write
    self._logger.log(SUBPROCESS_OUT, msg.rstrip("\r\n"))
  File "logging\__init__.py", line 1879, in log
  File "logging\__init__.py", line 1547, in log
  File "logging\__init__.py", line 1624, in _log
  File "logging\__init__.py", line 1634, in handle
  File "logging\__init__.py", line 1696, in callHandlers
  File "logging\__init__.py", line 968, in handle
  File "logging\__init__.py", line 1108, in emit
Message: '\U0001f534 SKIPPING: Stage 3 invalid'
Arguments: ()
--- Logging error ---
Traceback (most recent call last):
  File "logging\__init__.py", line 1103, in emit
  File "F:\Vitis\2024.2\vcxx\libexec\slxcmd.py", line 22, in write
    res = self.stream.write(data)
UnicodeEncodeError: 'gbk' codec can't encode character '\U0001f534' in position 0: illegal multibyte sequence
Call stack:
  File "F:\Vitis\2024.2\vcxx\libexec\slxcmd.py", line 38, in <module>
    sys.exit(slx.main.main())
  File "F:\Vitis\2024.2\vcxx\python\slx\main.py", line 138, in main
    return args.func(args, logger)
  File "F:\Vitis\2024.2\vcxx\python\slx\code_analyzer.py", line 572, in cmd_code_analyzer
    common.run(
  File "F:\Vitis\2024.2\vcxx\python\slx\common.py", line 44, in run
    return asyncio.get_event_loop().run_until_complete(coroutine)
  File "asyncio\base_events.py", line 636, in run_until_complete
  File "asyncio\windows_events.py", line 321, in run_forever
  File "asyncio\base_events.py", line 603, in run_forever
  File "asyncio\base_events.py", line 1909, in _run_once
  File "asyncio\events.py", line 80, in _run
  File "F:\Vitis\2024.2\vcxx\python\slx\rule.py", line 954, in _async_tee
    f(line)
  File "F:\Vitis\2024.2\vcxx\python\slx\rule.py", line 889, in log_out_as_stream_write
    self._logger.log(SUBPROCESS_OUT, msg.rstrip("\r\n"))
  File "logging\__init__.py", line 1879, in log
  File "logging\__init__.py", line 1547, in log
  File "logging\__init__.py", line 1624, in _log
  File "logging\__init__.py", line 1634, in handle
  File "logging\__init__.py", line 1696, in callHandlers
  File "logging\__init__.py", line 968, in handle
  File "logging\__init__.py", line 1108, in emit
Message: '\U0001f534 SKIPPING: Stage 3 invalid'
Arguments: ()
--- Logging error ---
Traceback (most recent call last):
  File "logging\__init__.py", line 1103, in emit
  File "F:\Vitis\2024.2\vcxx\libexec\slxcmd.py", line 22, in write
    res = self.stream.write(data)
UnicodeEncodeError: 'gbk' codec can't encode character '\U0001f534' in position 0: illegal multibyte sequence
Call stack:
  File "F:\Vitis\2024.2\vcxx\libexec\slxcmd.py", line 38, in <module>
    sys.exit(slx.main.main())
  File "F:\Vitis\2024.2\vcxx\python\slx\main.py", line 138, in main
    return args.func(args, logger)
  File "F:\Vitis\2024.2\vcxx\python\slx\code_analyzer.py", line 572, in cmd_code_analyzer
    common.run(
  File "F:\Vitis\2024.2\vcxx\python\slx\common.py", line 44, in run
    return asyncio.get_event_loop().run_until_complete(coroutine)
  File "asyncio\base_events.py", line 636, in run_until_complete
  File "asyncio\windows_events.py", line 321, in run_forever
  File "asyncio\base_events.py", line 603, in run_forever
  File "asyncio\base_events.py", line 1909, in _run_once
  File "asyncio\events.py", line 80, in _run
  File "F:\Vitis\2024.2\vcxx\python\slx\rule.py", line 954, in _async_tee
    f(line)
  File "F:\Vitis\2024.2\vcxx\python\slx\rule.py", line 889, in log_out_as_stream_write
    self._logger.log(SUBPROCESS_OUT, msg.rstrip("\r\n"))
  File "logging\__init__.py", line 1879, in log
  File "logging\__init__.py", line 1547, in log
  File "logging\__init__.py", line 1624, in _log
  File "logging\__init__.py", line 1634, in handle
  File "logging\__init__.py", line 1696, in callHandlers
  File "logging\__init__.py", line 968, in handle
  File "logging\__init__.py", line 1108, in emit
Message: '\U0001f534 SKIPPING: Stage 3 invalid'
Arguments: ()
--- Logging error ---
Traceback (most recent call last):
  File "logging\__init__.py", line 1103, in emit
  File "F:\Vitis\2024.2\vcxx\libexec\slxcmd.py", line 22, in write
    res = self.stream.write(data)
UnicodeEncodeError: 'gbk' codec can't encode character '\U0001f534' in position 0: illegal multibyte sequence
Call stack:
  File "F:\Vitis\2024.2\vcxx\libexec\slxcmd.py", line 38, in <module>
    sys.exit(slx.main.main())
  File "F:\Vitis\2024.2\vcxx\python\slx\main.py", line 138, in main
    return args.func(args, logger)
  File "F:\Vitis\2024.2\vcxx\python\slx\code_analyzer.py", line 572, in cmd_code_analyzer
    common.run(
  File "F:\Vitis\2024.2\vcxx\python\slx\common.py", line 44, in run
    return asyncio.get_event_loop().run_until_complete(coroutine)
  File "asyncio\base_events.py", line 636, in run_until_complete
  File "asyncio\windows_events.py", line 321, in run_forever
  File "asyncio\base_events.py", line 603, in run_forever
  File "asyncio\base_events.py", line 1909, in _run_once
  File "asyncio\events.py", line 80, in _run
  File "F:\Vitis\2024.2\vcxx\python\slx\rule.py", line 954, in _async_tee
    f(line)
  File "F:\Vitis\2024.2\vcxx\python\slx\rule.py", line 889, in log_out_as_stream_write
    self._logger.log(SUBPROCESS_OUT, msg.rstrip("\r\n"))
  File "logging\__init__.py", line 1879, in log
  File "logging\__init__.py", line 1547, in log
  File "logging\__init__.py", line 1624, in _log
  File "logging\__init__.py", line 1634, in handle
  File "logging\__init__.py", line 1696, in callHandlers
  File "logging\__init__.py", line 968, in handle
  File "logging\__init__.py", line 1108, in emit
Message: '\U0001f534 SKIPPING: Stage 3 invalid'
Arguments: ()
--- Logging error ---
Traceback (most recent call last):
  File "logging\__init__.py", line 1103, in emit
  File "F:\Vitis\2024.2\vcxx\libexec\slxcmd.py", line 22, in write
    res = self.stream.write(data)
UnicodeEncodeError: 'gbk' codec can't encode character '\U0001f534' in position 0: illegal multibyte sequence
Call stack:
  File "F:\Vitis\2024.2\vcxx\libexec\slxcmd.py", line 38, in <module>
    sys.exit(slx.main.main())
  File "F:\Vitis\2024.2\vcxx\python\slx\main.py", line 138, in main
    return args.func(args, logger)
  File "F:\Vitis\2024.2\vcxx\python\slx\code_analyzer.py", line 572, in cmd_code_analyzer
    common.run(
  File "F:\Vitis\2024.2\vcxx\python\slx\common.py", line 44, in run
    return asyncio.get_event_loop().run_until_complete(coroutine)
  File "asyncio\base_events.py", line 636, in run_until_complete
  File "asyncio\windows_events.py", line 321, in run_forever
  File "asyncio\base_events.py", line 603, in run_forever
  File "asyncio\base_events.py", line 1909, in _run_once
  File "asyncio\events.py", line 80, in _run
  File "F:\Vitis\2024.2\vcxx\python\slx\rule.py", line 954, in _async_tee
    f(line)
  File "F:\Vitis\2024.2\vcxx\python\slx\rule.py", line 889, in log_out_as_stream_write
    self._logger.log(SUBPROCESS_OUT, msg.rstrip("\r\n"))
  File "logging\__init__.py", line 1879, in log
  File "logging\__init__.py", line 1547, in log
  File "logging\__init__.py", line 1624, in _log
  File "logging\__init__.py", line 1634, in handle
  File "logging\__init__.py", line 1696, in callHandlers
  File "logging\__init__.py", line 968, in handle
  File "logging\__init__.py", line 1108, in emit
Message: '\U0001f534 SKIPPING: Stage 3 invalid'
Arguments: ()
--- Logging error ---
Traceback (most recent call last):
  File "logging\__init__.py", line 1103, in emit
  File "F:\Vitis\2024.2\vcxx\libexec\slxcmd.py", line 22, in write
    res = self.stream.write(data)
UnicodeEncodeError: 'gbk' codec can't encode character '\U0001f534' in position 0: illegal multibyte sequence
Call stack:
  File "F:\Vitis\2024.2\vcxx\libexec\slxcmd.py", line 38, in <module>
    sys.exit(slx.main.main())
  File "F:\Vitis\2024.2\vcxx\python\slx\main.py", line 138, in main
    return args.func(args, logger)
  File "F:\Vitis\2024.2\vcxx\python\slx\code_analyzer.py", line 572, in cmd_code_analyzer
    common.run(
  File "F:\Vitis\2024.2\vcxx\python\slx\common.py", line 44, in run
    return asyncio.get_event_loop().run_until_complete(coroutine)
  File "asyncio\base_events.py", line 636, in run_until_complete
  File "asyncio\windows_events.py", line 321, in run_forever
  File "asyncio\base_events.py", line 603, in run_forever
  File "asyncio\base_events.py", line 1909, in _run_once
  File "asyncio\events.py", line 80, in _run
  File "F:\Vitis\2024.2\vcxx\python\slx\rule.py", line 954, in _async_tee
    f(line)
  File "F:\Vitis\2024.2\vcxx\python\slx\rule.py", line 889, in log_out_as_stream_write
    self._logger.log(SUBPROCESS_OUT, msg.rstrip("\r\n"))
  File "logging\__init__.py", line 1879, in log
  File "logging\__init__.py", line 1547, in log
  File "logging\__init__.py", line 1624, in _log
  File "logging\__init__.py", line 1634, in handle
  File "logging\__init__.py", line 1696, in callHandlers
  File "logging\__init__.py", line 968, in handle
  File "logging\__init__.py", line 1108, in emit
Message: '\U0001f534 SKIPPING: Stage 3 invalid'
Arguments: ()
--- Logging error ---
Traceback (most recent call last):
  File "logging\__init__.py", line 1103, in emit
  File "F:\Vitis\2024.2\vcxx\libexec\slxcmd.py", line 22, in write
    res = self.stream.write(data)
UnicodeEncodeError: 'gbk' codec can't encode character '\U0001f534' in position 0: illegal multibyte sequence
Call stack:
  File "F:\Vitis\2024.2\vcxx\libexec\slxcmd.py", line 38, in <module>
    sys.exit(slx.main.main())
  File "F:\Vitis\2024.2\vcxx\python\slx\main.py", line 138, in main
    return args.func(args, logger)
  File "F:\Vitis\2024.2\vcxx\python\slx\code_analyzer.py", line 572, in cmd_code_analyzer
    common.run(
  File "F:\Vitis\2024.2\vcxx\python\slx\common.py", line 44, in run
    return asyncio.get_event_loop().run_until_complete(coroutine)
  File "asyncio\base_events.py", line 636, in run_until_complete
  File "asyncio\windows_events.py", line 321, in run_forever
  File "asyncio\base_events.py", line 603, in run_forever
  File "asyncio\base_events.py", line 1909, in _run_once
  File "asyncio\events.py", line 80, in _run
  File "F:\Vitis\2024.2\vcxx\python\slx\rule.py", line 954, in _async_tee
    f(line)
  File "F:\Vitis\2024.2\vcxx\python\slx\rule.py", line 889, in log_out_as_stream_write
    self._logger.log(SUBPROCESS_OUT, msg.rstrip("\r\n"))
  File "logging\__init__.py", line 1879, in log
  File "logging\__init__.py", line 1547, in log
  File "logging\__init__.py", line 1624, in _log
  File "logging\__init__.py", line 1634, in handle
  File "logging\__init__.py", line 1696, in callHandlers
  File "logging\__init__.py", line 968, in handle
  File "logging\__init__.py", line 1108, in emit
Message: '\U0001f534 SKIPPING: Stage 3 invalid'
Arguments: ()
--- Logging error ---
Traceback (most recent call last):
  File "logging\__init__.py", line 1103, in emit
  File "F:\Vitis\2024.2\vcxx\libexec\slxcmd.py", line 22, in write
    res = self.stream.write(data)
UnicodeEncodeError: 'gbk' codec can't encode character '\U0001f534' in position 0: illegal multibyte sequence
Call stack:
  File "F:\Vitis\2024.2\vcxx\libexec\slxcmd.py", line 38, in <module>
    sys.exit(slx.main.main())
  File "F:\Vitis\2024.2\vcxx\python\slx\main.py", line 138, in main
    return args.func(args, logger)
  File "F:\Vitis\2024.2\vcxx\python\slx\code_analyzer.py", line 572, in cmd_code_analyzer
    common.run(
  File "F:\Vitis\2024.2\vcxx\python\slx\common.py", line 44, in run
    return asyncio.get_event_loop().run_until_complete(coroutine)
  File "asyncio\base_events.py", line 636, in run_until_complete
  File "asyncio\windows_events.py", line 321, in run_forever
  File "asyncio\base_events.py", line 603, in run_forever
  File "asyncio\base_events.py", line 1909, in _run_once
  File "asyncio\events.py", line 80, in _run
  File "F:\Vitis\2024.2\vcxx\python\slx\rule.py", line 954, in _async_tee
    f(line)
  File "F:\Vitis\2024.2\vcxx\python\slx\rule.py", line 889, in log_out_as_stream_write
    self._logger.log(SUBPROCESS_OUT, msg.rstrip("\r\n"))
  File "logging\__init__.py", line 1879, in log
  File "logging\__init__.py", line 1547, in log
  File "logging\__init__.py", line 1624, in _log
  File "logging\__init__.py", line 1634, in handle
  File "logging\__init__.py", line 1696, in callHandlers
  File "logging\__init__.py", line 968, in handle
  File "logging\__init__.py", line 1108, in emit
Message: '\U0001f534 SKIPPING: Stage 3 invalid'
Arguments: ()
--- Logging error ---
Traceback (most recent call last):
  File "logging\__init__.py", line 1103, in emit
  File "F:\Vitis\2024.2\vcxx\libexec\slxcmd.py", line 22, in write
    res = self.stream.write(data)
UnicodeEncodeError: 'gbk' codec can't encode character '\U0001f534' in position 0: illegal multibyte sequence
Call stack:
  File "F:\Vitis\2024.2\vcxx\libexec\slxcmd.py", line 38, in <module>
    sys.exit(slx.main.main())
  File "F:\Vitis\2024.2\vcxx\python\slx\main.py", line 138, in main
    return args.func(args, logger)
  File "F:\Vitis\2024.2\vcxx\python\slx\code_analyzer.py", line 572, in cmd_code_analyzer
    common.run(
  File "F:\Vitis\2024.2\vcxx\python\slx\common.py", line 44, in run
    return asyncio.get_event_loop().run_until_complete(coroutine)
  File "asyncio\base_events.py", line 636, in run_until_complete
  File "asyncio\windows_events.py", line 321, in run_forever
  File "asyncio\base_events.py", line 603, in run_forever
  File "asyncio\base_events.py", line 1909, in _run_once
  File "asyncio\events.py", line 80, in _run
  File "F:\Vitis\2024.2\vcxx\python\slx\rule.py", line 954, in _async_tee
    f(line)
  File "F:\Vitis\2024.2\vcxx\python\slx\rule.py", line 889, in log_out_as_stream_write
    self._logger.log(SUBPROCESS_OUT, msg.rstrip("\r\n"))
  File "logging\__init__.py", line 1879, in log
  File "logging\__init__.py", line 1547, in log
  File "logging\__init__.py", line 1624, in _log
  File "logging\__init__.py", line 1634, in handle
  File "logging\__init__.py", line 1696, in callHandlers
  File "logging\__init__.py", line 968, in handle
  File "logging\__init__.py", line 1108, in emit
Message: '\U0001f534 SKIPPING: Stage 3 invalid'
Arguments: ()
--- Logging error ---
Traceback (most recent call last):
  File "logging\__init__.py", line 1103, in emit
  File "F:\Vitis\2024.2\vcxx\libexec\slxcmd.py", line 22, in write
    res = self.stream.write(data)
UnicodeEncodeError: 'gbk' codec can't encode character '\U0001f534' in position 0: illegal multibyte sequence
Call stack:
  File "F:\Vitis\2024.2\vcxx\libexec\slxcmd.py", line 38, in <module>
    sys.exit(slx.main.main())
  File "F:\Vitis\2024.2\vcxx\python\slx\main.py", line 138, in main
    return args.func(args, logger)
  File "F:\Vitis\2024.2\vcxx\python\slx\code_analyzer.py", line 572, in cmd_code_analyzer
    common.run(
  File "F:\Vitis\2024.2\vcxx\python\slx\common.py", line 44, in run
    return asyncio.get_event_loop().run_until_complete(coroutine)
  File "asyncio\base_events.py", line 636, in run_until_complete
  File "asyncio\windows_events.py", line 321, in run_forever
  File "asyncio\base_events.py", line 603, in run_forever
  File "asyncio\base_events.py", line 1909, in _run_once
  File "asyncio\events.py", line 80, in _run
  File "F:\Vitis\2024.2\vcxx\python\slx\rule.py", line 954, in _async_tee
    f(line)
  File "F:\Vitis\2024.2\vcxx\python\slx\rule.py", line 889, in log_out_as_stream_write
    self._logger.log(SUBPROCESS_OUT, msg.rstrip("\r\n"))
  File "logging\__init__.py", line 1879, in log
  File "logging\__init__.py", line 1547, in log
  File "logging\__init__.py", line 1624, in _log
  File "logging\__init__.py", line 1634, in handle
  File "logging\__init__.py", line 1696, in callHandlers
  File "logging\__init__.py", line 968, in handle
  File "logging\__init__.py", line 1108, in emit
Message: '\U0001f534 SKIPPING: Stage 3 invalid'
Arguments: ()
--- Logging error ---
Traceback (most recent call last):
  File "logging\__init__.py", line 1103, in emit
  File "F:\Vitis\2024.2\vcxx\libexec\slxcmd.py", line 22, in write
    res = self.stream.write(data)
UnicodeEncodeError: 'gbk' codec can't encode character '\U0001f534' in position 0: illegal multibyte sequence
Call stack:
  File "F:\Vitis\2024.2\vcxx\libexec\slxcmd.py", line 38, in <module>
    sys.exit(slx.main.main())
  File "F:\Vitis\2024.2\vcxx\python\slx\main.py", line 138, in main
    return args.func(args, logger)
  File "F:\Vitis\2024.2\vcxx\python\slx\code_analyzer.py", line 572, in cmd_code_analyzer
    common.run(
  File "F:\Vitis\2024.2\vcxx\python\slx\common.py", line 44, in run
    return asyncio.get_event_loop().run_until_complete(coroutine)
  File "asyncio\base_events.py", line 636, in run_until_complete
  File "asyncio\windows_events.py", line 321, in run_forever
  File "asyncio\base_events.py", line 603, in run_forever
  File "asyncio\base_events.py", line 1909, in _run_once
  File "asyncio\events.py", line 80, in _run
  File "F:\Vitis\2024.2\vcxx\python\slx\rule.py", line 954, in _async_tee
    f(line)
  File "F:\Vitis\2024.2\vcxx\python\slx\rule.py", line 889, in log_out_as_stream_write
    self._logger.log(SUBPROCESS_OUT, msg.rstrip("\r\n"))
  File "logging\__init__.py", line 1879, in log
  File "logging\__init__.py", line 1547, in log
  File "logging\__init__.py", line 1624, in _log
  File "logging\__init__.py", line 1634, in handle
  File "logging\__init__.py", line 1696, in callHandlers
  File "logging\__init__.py", line 968, in handle
  File "logging\__init__.py", line 1108, in emit
Message: '\U0001f534 SKIPPING: Stage 3 invalid'
Arguments: ()
--- Logging error ---
Traceback (most recent call last):
  File "logging\__init__.py", line 1103, in emit
  File "F:\Vitis\2024.2\vcxx\libexec\slxcmd.py", line 22, in write
    res = self.stream.write(data)
UnicodeEncodeError: 'gbk' codec can't encode character '\U0001f534' in position 0: illegal multibyte sequence
Call stack:
  File "F:\Vitis\2024.2\vcxx\libexec\slxcmd.py", line 38, in <module>
    sys.exit(slx.main.main())
  File "F:\Vitis\2024.2\vcxx\python\slx\main.py", line 138, in main
    return args.func(args, logger)
  File "F:\Vitis\2024.2\vcxx\python\slx\code_analyzer.py", line 572, in cmd_code_analyzer
    common.run(
  File "F:\Vitis\2024.2\vcxx\python\slx\common.py", line 44, in run
    return asyncio.get_event_loop().run_until_complete(coroutine)
  File "asyncio\base_events.py", line 636, in run_until_complete
  File "asyncio\windows_events.py", line 321, in run_forever
  File "asyncio\base_events.py", line 603, in run_forever
  File "asyncio\base_events.py", line 1909, in _run_once
  File "asyncio\events.py", line 80, in _run
  File "F:\Vitis\2024.2\vcxx\python\slx\rule.py", line 954, in _async_tee
    f(line)
  File "F:\Vitis\2024.2\vcxx\python\slx\rule.py", line 889, in log_out_as_stream_write
    self._logger.log(SUBPROCESS_OUT, msg.rstrip("\r\n"))
  File "logging\__init__.py", line 1879, in log
  File "logging\__init__.py", line 1547, in log
  File "logging\__init__.py", line 1624, in _log
  File "logging\__init__.py", line 1634, in handle
  File "logging\__init__.py", line 1696, in callHandlers
  File "logging\__init__.py", line 968, in handle
  File "logging\__init__.py", line 1108, in emit
Message: '\U0001f534 SKIPPING: Stage 3 invalid'
Arguments: ()
--- Logging error ---
Traceback (most recent call last):
  File "logging\__init__.py", line 1103, in emit
  File "F:\Vitis\2024.2\vcxx\libexec\slxcmd.py", line 22, in write
    res = self.stream.write(data)
UnicodeEncodeError: 'gbk' codec can't encode character '\U0001f534' in position 0: illegal multibyte sequence
Call stack:
  File "F:\Vitis\2024.2\vcxx\libexec\slxcmd.py", line 38, in <module>
    sys.exit(slx.main.main())
  File "F:\Vitis\2024.2\vcxx\python\slx\main.py", line 138, in main
    return args.func(args, logger)
  File "F:\Vitis\2024.2\vcxx\python\slx\code_analyzer.py", line 572, in cmd_code_analyzer
    common.run(
  File "F:\Vitis\2024.2\vcxx\python\slx\common.py", line 44, in run
    return asyncio.get_event_loop().run_until_complete(coroutine)
  File "asyncio\base_events.py", line 636, in run_until_complete
  File "asyncio\windows_events.py", line 321, in run_forever
  File "asyncio\base_events.py", line 603, in run_forever
  File "asyncio\base_events.py", line 1909, in _run_once
  File "asyncio\events.py", line 80, in _run
  File "F:\Vitis\2024.2\vcxx\python\slx\rule.py", line 954, in _async_tee
    f(line)
  File "F:\Vitis\2024.2\vcxx\python\slx\rule.py", line 889, in log_out_as_stream_write
    self._logger.log(SUBPROCESS_OUT, msg.rstrip("\r\n"))
  File "logging\__init__.py", line 1879, in log
  File "logging\__init__.py", line 1547, in log
  File "logging\__init__.py", line 1624, in _log
  File "logging\__init__.py", line 1634, in handle
  File "logging\__init__.py", line 1696, in callHandlers
  File "logging\__init__.py", line 968, in handle
  File "logging\__init__.py", line 1108, in emit
Message: '\U0001f534 SKIPPING: Stage 3 invalid'
Arguments: ()
--- Logging error ---
Traceback (most recent call last):
  File "logging\__init__.py", line 1103, in emit
  File "F:\Vitis\2024.2\vcxx\libexec\slxcmd.py", line 22, in write
    res = self.stream.write(data)
UnicodeEncodeError: 'gbk' codec can't encode character '\U0001f534' in position 0: illegal multibyte sequence
Call stack:
  File "F:\Vitis\2024.2\vcxx\libexec\slxcmd.py", line 38, in <module>
    sys.exit(slx.main.main())
  File "F:\Vitis\2024.2\vcxx\python\slx\main.py", line 138, in main
    return args.func(args, logger)
  File "F:\Vitis\2024.2\vcxx\python\slx\code_analyzer.py", line 572, in cmd_code_analyzer
    common.run(
  File "F:\Vitis\2024.2\vcxx\python\slx\common.py", line 44, in run
    return asyncio.get_event_loop().run_until_complete(coroutine)
  File "asyncio\base_events.py", line 636, in run_until_complete
  File "asyncio\windows_events.py", line 321, in run_forever
  File "asyncio\base_events.py", line 603, in run_forever
  File "asyncio\base_events.py", line 1909, in _run_once
  File "asyncio\events.py", line 80, in _run
  File "F:\Vitis\2024.2\vcxx\python\slx\rule.py", line 954, in _async_tee
    f(line)
  File "F:\Vitis\2024.2\vcxx\python\slx\rule.py", line 889, in log_out_as_stream_write
    self._logger.log(SUBPROCESS_OUT, msg.rstrip("\r\n"))
  File "logging\__init__.py", line 1879, in log
  File "logging\__init__.py", line 1547, in log
  File "logging\__init__.py", line 1624, in _log
  File "logging\__init__.py", line 1634, in handle
  File "logging\__init__.py", line 1696, in callHandlers
  File "logging\__init__.py", line 968, in handle
  File "logging\__init__.py", line 1108, in emit
Message: '\U0001f534 SKIPPING: Stage 3 invalid'
Arguments: ()
--- Logging error ---
Traceback (most recent call last):
  File "logging\__init__.py", line 1103, in emit
  File "F:\Vitis\2024.2\vcxx\libexec\slxcmd.py", line 22, in write
    res = self.stream.write(data)
UnicodeEncodeError: 'gbk' codec can't encode character '\U0001f534' in position 0: illegal multibyte sequence
Call stack:
  File "F:\Vitis\2024.2\vcxx\libexec\slxcmd.py", line 38, in <module>
    sys.exit(slx.main.main())
  File "F:\Vitis\2024.2\vcxx\python\slx\main.py", line 138, in main
    return args.func(args, logger)
  File "F:\Vitis\2024.2\vcxx\python\slx\code_analyzer.py", line 572, in cmd_code_analyzer
    common.run(
  File "F:\Vitis\2024.2\vcxx\python\slx\common.py", line 44, in run
    return asyncio.get_event_loop().run_until_complete(coroutine)
  File "asyncio\base_events.py", line 636, in run_until_complete
  File "asyncio\windows_events.py", line 321, in run_forever
  File "asyncio\base_events.py", line 603, in run_forever
  File "asyncio\base_events.py", line 1909, in _run_once
  File "asyncio\events.py", line 80, in _run
  File "F:\Vitis\2024.2\vcxx\python\slx\rule.py", line 954, in _async_tee
    f(line)
  File "F:\Vitis\2024.2\vcxx\python\slx\rule.py", line 889, in log_out_as_stream_write
    self._logger.log(SUBPROCESS_OUT, msg.rstrip("\r\n"))
  File "logging\__init__.py", line 1879, in log
  File "logging\__init__.py", line 1547, in log
  File "logging\__init__.py", line 1624, in _log
  File "logging\__init__.py", line 1634, in handle
  File "logging\__init__.py", line 1696, in callHandlers
  File "logging\__init__.py", line 968, in handle
  File "logging\__init__.py", line 1108, in emit
Message: '\U0001f534 SKIPPING: Stage 3 invalid'
Arguments: ()
--- Logging error ---
Traceback (most recent call last):
  File "logging\__init__.py", line 1103, in emit
  File "F:\Vitis\2024.2\vcxx\libexec\slxcmd.py", line 22, in write
    res = self.stream.write(data)
UnicodeEncodeError: 'gbk' codec can't encode character '\U0001f534' in position 0: illegal multibyte sequence
Call stack:
  File "F:\Vitis\2024.2\vcxx\libexec\slxcmd.py", line 38, in <module>
    sys.exit(slx.main.main())
  File "F:\Vitis\2024.2\vcxx\python\slx\main.py", line 138, in main
    return args.func(args, logger)
  File "F:\Vitis\2024.2\vcxx\python\slx\code_analyzer.py", line 572, in cmd_code_analyzer
    common.run(
  File "F:\Vitis\2024.2\vcxx\python\slx\common.py", line 44, in run
    return asyncio.get_event_loop().run_until_complete(coroutine)
  File "asyncio\base_events.py", line 636, in run_until_complete
  File "asyncio\windows_events.py", line 321, in run_forever
  File "asyncio\base_events.py", line 603, in run_forever
  File "asyncio\base_events.py", line 1909, in _run_once
  File "asyncio\events.py", line 80, in _run
  File "F:\Vitis\2024.2\vcxx\python\slx\rule.py", line 954, in _async_tee
    f(line)
  File "F:\Vitis\2024.2\vcxx\python\slx\rule.py", line 889, in log_out_as_stream_write
    self._logger.log(SUBPROCESS_OUT, msg.rstrip("\r\n"))
  File "logging\__init__.py", line 1879, in log
  File "logging\__init__.py", line 1547, in log
  File "logging\__init__.py", line 1624, in _log
  File "logging\__init__.py", line 1634, in handle
  File "logging\__init__.py", line 1696, in callHandlers
  File "logging\__init__.py", line 968, in handle
  File "logging\__init__.py", line 1108, in emit
Message: '\U0001f534 SKIPPING: Stage 3 invalid'
Arguments: ()
--- Logging error ---
Traceback (most recent call last):
  File "logging\__init__.py", line 1103, in emit
  File "F:\Vitis\2024.2\vcxx\libexec\slxcmd.py", line 22, in write
    res = self.stream.write(data)
UnicodeEncodeError: 'gbk' codec can't encode character '\U0001f534' in position 0: illegal multibyte sequence
Call stack:
  File "F:\Vitis\2024.2\vcxx\libexec\slxcmd.py", line 38, in <module>
    sys.exit(slx.main.main())
  File "F:\Vitis\2024.2\vcxx\python\slx\main.py", line 138, in main
    return args.func(args, logger)
  File "F:\Vitis\2024.2\vcxx\python\slx\code_analyzer.py", line 572, in cmd_code_analyzer
    common.run(
  File "F:\Vitis\2024.2\vcxx\python\slx\common.py", line 44, in run
    return asyncio.get_event_loop().run_until_complete(coroutine)
  File "asyncio\base_events.py", line 636, in run_until_complete
  File "asyncio\windows_events.py", line 321, in run_forever
  File "asyncio\base_events.py", line 603, in run_forever
  File "asyncio\base_events.py", line 1909, in _run_once
  File "asyncio\events.py", line 80, in _run
  File "F:\Vitis\2024.2\vcxx\python\slx\rule.py", line 954, in _async_tee
    f(line)
  File "F:\Vitis\2024.2\vcxx\python\slx\rule.py", line 889, in log_out_as_stream_write
    self._logger.log(SUBPROCESS_OUT, msg.rstrip("\r\n"))
  File "logging\__init__.py", line 1879, in log
  File "logging\__init__.py", line 1547, in log
  File "logging\__init__.py", line 1624, in _log
  File "logging\__init__.py", line 1634, in handle
  File "logging\__init__.py", line 1696, in callHandlers
  File "logging\__init__.py", line 968, in handle
  File "logging\__init__.py", line 1108, in emit
Message: '\U0001f534 SKIPPING: Stage 3 invalid'
Arguments: ()
--- Logging error ---
Traceback (most recent call last):
  File "logging\__init__.py", line 1103, in emit
  File "F:\Vitis\2024.2\vcxx\libexec\slxcmd.py", line 22, in write
    res = self.stream.write(data)
UnicodeEncodeError: 'gbk' codec can't encode character '\U0001f534' in position 0: illegal multibyte sequence
Call stack:
  File "F:\Vitis\2024.2\vcxx\libexec\slxcmd.py", line 38, in <module>
    sys.exit(slx.main.main())
  File "F:\Vitis\2024.2\vcxx\python\slx\main.py", line 138, in main
    return args.func(args, logger)
  File "F:\Vitis\2024.2\vcxx\python\slx\code_analyzer.py", line 572, in cmd_code_analyzer
    common.run(
  File "F:\Vitis\2024.2\vcxx\python\slx\common.py", line 44, in run
    return asyncio.get_event_loop().run_until_complete(coroutine)
  File "asyncio\base_events.py", line 636, in run_until_complete
  File "asyncio\windows_events.py", line 321, in run_forever
  File "asyncio\base_events.py", line 603, in run_forever
  File "asyncio\base_events.py", line 1909, in _run_once
  File "asyncio\events.py", line 80, in _run
  File "F:\Vitis\2024.2\vcxx\python\slx\rule.py", line 954, in _async_tee
    f(line)
  File "F:\Vitis\2024.2\vcxx\python\slx\rule.py", line 889, in log_out_as_stream_write
    self._logger.log(SUBPROCESS_OUT, msg.rstrip("\r\n"))
  File "logging\__init__.py", line 1879, in log
  File "logging\__init__.py", line 1547, in log
  File "logging\__init__.py", line 1624, in _log
  File "logging\__init__.py", line 1634, in handle
  File "logging\__init__.py", line 1696, in callHandlers
  File "logging\__init__.py", line 968, in handle
  File "logging\__init__.py", line 1108, in emit
Message: '\U0001f534 SKIPPING: Stage 3 invalid'
Arguments: ()
--- Logging error ---
Traceback (most recent call last):
  File "logging\__init__.py", line 1103, in emit
  File "F:\Vitis\2024.2\vcxx\libexec\slxcmd.py", line 22, in write
    res = self.stream.write(data)
UnicodeEncodeError: 'gbk' codec can't encode character '\U0001f534' in position 0: illegal multibyte sequence
Call stack:
  File "F:\Vitis\2024.2\vcxx\libexec\slxcmd.py", line 38, in <module>
    sys.exit(slx.main.main())
  File "F:\Vitis\2024.2\vcxx\python\slx\main.py", line 138, in main
    return args.func(args, logger)
  File "F:\Vitis\2024.2\vcxx\python\slx\code_analyzer.py", line 572, in cmd_code_analyzer
    common.run(
  File "F:\Vitis\2024.2\vcxx\python\slx\common.py", line 44, in run
    return asyncio.get_event_loop().run_until_complete(coroutine)
  File "asyncio\base_events.py", line 636, in run_until_complete
  File "asyncio\windows_events.py", line 321, in run_forever
  File "asyncio\base_events.py", line 603, in run_forever
  File "asyncio\base_events.py", line 1909, in _run_once
  File "asyncio\events.py", line 80, in _run
  File "F:\Vitis\2024.2\vcxx\python\slx\rule.py", line 954, in _async_tee
    f(line)
  File "F:\Vitis\2024.2\vcxx\python\slx\rule.py", line 889, in log_out_as_stream_write
    self._logger.log(SUBPROCESS_OUT, msg.rstrip("\r\n"))
  File "logging\__init__.py", line 1879, in log
  File "logging\__init__.py", line 1547, in log
  File "logging\__init__.py", line 1624, in _log
  File "logging\__init__.py", line 1634, in handle
  File "logging\__init__.py", line 1696, in callHandlers
  File "logging\__init__.py", line 968, in handle
  File "logging\__init__.py", line 1108, in emit
Message: '\U0001f534 SKIPPING: Stage 3 invalid'
Arguments: ()
--- Logging error ---
Traceback (most recent call last):
  File "logging\__init__.py", line 1103, in emit
  File "F:\Vitis\2024.2\vcxx\libexec\slxcmd.py", line 22, in write
    res = self.stream.write(data)
UnicodeEncodeError: 'gbk' codec can't encode character '\U0001f534' in position 0: illegal multibyte sequence
Call stack:
  File "F:\Vitis\2024.2\vcxx\libexec\slxcmd.py", line 38, in <module>
    sys.exit(slx.main.main())
  File "F:\Vitis\2024.2\vcxx\python\slx\main.py", line 138, in main
    return args.func(args, logger)
  File "F:\Vitis\2024.2\vcxx\python\slx\code_analyzer.py", line 572, in cmd_code_analyzer
    common.run(
  File "F:\Vitis\2024.2\vcxx\python\slx\common.py", line 44, in run
    return asyncio.get_event_loop().run_until_complete(coroutine)
  File "asyncio\base_events.py", line 636, in run_until_complete
  File "asyncio\windows_events.py", line 321, in run_forever
  File "asyncio\base_events.py", line 603, in run_forever
  File "asyncio\base_events.py", line 1909, in _run_once
  File "asyncio\events.py", line 80, in _run
  File "F:\Vitis\2024.2\vcxx\python\slx\rule.py", line 954, in _async_tee
    f(line)
  File "F:\Vitis\2024.2\vcxx\python\slx\rule.py", line 889, in log_out_as_stream_write
    self._logger.log(SUBPROCESS_OUT, msg.rstrip("\r\n"))
  File "logging\__init__.py", line 1879, in log
  File "logging\__init__.py", line 1547, in log
  File "logging\__init__.py", line 1624, in _log
  File "logging\__init__.py", line 1634, in handle
  File "logging\__init__.py", line 1696, in callHandlers
  File "logging\__init__.py", line 968, in handle
  File "logging\__init__.py", line 1108, in emit
Message: '\U0001f534 SKIPPING: Stage 3 invalid'
Arguments: ()
--- Logging error ---
Traceback (most recent call last):
  File "logging\__init__.py", line 1103, in emit
  File "F:\Vitis\2024.2\vcxx\libexec\slxcmd.py", line 22, in write
    res = self.stream.write(data)
UnicodeEncodeError: 'gbk' codec can't encode character '\U0001f534' in position 0: illegal multibyte sequence
Call stack:
  File "F:\Vitis\2024.2\vcxx\libexec\slxcmd.py", line 38, in <module>
    sys.exit(slx.main.main())
  File "F:\Vitis\2024.2\vcxx\python\slx\main.py", line 138, in main
    return args.func(args, logger)
  File "F:\Vitis\2024.2\vcxx\python\slx\code_analyzer.py", line 572, in cmd_code_analyzer
    common.run(
  File "F:\Vitis\2024.2\vcxx\python\slx\common.py", line 44, in run
    return asyncio.get_event_loop().run_until_complete(coroutine)
  File "asyncio\base_events.py", line 636, in run_until_complete
  File "asyncio\windows_events.py", line 321, in run_forever
  File "asyncio\base_events.py", line 603, in run_forever
  File "asyncio\base_events.py", line 1909, in _run_once
  File "asyncio\events.py", line 80, in _run
  File "F:\Vitis\2024.2\vcxx\python\slx\rule.py", line 954, in _async_tee
    f(line)
  File "F:\Vitis\2024.2\vcxx\python\slx\rule.py", line 889, in log_out_as_stream_write
    self._logger.log(SUBPROCESS_OUT, msg.rstrip("\r\n"))
  File "logging\__init__.py", line 1879, in log
  File "logging\__init__.py", line 1547, in log
  File "logging\__init__.py", line 1624, in _log
  File "logging\__init__.py", line 1634, in handle
  File "logging\__init__.py", line 1696, in callHandlers
  File "logging\__init__.py", line 968, in handle
  File "logging\__init__.py", line 1108, in emit
Message: '\U0001f534 SKIPPING: Stage 3 invalid'
Arguments: ()
--- Logging error ---
Traceback (most recent call last):
  File "logging\__init__.py", line 1103, in emit
  File "F:\Vitis\2024.2\vcxx\libexec\slxcmd.py", line 22, in write
    res = self.stream.write(data)
UnicodeEncodeError: 'gbk' codec can't encode character '\U0001f534' in position 0: illegal multibyte sequence
Call stack:
