  **** HLS Build v2024.2 5238294
INFO: [HLS 200-2005] Using work_dir F:/LMU/quantumMA/opimization/reconstructv1maxi/hls_component/reconstruct 
INFO: [HLS 200-1505] Using default flow_target 'vivado'
Resolution: For help on HLS 200-1505 see docs.xilinx.com/access/sources/dita/topic?Doc_Version=2024.2%20English&url=ug1448-hls-guidance&resourceid=200-1505.html
INFO: [HLS 200-1465] Applying ini 'syn.file=F:/LMU/quantumMA/opimization/reconstructv1maxi/image_analysis.cpp' from F:/LMU/quantumMA/opimization/reconstructv1maxi/hls_component/hls_config.cfg(13)
INFO: [HLS 200-10] Adding design file 'F:/LMU/quantumMA/opimization/reconstructv1maxi/image_analysis.cpp' to the project
INFO: [HLS 200-1465] Applying ini 'syn.file=F:/LMU/quantumMA/opimization/reconstructv1maxi/image_analysis.hpp' from F:/LMU/quantumMA/opimization/reconstructv1maxi/hls_component/hls_config.cfg(14)
INFO: [HLS 200-10] Adding design file 'F:/LMU/quantumMA/opimization/reconstructv1maxi/image_analysis.hpp' to the project
INFO: [HLS 200-1465] Applying ini 'tb.file=F:/LMU/quantumMA/naia/reconstructv1/imagTransform/restoutput.txt' from F:/LMU/quantumMA/opimization/reconstructv1maxi/hls_component/hls_config.cfg(8)
INFO: [HLS 200-10] Adding test bench file 'F:/LMU/quantumMA/naia/reconstructv1/imagTransform/restoutput.txt' to the project
INFO: [HLS 200-1465] Applying ini 'tb.file=F:/LMU/quantumMA/naia/reconstructv1/imagTransform/fullImage_output.txt' from F:/LMU/quantumMA/opimization/reconstructv1maxi/hls_component/hls_config.cfg(9)
INFO: [HLS 200-10] Adding test bench file 'F:/LMU/quantumMA/naia/reconstructv1/imagTransform/fullImage_output.txt' to the project
INFO: [HLS 200-1465] Applying ini 'tb.file=F:/LMU/quantumMA/opimization/reconstructv1maxi/test.cpp' from F:/LMU/quantumMA/opimization/reconstructv1maxi/hls_component/hls_config.cfg(10)
INFO: [HLS 200-10] Adding test bench file 'F:/LMU/quantumMA/opimization/reconstructv1maxi/test.cpp' to the project
INFO: [HLS 200-1465] Applying ini 'syn.top=reconstruct' from F:/LMU/quantumMA/opimization/reconstructv1maxi/hls_component/hls_config.cfg(7)
INFO: [HLS 200-1465] Applying ini 'flow_target=vivado' from F:/LMU/quantumMA/opimization/reconstructv1maxi/hls_component/hls_config.cfg(4)
INFO: [HLS 200-1505] Using flow_target 'vivado'
Resolution: For help on HLS 200-1505 see docs.xilinx.com/access/sources/dita/topic?Doc_Version=2024.2%20English&url=ug1448-hls-guidance&resourceid=200-1505.html
INFO: [HLS 200-1465] Applying ini 'part=xc7z020clg400-1' from F:/LMU/quantumMA/opimization/reconstructv1maxi/hls_component/hls_config.cfg(1)
INFO: [HLS 200-1611] Setting target device to 'xc7z020-clg400-1'
INFO: [HLS 200-1465] Applying ini 'csim.clean=1' from F:/LMU/quantumMA/opimization/reconstructv1maxi/hls_component/hls_config.cfg(11)
INFO: [HLS 200-1465] Applying ini 'csim.code_analyzer=1' from F:/LMU/quantumMA/opimization/reconstructv1maxi/hls_component/hls_config.cfg(12)
INFO: [HLS 200-1465] Applying ini 'package.output.format=ip_catalog' from F:/LMU/quantumMA/opimization/reconstructv1maxi/hls_component/hls_config.cfg(5)
INFO: [HLS 200-111] Finished File checks and directory preparation: CPU user time: 5 seconds. CPU system time: 1 seconds. Elapsed time: 6.136 seconds; current allocated memory: 619.574 MB.
INFO: [HLS 200-10] Analyzing design file '../image_analysis.cpp' ... 
WARNING: [HLS 207-5569] unexpected pragma parameter 'storage_type' (../image_analysis.cpp:247:98)
INFO: [HLS 200-111] Finished Source Code Analysis and Preprocessing: CPU user time: 0 seconds. CPU system time: 0 seconds. Elapsed time: 3.061 seconds; current allocated memory: 622.258 MB.
INFO: [HLS 200-777] Using interface defaults for 'Vivado' flow target.
INFO: [HLS 200-1995] There were 19,415 instructions in the design after the 'Compile/Link' phase of compilation. See the Design Size Report for more details: F:/LMU/quantumMA/opimization/reconstructv1maxi/hls_component/reconstruct/hls/syn/report/csynth_design_size.rpt
INFO: [HLS 200-1995] There were 1,593 instructions in the design after the 'Unroll/Inline (step 1)' phase of compilation. See the Design Size Report for more details: F:/LMU/quantumMA/opimization/reconstructv1maxi/hls_component/reconstruct/hls/syn/report/csynth_design_size.rpt
INFO: [HLS 200-1995] There were 1,037 instructions in the design after the 'Unroll/Inline (step 2)' phase of compilation. See the Design Size Report for more details: F:/LMU/quantumMA/opimization/reconstructv1maxi/hls_component/reconstruct/hls/syn/report/csynth_design_size.rpt
INFO: [HLS 200-1995] There were 1,047 instructions in the design after the 'Unroll/Inline (step 3)' phase of compilation. See the Design Size Report for more details: F:/LMU/quantumMA/opimization/reconstructv1maxi/hls_component/reconstruct/hls/syn/report/csynth_design_size.rpt
INFO: [HLS 200-1995] There were 524 instructions in the design after the 'Unroll/Inline (step 4)' phase of compilation. See the Design Size Report for more details: F:/LMU/quantumMA/opimization/reconstructv1maxi/hls_component/reconstruct/hls/syn/report/csynth_design_size.rpt
INFO: [HLS 200-1995] There were 4,528 instructions in the design after the 'Array/Struct (step 1)' phase of compilation. See the Design Size Report for more details: F:/LMU/quantumMA/opimization/reconstructv1maxi/hls_component/reconstruct/hls/syn/report/csynth_design_size.rpt
INFO: [HLS 200-1995] There were 3,790 instructions in the design after the 'Array/Struct (step 2)' phase of compilation. See the Design Size Report for more details: F:/LMU/quantumMA/opimization/reconstructv1maxi/hls_component/reconstruct/hls/syn/report/csynth_design_size.rpt
INFO: [HLS 200-1995] There were 3,798 instructions in the design after the 'Array/Struct (step 3)' phase of compilation. See the Design Size Report for more details: F:/LMU/quantumMA/opimization/reconstructv1maxi/hls_component/reconstruct/hls/syn/report/csynth_design_size.rpt
INFO: [HLS 200-1995] There were 3,852 instructions in the design after the 'Array/Struct (step 4)' phase of compilation. See the Design Size Report for more details: F:/LMU/quantumMA/opimization/reconstructv1maxi/hls_component/reconstruct/hls/syn/report/csynth_design_size.rpt
INFO: [HLS 200-1995] There were 4,774 instructions in the design after the 'Array/Struct (step 5)' phase of compilation. See the Design Size Report for more details: F:/LMU/quantumMA/opimization/reconstructv1maxi/hls_component/reconstruct/hls/syn/report/csynth_design_size.rpt
INFO: [HLS 200-1995] There were 4,775 instructions in the design after the 'Performance' phase of compilation. See the Design Size Report for more details: F:/LMU/quantumMA/opimization/reconstructv1maxi/hls_component/reconstruct/hls/syn/report/csynth_design_size.rpt
INFO: [HLS 200-1995] There were 3,871 instructions in the design after the 'Performance (step 2)' phase of compilation. See the Design Size Report for more details: F:/LMU/quantumMA/opimization/reconstructv1maxi/hls_component/reconstruct/hls/syn/report/csynth_design_size.rpt
INFO: [HLS 200-1995] There were 3,867 instructions in the design after the 'Performance (step 3)' phase of compilation. See the Design Size Report for more details: F:/LMU/quantumMA/opimization/reconstructv1maxi/hls_component/reconstruct/hls/syn/report/csynth_design_size.rpt
INFO: [HLS 200-1995] There were 3,867 instructions in the design after the 'Performance (step 4)' phase of compilation. See the Design Size Report for more details: F:/LMU/quantumMA/opimization/reconstructv1maxi/hls_component/reconstruct/hls/syn/report/csynth_design_size.rpt
INFO: [HLS 200-1995] There were 3,939 instructions in the design after the 'HW Transforms (step 1)' phase of compilation. See the Design Size Report for more details: F:/LMU/quantumMA/opimization/reconstructv1maxi/hls_component/reconstruct/hls/syn/report/csynth_design_size.rpt
INFO: [HLS 200-1995] There were 3,169 instructions in the design after the 'HW Transforms (step 2)' phase of compilation. See the Design Size Report for more details: F:/LMU/quantumMA/opimization/reconstructv1maxi/hls_component/reconstruct/hls/syn/report/csynth_design_size.rpt
INFO: [HLS 214-291] Loop 'row_loop' is marked as complete unroll implied by the pipeline pragma (../image_analysis.cpp:176:19)
INFO: [HLS 214-291] Loop 'col_loop' is marked as complete unroll implied by the pipeline pragma (../image_analysis.cpp:189:23)
INFO: [HLS 214-178] Inlining function 'fp_struct<double>::data() const (.7.28.38.47.58)' into 'fp_struct<double>::to_double() const (.25.35.44.55)' (C:\scratch\2024.2\hls_product\495\2024.2\src\shared\hls\clib/src/hls\utils/x_hls_utils.h:494:0)
INFO: [HLS 214-178] Inlining function 'fp_struct<double>::to_double() const (.25.35.44.55)' into 'fp_struct<double>::to_ieee() const' (C:\scratch\2024.2\hls_product\495\2024.2\src\shared\hls\clib/src/hls\utils/x_hls_utils.h:509:0)
INFO: [HLS 214-178] Inlining function 'fp_struct<double>::fp_struct(double)' into 'double generic_copysign<double>(double, double)' (C:\scratch\2024.2\hls_product\495\2024.2\src\shared\hls\clib/hlsmath/include/FloatingPoint/hls_copysign.h:10:0)
INFO: [HLS 214-178] Inlining function 'fp_struct<double>::to_ieee() const' into 'double generic_copysign<double>(double, double)' (C:\scratch\2024.2\hls_product\495\2024.2\src\shared\hls\clib/hlsmath/include/FloatingPoint/hls_copysign.h:10:0)
INFO: [HLS 214-178] Inlining function 'fp_struct<double>::fp_struct(double)' into 'double generic_round<double>(double)' (C:\scratch\2024.2\hls_product\495\2024.2\src\shared\hls\clib/hlsmath/include/FloatingPoint\hls_round.h:160:0)
INFO: [HLS 214-178] Inlining function 'double generic_copysign<double>(double, double)' into 'double generic_round<double>(double)' (C:\scratch\2024.2\hls_product\495\2024.2\src\shared\hls\clib/hlsmath/include/FloatingPoint\hls_round.h:160:0)
INFO: [HLS 214-178] Inlining function 'fp_struct<double>::data() const (.7.28.38.47.58)' into 'double generic_round<double>(double)' (C:\scratch\2024.2\hls_product\495\2024.2\src\shared\hls\clib/hlsmath/include/FloatingPoint\hls_round.h:160:0)
INFO: [HLS 214-178] Inlining function 'fp_struct<double>::fp_struct(ap_uint<64>)' into 'double generic_round<double>(double)' (C:\scratch\2024.2\hls_product\495\2024.2\src\shared\hls\clib/hlsmath/include/FloatingPoint\hls_round.h:160:0)
INFO: [HLS 214-178] Inlining function 'fp_struct<double>::to_ieee() const' into 'double generic_round<double>(double)' (C:\scratch\2024.2\hls_product\495\2024.2\src\shared\hls\clib/hlsmath/include/FloatingPoint\hls_round.h:160:0)
INFO: [HLS 214-178] Inlining function 'fp_struct<double>::fp_struct(double)' into 'int generic_cast_IEEE754<int, (ap_q_mode)6, double>(double, bool, hls::enable_if<std::numeric_limits<int>::is_signed, bool>::type)' (C:\scratch\2024.2\hls_product\495\2024.2\src\shared\hls\clib/hlsmath/include/FloatingPoint\hls_case_IEEE754.h:12:0)
INFO: [HLS 214-178] Inlining function 'fp_struct<double>::mantissa() const' into 'int generic_cast_IEEE754<int, (ap_q_mode)6, double>(double, bool, hls::enable_if<std::numeric_limits<int>::is_signed, bool>::type)' (C:\scratch\2024.2\hls_product\495\2024.2\src\shared\hls\clib/hlsmath/include/FloatingPoint\hls_case_IEEE754.h:12:0)
INFO: [HLS 214-178] Inlining function 'fp_struct<double>::expv() const' into 'int generic_cast_IEEE754<int, (ap_q_mode)6, double>(double, bool, hls::enable_if<std::numeric_limits<int>::is_signed, bool>::type)' (C:\scratch\2024.2\hls_product\495\2024.2\src\shared\hls\clib/hlsmath/include/FloatingPoint\hls_case_IEEE754.h:12:0)
INFO: [HLS 214-178] Inlining function 'fp_struct<double>::__signbit() const' into 'int generic_cast_IEEE754<int, (ap_q_mode)6, double>(double, bool, hls::enable_if<std::numeric_limits<int>::is_signed, bool>::type)' (C:\scratch\2024.2\hls_product\495\2024.2\src\shared\hls\clib/hlsmath/include/FloatingPoint\hls_case_IEEE754.h:12:0)
INFO: [HLS 214-178] Inlining function 'int generic_cast_IEEE754<int, (ap_q_mode)6, double>(double, bool, hls::enable_if<std::numeric_limits<int>::is_signed, bool>::type)' into 'int generic_cast_IEEE754<int, double>(double, bool)' (C:\scratch\2024.2\hls_product\495\2024.2\src\shared\hls\clib/hlsmath/include/FloatingPoint\hls_case_IEEE754.h:116:0)
INFO: [HLS 214-178] Inlining function 'int generic_cast_IEEE754<int, double>(double, bool)' into '__hls_fptosi_double_i32' (C:\scratch\2024.2\hls_product\495\2024.2\src\shared\hls\clib\hlsmath\src\lib_floatconversion.cpp:55:0)
INFO: [HLS 214-178] Inlining function 'round' into 'getLocalImages(int, int, int, int, atom_location*, hls::stream<local_image_info, 0>&)' (../image_analysis.cpp:8:0)
INFO: [HLS 214-248] Applying array_partition to 'local_atomLocations.x': Complete partitioning on dimension 1. (../image_analysis.cpp:10:19)
INFO: [HLS 214-248] Applying array_partition to 'local_atomLocations.y': Complete partitioning on dimension 1. (../image_analysis.cpp:10:19)
INFO: [HLS 214-248] Applying array_partition to 'local_images.X_min': Complete partitioning on dimension 1. (../image_analysis.cpp:127:19)
INFO: [HLS 214-248] Applying array_partition to 'local_images.Y_min': Complete partitioning on dimension 1. (../image_analysis.cpp:127:19)
INFO: [HLS 214-248] Applying array_partition to 'local_images.X_max': Complete partitioning on dimension 1. (../image_analysis.cpp:127:19)
INFO: [HLS 214-248] Applying array_partition to 'local_images.Y_max': Complete partitioning on dimension 1. (../image_analysis.cpp:127:19)
INFO: [HLS 214-248] Applying array_partition to 'local_images.dx': Complete partitioning on dimension 1. (../image_analysis.cpp:127:19)
INFO: [HLS 214-248] Applying array_partition to 'local_images.dy': Complete partitioning on dimension 1. (../image_analysis.cpp:127:19)
INFO: [HLS 214-248] Applying array_partition to 'local_emissions': Complete partitioning on dimension 1. (../image_analysis.cpp:128:12)
INFO: [HLS 214-248] Applying array_partition to 'imageProjs': Cyclic partitioning with factor 4 on dimension 1. (../image_analysis.cpp:238:0)
INFO: [HLS 214-248] Applying array_partition to 'imageProjs_local_size': Cyclic partitioning with factor 4 on dimension 1. (../image_analysis.cpp:238:0)
INFO: [HLS 214-241] Aggregating fifo (hls::stream) variable 'localImages' with compact=bit mode in 256-bits (../image_analysis.cpp:268:32)
INFO: [HLS 214-241] Aggregating bram variable 'atomLocations' with compact=bit mode in 128-bits (../image_analysis.cpp:238:0)
INFO: [HLS 214-115] Multiple burst reads of variable length and bit width 64 in loop 'col_loop'(../image_analysis.cpp:189:23) has been inferred on bundle 'fullImage'. These burst requests might be further partitioned into multiple requests during RTL generation, based on max_read_burst_length or max_write_burst_length settings. (../image_analysis.cpp:189:23)
INFO: [HLS 214-115] Multiple burst reads of variable length and bit width 64 in loop 'col_loop'(../image_analysis.cpp:189:23) has been inferred on bundle 'imageProjs_local'. These burst requests might be further partitioned into multiple requests during RTL generation, based on max_read_burst_length or max_write_burst_length settings. (../image_analysis.cpp:189:23)
INFO: [HLS 214-115] Multiple burst writes of variable length and bit width 64 in loop 'write_results_loop'(../image_analysis.cpp:219:25) has been inferred on bundle 'emissions'. These burst requests might be further partitioned into multiple requests during RTL generation, based on max_read_burst_length or max_write_burst_length settings. (../image_analysis.cpp:219:25)
WARNING: [HLS 214-187] Cannot unroll loop 'row_loop' (../image_analysis.cpp:176:19) in function 'applyProjectors' as it has a variable trip count (../image_analysis.cpp:176:19)
WARNING: [HLS 214-187] Cannot unroll loop 'col_loop' (../image_analysis.cpp:189:23) in function 'applyProjectors' as it has a variable trip count (../image_analysis.cpp:189:23)
INFO: [HLS 200-111] Finished Compiling Optimization and Transform: CPU user time: 1 seconds. CPU system time: 0 seconds. Elapsed time: 16.944 seconds; current allocated memory: 625.758 MB.
INFO: [HLS 200-111] Finished Checking Pragmas: CPU user time: 0 seconds. CPU system time: 0 seconds. Elapsed time: 0.002 seconds; current allocated memory: 625.766 MB.
INFO: [HLS 200-10] Starting code transformations ...
INFO: [HLS 200-111] Finished Standard Transforms: CPU user time: 1 seconds. CPU system time: 0 seconds. Elapsed time: 0.808 seconds; current allocated memory: 646.129 MB.
INFO: [HLS 200-10] Checking synthesizability ...
INFO: [XFORM 203-602] Inlining function '__hls_fptosi_double_i32' into 'getLocalImages' (../image_analysis.cpp:29) automatically.
INFO: [HLS 200-111] Finished Checking Synthesizability: CPU user time: 1 seconds. CPU system time: 0 seconds. Elapsed time: 1.332 seconds; current allocated memory: 658.695 MB.
INFO: [XFORM 203-602] Inlining function '__hls_fptosi_double_i32' into 'getLocalImages' (../image_analysis.cpp:29) automatically.
WARNING: [HLS 200-805] An internal stream 'localImages' with default size can result in deadlock. Please consider resizing the stream using the directive 'set_directive_stream' or the 'HLS stream' pragma.
INFO: [XFORM 203-712] Applying dataflow to function 'reconstruct' (../image_analysis.cpp:231:1), detected/extracted 2 process function(s): 
	 'getLocalImages'
	 'applyProjectors'.
INFO: [XFORM 203-401] Performing if-conversion on hyperblock from (C:\scratch\2024.2\hls_product\495\2024.2\src\shared\hls\clib/hlsmath/include/FloatingPoint\hls_round.h:159:19) to (C:\scratch\2024.2\hls_product\495\2024.2\src\shared\hls\clib/hlsmath/include/FloatingPoint\hls_round.h:187:1) in function 'generic_round<double>'... converting 5 basic blocks.
INFO: [XFORM 203-602] Inlining function 'generic_round<double>' into 'getLocalImages' (C:\scratch\2024.2\hls_product\495\2024.2\src\shared\hls\clib\hlsmath\src\c\rounddouble.cpp:7->../image_analysis.cpp:29) automatically.
INFO: [HLS 200-111] Finished Loop, function and other optimizations: CPU user time: 4 seconds. CPU system time: 0 seconds. Elapsed time: 4.57 seconds; current allocated memory: 699.133 MB.
INFO: [HLS 200-2061] Successfully converted nested loops 'row_loop'(../image_analysis.cpp:176:19) and 'col_loop'(../image_analysis.cpp:189:23) in function 'applyProjectors' into perfectly nested loops.
INFO: [XFORM 203-541] Flattening a loop nest 'row_loop' (../image_analysis.cpp:176:19) in function 'applyProjectors'.
WARNING: [HLS 200-960] Cannot flatten loop 'process_atoms_loop' (../image_analysis.cpp:143:25) in function 'applyProjectors' the outer loop is not a perfect loop because there is nontrivial logic before entering the inner loop.
Resolution: For help on HLS 200-960 see docs.xilinx.com/access/sources/dita/topic?Doc_Version=2024.2%20English&url=ug1448-hls-guidance&resourceid=200-960.html
WARNING: [HLS 200-1449] Process applyProjectors has both a predecessor and reads an input from its caller (see the GUI dataflow viewer). This may lead to lower throughput. Consider copying this input via a predecessor process.
INFO: [HLS 200-111] Finished Architecture Synthesis: CPU user time: 5 seconds. CPU system time: 0 seconds. Elapsed time: 5.299 seconds; current allocated memory: 804.543 MB.
INFO: [HLS 200-10] Starting hardware synthesis ...
INFO: [HLS 200-10] Synthesizing 'reconstruct' ...
INFO: [SYN 201-201] Setting up clock 'default' with a period of 10ns.
INFO: [HLS 200-10] ----------------------------------------------------------------
INFO: [HLS 200-42] -- Implementing module 'getLocalImages_Pipeline_copy_loop' 
INFO: [HLS 200-10] ----------------------------------------------------------------
INFO: [SCHED 204-11] Starting scheduling ...
INFO: [SCHED 204-61] Pipelining loop 'copy_loop'.
INFO: [HLS 200-1470] Pipelining result : Target II = 1, Final II = 1, Depth = 2, loop 'copy_loop'
INFO: [SCHED 204-11] Finished scheduling.
INFO: [HLS 200-111] Finished Scheduling: CPU user time: 5 seconds. CPU system time: 0 seconds. Elapsed time: 4.853 seconds; current allocated memory: 816.293 MB.
INFO: [BIND 205-100] Starting micro-architecture generation ...
INFO: [BIND 205-101] Performing variable lifetime analysis.
INFO: [BIND 205-101] Exploring resource sharing.
INFO: [BIND 205-101] Binding ...
INFO: [BIND 205-100] Finished micro-architecture generation.
INFO: [HLS 200-111] Finished Binding: CPU user time: 0 seconds. CPU system time: 0 seconds. Elapsed time: 0.274 seconds; current allocated memory: 832.598 MB.
INFO: [HLS 200-10] ----------------------------------------------------------------
INFO: [HLS 200-42] -- Implementing module 'getLocalImages_Pipeline_process_loop' 
INFO: [HLS 200-10] ----------------------------------------------------------------
INFO: [SCHED 204-11] Starting scheduling ...
INFO: [SCHED 204-61] Pipelining loop 'process_loop'.
INFO: [HLS 200-1470] Pipelining result : Target II = 1, Final II = 1, Depth = 31, loop 'process_loop'
INFO: [SCHED 204-11] Finished scheduling.
INFO: [HLS 200-111] Finished Scheduling: CPU user time: 0 seconds. CPU system time: 0 seconds. Elapsed time: 0.498 seconds; current allocated memory: 832.598 MB.
INFO: [BIND 205-100] Starting micro-architecture generation ...
INFO: [BIND 205-101] Performing variable lifetime analysis.
INFO: [BIND 205-101] Exploring resource sharing.
INFO: [BIND 205-101] Binding ...
INFO: [BIND 205-100] Finished micro-architecture generation.
INFO: [HLS 200-111] Finished Binding: CPU user time: 1 seconds. CPU system time: 0 seconds. Elapsed time: 0.17 seconds; current allocated memory: 832.598 MB.
INFO: [HLS 200-10] ----------------------------------------------------------------
INFO: [HLS 200-42] -- Implementing module 'getLocalImages' 
INFO: [HLS 200-10] ----------------------------------------------------------------
INFO: [SCHED 204-11] Starting scheduling ...
INFO: [SCHED 204-11] Finished scheduling.
INFO: [HLS 200-111] Finished Scheduling: CPU user time: 0 seconds. CPU system time: 0 seconds. Elapsed time: 0.317 seconds; current allocated memory: 832.598 MB.
INFO: [BIND 205-100] Starting micro-architecture generation ...
INFO: [BIND 205-101] Performing variable lifetime analysis.
INFO: [BIND 205-101] Exploring resource sharing.
INFO: [BIND 205-101] Binding ...
INFO: [BIND 205-100] Finished micro-architecture generation.
INFO: [HLS 200-111] Finished Binding: CPU user time: 0 seconds. CPU system time: 1 seconds. Elapsed time: 0.153 seconds; current allocated memory: 832.598 MB.
INFO: [HLS 200-10] ----------------------------------------------------------------
INFO: [HLS 200-42] -- Implementing module 'applyProjectors_Pipeline_read_stream_loop' 
INFO: [HLS 200-10] ----------------------------------------------------------------
INFO: [SCHED 204-11] Starting scheduling ...
INFO: [SCHED 204-61] Pipelining loop 'read_stream_loop'.
INFO: [HLS 200-1470] Pipelining result : Target II = 1, Final II = 1, Depth = 2, loop 'read_stream_loop'
INFO: [SCHED 204-11] Finished scheduling.
INFO: [HLS 200-111] Finished Scheduling: CPU user time: 1 seconds. CPU system time: 0 seconds. Elapsed time: 1.505 seconds; current allocated memory: 848.496 MB.
INFO: [BIND 205-100] Starting micro-architecture generation ...
INFO: [BIND 205-101] Performing variable lifetime analysis.
INFO: [BIND 205-101] Exploring resource sharing.
INFO: [BIND 205-101] Binding ...
INFO: [BIND 205-100] Finished micro-architecture generation.
INFO: [HLS 200-111] Finished Binding: CPU user time: 1 seconds. CPU system time: 0 seconds. Elapsed time: 0.653 seconds; current allocated memory: 864.500 MB.
INFO: [HLS 200-10] ----------------------------------------------------------------
INFO: [HLS 200-42] -- Implementing module 'applyProjectors_Pipeline_row_loop_col_loop' 
INFO: [HLS 200-10] ----------------------------------------------------------------
INFO: [SCHED 204-11] Starting scheduling ...
WARNING: [SCHED 204-65] Unable to satisfy pipeline directive for function 'applyProjectors_Pipeline_row_loop_col_loop': contains subloop(s) that are not unrolled.
INFO: [SCHED 204-61] Pipelining loop 'row_loop_col_loop'.
WARNING: [HLS 200-880] The II Violation in module 'applyProjectors_Pipeline_row_loop_col_loop' (loop 'row_loop_col_loop'): Unable to enforce a carried dependence constraint (II = 1, distance = 1, offset = 0) between 'store' operation 0 bit ('projSumUsed_write_ln169', ../image_analysis.cpp:169) of variable 'projSumUsed', ../image_analysis.cpp:202 on local variable 'projSumUsed', ../image_analysis.cpp:169 and 'load' operation 64 bit ('projSumUsed_load', ../image_analysis.cpp:202) on local variable 'projSumUsed', ../image_analysis.cpp:169.
Resolution: For help on HLS 200-880 see docs.xilinx.com/access/sources/dita/topic?Doc_Version=2024.2%20English&url=ug1448-hls-guidance&resourceid=200-880.html
WARNING: [HLS 200-880] The II Violation in module 'applyProjectors_Pipeline_row_loop_col_loop' (loop 'row_loop_col_loop'): Unable to enforce a carried dependence constraint (II = 2, distance = 1, offset = 0) between 'store' operation 0 bit ('projSumUsed_write_ln169', ../image_analysis.cpp:169) of variable 'projSumUsed', ../image_analysis.cpp:202 on local variable 'projSumUsed', ../image_analysis.cpp:169 and 'load' operation 64 bit ('projSumUsed_load', ../image_analysis.cpp:202) on local variable 'projSumUsed', ../image_analysis.cpp:169.
Resolution: For help on HLS 200-880 see docs.xilinx.com/access/sources/dita/topic?Doc_Version=2024.2%20English&url=ug1448-hls-guidance&resourceid=200-880.html
WARNING: [HLS 200-880] The II Violation in module 'applyProjectors_Pipeline_row_loop_col_loop' (loop 'row_loop_col_loop'): Unable to enforce a carried dependence constraint (II = 3, distance = 1, offset = 0) between 'store' operation 0 bit ('projSumUsed_write_ln169', ../image_analysis.cpp:169) of variable 'projSumUsed', ../image_analysis.cpp:202 on local variable 'projSumUsed', ../image_analysis.cpp:169 and 'load' operation 64 bit ('projSumUsed_load', ../image_analysis.cpp:202) on local variable 'projSumUsed', ../image_analysis.cpp:169.
Resolution: For help on HLS 200-880 see docs.xilinx.com/access/sources/dita/topic?Doc_Version=2024.2%20English&url=ug1448-hls-guidance&resourceid=200-880.html
WARNING: [HLS 200-880] The II Violation in module 'applyProjectors_Pipeline_row_loop_col_loop' (loop 'row_loop_col_loop'): Unable to enforce a carried dependence constraint (II = 4, distance = 1, offset = 0) between 'store' operation 0 bit ('projSumUsed_write_ln169', ../image_analysis.cpp:169) of variable 'projSumUsed', ../image_analysis.cpp:202 on local variable 'projSumUsed', ../image_analysis.cpp:169 and 'load' operation 64 bit ('projSumUsed_load', ../image_analysis.cpp:202) on local variable 'projSumUsed', ../image_analysis.cpp:169.
Resolution: For help on HLS 200-880 see docs.xilinx.com/access/sources/dita/topic?Doc_Version=2024.2%20English&url=ug1448-hls-guidance&resourceid=200-880.html
INFO: [HLS 200-1470] Pipelining result : Target II = 1, Final II = 5, Depth = 29, loop 'row_loop_col_loop'
WARNING: [HLS 200-871] Estimated clock period (8.374 ns) exceeds the target (target clock period: 10.000 ns, clock uncertainty: 2.700 ns, effective delay budget: 7.300 ns).
Resolution: For help on HLS 200-871 see docs.xilinx.com/access/sources/dita/topic?Doc_Version=2024.2%20English&url=ug1448-hls-guidance&resourceid=200-871.html
WARNING: [HLS 200-1016] The critical path in module 'applyProjectors_Pipeline_row_loop_col_loop' consists of the following:
	'dadd' operation 64 bit ('projSumUsed', ../image_analysis.cpp:202) [110]  (6.786 ns)
	'store' operation 0 bit ('projSumUsed_write_ln169', ../image_analysis.cpp:169) of variable 'projSumUsed', ../image_analysis.cpp:202 on local variable 'projSumUsed', ../image_analysis.cpp:169 [116]  (1.588 ns)

Resolution: For help on HLS 200-1016 see docs.xilinx.com/access/sources/dita/topic?Doc_Version=2024.2%20English&url=ug1448-hls-guidance&resourceid=200-1016.html
INFO: [SCHED 204-11] Finished scheduling.
INFO: [HLS 200-111] Finished Scheduling: CPU user time: 1 seconds. CPU system time: 0 seconds. Elapsed time: 1.407 seconds; current allocated memory: 864.500 MB.
INFO: [BIND 205-100] Starting micro-architecture generation ...
INFO: [BIND 205-101] Performing variable lifetime analysis.
INFO: [BIND 205-101] Exploring resource sharing.
INFO: [BIND 205-101] Binding ...
INFO: [BIND 205-100] Finished micro-architecture generation.
INFO: [HLS 200-111] Finished Binding: CPU user time: 0 seconds. CPU system time: 0 seconds. Elapsed time: 0.089 seconds; current allocated memory: 864.500 MB.
INFO: [HLS 200-10] ----------------------------------------------------------------
INFO: [HLS 200-42] -- Implementing module 'applyProjectors_Pipeline_write_results_loop' 
INFO: [HLS 200-10] ----------------------------------------------------------------
INFO: [SCHED 204-11] Starting scheduling ...
INFO: [SCHED 204-61] Pipelining loop 'write_results_loop'.
INFO: [HLS 200-1470] Pipelining result : Target II = 1, Final II = 1, Depth = 2, loop 'write_results_loop'
INFO: [SCHED 204-11] Finished scheduling.
INFO: [HLS 200-111] Finished Scheduling: CPU user time: 0 seconds. CPU system time: 0 seconds. Elapsed time: 0.158 seconds; current allocated memory: 864.500 MB.
INFO: [BIND 205-100] Starting micro-architecture generation ...
INFO: [BIND 205-101] Performing variable lifetime analysis.
INFO: [BIND 205-101] Exploring resource sharing.
INFO: [BIND 205-101] Binding ...
INFO: [BIND 205-100] Finished micro-architecture generation.
INFO: [HLS 200-111] Finished Binding: CPU user time: 0 seconds. CPU system time: 0 seconds. Elapsed time: 0.105 seconds; current allocated memory: 864.500 MB.
INFO: [HLS 200-10] ----------------------------------------------------------------
INFO: [HLS 200-42] -- Implementing module 'applyProjectors' 
INFO: [HLS 200-10] ----------------------------------------------------------------
INFO: [SCHED 204-11] Starting scheduling ...
WARNING: [SCHED 204-67] Unable to satisfy pipeline directive for loop 'process_atoms_loop': contains subfunction 'applyProjectors_Pipeline_row_loop_col_loop' which is not pipelined.
INFO: [SCHED 204-11] Finished scheduling.
INFO: [HLS 200-111] Finished Scheduling: CPU user time: 1 seconds. CPU system time: 0 seconds. Elapsed time: 1.432 seconds; current allocated memory: 882.141 MB.
INFO: [BIND 205-100] Starting micro-architecture generation ...
INFO: [BIND 205-101] Performing variable lifetime analysis.
INFO: [BIND 205-101] Exploring resource sharing.
INFO: [BIND 205-101] Binding ...
INFO: [BIND 205-100] Finished micro-architecture generation.
INFO: [HLS 200-111] Finished Binding: CPU user time: 2 seconds. CPU system time: 0 seconds. Elapsed time: 1.792 seconds; current allocated memory: 898.293 MB.
INFO: [HLS 200-10] ----------------------------------------------------------------
INFO: [HLS 200-42] -- Implementing module 'reconstruct' 
INFO: [HLS 200-10] ----------------------------------------------------------------
INFO: [SCHED 204-11] Starting scheduling ...
INFO: [SCHED 204-11] Finished scheduling.
INFO: [HLS 200-111] Finished Scheduling: CPU user time: 1 seconds. CPU system time: 0 seconds. Elapsed time: 0.96 seconds; current allocated memory: 898.293 MB.
INFO: [BIND 205-100] Starting micro-architecture generation ...
INFO: [BIND 205-101] Performing variable lifetime analysis.
INFO: [BIND 205-101] Exploring resource sharing.
INFO: [BIND 205-101] Binding ...
INFO: [BIND 205-100] Finished micro-architecture generation.
INFO: [HLS 200-111] Finished Binding: CPU user time: 0 seconds. CPU system time: 0 seconds. Elapsed time: 0.114 seconds; current allocated memory: 898.293 MB.
INFO: [HLS 200-10] ----------------------------------------------------------------
INFO: [HLS 200-10] -- Generating RTL for module 'getLocalImages_Pipeline_copy_loop' 
INFO: [HLS 200-10] ----------------------------------------------------------------
INFO: [HLS 200-1030] Apply Unified Pipeline Control on module 'getLocalImages_Pipeline_copy_loop' pipeline 'copy_loop' pipeline type 'loop pipeline'
INFO: [RTGEN 206-104] Estimated max fanout for 'getLocalImages_Pipeline_copy_loop' is 12800 from HDL expression: ((ap_loop_exit_ready == 1'b1) & (icmp_ln17_fu_2873_p2 == 1'd0) & (1'b0 == ap_block_pp0_stage0_01001) & (1'b1 == ap_CS_fsm_pp0_stage0))
INFO: [RTGEN 206-100] Finished creating RTL model for 'getLocalImages_Pipeline_copy_loop'.
INFO: [HLS 200-111] Finished Creating RTL model: CPU user time: 0 seconds. CPU system time: 0 seconds. Elapsed time: 0.615 seconds; current allocated memory: 898.293 MB.
INFO: [HLS 200-10] ----------------------------------------------------------------
INFO: [HLS 200-10] -- Generating RTL for module 'getLocalImages_Pipeline_process_loop' 
INFO: [HLS 200-10] ----------------------------------------------------------------
INFO: [HLS 200-1030] Apply Unified Pipeline Control on module 'getLocalImages_Pipeline_process_loop' pipeline 'process_loop' pipeline type 'loop pipeline'
INFO: [RTGEN 206-100] Generating core module 'dmul_64ns_64ns_64_7_max_dsp_1': 2 instance(s).
INFO: [RTGEN 206-100] Generating core module 'dsub_64ns_64ns_64_7_full_dsp_1': 2 instance(s).
INFO: [RTGEN 206-100] Generating core module 'sitodp_32ns_64_6_no_dsp_1': 2 instance(s).
INFO: [RTGEN 206-100] Generating core module 'sparsemux_201_7_64_1_1': 2 instance(s).
INFO: [RTGEN 206-100] Generating core module 'sparsemux_7_2_64_1_1': 4 instance(s).
INFO: [RTGEN 206-100] Finished creating RTL model for 'getLocalImages_Pipeline_process_loop'.
INFO: [HLS 200-2168] Implementing memory 'reconstruct_getLocalImages_Pipeline_process_loop_mask_table_ROM_AUTO_1R' using auto ROMs with 4 copies to ensure enough ports to satisfy II or latency constraints.
INFO: [HLS 200-2168] Implementing memory 'reconstruct_getLocalImages_Pipeline_process_loop_one_half_table_ROM_AUTO_1R' using auto ROMs with 4 copies to ensure enough ports to satisfy II or latency constraints.
INFO: [HLS 200-111] Finished Creating RTL model: CPU user time: 2 seconds. CPU system time: 0 seconds. Elapsed time: 1.601 seconds; current allocated memory: 906.809 MB.
INFO: [HLS 200-10] ----------------------------------------------------------------
INFO: [HLS 200-10] -- Generating RTL for module 'getLocalImages' 
INFO: [HLS 200-10] ----------------------------------------------------------------
INFO: [RTGEN 206-100] Generating core module 'sitodp_32ns_64_6_no_dsp_1': 1 instance(s).
INFO: [RTGEN 206-100] Finished creating RTL model for 'getLocalImages'.
INFO: [HLS 200-111] Finished Creating RTL model: CPU user time: 0 seconds. CPU system time: 0 seconds. Elapsed time: 0.625 seconds; current allocated memory: 917.695 MB.
INFO: [HLS 200-10] ----------------------------------------------------------------
INFO: [HLS 200-10] -- Generating RTL for module 'applyProjectors_Pipeline_read_stream_loop' 
INFO: [HLS 200-10] ----------------------------------------------------------------
INFO: [HLS 200-1030] Apply Unified Pipeline Control on module 'applyProjectors_Pipeline_read_stream_loop' pipeline 'read_stream_loop' pipeline type 'loop pipeline'
INFO: [RTGEN 206-104] Estimated max fanout for 'applyProjectors_Pipeline_read_stream_loop' is 19200 from HDL expression: ((ap_loop_exit_ready == 1'b1) & (icmp_ln136_fu_8088_p2 == 1'd0) & (1'b0 == ap_block_pp0_stage0_01001_grp1) & (1'b1 == ap_CS_fsm_pp0_stage0))
INFO: [RTGEN 206-100] Finished creating RTL model for 'applyProjectors_Pipeline_read_stream_loop'.
INFO: [HLS 200-111] Finished Creating RTL model: CPU user time: 2 seconds. CPU system time: 0 seconds. Elapsed time: 1.76 seconds; current allocated memory: 938.086 MB.
INFO: [HLS 200-10] ----------------------------------------------------------------
INFO: [HLS 200-10] -- Generating RTL for module 'applyProjectors_Pipeline_row_loop_col_loop' 
INFO: [HLS 200-10] ----------------------------------------------------------------
INFO: [HLS 200-1030] Apply Unified Pipeline Control on module 'applyProjectors_Pipeline_row_loop_col_loop' pipeline 'row_loop_col_loop' pipeline type 'loop pipeline'
INFO: [RTGEN 206-100] Generating core module 'dadd_64ns_64ns_64_6_no_dsp_1': 1 instance(s).
INFO: [RTGEN 206-100] Generating core module 'dmul_64ns_64ns_64_7_max_dsp_1': 1 instance(s).
INFO: [RTGEN 206-100] Generating core module 'mul_32s_32s_32_2_1': 1 instance(s).
INFO: [RTGEN 206-100] Finished creating RTL model for 'applyProjectors_Pipeline_row_loop_col_loop'.
INFO: [HLS 200-111] Finished Creating RTL model: CPU user time: 1 seconds. CPU system time: 1 seconds. Elapsed time: 2.56 seconds; current allocated memory: 976.738 MB.
INFO: [HLS 200-10] ----------------------------------------------------------------
INFO: [HLS 200-10] -- Generating RTL for module 'applyProjectors_Pipeline_write_results_loop' 
INFO: [HLS 200-10] ----------------------------------------------------------------
INFO: [HLS 200-1030] Apply Unified Pipeline Control on module 'applyProjectors_Pipeline_write_results_loop' pipeline 'write_results_loop' pipeline type 'loop pipeline'
WARNING: [RTGEN 206-101] Setting dangling out port 'applyProjectors_Pipeline_write_results_loop/m_axi_emissions_0_AWVALID' to 0.
WARNING: [RTGEN 206-101] Setting dangling out port 'applyProjectors_Pipeline_write_results_loop/m_axi_emissions_0_AWADDR' to 0.
WARNING: [RTGEN 206-101] Setting dangling out port 'applyProjectors_Pipeline_write_results_loop/m_axi_emissions_0_AWID' to 0.
WARNING: [RTGEN 206-101] Setting dangling out port 'applyProjectors_Pipeline_write_results_loop/m_axi_emissions_0_AWLEN' to 0.
WARNING: [RTGEN 206-101] Setting dangling out port 'applyProjectors_Pipeline_write_results_loop/m_axi_emissions_0_AWSIZE' to 0.
WARNING: [RTGEN 206-101] Setting dangling out port 'applyProjectors_Pipeline_write_results_loop/m_axi_emissions_0_AWBURST' to 0.
WARNING: [RTGEN 206-101] Setting dangling out port 'applyProjectors_Pipeline_write_results_loop/m_axi_emissions_0_AWLOCK' to 0.
WARNING: [RTGEN 206-101] Setting dangling out port 'applyProjectors_Pipeline_write_results_loop/m_axi_emissions_0_AWCACHE' to 0.
WARNING: [RTGEN 206-101] Setting dangling out port 'applyProjectors_Pipeline_write_results_loop/m_axi_emissions_0_AWPROT' to 0.
WARNING: [RTGEN 206-101] Setting dangling out port 'applyProjectors_Pipeline_write_results_loop/m_axi_emissions_0_AWQOS' to 0.
WARNING: [RTGEN 206-101] Setting dangling out port 'applyProjectors_Pipeline_write_results_loop/m_axi_emissions_0_AWREGION' to 0.
WARNING: [RTGEN 206-101] Setting dangling out port 'applyProjectors_Pipeline_write_results_loop/m_axi_emissions_0_AWUSER' to 0.
WARNING: [RTGEN 206-101] Setting dangling out port 'applyProjectors_Pipeline_write_results_loop/m_axi_emissions_0_BREADY' to 0.
INFO: [RTGEN 206-100] Generating core module 'sparsemux_201_7_64_1_1': 1 instance(s).
INFO: [RTGEN 206-100] Finished creating RTL model for 'applyProjectors_Pipeline_write_results_loop'.
INFO: [HLS 200-111] Finished Creating RTL model: CPU user time: 1 seconds. CPU system time: 0 seconds. Elapsed time: 0.639 seconds; current allocated memory: 976.738 MB.
INFO: [HLS 200-10] ----------------------------------------------------------------
INFO: [HLS 200-10] -- Generating RTL for module 'applyProjectors' 
INFO: [HLS 200-10] ----------------------------------------------------------------
INFO: [RTGEN 206-100] Generating core module 'dcmp_64ns_64ns_1_2_no_dsp_1': 1 instance(s).
INFO: [RTGEN 206-100] Generating core module 'ddiv_64ns_64ns_64_59_no_dsp_1': 1 instance(s).
INFO: [RTGEN 206-100] Generating core module 'dmul_64ns_64ns_64_7_max_dsp_1': 1 instance(s).
INFO: [RTGEN 206-100] Generating core module 'mul_32ns_32ns_64_2_1': 1 instance(s).
INFO: [RTGEN 206-100] Generating core module 'mul_32s_32s_32_2_1': 1 instance(s).
INFO: [RTGEN 206-100] Generating core module 'sparsemux_201_7_32_1_1': 6 instance(s).
INFO: [RTGEN 206-100] Generating core module 'sparsemux_9_2_32_1_1': 1 instance(s).
INFO: [RTGEN 206-100] Generating core module 'sparsemux_9_2_64_1_1': 1 instance(s).
INFO: [RTGEN 206-100] Generating core module 'srem_32ns_32s_32_36_1': 2 instance(s).
INFO: [RTGEN 206-100] Finished creating RTL model for 'applyProjectors'.
INFO: [HLS 200-111] Finished Creating RTL model: CPU user time: 1 seconds. CPU system time: 0 seconds. Elapsed time: 1.019 seconds; current allocated memory: 997.414 MB.
INFO: [HLS 200-10] ----------------------------------------------------------------
INFO: [HLS 200-10] -- Generating RTL for module 'reconstruct' 
INFO: [HLS 200-10] ----------------------------------------------------------------
WARNING: [RTGEN 206-101] Design contains AXI ports. Reset is fixed to synchronous and active low.
INFO: [RTGEN 206-500] Setting interface mode on port 'reconstruct/imageProjs_local' to 'm_axi'.
INFO: [RTGEN 206-500] Setting interface mode on port 'reconstruct/imageProjs_0' to 'm_axi'.
INFO: [RTGEN 206-500] Setting interface mode on port 'reconstruct/imageProjs_1' to 'm_axi'.
INFO: [RTGEN 206-500] Setting interface mode on port 'reconstruct/imageProjs_2' to 'm_axi'.
INFO: [RTGEN 206-500] Setting interface mode on port 'reconstruct/imageProjs_3' to 'm_axi'.
INFO: [RTGEN 206-500] Setting interface mode on port 'reconstruct/imageProjs_local_size_0' to 'm_axi'.
INFO: [RTGEN 206-500] Setting interface mode on port 'reconstruct/imageProjs_local_size_1' to 'm_axi'.
INFO: [RTGEN 206-500] Setting interface mode on port 'reconstruct/imageProjs_local_size_2' to 'm_axi'.
INFO: [RTGEN 206-500] Setting interface mode on port 'reconstruct/imageProjs_local_size_3' to 'm_axi'.
INFO: [RTGEN 206-500] Setting interface mode on port 'reconstruct/fullImage' to 'm_axi'.
INFO: [RTGEN 206-500] Setting interface mode on port 'reconstruct/emissions' to 'm_axi'.
INFO: [RTGEN 206-500] Setting interface mode on port 'reconstruct/atomLocationsSize' to 's_axilite & ap_none'.
INFO: [RTGEN 206-500] Setting interface mode on port 'reconstruct/projShape0' to 's_axilite & ap_none'.
INFO: [RTGEN 206-500] Setting interface mode on port 'reconstruct/projShape1' to 's_axilite & ap_none'.
INFO: [RTGEN 206-500] Setting interface mode on port 'reconstruct/atomLocations' to 'ap_memory'.
INFO: [RTGEN 206-500] Setting interface mode on port 'reconstruct/psfSupersample' to 's_axilite & ap_none'.
INFO: [RTGEN 206-500] Setting interface mode on port 'reconstruct/imageProjectionSize' to 's_axilite & ap_none'.
INFO: [RTGEN 206-500] Setting interface mode on port 'reconstruct/imageProjs_local_offset' to 's_axilite & ap_none'.
INFO: [RTGEN 206-500] Setting interface mode on port 'reconstruct/imageProjs_0_offset' to 's_axilite & ap_none'.
INFO: [RTGEN 206-500] Setting interface mode on port 'reconstruct/imageProjs_1_offset' to 's_axilite & ap_none'.
INFO: [RTGEN 206-500] Setting interface mode on port 'reconstruct/imageProjs_2_offset' to 's_axilite & ap_none'.
INFO: [RTGEN 206-500] Setting interface mode on port 'reconstruct/imageProjs_3_offset' to 's_axilite & ap_none'.
INFO: [RTGEN 206-500] Setting interface mode on port 'reconstruct/imageProjs_local_size_0_offset' to 's_axilite & ap_none'.
INFO: [RTGEN 206-500] Setting interface mode on port 'reconstruct/imageProjs_local_size_1_offset' to 's_axilite & ap_none'.
INFO: [RTGEN 206-500] Setting interface mode on port 'reconstruct/imageProjs_local_size_2_offset' to 's_axilite & ap_none'.
INFO: [RTGEN 206-500] Setting interface mode on port 'reconstruct/imageProjs_local_size_3_offset' to 's_axilite & ap_none'.
INFO: [RTGEN 206-500] Setting interface mode on port 'reconstruct/fullImage_offset' to 's_axilite & ap_none'.
INFO: [RTGEN 206-500] Setting interface mode on port 'reconstruct/fullImage_rows' to 's_axilite & ap_none'.
INFO: [RTGEN 206-500] Setting interface mode on port 'reconstruct/fullImage_cols' to 's_axilite & ap_none'.
INFO: [RTGEN 206-500] Setting interface mode on port 'reconstruct/emissions_offset' to 's_axilite & ap_none'.
INFO: [RTGEN 206-500] Setting interface mode on port 'reconstruct/emission_cnt' to 's_axilite & ap_vld'.
INFO: [RTGEN 206-500] Setting interface mode on function 'reconstruct' to 's_axilite & ap_ctrl_hs'.
INFO: [RTGEN 206-100] Bundling port 'imageProjs_local_offset', 'imageProjs_0_offset', 'imageProjs_1_offset', 'imageProjs_2_offset', 'imageProjs_3_offset', 'imageProjs_local_size_0_offset', 'imageProjs_local_size_1_offset', 'imageProjs_local_size_2_offset', 'imageProjs_local_size_3_offset', 'fullImage_offset', 'emissions_offset' and 'return' to AXI-Lite port control.
INFO: [RTGEN 206-100] Bundling port 'atomLocationsSize', 'projShape0', 'projShape1', 'psfSupersample', 'imageProjectionSize', 'fullImage_rows', 'fullImage_cols' and 'emission_cnt' to AXI-Lite port scalar_data.
INFO: [RTGEN 206-100] Finished creating RTL model for 'reconstruct'.
INFO: [RTMG 210-285] Implementing FIFO 'localImages_U(reconstruct_fifo_w256_d2_S)' using Shift Registers.
INFO: [HLS 200-111] Finished Creating RTL model: CPU user time: 1 seconds. CPU system time: 0 seconds. Elapsed time: 3.055 seconds; current allocated memory: 1.006 GB.
INFO: [HLS 200-111] Finished Generating all RTL models: CPU user time: 1 seconds. CPU system time: 1 seconds. Elapsed time: 1.757 seconds; current allocated memory: 1.013 GB.
INFO: [HLS 200-1603] Design has inferred MAXI bursts and missed bursts, see Vitis HLS GUI synthesis summary report for detailed information.
INFO: [HLS 200-111] Finished Updating report files: CPU user time: 5 seconds. CPU system time: 0 seconds. Elapsed time: 6.092 seconds; current allocated memory: 1.030 GB.
INFO: [VHDL 208-304] Generating VHDL RTL for reconstruct.
INFO: [VLOG 209-307] Generating Verilog RTL for reconstruct.
INFO: [HLS 200-790] **** Loop Constraint Status: All loop constraints were NOT satisfied.
INFO: [HLS 200-789] **** Estimated Fmax: 119.42 MHz
INFO: [HLS 200-112] Total CPU user time: 44 seconds. Total CPU system time: 4 seconds. Total elapsed time: 72.812 seconds; peak allocated memory: 1.030 GB.
INFO: [v++ 60-791] Total elapsed time: 0h 1m 19s
