  **** HLS Build v2024.2 5238294
INFO: [HLS 200-2005] Using work_dir F:/LMU/quantumMA/opimization/reconstructv1maxi/hls_component/reconstruct 
INFO: [HLS 200-1505] Using default flow_target 'vivado'
Resolution: For help on HLS 200-1505 see docs.xilinx.com/access/sources/dita/topic?Doc_Version=2024.2%20English&url=ug1448-hls-guidance&resourceid=200-1505.html
INFO: [HLS 200-1465] Applying ini 'syn.file=F:/LMU/quantumMA/opimization/reconstructv1maxi/image_analysis.cpp' from F:/LMU/quantumMA/opimization/reconstructv1maxi/hls_component/hls_config.cfg(10)
INFO: [HLS 200-10] Adding design file 'F:/LMU/quantumMA/opimization/reconstructv1maxi/image_analysis.cpp' to the project
INFO: [HLS 200-1465] Applying ini 'syn.file=F:/LMU/quantumMA/opimization/reconstructv1maxi/image_analysis.hpp' from F:/LMU/quantumMA/opimization/reconstructv1maxi/hls_component/hls_config.cfg(11)
INFO: [HLS 200-10] Adding design file 'F:/LMU/quantumMA/opimization/reconstructv1maxi/image_analysis.hpp' to the project
INFO: [HLS 200-1465] Applying ini 'tb.file=F:/LMU/quantumMA/opimization/reconstructv1maxi/test.cpp' from F:/LMU/quantumMA/opimization/reconstructv1maxi/hls_component/hls_config.cfg(12)
INFO: [HLS 200-10] Adding test bench file 'F:/LMU/quantumMA/opimization/reconstructv1maxi/test.cpp' to the project
INFO: [HLS 200-1465] Applying ini 'tb.file=F:/LMU/quantumMA/naia/reconstructv1/sf25fram/fullImage_output.txt' from F:/LMU/quantumMA/opimization/reconstructv1maxi/hls_component/hls_config.cfg(13)
INFO: [HLS 200-10] Adding test bench file 'F:/LMU/quantumMA/naia/reconstructv1/sf25fram/fullImage_output.txt' to the project
INFO: [HLS 200-1465] Applying ini 'tb.file=F:/LMU/quantumMA/naia/reconstructv1/sf25fram/restoutput.txt' from F:/LMU/quantumMA/opimization/reconstructv1maxi/hls_component/hls_config.cfg(14)
INFO: [HLS 200-10] Adding test bench file 'F:/LMU/quantumMA/naia/reconstructv1/sf25fram/restoutput.txt' to the project
INFO: [HLS 200-1465] Applying ini 'syn.top=reconstruct' from F:/LMU/quantumMA/opimization/reconstructv1maxi/hls_component/hls_config.cfg(7)
INFO: [HLS 200-1465] Applying ini 'flow_target=vivado' from F:/LMU/quantumMA/opimization/reconstructv1maxi/hls_component/hls_config.cfg(4)
INFO: [HLS 200-1505] Using flow_target 'vivado'
Resolution: For help on HLS 200-1505 see docs.xilinx.com/access/sources/dita/topic?Doc_Version=2024.2%20English&url=ug1448-hls-guidance&resourceid=200-1505.html
INFO: [HLS 200-1465] Applying ini 'part=xczu7ev-ffvc1156-2-e' from F:/LMU/quantumMA/opimization/reconstructv1maxi/hls_component/hls_config.cfg(1)
INFO: [HLS 200-1611] Setting target device to 'xczu7ev-ffvc1156-2-e'
INFO: [HLS 200-1465] Applying ini 'csim.clean=1' from F:/LMU/quantumMA/opimization/reconstructv1maxi/hls_component/hls_config.cfg(8)
INFO: [HLS 200-1465] Applying ini 'csim.code_analyzer=1' from F:/LMU/quantumMA/opimization/reconstructv1maxi/hls_component/hls_config.cfg(9)
INFO: [HLS 200-1465] Applying ini 'package.output.format=ip_catalog' from F:/LMU/quantumMA/opimization/reconstructv1maxi/hls_component/hls_config.cfg(5)
INFO: [SIM 211-200] Executing Code Analyzer instead of classic HLS C simulation
INFO: [SIM 211-200] Cleaning
slxcmd:0:0: info: [ Cleaned build and execution files ]
INFO: [HLS 211-200] Compiling source code ../image_analysis.cpp as hardware code with instrumentation
INFO: [HLS 211-200] Compiling source code F:/LMU/quantumMA/opimization/reconstructv1maxi/test.cpp as test bench code with instrumentation
INFO: [HLS 211-200] Compiling source code ../image_analysis.cpp as test bench code with instrumentation
../image_analysis.cpp:68:39: warning: The 'enable_flush' option of the 'HLS pipeline' directive or pragma is deprecated, use style=flp instead [-Wignored-hls-pragmas]
#pragma HLS PIPELINE II=1 enable_flush
                                      ^
../image_analysis.cpp:325:98: warning: unexpected pragma parameter 'storage_type' [-Winvalid-hls-pragmas]
#pragma HLS INTERFACE port=atomLocations mode=m_axi bundle=atomLocations depth=1024 storage_type=RAM_2P // 
                                                                                                 ^
2 warnings generated.
../image_analysis.cpp:68:39: warning: The 'enable_flush' option of the 'HLS pipeline' directive or pragma is deprecated, use style=flp instead [-Wignored-hls-pragmas]
#pragma HLS PIPELINE II=1 enable_flush
                                      ^
../image_analysis.cpp:325:98: warning: unexpected pragma parameter 'storage_type' [-Winvalid-hls-pragmas]
#pragma HLS INTERFACE port=atomLocations mode=m_axi bundle=atomLocations depth=1024 storage_type=RAM_2P // 
                                                                                                 ^
2 warnings generated.
INFO: [HLS 211-200] Linking hardware code
INFO: [HLS 211-200] Transforming hardware bitcode
INFO: [HLS 211-200] Linking executable
INFO: [HLS 211-200] Computing HLS IR Information
INFO: [HLS 211-200] Determining source code dependencies
INFO: [SIM 211-200] Running executable
Projection 0 has 961 valid elements
About to call getLocalImages...
=== getLocalImages FINISHED ===
About to call applyProjectors...
=== applyProjectors STARTED ===
atomLocationsSize=1024
imageProjectionSize=1
fullImage_rows=768, fullImage_cols=768
Atom 0: sum=24529.7 projSumUsed=116.47 result=24529.7
Atom 1: sum=23430.2 projSumUsed=116.47 result=23430.3
Atom 2: sum=24513.7 projSumUsed=116.47 result=24513.7
Atom 3: sum=24834.6 projSumUsed=116.47 result=24834.6
Atom 4: sum=23442.2 projSumUsed=116.47 result=23442.2
Atom 5: sum=24562.4 projSumUsed=116.47 result=24562.5
Atom 6: sum=24710.5 projSumUsed=116.47 result=24710.6
Atom 7: sum=23309.9 projSumUsed=116.47 result=23309.9
Atom 8: sum=23360.1 projSumUsed=116.47 result=23360.1
Atom 9: sum=24631.9 projSumUsed=116.47 result=24631.9
Atom 10: sum=23423.3 projSumUsed=116.47 result=23423.3
Atom 11: sum=24844.1 projSumUsed=116.47 result=24844.1
Atom 12: sum=24651.8 projSumUsed=116.47 result=24651.9
Atom 13: sum=24533.1 projSumUsed=116.47 result=24533.2
Atom 14: sum=23444.2 projSumUsed=116.47 result=23444.3
Atom 15: sum=24596.3 projSumUsed=116.47 result=24596.3
Atom 16: sum=23339.8 projSumUsed=116.47 result=23339.8
Atom 17: sum=24526 projSumUsed=116.47 result=24526
Atom 18: sum=23324.8 projSumUsed=116.47 result=23324.8
Atom 19: sum=24578.4 projSumUsed=116.47 result=24578.4
Atom 20: sum=24524.9 projSumUsed=116.47 result=24525
Atom 21: sum=24543 projSumUsed=116.47 result=24543
Atom 22: sum=23367.4 projSumUsed=116.47 result=23367.4
Atom 23: sum=24560.3 projSumUsed=116.47 result=24560.4
Atom 24: sum=24623.1 projSumUsed=116.47 result=24623.1
Atom 25: sum=23343.3 projSumUsed=116.47 result=23343.3
Atom 26: sum=23292.5 projSumUsed=116.47 result=23292.5
Atom 27: sum=23355.4 projSumUsed=116.47 result=23355.4
Atom 28: sum=24804.3 projSumUsed=116.47 result=24804.4
Atom 29: sum=24516.3 projSumUsed=116.47 result=24516.4
Atom 30: sum=23510.5 projSumUsed=116.47 result=23510.6
Atom 31: sum=24755.3 projSumUsed=116.47 result=24755.4
Atom 32: sum=23393.2 projSumUsed=116.47 result=23393.2
Atom 33: sum=23388.4 projSumUsed=116.47 result=23388.5
Atom 34: sum=24510.8 projSumUsed=116.47 result=24510.8
Atom 35: sum=24536.3 projSumUsed=116.47 result=24536.3
Atom 36: sum=24735.3 projSumUsed=116.47 result=24735.3
Atom 37: sum=23505 projSumUsed=116.47 result=23505.1
Atom 38: sum=24572.2 projSumUsed=116.47 result=24572.2
Atom 39: sum=23560.1 projSumUsed=116.47 result=23560.1
Atom 40: sum=24582.1 projSumUsed=116.47 result=24582.2
Atom 41: sum=24794.7 projSumUsed=116.47 result=24794.8
Atom 42: sum=23446.6 projSumUsed=116.47 result=23446.7
Atom 43: sum=24625.5 projSumUsed=116.47 result=24625.5
Atom 44: sum=24627.6 projSumUsed=116.47 result=24627.6
Atom 45: sum=24724.4 projSumUsed=116.47 result=24724.4
Atom 46: sum=23406.1 projSumUsed=116.47 result=23406.2
Atom 47: sum=24751.8 projSumUsed=116.47 result=24751.8
Atom 48: sum=23437.7 projSumUsed=116.47 result=23437.8
Atom 49: sum=24796.8 projSumUsed=116.47 result=24796.9
Atom 50: sum=23414.8 projSumUsed=116.47 result=23414.9
Atom 51: sum=23388.1 projSumUsed=116.47 result=23388.1
Atom 52: sum=24800.9 projSumUsed=116.47 result=24801
Atom 53: sum=24526 projSumUsed=116.47 result=24526
Atom 54: sum=24647.1 projSumUsed=116.47 result=24647.2
Atom 55: sum=23520 projSumUsed=116.47 result=23520.1
Atom 56: sum=24604.3 projSumUsed=116.47 result=24604.3
Atom 57: sum=24576.1 projSumUsed=116.47 result=24576.1
Atom 58: sum=23429.2 projSumUsed=116.47 result=23429.2
Atom 59: sum=24829.9 projSumUsed=116.47 result=24830
Atom 60: sum=24567.2 projSumUsed=116.47 result=24567.2
Atom 61: sum=23591.5 projSumUsed=116.47 result=23591.6
Atom 62: sum=24618.7 projSumUsed=116.47 result=24618.8
Atom 63: sum=23338.9 projSumUsed=116.47 result=23339
Atom 64: sum=23324 projSumUsed=116.47 result=23324.1
Atom 65: sum=24752.8 projSumUsed=116.47 result=24752.8
Atom 66: sum=23461.6 projSumUsed=116.47 result=23461.6
Atom 67: sum=24887.6 projSumUsed=116.47 result=24887.7
Atom 68: sum=23453.1 projSumUsed=116.47 result=23453.2
Atom 69: sum=23542.5 projSumUsed=116.47 result=23542.6
Atom 70: sum=24604.2 projSumUsed=116.47 result=24604.3
Atom 71: sum=23489.7 projSumUsed=116.47 result=23489.7
Atom 72: sum=23381.4 projSumUsed=116.47 result=23381.5
Atom 73: sum=24726.2 projSumUsed=116.47 result=24726.2
Atom 74: sum=24688.6 projSumUsed=116.47 result=24688.6
Atom 75: sum=23422.7 projSumUsed=116.47 result=23422.8
Atom 76: sum=23418.1 projSumUsed=116.47 result=23418.1
Atom 77: sum=24646.5 projSumUsed=116.47 result=24646.5
Atom 78: sum=24789.9 projSumUsed=116.47 result=24789.9
Atom 79: sum=23425.9 projSumUsed=116.47 result=23425.9
Atom 80: sum=24693.5 projSumUsed=116.47 result=24693.5
Atom 81: sum=23469.4 projSumUsed=116.47 result=23469.4
Atom 82: sum=23469 projSumUsed=116.47 result=23469.1
Atom 83: sum=24507.1 projSumUsed=116.47 result=24507.1
Atom 84: sum=23400 projSumUsed=116.47 result=23400
Atom 85: sum=23457.8 projSumUsed=116.47 result=23457.8
Atom 86: sum=23388.1 projSumUsed=116.47 result=23388.1
Atom 87: sum=23549.7 projSumUsed=116.47 result=23549.7
Atom 88: sum=24674.5 projSumUsed=116.47 result=24674.5
Atom 89: sum=24739.7 projSumUsed=116.47 result=24739.8
Atom 90: sum=23459.3 projSumUsed=116.47 result=23459.3
Atom 91: sum=24842.4 projSumUsed=116.47 result=24842.4
Atom 92: sum=24604.9 projSumUsed=116.47 result=24604.9
Atom 93: sum=24752.2 projSumUsed=116.47 result=24752.2
Atom 94: sum=23459.7 projSumUsed=116.47 result=23459.7
Atom 95: sum=24528.7 projSumUsed=116.47 result=24528.7
Atom 96: sum=24669.1 projSumUsed=116.47 result=24669.1
Atom 97: sum=23417.1 projSumUsed=116.47 result=23417.2
Atom 98: sum=23359.3 projSumUsed=116.47 result=23359.3
Atom 99: sum=23461.9 projSumUsed=116.47 result=23462
Atom 100: sum=24671.2 projSumUsed=116.47 result=24671.2
Atom 101: sum=24633.8 projSumUsed=116.47 result=24633.8
Atom 102: sum=23595.9 projSumUsed=116.47 result=23595.9
Atom 103: sum=24344.9 projSumUsed=116.47 result=24345
Atom 104: sum=24533.9 projSumUsed=116.47 result=24534
Atom 105: sum=23318.9 projSumUsed=116.47 result=23318.9
Atom 106: sum=24785.4 projSumUsed=116.47 result=24785.4
Atom 107: sum=23421.2 projSumUsed=116.47 result=23421.3
Atom 108: sum=24578.1 projSumUsed=116.47 result=24578.2
Atom 109: sum=23343.2 projSumUsed=116.47 result=23343.2
Atom 110: sum=23507.7 projSumUsed=116.47 result=23507.7
Atom 111: sum=24749.6 projSumUsed=116.47 result=24749.6
Atom 112: sum=23534.9 projSumUsed=116.47 result=23534.9
Atom 113: sum=24709.6 projSumUsed=116.47 result=24709.6
Atom 114: sum=24579.5 projSumUsed=116.47 result=24579.5
Atom 115: sum=24537.4 projSumUsed=116.47 result=24537.4
Atom 116: sum=24765.1 projSumUsed=116.47 result=24765.1
Atom 117: sum=24653.7 projSumUsed=116.47 result=24653.7
Atom 118: sum=24648.8 projSumUsed=116.47 result=24648.8
Atom 119: sum=24584 projSumUsed=116.47 result=24584.1
Atom 120: sum=23481.9 projSumUsed=116.47 result=23482
Atom 121: sum=24698.3 projSumUsed=116.47 result=24698.3
Atom 122: sum=24884.2 projSumUsed=116.47 result=24884.2
Atom 123: sum=23404.1 projSumUsed=116.47 result=23404.1
Atom 124: sum=23483.2 projSumUsed=116.47 result=23483.2
Atom 125: sum=24614.6 projSumUsed=116.47 result=24614.6
Atom 126: sum=23370.9 projSumUsed=116.47 result=23371
Atom 127: sum=24530.2 projSumUsed=116.47 result=24530.2
Atom 128: sum=23370.9 projSumUsed=116.47 result=23371
Atom 129: sum=23366.9 projSumUsed=116.47 result=23366.9
Atom 130: sum=23265.7 projSumUsed=116.47 result=23265.8
Atom 131: sum=23474.7 projSumUsed=116.47 result=23474.7
Atom 132: sum=24584.4 projSumUsed=116.47 result=24584.5
Atom 133: sum=23364.4 projSumUsed=116.47 result=23364.4
Atom 134: sum=24488.4 projSumUsed=116.47 result=24488.4
Atom 135: sum=24400 projSumUsed=116.47 result=24400
Atom 136: sum=23468.4 projSumUsed=116.47 result=23468.4
Atom 137: sum=23390.7 projSumUsed=116.47 result=23390.8
Atom 138: sum=24649.9 projSumUsed=116.47 result=24650
Atom 139: sum=24872.3 projSumUsed=116.47 result=24872.3
Atom 140: sum=23526.7 projSumUsed=116.47 result=23526.7
Atom 141: sum=24560.3 projSumUsed=116.47 result=24560.3
Atom 142: sum=24746.7 projSumUsed=116.47 result=24746.7
Atom 143: sum=24663.6 projSumUsed=116.47 result=24663.7
Atom 144: sum=24783.5 projSumUsed=116.47 result=24783.6
Atom 145: sum=24934.1 projSumUsed=116.47 result=24934.1
Atom 146: sum=24753.1 projSumUsed=116.47 result=24753.2
Atom 147: sum=23482.7 projSumUsed=116.47 result=23482.8
Atom 148: sum=23380 projSumUsed=116.47 result=23380.1
Atom 149: sum=24465.5 projSumUsed=116.47 result=24465.6
Atom 150: sum=24625.7 projSumUsed=116.47 result=24625.7
Atom 151: sum=24634.8 projSumUsed=116.47 result=24634.8
Atom 152: sum=24890.1 projSumUsed=116.47 result=24890.2
Atom 153: sum=24919.6 projSumUsed=116.47 result=24919.7
Atom 154: sum=24401 projSumUsed=116.47 result=24401.1
Atom 155: sum=23448.7 projSumUsed=116.47 result=23448.8
Atom 156: sum=24600 projSumUsed=116.47 result=24600.1
Atom 157: sum=23417.1 projSumUsed=116.47 result=23417.1
Atom 158: sum=23438.4 projSumUsed=116.47 result=23438.4
Atom 159: sum=23315.2 projSumUsed=116.47 result=23315.2
Atom 160: sum=24507.4 projSumUsed=116.47 result=24507.5
Atom 161: sum=23503.5 projSumUsed=116.47 result=23503.5
Atom 162: sum=24422.7 projSumUsed=116.47 result=24422.7
Atom 163: sum=24583 projSumUsed=116.47 result=24583
Atom 164: sum=24736.5 projSumUsed=116.47 result=24736.6
Atom 165: sum=24587.3 projSumUsed=116.47 result=24587.4
Atom 166: sum=23370.3 projSumUsed=116.47 result=23370.3
Atom 167: sum=23361.4 projSumUsed=116.47 result=23361.4
Atom 168: sum=23399.2 projSumUsed=116.47 result=23399.2
Atom 169: sum=23420.9 projSumUsed=116.47 result=23420.9
Atom 170: sum=24573.8 projSumUsed=116.47 result=24573.9
Atom 171: sum=24838.4 projSumUsed=116.47 result=24838.4
Atom 172: sum=23453.8 projSumUsed=116.47 result=23453.8
Atom 173: sum=23426 projSumUsed=116.47 result=23426
Atom 174: sum=24800.3 projSumUsed=116.47 result=24800.3
Atom 175: sum=24600.6 projSumUsed=116.47 result=24600.7
Atom 176: sum=23332.3 projSumUsed=116.47 result=23332.3
Atom 177: sum=23318.2 projSumUsed=116.47 result=23318.2
Atom 178: sum=23473.9 projSumUsed=116.47 result=23473.9
Atom 179: sum=24764 projSumUsed=116.47 result=24764.1
Atom 180: sum=23443.8 projSumUsed=116.47 result=23443.8
Atom 181: sum=23454.7 projSumUsed=116.47 result=23454.8
Atom 182: sum=23392.7 projSumUsed=116.47 result=23392.7
Atom 183: sum=23430.4 projSumUsed=116.47 result=23430.4
Atom 184: sum=23473.4 projSumUsed=116.47 result=23473.4
Atom 185: sum=24616.8 projSumUsed=116.47 result=24616.9
Atom 186: sum=24756.7 projSumUsed=116.47 result=24756.8
Atom 187: sum=23384.8 projSumUsed=116.47 result=23384.9
Atom 188: sum=23439 projSumUsed=116.47 result=23439.1
Atom 189: sum=23395.6 projSumUsed=116.47 result=23395.6
Atom 190: sum=23387.3 projSumUsed=116.47 result=23387.3
Atom 191: sum=23288.1 projSumUsed=116.47 result=23288.1
Atom 192: sum=24682.4 projSumUsed=116.47 result=24682.5
Atom 193: sum=24645.4 projSumUsed=116.47 result=24645.5
Atom 194: sum=23355.4 projSumUsed=116.47 result=23355.5
Atom 195: sum=23491.8 projSumUsed=116.47 result=23491.9
Atom 196: sum=24602.1 projSumUsed=116.47 result=24602.2
Atom 197: sum=23422 projSumUsed=116.47 result=23422
Atom 198: sum=23373.9 projSumUsed=116.47 result=23373.9
Atom 199: sum=23358.2 projSumUsed=116.47 result=23358.2
Atom 200: sum=24776.9 projSumUsed=116.47 result=24777
Atom 201: sum=23434.2 projSumUsed=116.47 result=23434.2
Atom 202: sum=24686.9 projSumUsed=116.47 result=24686.9
Atom 203: sum=23401.8 projSumUsed=116.47 result=23401.8
Atom 204: sum=24488.6 projSumUsed=116.47 result=24488.6
Atom 205: sum=23410.8 projSumUsed=116.47 result=23410.8
Atom 206: sum=24535.5 projSumUsed=116.47 result=24535.5
Atom 207: sum=23347.7 projSumUsed=116.47 result=23347.8
Atom 208: sum=23442.7 projSumUsed=116.47 result=23442.8
Atom 209: sum=23397.1 projSumUsed=116.47 result=23397.1
Atom 210: sum=23492 projSumUsed=116.47 result=23492.1
Atom 211: sum=24910.5 projSumUsed=116.47 result=24910.5
Atom 212: sum=23383.8 projSumUsed=116.47 result=23383.8
Atom 213: sum=23309.1 projSumUsed=116.47 result=23309.1
Atom 214: sum=23330.7 projSumUsed=116.47 result=23330.7
Atom 215: sum=23399.6 projSumUsed=116.47 result=23399.6
Atom 216: sum=24712.4 projSumUsed=116.47 result=24712.5
Atom 217: sum=24780.3 projSumUsed=116.47 result=24780.3
Atom 218: sum=23466 projSumUsed=116.47 result=23466
Atom 219: sum=23432.3 projSumUsed=116.47 result=23432.4
Atom 220: sum=24563 projSumUsed=116.47 result=24563.1
Atom 221: sum=24711.3 projSumUsed=116.47 result=24711.3
Atom 222: sum=23422.6 projSumUsed=116.47 result=23422.6
Atom 223: sum=23297.5 projSumUsed=116.47 result=23297.6
Atom 224: sum=23346.4 projSumUsed=116.47 result=23346.4
Atom 225: sum=24619.1 projSumUsed=116.47 result=24619.1
Atom 226: sum=23395.1 projSumUsed=116.47 result=23395.1
Atom 227: sum=24631.8 projSumUsed=116.47 result=24631.8
Atom 228: sum=24373.3 projSumUsed=116.47 result=24373.4
Atom 229: sum=23419.5 projSumUsed=116.47 result=23419.6
Atom 230: sum=23391.9 projSumUsed=116.47 result=23391.9
Atom 231: sum=24253.6 projSumUsed=116.47 result=24253.6
Atom 232: sum=23315 projSumUsed=116.47 result=23315.1
Atom 233: sum=24474 projSumUsed=116.47 result=24474.1
Atom 234: sum=23444.9 projSumUsed=116.47 result=23444.9
Atom 235: sum=24454 projSumUsed=116.47 result=24454
Atom 236: sum=23396.5 projSumUsed=116.47 result=23396.5
Atom 237: sum=23373.7 projSumUsed=116.47 result=23373.8
Atom 238: sum=23427.5 projSumUsed=116.47 result=23427.6
Atom 239: sum=23412.7 projSumUsed=116.47 result=23412.7
Atom 240: sum=24791 projSumUsed=116.47 result=24791
Atom 241: sum=24808.4 projSumUsed=116.47 result=24808.4
Atom 242: sum=24637.9 projSumUsed=116.47 result=24637.9
Atom 243: sum=24573.2 projSumUsed=116.47 result=24573.2
Atom 244: sum=24843.5 projSumUsed=116.47 result=24843.6
Atom 245: sum=23367.6 projSumUsed=116.47 result=23367.7
Atom 246: sum=23216.7 projSumUsed=116.47 result=23216.8
Atom 247: sum=23307.2 projSumUsed=116.47 result=23307.2
Atom 248: sum=23475.9 projSumUsed=116.47 result=23476
Atom 249: sum=24688.4 projSumUsed=116.47 result=24688.4
Atom 250: sum=24781.3 projSumUsed=116.47 result=24781.4
Atom 251: sum=24905 projSumUsed=116.47 result=24905.1
Atom 252: sum=24486.6 projSumUsed=116.47 result=24486.6
Atom 253: sum=24649.6 projSumUsed=116.47 result=24649.7
Atom 254: sum=23399.4 projSumUsed=116.47 result=23399.4
Atom 255: sum=24691.4 projSumUsed=116.47 result=24691.5
Atom 256: sum=24584.9 projSumUsed=116.47 result=24584.9
Atom 257: sum=23396.7 projSumUsed=116.47 result=23396.7
Atom 258: sum=24815.7 projSumUsed=116.47 result=24815.7
Atom 259: sum=24623 projSumUsed=116.47 result=24623.1
Atom 260: sum=23408.8 projSumUsed=116.47 result=23408.8
Atom 261: sum=24509 projSumUsed=116.47 result=24509
Atom 262: sum=24495.5 projSumUsed=116.47 result=24495.5
Atom 263: sum=24570.2 projSumUsed=116.47 result=24570.2
Atom 264: sum=23392.3 projSumUsed=116.47 result=23392.4
Atom 265: sum=23335.8 projSumUsed=116.47 result=23335.9
Atom 266: sum=23445.6 projSumUsed=116.47 result=23445.6
Atom 267: sum=24908.5 projSumUsed=116.47 result=24908.5
Atom 268: sum=23395.5 projSumUsed=116.47 result=23395.6
Atom 269: sum=24658.7 projSumUsed=116.47 result=24658.8
Atom 270: sum=24928.2 projSumUsed=116.47 result=24928.2
Atom 271: sum=24784.2 projSumUsed=116.47 result=24784.2
Atom 272: sum=24646.7 projSumUsed=116.47 result=24646.7
Atom 273: sum=23425.6 projSumUsed=116.47 result=23425.6
Atom 274: sum=24692.6 projSumUsed=116.47 result=24692.6
Atom 275: sum=23457.6 projSumUsed=116.47 result=23457.7
Atom 276: sum=23484.6 projSumUsed=116.47 result=23484.6
Atom 277: sum=24642 projSumUsed=116.47 result=24642
Atom 278: sum=23476.7 projSumUsed=116.47 result=23476.8
Atom 279: sum=23350 projSumUsed=116.47 result=23350.1
Atom 280: sum=24892.5 projSumUsed=116.47 result=24892.5
Atom 281: sum=23599.8 projSumUsed=116.47 result=23599.9
Atom 282: sum=24428.4 projSumUsed=116.47 result=24428.5
Atom 283: sum=24723.8 projSumUsed=116.47 result=24723.9
Atom 284: sum=24915.4 projSumUsed=116.47 result=24915.4
Atom 285: sum=24899.1 projSumUsed=116.47 result=24899.2
Atom 286: sum=24504.6 projSumUsed=116.47 result=24504.7
Atom 287: sum=24699.5 projSumUsed=116.47 result=24699.5
Atom 288: sum=23278.8 projSumUsed=116.47 result=23278.8
Atom 289: sum=23435.2 projSumUsed=116.47 result=23435.2
Atom 290: sum=24785 projSumUsed=116.47 result=24785.1
Atom 291: sum=24838 projSumUsed=116.47 result=24838.1
Atom 292: sum=23408 projSumUsed=116.47 result=23408
Atom 293: sum=23336.3 projSumUsed=116.47 result=23336.3
Atom 294: sum=24862.1 projSumUsed=116.47 result=24862.2
Atom 295: sum=24722.9 projSumUsed=116.47 result=24723
Atom 296: sum=23347 projSumUsed=116.47 result=23347.1
Atom 297: sum=23407.4 projSumUsed=116.47 result=23407.5
Atom 298: sum=24646.1 projSumUsed=116.47 result=24646.1
Atom 299: sum=24887.2 projSumUsed=116.47 result=24887.2
Atom 300: sum=23457.9 projSumUsed=116.47 result=23458
Atom 301: sum=24676.1 projSumUsed=116.47 result=24676.2
Atom 302: sum=23419.1 projSumUsed=116.47 result=23419.1
Atom 303: sum=23422 projSumUsed=116.47 result=23422
Atom 304: sum=24546.6 projSumUsed=116.47 result=24546.7
Atom 305: sum=23371.4 projSumUsed=116.47 result=23371.5
Atom 306: sum=24908.8 projSumUsed=116.47 result=24908.8
Atom 307: sum=24764.2 projSumUsed=116.47 result=24764.3
Atom 308: sum=24764.4 projSumUsed=116.47 result=24764.4
Atom 309: sum=24724.6 projSumUsed=116.47 result=24724.6
Atom 310: sum=24775.2 projSumUsed=116.47 result=24775.3
Atom 311: sum=24846.8 projSumUsed=116.47 result=24846.9
Atom 312: sum=24825.6 projSumUsed=116.47 result=24825.6
Atom 313: sum=23407.9 projSumUsed=116.47 result=23408
Atom 314: sum=24877.8 projSumUsed=116.47 result=24877.8
Atom 315: sum=24805.6 projSumUsed=116.47 result=24805.6
Atom 316: sum=24970.2 projSumUsed=116.47 result=24970.3
Atom 317: sum=24696.2 projSumUsed=116.47 result=24696.2
Atom 318: sum=23449.4 projSumUsed=116.47 result=23449.5
Atom 319: sum=23210.5 projSumUsed=116.47 result=23210.6
Atom 320: sum=23331 projSumUsed=116.47 result=23331
Atom 321: sum=24521.5 projSumUsed=116.47 result=24521.5
Atom 322: sum=23350.5 projSumUsed=116.47 result=23350.5
Atom 323: sum=23340.9 projSumUsed=116.47 result=23340.9
Atom 324: sum=23398.5 projSumUsed=116.47 result=23398.6
Atom 325: sum=23316.7 projSumUsed=116.47 result=23316.7
Atom 326: sum=23430.7 projSumUsed=116.47 result=23430.8
Atom 327: sum=23360.3 projSumUsed=116.47 result=23360.4
Atom 328: sum=24651.9 projSumUsed=116.47 result=24651.9
Atom 329: sum=23386.7 projSumUsed=116.47 result=23386.7
Atom 330: sum=24773.2 projSumUsed=116.47 result=24773.2
Atom 331: sum=23418.1 projSumUsed=116.47 result=23418.1
Atom 332: sum=24952.3 projSumUsed=116.47 result=24952.4
Atom 333: sum=24599.6 projSumUsed=116.47 result=24599.6
Atom 334: sum=24717.2 projSumUsed=116.47 result=24717.3
Atom 335: sum=24648.1 projSumUsed=116.47 result=24648.1
Atom 336: sum=23341.3 projSumUsed=116.47 result=23341.4
Atom 337: sum=23448.3 projSumUsed=116.47 result=23448.4
Atom 338: sum=24783.5 projSumUsed=116.47 result=24783.5
Atom 339: sum=23451.8 projSumUsed=116.47 result=23451.8
Atom 340: sum=23372 projSumUsed=116.47 result=23372.1
Atom 341: sum=24669.8 projSumUsed=116.47 result=24669.9
Atom 342: sum=23443.1 projSumUsed=116.47 result=23443.2
Atom 343: sum=23325.7 projSumUsed=116.47 result=23325.7
Atom 344: sum=23440.8 projSumUsed=116.47 result=23440.8
Atom 345: sum=24738.1 projSumUsed=116.47 result=24738.2
Atom 346: sum=23542.1 projSumUsed=116.47 result=23542.1
Atom 347: sum=24634.7 projSumUsed=116.47 result=24634.8
Atom 348: sum=24774.6 projSumUsed=116.47 result=24774.6
Atom 349: sum=24755.3 projSumUsed=116.47 result=24755.3
Atom 350: sum=23485.8 projSumUsed=116.47 result=23485.8
Atom 351: sum=24549.3 projSumUsed=116.47 result=24549.3
Atom 352: sum=24493.1 projSumUsed=116.47 result=24493.2
Atom 353: sum=23377 projSumUsed=116.47 result=23377.1
Atom 354: sum=23368.4 projSumUsed=116.47 result=23368.4
Atom 355: sum=24611.2 projSumUsed=116.47 result=24611.3
Atom 356: sum=23473.2 projSumUsed=116.47 result=23473.3
Atom 357: sum=23318.4 projSumUsed=116.47 result=23318.5
Atom 358: sum=23315.5 projSumUsed=116.47 result=23315.5
Atom 359: sum=23335.7 projSumUsed=116.47 result=23335.7
Atom 360: sum=24754.4 projSumUsed=116.47 result=24754.4
Atom 361: sum=23465.3 projSumUsed=116.47 result=23465.3
Atom 362: sum=24672.5 projSumUsed=116.47 result=24672.5
Atom 363: sum=23409.3 projSumUsed=116.47 result=23409.3
Atom 364: sum=24849.8 projSumUsed=116.47 result=24849.8
Atom 365: sum=24761.5 projSumUsed=116.47 result=24761.6
Atom 366: sum=23361.1 projSumUsed=116.47 result=23361.1
Atom 367: sum=23434.1 projSumUsed=116.47 result=23434.1
Atom 368: sum=23348.8 projSumUsed=116.47 result=23348.8
Atom 369: sum=23414.8 projSumUsed=116.47 result=23414.9
Atom 370: sum=23462.6 projSumUsed=116.47 result=23462.6
Atom 371: sum=24620.4 projSumUsed=116.47 result=24620.4
Atom 372: sum=23430 projSumUsed=116.47 result=23430
Atom 373: sum=23451.3 projSumUsed=116.47 result=23451.4
Atom 374: sum=24451.4 projSumUsed=116.47 result=24451.4
Atom 375: sum=23384.1 projSumUsed=116.47 result=23384.2
Atom 376: sum=24742.9 projSumUsed=116.47 result=24743
Atom 377: sum=24491.9 projSumUsed=116.47 result=24492
Atom 378: sum=23431.4 projSumUsed=116.47 result=23431.4
Atom 379: sum=23392.7 projSumUsed=116.47 result=23392.7
Atom 380: sum=23481.9 projSumUsed=116.47 result=23481.9
Atom 381: sum=24745.3 projSumUsed=116.47 result=24745.4
Atom 382: sum=24823.9 projSumUsed=116.47 result=24824
Atom 383: sum=23308.5 projSumUsed=116.47 result=23308.5
Atom 384: sum=24626.6 projSumUsed=116.47 result=24626.6
Atom 385: sum=23376.2 projSumUsed=116.47 result=23376.2
Atom 386: sum=24416.7 projSumUsed=116.47 result=24416.7
Atom 387: sum=24762.1 projSumUsed=116.47 result=24762.1
Atom 388: sum=24544.3 projSumUsed=116.47 result=24544.3
Atom 389: sum=24734.7 projSumUsed=116.47 result=24734.7
Atom 390: sum=23453.6 projSumUsed=116.47 result=23453.6
Atom 391: sum=23379 projSumUsed=116.47 result=23379
Atom 392: sum=24689.6 projSumUsed=116.47 result=24689.7
Atom 393: sum=24875.9 projSumUsed=116.47 result=24876
Atom 394: sum=23351.5 projSumUsed=116.47 result=23351.6
Atom 395: sum=24846.8 projSumUsed=116.47 result=24846.8
Atom 396: sum=23517.1 projSumUsed=116.47 result=23517.2
Atom 397: sum=23325 projSumUsed=116.47 result=23325
Atom 398: sum=24743.6 projSumUsed=116.47 result=24743.7
Atom 399: sum=25225.3 projSumUsed=116.47 result=25225.3
Atom 400: sum=24921.2 projSumUsed=116.47 result=24921.2
Atom 401: sum=24706 projSumUsed=116.47 result=24706.1
Atom 402: sum=24675.9 projSumUsed=116.47 result=24675.9
Atom 403: sum=24672 projSumUsed=116.47 result=24672.1
Atom 404: sum=24562.3 projSumUsed=116.47 result=24562.3
Atom 405: sum=24656.5 projSumUsed=116.47 result=24656.5
Atom 406: sum=24896.8 projSumUsed=116.47 result=24896.8
Atom 407: sum=23402.6 projSumUsed=116.47 result=23402.7
Atom 408: sum=23448.1 projSumUsed=116.47 result=23448.1
Atom 409: sum=23403.5 projSumUsed=116.47 result=23403.6
Atom 410: sum=24872.9 projSumUsed=116.47 result=24872.9
Atom 411: sum=23403.4 projSumUsed=116.47 result=23403.4
Atom 412: sum=23381.4 projSumUsed=116.47 result=23381.4
Atom 413: sum=24771.6 projSumUsed=116.47 result=24771.7
Atom 414: sum=23297 projSumUsed=116.47 result=23297.1
Atom 415: sum=23242.8 projSumUsed=116.47 result=23242.8
Atom 416: sum=23403.5 projSumUsed=116.47 result=23403.6
Atom 417: sum=23366.4 projSumUsed=116.47 result=23366.4
Atom 418: sum=23365.8 projSumUsed=116.47 result=23365.8
Atom 419: sum=23417.6 projSumUsed=116.47 result=23417.6
Atom 420: sum=24509.9 projSumUsed=116.47 result=24509.9
Atom 421: sum=24669.9 projSumUsed=116.47 result=24670
Atom 422: sum=23502.4 projSumUsed=116.47 result=23502.4
Atom 423: sum=24725.7 projSumUsed=116.47 result=24725.7
Atom 424: sum=23444.1 projSumUsed=116.47 result=23444.1
Atom 425: sum=23427.5 projSumUsed=116.47 result=23427.5
Atom 426: sum=23330 projSumUsed=116.47 result=23330
Atom 427: sum=23402.7 projSumUsed=116.47 result=23402.8
Atom 428: sum=24761.6 projSumUsed=116.47 result=24761.6
Atom 429: sum=24920.1 projSumUsed=116.47 result=24920.2
Atom 430: sum=24618.2 projSumUsed=116.47 result=24618.2
Atom 431: sum=23456.8 projSumUsed=116.47 result=23456.8
Atom 432: sum=23431.3 projSumUsed=116.47 result=23431.3
Atom 433: sum=23362.8 projSumUsed=116.47 result=23362.8
Atom 434: sum=24575.1 projSumUsed=116.47 result=24575.1
Atom 435: sum=24620.8 projSumUsed=116.47 result=24620.8
Atom 436: sum=23323.5 projSumUsed=116.47 result=23323.5
Atom 437: sum=23341.4 projSumUsed=116.47 result=23341.5
Atom 438: sum=23406.3 projSumUsed=116.47 result=23406.3
Atom 439: sum=24593.5 projSumUsed=116.47 result=24593.6
Atom 440: sum=23322.9 projSumUsed=116.47 result=23323
Atom 441: sum=23492.4 projSumUsed=116.47 result=23492.4
Atom 442: sum=24591.8 projSumUsed=116.47 result=24591.9
Atom 443: sum=24656.6 projSumUsed=116.47 result=24656.7
Atom 444: sum=24413.8 projSumUsed=116.47 result=24413.9
Atom 445: sum=24643.7 projSumUsed=116.47 result=24643.7
Atom 446: sum=24522.9 projSumUsed=116.47 result=24522.9
Atom 447: sum=23309.6 projSumUsed=116.47 result=23309.6
Atom 448: sum=23309.4 projSumUsed=116.47 result=23309.4
Atom 449: sum=24473.1 projSumUsed=116.47 result=24473.2
Atom 450: sum=24676.3 projSumUsed=116.47 result=24676.3
Atom 451: sum=24470.3 projSumUsed=116.47 result=24470.3
Atom 452: sum=23414.2 projSumUsed=116.47 result=23414.2
Atom 453: sum=24698.8 projSumUsed=116.47 result=24698.9
Atom 454: sum=23587.5 projSumUsed=116.47 result=23587.6
Atom 455: sum=24554.4 projSumUsed=116.47 result=24554.5
Atom 456: sum=24523.2 projSumUsed=116.47 result=24523.3
Atom 457: sum=23456.9 projSumUsed=116.47 result=23456.9
Atom 458: sum=24523.9 projSumUsed=116.47 result=24523.9
Atom 459: sum=24779.8 projSumUsed=116.47 result=24779.8
Atom 460: sum=24746.6 projSumUsed=116.47 result=24746.6
Atom 461: sum=24837.1 projSumUsed=116.47 result=24837.1
Atom 462: sum=24628.8 projSumUsed=116.47 result=24628.9
Atom 463: sum=24627.3 projSumUsed=116.47 result=24627.4
Atom 464: sum=23486.5 projSumUsed=116.47 result=23486.5
Atom 465: sum=23349.3 projSumUsed=116.47 result=23349.4
Atom 466: sum=23459.7 projSumUsed=116.47 result=23459.8
Atom 467: sum=24642.6 projSumUsed=116.47 result=24642.6
Atom 468: sum=24587.5 projSumUsed=116.47 result=24587.6
Atom 469: sum=23366.8 projSumUsed=116.47 result=23366.8
Atom 470: sum=23399.6 projSumUsed=116.47 result=23399.7
Atom 471: sum=23389.8 projSumUsed=116.47 result=23389.9
Atom 472: sum=24592.8 projSumUsed=116.47 result=24592.8
Atom 473: sum=24853.5 projSumUsed=116.47 result=24853.6
Atom 474: sum=23374.3 projSumUsed=116.47 result=23374.3
Atom 475: sum=24956 projSumUsed=116.47 result=24956
Atom 476: sum=24806.1 projSumUsed=116.47 result=24806.2
Atom 477: sum=24734.5 projSumUsed=116.47 result=24734.5
Atom 478: sum=23504.1 projSumUsed=116.47 result=23504.1
Atom 479: sum=24810.7 projSumUsed=116.47 result=24810.7
Atom 480: sum=24559.8 projSumUsed=116.47 result=24559.8
Atom 481: sum=23354.6 projSumUsed=116.47 result=23354.6
Atom 482: sum=23401.3 projSumUsed=116.47 result=23401.3
Atom 483: sum=24689 projSumUsed=116.47 result=24689.1
Atom 484: sum=23445.9 projSumUsed=116.47 result=23446
Atom 485: sum=23303.2 projSumUsed=116.47 result=23303.2
Atom 486: sum=23338.9 projSumUsed=116.47 result=23338.9
Atom 487: sum=24730.9 projSumUsed=116.47 result=24730.9
Atom 488: sum=24627.4 projSumUsed=116.47 result=24627.5
Atom 489: sum=23401.2 projSumUsed=116.47 result=23401.2
Atom 490: sum=23308.9 projSumUsed=116.47 result=23308.9
Atom 491: sum=23378.5 projSumUsed=116.47 result=23378.5
Atom 492: sum=24666.3 projSumUsed=116.47 result=24666.3
Atom 493: sum=24775.3 projSumUsed=116.47 result=24775.4
Atom 494: sum=24791.9 projSumUsed=116.47 result=24791.9
Atom 495: sum=23501.6 projSumUsed=116.47 result=23501.6
Atom 496: sum=24807.1 projSumUsed=116.47 result=24807.2
Atom 497: sum=24720.1 projSumUsed=116.47 result=24720.1
Atom 498: sum=24528.2 projSumUsed=116.47 result=24528.3
Atom 499: sum=24955 projSumUsed=116.47 result=24955
Atom 500: sum=23449.1 projSumUsed=116.47 result=23449.2
Atom 501: sum=23456.2 projSumUsed=116.47 result=23456.2
Atom 502: sum=23436 projSumUsed=116.47 result=23436
Atom 503: sum=24818.9 projSumUsed=116.47 result=24818.9
Atom 504: sum=23396.4 projSumUsed=116.47 result=23396.5
Atom 505: sum=23454.2 projSumUsed=116.47 result=23454.2
Atom 506: sum=24929.8 projSumUsed=116.47 result=24929.8
Atom 507: sum=23496.6 projSumUsed=116.47 result=23496.7
Atom 508: sum=23572.5 projSumUsed=116.47 result=23572.6
Atom 509: sum=24545.5 projSumUsed=116.47 result=24545.5
Atom 510: sum=23488 projSumUsed=116.47 result=23488.1
Atom 511: sum=24309.1 projSumUsed=116.47 result=24309.2
Atom 512: sum=23251.1 projSumUsed=116.47 result=23251.1
Atom 513: sum=23286.1 projSumUsed=116.47 result=23286.1
Atom 514: sum=23234.5 projSumUsed=116.47 result=23234.6
Atom 515: sum=23458 projSumUsed=116.47 result=23458
Atom 516: sum=24722.4 projSumUsed=116.47 result=24722.5
Atom 517: sum=24867.1 projSumUsed=116.47 result=24867.1
Atom 518: sum=23488.3 projSumUsed=116.47 result=23488.3
Atom 519: sum=23429 projSumUsed=116.47 result=23429.1
Atom 520: sum=23387.7 projSumUsed=116.47 result=23387.7
Atom 521: sum=23433 projSumUsed=116.47 result=23433
Atom 522: sum=24432.5 projSumUsed=116.47 result=24432.5
Atom 523: sum=23428 projSumUsed=116.47 result=23428
Atom 524: sum=23317.5 projSumUsed=116.47 result=23317.6
Atom 525: sum=24897.5 projSumUsed=116.47 result=24897.6
Atom 526: sum=24624.4 projSumUsed=116.47 result=24624.5
Atom 527: sum=24833.8 projSumUsed=116.47 result=24833.8
Atom 528: sum=23425 projSumUsed=116.47 result=23425
Atom 529: sum=23438.6 projSumUsed=116.47 result=23438.7
Atom 530: sum=24807.9 projSumUsed=116.47 result=24808
Atom 531: sum=24687.4 projSumUsed=116.47 result=24687.4
Atom 532: sum=24536.2 projSumUsed=116.47 result=24536.3
Atom 533: sum=24813.6 projSumUsed=116.47 result=24813.6
Atom 534: sum=23370.2 projSumUsed=116.47 result=23370.2
Atom 535: sum=24533 projSumUsed=116.47 result=24533
Atom 536: sum=23424 projSumUsed=116.47 result=23424
Atom 537: sum=23376.7 projSumUsed=116.47 result=23376.7
Atom 538: sum=23376.5 projSumUsed=116.47 result=23376.6
Atom 539: sum=24853.8 projSumUsed=116.47 result=24853.8
Atom 540: sum=24589.7 projSumUsed=116.47 result=24589.7
Atom 541: sum=24708.1 projSumUsed=116.47 result=24708.2
Atom 542: sum=23396.1 projSumUsed=116.47 result=23396.1
Atom 543: sum=23328 projSumUsed=116.47 result=23328
Atom 544: sum=23388.8 projSumUsed=116.47 result=23388.8
Atom 545: sum=23280.4 projSumUsed=116.47 result=23280.5
Atom 546: sum=23414.4 projSumUsed=116.47 result=23414.4
Atom 547: sum=23505.8 projSumUsed=116.47 result=23505.8
Atom 548: sum=24690.5 projSumUsed=116.47 result=24690.5
Atom 549: sum=24704.9 projSumUsed=116.47 result=24705
Atom 550: sum=24734.3 projSumUsed=116.47 result=24734.4
Atom 551: sum=24740.7 projSumUsed=116.47 result=24740.7
Atom 552: sum=24673 projSumUsed=116.47 result=24673
Atom 553: sum=23366.9 projSumUsed=116.47 result=23366.9
Atom 554: sum=23324.1 projSumUsed=116.47 result=23324.1
Atom 555: sum=23283.9 projSumUsed=116.47 result=23284
Atom 556: sum=23358.9 projSumUsed=116.47 result=23358.9
Atom 557: sum=23385.2 projSumUsed=116.47 result=23385.3
Atom 558: sum=24640.9 projSumUsed=116.47 result=24640.9
Atom 559: sum=23478.1 projSumUsed=116.47 result=23478.1
Atom 560: sum=23350.9 projSumUsed=116.47 result=23351
Atom 561: sum=24572.1 projSumUsed=116.47 result=24572.1
Atom 562: sum=24781.2 projSumUsed=116.47 result=24781.2
Atom 563: sum=23386.6 projSumUsed=116.47 result=23386.6
Atom 564: sum=23470.2 projSumUsed=116.47 result=23470.2
Atom 565: sum=24798.4 projSumUsed=116.47 result=24798.5
Atom 566: sum=24838.5 projSumUsed=116.47 result=24838.5
Atom 567: sum=25033.1 projSumUsed=116.47 result=25033.2
Atom 568: sum=24738.1 projSumUsed=116.47 result=24738.1
Atom 569: sum=23404.3 projSumUsed=116.47 result=23404.4
Atom 570: sum=24573.3 projSumUsed=116.47 result=24573.3
Atom 571: sum=23467.8 projSumUsed=116.47 result=23467.9
Atom 572: sum=24821.9 projSumUsed=116.47 result=24822
Atom 573: sum=23507.2 projSumUsed=116.47 result=23507.2
Atom 574: sum=24700.4 projSumUsed=116.47 result=24700.4
Atom 575: sum=23291.1 projSumUsed=116.47 result=23291.2
Atom 576: sum=24694.3 projSumUsed=116.47 result=24694.4
Atom 577: sum=24607.7 projSumUsed=116.47 result=24607.7
Atom 578: sum=24696.6 projSumUsed=116.47 result=24696.7
Atom 579: sum=24563.7 projSumUsed=116.47 result=24563.7
Atom 580: sum=24699.6 projSumUsed=116.47 result=24699.7
Atom 581: sum=24816.7 projSumUsed=116.47 result=24816.7
Atom 582: sum=24970.6 projSumUsed=116.47 result=24970.6
Atom 583: sum=24824.5 projSumUsed=116.47 result=24824.5
Atom 584: sum=23491.9 projSumUsed=116.47 result=23491.9
Atom 585: sum=23407.1 projSumUsed=116.47 result=23407.2
Atom 586: sum=24758.7 projSumUsed=116.47 result=24758.8
Atom 587: sum=23407 projSumUsed=116.47 result=23407.1
Atom 588: sum=24735.3 projSumUsed=116.47 result=24735.3
Atom 589: sum=24669.3 projSumUsed=116.47 result=24669.3
Atom 590: sum=24653.2 projSumUsed=116.47 result=24653.2
Atom 591: sum=23430 projSumUsed=116.47 result=23430
Atom 592: sum=23393.2 projSumUsed=116.47 result=23393.3
Atom 593: sum=23404.3 projSumUsed=116.47 result=23404.3
Atom 594: sum=24678.6 projSumUsed=116.47 result=24678.6
Atom 595: sum=23390.1 projSumUsed=116.47 result=23390.1
Atom 596: sum=24561.2 projSumUsed=116.47 result=24561.2
Atom 597: sum=24685.4 projSumUsed=116.47 result=24685.4
Atom 598: sum=23395.9 projSumUsed=116.47 result=23396
Atom 599: sum=24669.8 projSumUsed=116.47 result=24669.9
Atom 600: sum=23391.9 projSumUsed=116.47 result=23391.9
Atom 601: sum=23376.6 projSumUsed=116.47 result=23376.7
Atom 602: sum=23347.6 projSumUsed=116.47 result=23347.7
Atom 603: sum=23397 projSumUsed=116.47 result=23397
Atom 604: sum=24710.6 projSumUsed=116.47 result=24710.6
Atom 605: sum=24584.9 projSumUsed=116.47 result=24584.9
Atom 606: sum=23313 projSumUsed=116.47 result=23313
Atom 607: sum=23252 projSumUsed=116.47 result=23252
Atom 608: sum=23332.3 projSumUsed=116.47 result=23332.3
Atom 609: sum=23332.9 projSumUsed=116.47 result=23332.9
Atom 610: sum=24659.7 projSumUsed=116.47 result=24659.7
Atom 611: sum=24476.5 projSumUsed=116.47 result=24476.5
Atom 612: sum=24512.8 projSumUsed=116.47 result=24512.8
Atom 613: sum=24894.5 projSumUsed=116.47 result=24894.6
Atom 614: sum=24880.5 projSumUsed=116.47 result=24880.5
Atom 615: sum=24890.7 projSumUsed=116.47 result=24890.8
Atom 616: sum=24800.7 projSumUsed=116.47 result=24800.7
Atom 617: sum=23480.1 projSumUsed=116.47 result=23480.1
Atom 618: sum=24582.5 projSumUsed=116.47 result=24582.5
Atom 619: sum=23252.5 projSumUsed=116.47 result=23252.6
Atom 620: sum=23404.2 projSumUsed=116.47 result=23404.3
Atom 621: sum=24896.1 projSumUsed=116.47 result=24896.1
Atom 622: sum=23385.8 projSumUsed=116.47 result=23385.8
Atom 623: sum=23297.7 projSumUsed=116.47 result=23297.8
Atom 624: sum=23267.5 projSumUsed=116.47 result=23267.5
Atom 625: sum=24615.1 projSumUsed=116.47 result=24615.2
Atom 626: sum=23544.5 projSumUsed=116.47 result=23544.6
Atom 627: sum=24725.2 projSumUsed=116.47 result=24725.3
Atom 628: sum=23346 projSumUsed=116.47 result=23346.1
Atom 629: sum=24773.7 projSumUsed=116.47 result=24773.8
Atom 630: sum=23301.1 projSumUsed=116.47 result=23301.1
Atom 631: sum=24545.8 projSumUsed=116.47 result=24545.8
Atom 632: sum=24628.4 projSumUsed=116.47 result=24628.4
Atom 633: sum=23325.9 projSumUsed=116.47 result=23325.9
Atom 634: sum=23382.2 projSumUsed=116.47 result=23382.2
Atom 635: sum=24618.5 projSumUsed=116.47 result=24618.5
Atom 636: sum=24503.7 projSumUsed=116.47 result=24503.7
Atom 637: sum=23390.8 projSumUsed=116.47 result=23390.9
Atom 638: sum=23375.4 projSumUsed=116.47 result=23375.4
Atom 639: sum=23338.7 projSumUsed=116.47 result=23338.8
Atom 640: sum=24737.7 projSumUsed=116.47 result=24737.7
Atom 641: sum=24768.5 projSumUsed=116.47 result=24768.5
Atom 642: sum=24700.2 projSumUsed=116.47 result=24700.3
Atom 643: sum=23485.1 projSumUsed=116.47 result=23485.1
Atom 644: sum=23468.5 projSumUsed=116.47 result=23468.5
Atom 645: sum=24834.1 projSumUsed=116.47 result=24834.1
Atom 646: sum=23444.2 projSumUsed=116.47 result=23444.2
Atom 647: sum=23493.9 projSumUsed=116.47 result=23493.9
Atom 648: sum=24946.8 projSumUsed=116.47 result=24946.8
Atom 649: sum=24826.3 projSumUsed=116.47 result=24826.4
Atom 650: sum=23389.3 projSumUsed=116.47 result=23389.4
Atom 651: sum=24666.7 projSumUsed=116.47 result=24666.7
Atom 652: sum=23419.2 projSumUsed=116.47 result=23419.2
Atom 653: sum=23422.6 projSumUsed=116.47 result=23422.6
Atom 654: sum=23429.3 projSumUsed=116.47 result=23429.3
Atom 655: sum=23321.4 projSumUsed=116.47 result=23321.5
Atom 656: sum=23344.1 projSumUsed=116.47 result=23344.2
Atom 657: sum=24662.5 projSumUsed=116.47 result=24662.5
Atom 658: sum=23480.8 projSumUsed=116.47 result=23480.9
Atom 659: sum=24743.8 projSumUsed=116.47 result=24743.9
Atom 660: sum=23372 projSumUsed=116.47 result=23372
Atom 661: sum=24715.7 projSumUsed=116.47 result=24715.7
Atom 662: sum=24687.1 projSumUsed=116.47 result=24687.1
Atom 663: sum=23376.8 projSumUsed=116.47 result=23376.8
Atom 664: sum=24597 projSumUsed=116.47 result=24597
Atom 665: sum=24542.7 projSumUsed=116.47 result=24542.8
Atom 666: sum=23408.6 projSumUsed=116.47 result=23408.7
Atom 667: sum=23489.2 projSumUsed=116.47 result=23489.2
Atom 668: sum=24423.2 projSumUsed=116.47 result=24423.3
Atom 669: sum=24494.4 projSumUsed=116.47 result=24494.4
Atom 670: sum=23351 projSumUsed=116.47 result=23351
Atom 671: sum=23304.9 projSumUsed=116.47 result=23304.9
Atom 672: sum=24796.7 projSumUsed=116.47 result=24796.7
Atom 673: sum=23342.1 projSumUsed=116.47 result=23342.1
Atom 674: sum=23340.6 projSumUsed=116.47 result=23340.6
Atom 675: sum=24488 projSumUsed=116.47 result=24488
Atom 676: sum=24780 projSumUsed=116.47 result=24780
Atom 677: sum=24774.1 projSumUsed=116.47 result=24774.1
Atom 678: sum=24596.1 projSumUsed=116.47 result=24596.1
Atom 679: sum=24590.8 projSumUsed=116.47 result=24590.9
Atom 680: sum=23470.3 projSumUsed=116.47 result=23470.3
Atom 681: sum=23368.7 projSumUsed=116.47 result=23368.7
Atom 682: sum=24669.6 projSumUsed=116.47 result=24669.6
Atom 683: sum=24546 projSumUsed=116.47 result=24546.1
Atom 684: sum=24879.5 projSumUsed=116.47 result=24879.5
Atom 685: sum=23489.3 projSumUsed=116.47 result=23489.3
Atom 686: sum=24622.9 projSumUsed=116.47 result=24622.9
Atom 687: sum=23386 projSumUsed=116.47 result=23386.1
Atom 688: sum=24637 projSumUsed=116.47 result=24637.1
Atom 689: sum=23468 projSumUsed=116.47 result=23468.1
Atom 690: sum=24730 projSumUsed=116.47 result=24730.1
Atom 691: sum=23425.1 projSumUsed=116.47 result=23425.2
Atom 692: sum=24797.8 projSumUsed=116.47 result=24797.8
Atom 693: sum=23352.2 projSumUsed=116.47 result=23352.2
Atom 694: sum=23447.7 projSumUsed=116.47 result=23447.7
Atom 695: sum=23383.4 projSumUsed=116.47 result=23383.4
Atom 696: sum=23408.6 projSumUsed=116.47 result=23408.6
Atom 697: sum=23355.5 projSumUsed=116.47 result=23355.5
Atom 698: sum=24689.7 projSumUsed=116.47 result=24689.7
Atom 699: sum=24708.2 projSumUsed=116.47 result=24708.3
Atom 700: sum=24615.3 projSumUsed=116.47 result=24615.3
Atom 701: sum=23439.7 projSumUsed=116.47 result=23439.7
Atom 702: sum=23254.1 projSumUsed=116.47 result=23254.1
Atom 703: sum=23272.6 projSumUsed=116.47 result=23272.6
Atom 704: sum=23344.1 projSumUsed=116.47 result=23344.2
Atom 705: sum=23361 projSumUsed=116.47 result=23361.1
Atom 706: sum=23323 projSumUsed=116.47 result=23323
Atom 707: sum=23381.3 projSumUsed=116.47 result=23381.3
Atom 708: sum=24462.2 projSumUsed=116.47 result=24462.3
Atom 709: sum=23419.4 projSumUsed=116.47 result=23419.5
Atom 710: sum=23316.8 projSumUsed=116.47 result=23316.8
Atom 711: sum=23450.8 projSumUsed=116.47 result=23450.8
Atom 712: sum=23281.5 projSumUsed=116.47 result=23281.6
Atom 713: sum=23430.5 projSumUsed=116.47 result=23430.6
Atom 714: sum=24749.3 projSumUsed=116.47 result=24749.4
Atom 715: sum=24842.4 projSumUsed=116.47 result=24842.4
Atom 716: sum=24602.9 projSumUsed=116.47 result=24603
Atom 717: sum=24742.9 projSumUsed=116.47 result=24742.9
Atom 718: sum=24597.3 projSumUsed=116.47 result=24597.3
Atom 719: sum=24610.9 projSumUsed=116.47 result=24610.9
Atom 720: sum=24670.7 projSumUsed=116.47 result=24670.7
Atom 721: sum=23439.7 projSumUsed=116.47 result=23439.7
Atom 722: sum=23414 projSumUsed=116.47 result=23414.1
Atom 723: sum=23378.4 projSumUsed=116.47 result=23378.5
Atom 724: sum=24606.6 projSumUsed=116.47 result=24606.7
Atom 725: sum=24565.5 projSumUsed=116.47 result=24565.6
Atom 726: sum=24577.7 projSumUsed=116.47 result=24577.8
Atom 727: sum=24552.3 projSumUsed=116.47 result=24552.3
Atom 728: sum=24719.4 projSumUsed=116.47 result=24719.5
Atom 729: sum=24749.7 projSumUsed=116.47 result=24749.8
Atom 730: sum=24690.4 projSumUsed=116.47 result=24690.4
Atom 731: sum=24583.9 projSumUsed=116.47 result=24584
Atom 732: sum=24659.7 projSumUsed=116.47 result=24659.8
Atom 733: sum=23451.2 projSumUsed=116.47 result=23451.3
Atom 734: sum=23323.6 projSumUsed=116.47 result=23323.7
Atom 735: sum=23283.6 projSumUsed=116.47 result=23283.6
Atom 736: sum=24610.1 projSumUsed=116.47 result=24610.1
Atom 737: sum=24809.2 projSumUsed=116.47 result=24809.2
Atom 738: sum=23477.3 projSumUsed=116.47 result=23477.3
Atom 739: sum=23343.7 projSumUsed=116.47 result=23343.7
Atom 740: sum=24750.3 projSumUsed=116.47 result=24750.3
Atom 741: sum=23426.7 projSumUsed=116.47 result=23426.8
Atom 742: sum=23340.9 projSumUsed=116.47 result=23341
Atom 743: sum=23320.8 projSumUsed=116.47 result=23320.8
Atom 744: sum=23447.9 projSumUsed=116.47 result=23447.9
Atom 745: sum=24661.3 projSumUsed=116.47 result=24661.3
Atom 746: sum=24593.2 projSumUsed=116.47 result=24593.2
Atom 747: sum=23387.4 projSumUsed=116.47 result=23387.5
Atom 748: sum=23484.4 projSumUsed=116.47 result=23484.4
Atom 749: sum=24661.1 projSumUsed=116.47 result=24661.2
Atom 750: sum=23391.7 projSumUsed=116.47 result=23391.8
Atom 751: sum=23465.3 projSumUsed=116.47 result=23465.3
Atom 752: sum=25138.5 projSumUsed=116.47 result=25138.5
Atom 753: sum=24492.6 projSumUsed=116.47 result=24492.7
Atom 754: sum=24825.9 projSumUsed=116.47 result=24826
Atom 755: sum=24818.3 projSumUsed=116.47 result=24818.3
Atom 756: sum=24990.4 projSumUsed=116.47 result=24990.4
Atom 757: sum=23473.8 projSumUsed=116.47 result=23473.8
Atom 758: sum=23508.2 projSumUsed=116.47 result=23508.3
Atom 759: sum=24514.7 projSumUsed=116.47 result=24514.8
Atom 760: sum=23437.3 projSumUsed=116.47 result=23437.3
Atom 761: sum=23386.4 projSumUsed=116.47 result=23386.5
Atom 762: sum=23409.4 projSumUsed=116.47 result=23409.4
Atom 763: sum=23504.5 projSumUsed=116.47 result=23504.5
Atom 764: sum=24885.4 projSumUsed=116.47 result=24885.5
Atom 765: sum=24805.4 projSumUsed=116.47 result=24805.5
Atom 766: sum=23419.8 projSumUsed=116.47 result=23419.8
Atom 767: sum=24410.8 projSumUsed=116.47 result=24410.9
Atom 768: sum=23377.3 projSumUsed=116.47 result=23377.3
Atom 769: sum=24846.4 projSumUsed=116.47 result=24846.4
Atom 770: sum=23330.3 projSumUsed=116.47 result=23330.3
Atom 771: sum=24664.9 projSumUsed=116.47 result=24664.9
Atom 772: sum=24741.4 projSumUsed=116.47 result=24741.5
Atom 773: sum=23378.6 projSumUsed=116.47 result=23378.6
Atom 774: sum=23427 projSumUsed=116.47 result=23427
Atom 775: sum=24541.7 projSumUsed=116.47 result=24541.8
Atom 776: sum=23429.3 projSumUsed=116.47 result=23429.3
Atom 777: sum=24751.8 projSumUsed=116.47 result=24751.8
Atom 778: sum=24938.1 projSumUsed=116.47 result=24938.1
Atom 779: sum=24522.2 projSumUsed=116.47 result=24522.2
Atom 780: sum=23375.8 projSumUsed=116.47 result=23375.8
Atom 781: sum=23515.8 projSumUsed=116.47 result=23515.8
Atom 782: sum=24845.8 projSumUsed=116.47 result=24845.8
Atom 783: sum=24854.9 projSumUsed=116.47 result=24854.9
Atom 784: sum=24772.4 projSumUsed=116.47 result=24772.5
Atom 785: sum=23435.3 projSumUsed=116.47 result=23435.4
Atom 786: sum=24738.5 projSumUsed=116.47 result=24738.5
Atom 787: sum=23362.3 projSumUsed=116.47 result=23362.3
Atom 788: sum=23429.1 projSumUsed=116.47 result=23429.2
Atom 789: sum=24815.7 projSumUsed=116.47 result=24815.7
Atom 790: sum=24750.4 projSumUsed=116.47 result=24750.5
Atom 791: sum=23411.8 projSumUsed=116.47 result=23411.8
Atom 792: sum=24609.3 projSumUsed=116.47 result=24609.3
Atom 793: sum=24540.3 projSumUsed=116.47 result=24540.3
Atom 794: sum=23328.4 projSumUsed=116.47 result=23328.5
Atom 795: sum=24609.9 projSumUsed=116.47 result=24609.9
Atom 796: sum=24898.7 projSumUsed=116.47 result=24898.8
Atom 797: sum=24602.9 projSumUsed=116.47 result=24602.9
Atom 798: sum=24895.3 projSumUsed=116.47 result=24895.4
Atom 799: sum=23319.5 projSumUsed=116.47 result=23319.5
Atom 800: sum=23351.3 projSumUsed=116.47 result=23351.4
Atom 801: sum=23334.8 projSumUsed=116.47 result=23334.9
Atom 802: sum=23429.6 projSumUsed=116.47 result=23429.7
Atom 803: sum=23395.9 projSumUsed=116.47 result=23396
Atom 804: sum=23386.2 projSumUsed=116.47 result=23386.3
Atom 805: sum=24823.7 projSumUsed=116.47 result=24823.8
Atom 806: sum=24820.7 projSumUsed=116.47 result=24820.7
Atom 807: sum=24765.7 projSumUsed=116.47 result=24765.8
Atom 808: sum=23393.2 projSumUsed=116.47 result=23393.3
Atom 809: sum=23366.5 projSumUsed=116.47 result=23366.6
Atom 810: sum=23294 projSumUsed=116.47 result=23294
Atom 811: sum=24639.6 projSumUsed=116.47 result=24639.7
Atom 812: sum=23434.5 projSumUsed=116.47 result=23434.6
Atom 813: sum=23493 projSumUsed=116.47 result=23493
Atom 814: sum=24717.4 projSumUsed=116.47 result=24717.4
Atom 815: sum=23478.5 projSumUsed=116.47 result=23478.6
Atom 816: sum=24651.5 projSumUsed=116.47 result=24651.6
Atom 817: sum=23421.9 projSumUsed=116.47 result=23421.9
Atom 818: sum=23436.2 projSumUsed=116.47 result=23436.2
Atom 819: sum=24713.4 projSumUsed=116.47 result=24713.5
Atom 820: sum=24808.6 projSumUsed=116.47 result=24808.7
Atom 821: sum=24719.3 projSumUsed=116.47 result=24719.3
Atom 822: sum=23379.6 projSumUsed=116.47 result=23379.7
Atom 823: sum=23325.6 projSumUsed=116.47 result=23325.6
Atom 824: sum=23446.2 projSumUsed=116.47 result=23446.2
Atom 825: sum=23411.5 projSumUsed=116.47 result=23411.5
Atom 826: sum=23386.2 projSumUsed=116.47 result=23386.2
Atom 827: sum=25034.9 projSumUsed=116.47 result=25034.9
Atom 828: sum=24623.7 projSumUsed=116.47 result=24623.8
Atom 829: sum=25040.8 projSumUsed=116.47 result=25040.8
Atom 830: sum=24795.8 projSumUsed=116.47 result=24795.9
Atom 831: sum=24582.3 projSumUsed=116.47 result=24582.4
Atom 832: sum=24522.6 projSumUsed=116.47 result=24522.6
Atom 833: sum=24827 projSumUsed=116.47 result=24827.1
Atom 834: sum=24636.1 projSumUsed=116.47 result=24636.2
Atom 835: sum=24747 projSumUsed=116.47 result=24747
Atom 836: sum=24721 projSumUsed=116.47 result=24721
Atom 837: sum=24639.9 projSumUsed=116.47 result=24639.9
Atom 838: sum=24657.2 projSumUsed=116.47 result=24657.3
Atom 839: sum=24565 projSumUsed=116.47 result=24565.1
Atom 840: sum=23406.4 projSumUsed=116.47 result=23406.4
Atom 841: sum=24560.2 projSumUsed=116.47 result=24560.2
Atom 842: sum=23315.1 projSumUsed=116.47 result=23315.2
Atom 843: sum=24623.3 projSumUsed=116.47 result=24623.3
Atom 844: sum=23450.7 projSumUsed=116.47 result=23450.7
Atom 845: sum=24714.7 projSumUsed=116.47 result=24714.7
Atom 846: sum=23397.2 projSumUsed=116.47 result=23397.3
Atom 847: sum=24861.5 projSumUsed=116.47 result=24861.5
Atom 848: sum=23357.7 projSumUsed=116.47 result=23357.8
Atom 849: sum=23461.3 projSumUsed=116.47 result=23461.4
Atom 850: sum=23497.1 projSumUsed=116.47 result=23497.1
Atom 851: sum=24580.8 projSumUsed=116.47 result=24580.8
Atom 852: sum=23429.8 projSumUsed=116.47 result=23429.8
Atom 853: sum=24641.6 projSumUsed=116.47 result=24641.6
Atom 854: sum=24466.4 projSumUsed=116.47 result=24466.4
Atom 855: sum=23477.7 projSumUsed=116.47 result=23477.8
Atom 856: sum=23351 projSumUsed=116.47 result=23351.1
Atom 857: sum=23454.5 projSumUsed=116.47 result=23454.6
Atom 858: sum=24698.1 projSumUsed=116.47 result=24698.2
Atom 859: sum=24462.7 projSumUsed=116.47 result=24462.8
Atom 860: sum=23486.3 projSumUsed=116.47 result=23486.3
Atom 861: sum=24697.5 projSumUsed=116.47 result=24697.5
Atom 862: sum=24983.9 projSumUsed=116.47 result=24983.9
Atom 863: sum=23444.1 projSumUsed=116.47 result=23444.2
Atom 864: sum=24596.2 projSumUsed=116.47 result=24596.3
Atom 865: sum=23527.1 projSumUsed=116.47 result=23527.2
Atom 866: sum=24877.5 projSumUsed=116.47 result=24877.5
Atom 867: sum=24593.9 projSumUsed=116.47 result=24594
Atom 868: sum=23428.3 projSumUsed=116.47 result=23428.3
Atom 869: sum=23367.3 projSumUsed=116.47 result=23367.4
Atom 870: sum=23483.1 projSumUsed=116.47 result=23483.1
Atom 871: sum=24548.8 projSumUsed=116.47 result=24548.8
Atom 872: sum=23368.3 projSumUsed=116.47 result=23368.4
Atom 873: sum=23320.1 projSumUsed=116.47 result=23320.2
Atom 874: sum=23403.1 projSumUsed=116.47 result=23403.1
Atom 875: sum=24417.7 projSumUsed=116.47 result=24417.7
Atom 876: sum=23531.9 projSumUsed=116.47 result=23531.9
Atom 877: sum=24847 projSumUsed=116.47 result=24847.1
Atom 878: sum=23487.9 projSumUsed=116.47 result=23488
Atom 879: sum=24721.3 projSumUsed=116.47 result=24721.4
Atom 880: sum=24597.1 projSumUsed=116.47 result=24597.2
Atom 881: sum=24818.3 projSumUsed=116.47 result=24818.3
Atom 882: sum=24685.9 projSumUsed=116.47 result=24686
Atom 883: sum=23292.1 projSumUsed=116.47 result=23292.2
Atom 884: sum=24634.8 projSumUsed=116.47 result=24634.9
Atom 885: sum=23457.3 projSumUsed=116.47 result=23457.4
Atom 886: sum=23342.7 projSumUsed=116.47 result=23342.8
Atom 887: sum=24578 projSumUsed=116.47 result=24578
Atom 888: sum=23446.2 projSumUsed=116.47 result=23446.2
Atom 889: sum=24553.7 projSumUsed=116.47 result=24553.7
Atom 890: sum=23485.2 projSumUsed=116.47 result=23485.3
Atom 891: sum=24668.4 projSumUsed=116.47 result=24668.5
Atom 892: sum=23553.4 projSumUsed=116.47 result=23553.5
Atom 893: sum=23562 projSumUsed=116.47 result=23562.1
Atom 894: sum=24824.9 projSumUsed=116.47 result=24825
Atom 895: sum=24527 projSumUsed=116.47 result=24527.1
Atom 896: sum=24642.5 projSumUsed=116.47 result=24642.6
Atom 897: sum=24708.8 projSumUsed=116.47 result=24708.9
Atom 898: sum=24674.3 projSumUsed=116.47 result=24674.4
Atom 899: sum=24625.2 projSumUsed=116.47 result=24625.3
Atom 900: sum=23502 projSumUsed=116.47 result=23502
Atom 901: sum=24638.7 projSumUsed=116.47 result=24638.8
Atom 902: sum=23351.8 projSumUsed=116.47 result=23351.9
Atom 903: sum=23330.1 projSumUsed=116.47 result=23330.1
Atom 904: sum=23272.9 projSumUsed=116.47 result=23272.9
Atom 905: sum=24471.2 projSumUsed=116.47 result=24471.3
Atom 906: sum=23421.2 projSumUsed=116.47 result=23421.3
Atom 907: sum=24624.9 projSumUsed=116.47 result=24625
Atom 908: sum=24735.1 projSumUsed=116.47 result=24735.2
Atom 909: sum=23465 projSumUsed=116.47 result=23465
Atom 910: sum=23241.8 projSumUsed=116.47 result=23241.9
Atom 911: sum=23466 projSumUsed=116.47 result=23466.1
Atom 912: sum=23404.5 projSumUsed=116.47 result=23404.5
Atom 913: sum=24502.3 projSumUsed=116.47 result=24502.3
Atom 914: sum=23365.8 projSumUsed=116.47 result=23365.9
Atom 915: sum=23397.7 projSumUsed=116.47 result=23397.7
Atom 916: sum=24819.9 projSumUsed=116.47 result=24820
Atom 917: sum=23296.7 projSumUsed=116.47 result=23296.8
Atom 918: sum=23432.6 projSumUsed=116.47 result=23432.6
Atom 919: sum=24626.9 projSumUsed=116.47 result=24626.9
Atom 920: sum=23404 projSumUsed=116.47 result=23404.1
Atom 921: sum=24517.2 projSumUsed=116.47 result=24517.2
Atom 922: sum=23329.2 projSumUsed=116.47 result=23329.3
Atom 923: sum=24647.3 projSumUsed=116.47 result=24647.4
Atom 924: sum=24833.5 projSumUsed=116.47 result=24833.5
Atom 925: sum=24708.6 projSumUsed=116.47 result=24708.7
Atom 926: sum=24657 projSumUsed=116.47 result=24657.1
Atom 927: sum=23423.2 projSumUsed=116.47 result=23423.3
Atom 928: sum=24507.6 projSumUsed=116.47 result=24507.7
Atom 929: sum=24815.1 projSumUsed=116.47 result=24815.1
Atom 930: sum=24329.8 projSumUsed=116.47 result=24329.9
Atom 931: sum=23440.9 projSumUsed=116.47 result=23440.9
Atom 932: sum=24688.4 projSumUsed=116.47 result=24688.5
Atom 933: sum=23368.3 projSumUsed=116.47 result=23368.4
Atom 934: sum=23363.9 projSumUsed=116.47 result=23364
Atom 935: sum=24439.3 projSumUsed=116.47 result=24439.4
Atom 936: sum=23416.6 projSumUsed=116.47 result=23416.7
Atom 937: sum=23302.5 projSumUsed=116.47 result=23302.5
Atom 938: sum=24845.9 projSumUsed=116.47 result=24845.9
Atom 939: sum=24528.9 projSumUsed=116.47 result=24529
Atom 940: sum=24462.9 projSumUsed=116.47 result=24462.9
Atom 941: sum=24646.6 projSumUsed=116.47 result=24646.7
Atom 942: sum=24850.6 projSumUsed=116.47 result=24850.7
Atom 943: sum=24735.9 projSumUsed=116.47 result=24735.9
Atom 944: sum=24921.3 projSumUsed=116.47 result=24921.3
Atom 945: sum=23371.1 projSumUsed=116.47 result=23371.1
Atom 946: sum=24587.2 projSumUsed=116.47 result=24587.2
Atom 947: sum=23359.4 projSumUsed=116.47 result=23359.4
Atom 948: sum=24828.1 projSumUsed=116.47 result=24828.1
Atom 949: sum=24504.4 projSumUsed=116.47 result=24504.5
Atom 950: sum=24704.3 projSumUsed=116.47 result=24704.4
Atom 951: sum=23382.4 projSumUsed=116.47 result=23382.5
Atom 952: sum=24496.7 projSumUsed=116.47 result=24496.8
Atom 953: sum=23471.4 projSumUsed=116.47 result=23471.5
Atom 954: sum=23416.4 projSumUsed=116.47 result=23416.5
Atom 955: sum=24556.8 projSumUsed=116.47 result=24556.9
Atom 956: sum=23412.1 projSumUsed=116.47 result=23412.2
Atom 957: sum=24843.5 projSumUsed=116.47 result=24843.5
Atom 958: sum=23512.6 projSumUsed=116.47 result=23512.6
Atom 959: sum=23252.7 projSumUsed=116.47 result=23252.8
Atom 960: sum=24674.1 projSumUsed=116.47 result=24674.2
Atom 961: sum=23426.8 projSumUsed=116.47 result=23426.8
Atom 962: sum=23540.7 projSumUsed=116.47 result=23540.8
Atom 963: sum=23459.3 projSumUsed=116.47 result=23459.4
Atom 964: sum=24547.4 projSumUsed=116.47 result=24547.4
Atom 965: sum=24444.1 projSumUsed=116.47 result=24444.1
Atom 966: sum=23344.4 projSumUsed=116.47 result=23344.4
Atom 967: sum=24448.4 projSumUsed=116.47 result=24448.4
Atom 968: sum=24378.5 projSumUsed=116.47 result=24378.5
Atom 969: sum=24674.6 projSumUsed=116.47 result=24674.6
Atom 970: sum=24661.5 projSumUsed=116.47 result=24661.5
Atom 971: sum=24758.2 projSumUsed=116.47 result=24758.3
Atom 972: sum=24676.6 projSumUsed=116.47 result=24676.7
Atom 973: sum=23374.9 projSumUsed=116.47 result=23375
Atom 974: sum=23251.5 projSumUsed=116.47 result=23251.5
Atom 975: sum=23401.3 projSumUsed=116.47 result=23401.3
Atom 976: sum=23429.3 projSumUsed=116.47 result=23429.3
Atom 977: sum=23291.6 projSumUsed=116.47 result=23291.7
Atom 978: sum=23439.2 projSumUsed=116.47 result=23439.2
Atom 979: sum=23371.4 projSumUsed=116.47 result=23371.5
Atom 980: sum=23378.7 projSumUsed=116.47 result=23378.8
Atom 981: sum=24597.2 projSumUsed=116.47 result=24597.2
Atom 982: sum=23413.1 projSumUsed=116.47 result=23413.1
Atom 983: sum=24426.8 projSumUsed=116.47 result=24426.9
Atom 984: sum=23589.4 projSumUsed=116.47 result=23589.5
Atom 985: sum=24864 projSumUsed=116.47 result=24864
Atom 986: sum=24933.4 projSumUsed=116.47 result=24933.4
Atom 987: sum=23473.3 projSumUsed=116.47 result=23473.4
Atom 988: sum=24854.7 projSumUsed=116.47 result=24854.8
Atom 989: sum=23391.9 projSumUsed=116.47 result=23392
Atom 990: sum=24799.5 projSumUsed=116.47 result=24799.5
Atom 991: sum=24700.5 projSumUsed=116.47 result=24700.6
Atom 992: sum=24529.6 projSumUsed=116.47 result=24529.7
Atom 993: sum=24500.3 projSumUsed=116.47 result=24500.3
Atom 994: sum=24666.1 projSumUsed=116.47 result=24666.2
Atom 995: sum=24477.9 projSumUsed=116.47 result=24477.9
Atom 996: sum=23400 projSumUsed=116.47 result=23400.1
Atom 997: sum=23353 projSumUsed=116.47 result=23353
Atom 998: sum=23334.3 projSumUsed=116.47 result=23334.4
Atom 999: sum=23287.7 projSumUsed=116.47 result=23287.7
Atom 1000: sum=23326.8 projSumUsed=116.47 result=23326.8
Atom 1001: sum=24501.7 projSumUsed=116.47 result=24501.8
Atom 1002: sum=25023.4 projSumUsed=116.47 result=25023.5
Atom 1003: sum=23254.7 projSumUsed=116.47 result=23254.8
Atom 1004: sum=23335.3 projSumUsed=116.47 result=23335.4
Atom 1005: sum=24477.2 projSumUsed=116.47 result=24477.3
Atom 1006: sum=23327.7 projSumUsed=116.47 result=23327.7
Atom 1007: sum=23331.5 projSumUsed=116.47 result=23331.5
Atom 1008: sum=24817.1 projSumUsed=116.47 result=24817.1
Atom 1009: sum=24631.4 projSumUsed=116.47 result=24631.4
Atom 1010: sum=24417.4 projSumUsed=116.47 result=24417.4
Atom 1011: sum=24612.7 projSumUsed=116.47 result=24612.7
Atom 1012: sum=23371.4 projSumUsed=116.47 result=23371.4
Atom 1013: sum=23348.3 projSumUsed=116.47 result=23348.4
Atom 1014: sum=24376.1 projSumUsed=116.47 result=24376.1
Atom 1015: sum=23300.8 projSumUsed=116.47 result=23300.9
Atom 1016: sum=23312.9 projSumUsed=116.47 result=23313
Atom 1017: sum=23441.8 projSumUsed=116.47 result=23441.8
Atom 1018: sum=24401.6 projSumUsed=116.47 result=24401.6
Atom 1019: sum=23458.9 projSumUsed=116.47 result=23459
Atom 1020: sum=24397.2 projSumUsed=116.47 result=24397.2
Atom 1021: sum=24335.1 projSumUsed=116.47 result=24335.1
Atom 1022: sum=24840 projSumUsed=116.47 result=24840.1
Atom 1023: sum=23273.5 projSumUsed=116.47 result=23273.5
emissions: 24529.7|23430.3|24513.7|24834.6|23442.2|24562.5|24710.6|23309.9|23360.1|24631.9|23423.3|24844.1|24651.9|24533.2|23444.3|24596.3|23339.8|24526|23324.8|24578.4|24525|24543|23367.4|24560.4|24623.1|23343.3|23292.5|23355.4|24804.4|24516.4|23510.6|24755.4|23393.2|23388.5|24510.8|24536.3|24735.3|23505.1|24572.2|23560.1|24582.2|24794.8|23446.7|24625.5|24627.6|24724.4|23406.2|24751.8|23437.8|24796.9|23414.9|23388.1|24801|24526|24647.2|23520.1|24604.3|24576.1|23429.2|24830|24567.2|23591.6|24618.8|23339|23324.1|24752.8|23461.6|24887.7|23453.2|23542.6|24604.3|23489.7|23381.5|24726.2|24688.6|23422.8|23418.1|24646.5|24789.9|23425.9|24693.5|23469.4|23469.1|24507.1|23400|23457.8|23388.1|23549.7|24674.5|24739.8|23459.3|24842.4|24604.9|24752.2|23459.7|24528.7|24669.1|23417.2|23359.3|23462|24671.2|24633.8|23595.9|24345|24534|23318.9|24785.4|23421.3|24578.2|23343.2|23507.7|24749.6|23534.9|24709.6|24579.5|24537.4|24765.1|24653.7|24648.8|24584.1|23482|24698.3|24884.2|23404.1|23483.2|24614.6|23371|24530.2|23371|23366.9|23265.8|23474.7|24584.5|23364.4|24488.4|24400|23468.4|23390.8|24650|24872.3|23526.7|24560.3|24746.7|24663.7|24783.6|24934.1|24753.2|23482.8|23380.1|24465.6|24625.7|24634.8|24890.2|24919.7|24401.1|23448.8|24600.1|23417.1|23438.4|23315.2|24507.5|23503.5|24422.7|24583|24736.6|24587.4|23370.3|23361.4|23399.2|23420.9|24573.9|24838.4|23453.8|23426|24800.3|24600.7|23332.3|23318.2|23473.9|24764.1|23443.8|23454.8|23392.7|23430.4|23473.4|24616.9|24756.8|23384.9|23439.1|23395.6|23387.3|23288.1|24682.5|24645.5|23355.5|23491.9|24602.2|23422|23373.9|23358.2|24777|23434.2|24686.9|23401.8|24488.6|23410.8|24535.5|23347.8|23442.8|23397.1|23492.1|24910.5|23383.8|23309.1|23330.7|23399.6|24712.5|24780.3|23466|23432.4|24563.1|24711.3|23422.6|23297.6|23346.4|24619.1|23395.1|24631.8|24373.4|23419.6|23391.9|24253.6|23315.1|24474.1|23444.9|24454|23396.5|23373.8|23427.6|23412.7|24791|24808.4|24637.9|24573.2|24843.6|23367.7|23216.8|23307.2|23476|24688.4|24781.4|24905.1|24486.6|24649.7|23399.4|24691.5|24584.9|23396.7|24815.7|24623.1|23408.8|24509|24495.5|24570.2|23392.4|23335.9|23445.6|24908.5|23395.6|24658.8|24928.2|24784.2|24646.7|23425.6|24692.6|23457.7|23484.6|24642|23476.8|23350.1|24892.5|23599.9|24428.5|24723.9|24915.4|24899.2|24504.7|24699.5|23278.8|23435.2|24785.1|24838.1|23408|23336.3|24862.2|24723|23347.1|23407.5|24646.1|24887.2|23458|24676.2|23419.1|23422|24546.7|23371.5|24908.8|24764.3|24764.4|24724.6|24775.3|24846.9|24825.6|23408|24877.8|24805.6|24970.3|24696.2|23449.5|23210.6|23331|24521.5|23350.5|23340.9|23398.6|23316.7|23430.8|23360.4|24651.9|23386.7|24773.2|23418.1|24952.4|24599.6|24717.3|24648.1|23341.4|23448.4|24783.5|23451.8|23372.1|24669.9|23443.2|23325.7|23440.8|24738.2|23542.1|24634.8|24774.6|24755.3|23485.8|24549.3|24493.2|23377.1|23368.4|24611.3|23473.3|23318.5|23315.5|23335.7|24754.4|23465.3|24672.5|23409.3|24849.8|24761.6|23361.1|23434.1|23348.8|23414.9|23462.6|24620.4|23430|23451.4|24451.4|23384.2|24743|24492|23431.4|23392.7|23481.9|24745.4|24824|23308.5|24626.6|23376.2|24416.7|24762.1|24544.3|24734.7|23453.6|23379|24689.7|24876|23351.6|24846.8|23517.2|23325|24743.7|25225.3|24921.2|24706.1|24675.9|24672.1|24562.3|24656.5|24896.8|23402.7|23448.1|23403.6|24872.9|23403.4|23381.4|24771.7|23297.1|23242.8|23403.6|23366.4|23365.8|23417.6|24509.9|24670|23502.4|24725.7|23444.1|23427.5|23330|23402.8|24761.6|24920.2|24618.2|23456.8|23431.3|23362.8|24575.1|24620.8|23323.5|23341.5|23406.3|24593.6|23323|23492.4|24591.9|24656.7|24413.9|24643.7|24522.9|23309.6|23309.4|24473.2|24676.3|24470.3|23414.2|24698.9|23587.6|24554.5|24523.3|23456.9|24523.9|24779.8|24746.6|24837.1|24628.9|24627.4|23486.5|23349.4|23459.8|24642.6|24587.6|23366.8|23399.7|23389.9|24592.8|24853.6|23374.3|24956|24806.2|24734.5|23504.1|24810.7|24559.8|23354.6|23401.3|24689.1|23446|23303.2|23338.9|24730.9|24627.5|23401.2|23308.9|23378.5|24666.3|24775.4|24791.9|23501.6|24807.2|24720.1|24528.3|24955|23449.2|23456.2|23436|24818.9|23396.5|23454.2|24929.8|23496.7|23572.6|24545.5|23488.1|24309.2|23251.1|23286.1|23234.6|23458|24722.5|24867.1|23488.3|23429.1|23387.7|23433|24432.5|23428|23317.6|24897.6|24624.5|24833.8|23425|23438.7|24808|24687.4|24536.3|24813.6|23370.2|24533|23424|23376.7|23376.6|24853.8|24589.7|24708.2|23396.1|23328|23388.8|23280.5|23414.4|23505.8|24690.5|24705|24734.4|24740.7|24673|23366.9|23324.1|23284|23358.9|23385.3|24640.9|23478.1|23351|24572.1|24781.2|23386.6|23470.2|24798.5|24838.5|25033.2|24738.1|23404.4|24573.3|23467.9|24822|23507.2|24700.4|23291.2|24694.4|24607.7|24696.7|24563.7|24699.7|24816.7|24970.6|24824.5|23491.9|23407.2|24758.8|23407.1|24735.3|24669.3|24653.2|23430|23393.3|23404.3|24678.6|23390.1|24561.2|24685.4|23396|24669.9|23391.9|23376.7|23347.7|23397|24710.6|24584.9|23313|23252|23332.3|23332.9|24659.7|24476.5|24512.8|24894.6|24880.5|24890.8|24800.7|23480.1|24582.5|23252.6|23404.3|24896.1|23385.8|23297.8|23267.5|24615.2|23544.6|24725.3|23346.1|24773.8|23301.1|24545.8|24628.4|23325.9|23382.2|24618.5|24503.7|23390.9|23375.4|23338.8|24737.7|24768.5|24700.3|23485.1|23468.5|24834.1|23444.2|23493.9|24946.8|24826.4|23389.4|24666.7|23419.2|23422.6|23429.3|23321.5|23344.2|24662.5|23480.9|24743.9|23372|24715.7|24687.1|23376.8|24597|24542.8|23408.7|23489.2|24423.3|24494.4|23351|23304.9|24796.7|23342.1|23340.6|24488|24780|24774.1|24596.1|24590.9|23470.3|23368.7|24669.6|24546.1|24879.5|23489.3|24622.9|23386.1|24637.1|23468.1|24730.1|23425.2|24797.8|23352.2|23447.7|23383.4|23408.6|23355.5|24689.7|24708.3|24615.3|23439.7|23254.1|23272.6|23344.2|23361.1|23323|23381.3|24462.3|23419.5|23316.8|23450.8|23281.6|23430.6|24749.4|24842.4|24603|24742.9|24597.3|24610.9|24670.7|23439.7|23414.1|23378.5|24606.7|24565.6|24577.8|24552.3|24719.5|24749.8|24690.4|24584|24659.8|23451.3|23323.7|23283.6|24610.1|24809.2|23477.3|23343.7|24750.3|23426.8|23341|23320.8|23447.9|24661.3|24593.2|23387.5|23484.4|24661.2|23391.8|23465.3|25138.5|24492.7|24826|24818.3|24990.4|23473.8|23508.3|24514.8|23437.3|23386.5|23409.4|23504.5|24885.5|24805.5|23419.8|24410.9|23377.3|24846.4|23330.3|24664.9|24741.5|23378.6|23427|24541.8|23429.3|24751.8|24938.1|24522.2|23375.8|23515.8|24845.8|24854.9|24772.5|23435.4|24738.5|23362.3|23429.2|24815.7|24750.5|23411.8|24609.3|24540.3|23328.5|24609.9|24898.8|24602.9|24895.4|23319.5|23351.4|23334.9|23429.7|23396|23386.3|24823.8|24820.7|24765.8|23393.3|23366.6|23294|24639.7|23434.6|23493|24717.4|23478.6|24651.6|23421.9|23436.2|24713.5|24808.7|24719.3|23379.7|23325.6|23446.2|23411.5|23386.2|25034.9|24623.8|25040.8|24795.9|24582.4|24522.6|24827.1|24636.2|24747|24721|24639.9|24657.3|24565.1|23406.4|24560.2|23315.2|24623.3|23450.7|24714.7|23397.3|24861.5|23357.8|23461.4|23497.1|24580.8|23429.8|24641.6|24466.4|23477.8|23351.1|23454.6|24698.2|24462.8|23486.3|24697.5|24983.9|23444.2|24596.3|23527.2|24877.5|24594|23428.3|23367.4|23483.1|24548.8|23368.4|23320.2|23403.1|24417.7|23531.9|24847.1|23488|24721.4|24597.2|24818.3|24686|23292.2|24634.9|23457.4|23342.8|24578|23446.2|24553.7|23485.3|24668.5|23553.5|23562.1|24825|24527.1|24642.6|24708.9|24674.4|24625.3|23502|24638.8|23351.9|23330.1|23272.9|24471.3|23421.3|24625|24735.2|23465|23241.9|23466.1|23404.5|24502.3|23365.9|23397.7|24820|23296.8|23432.6|24626.9|23404.1|24517.2|23329.3|24647.4|24833.5|24708.7|24657.1|23423.3|24507.7|24815.1|24329.9|23440.9|24688.5|23368.4|23364|24439.4|23416.7|23302.5|24845.9|24529|24462.9|24646.7|24850.7|24735.9|24921.3|23371.1|24587.2|23359.4|24828.1|24504.5|24704.4|23382.5|24496.8|23471.5|23416.5|24556.9|23412.2|24843.5|23512.6|23252.8|24674.2|23426.8|23540.8|23459.4|24547.4|24444.1|23344.4|24448.4|24378.5|24674.6|24661.5|24758.3|24676.7|23375|23251.5|23401.3|23429.3|23291.7|23439.2|23371.5|23378.8|24597.2|23413.1|24426.9|23589.5|24864|24933.4|23473.4|24854.8|23392|24799.5|24700.6|24529.7|24500.3|24666.2|24477.9|23400.1|23353|23334.4|23287.7|23326.8|24501.8|25023.5|23254.8|23335.4|24477.3|23327.7|23331.5|24817.1|24631.4|24417.4|24612.7|23371.4|23348.4|24376.1|23300.9|23313|23441.8|24401.6|23459|24397.2|24335.1|24840.1|23273.5|
INFO: [SIM 211-200] Analyzing trace data
INFO: [SIM 211-208] Running Code Analyzer
WARNING: [HLS 211-200] Code Analyzer will not display the impact of 'pipeline' (F:\LMU\quantumMA\opimization\reconstructv1maxi\image_analysis.cpp:68:1) as the pipelined function is not the top-level hardware function
WARNING: [HLS 211-200] F:\LMU\quantumMA\opimization\reconstructv1maxi\image_analysis.cpp:25:9: Pragma 'tripcount' has been kept but may be incorrect: The maximum tripcount in the pragma (100) is less than the maximum dynamic tripcount computed for the loop (1024)
WARNING: [HLS 211-200] F:\LMU\quantumMA\opimization\reconstructv1maxi\image_analysis.cpp:17:9: Pragma 'tripcount' has been kept but may be incorrect: The maximum tripcount in the pragma (100) is less than the maximum dynamic tripcount computed for the loop (1024)
WARNING: [HLS 211-200] F:\LMU\quantumMA\opimization\reconstructv1maxi\image_analysis.cpp:70:1: Pragma 'tripcount' has been kept but may be incorrect: The maximum tripcount in the pragma (103) is less than the maximum dynamic tripcount computed for the loop (1027)
WARNING: [HLS 211-200] Invalid pragma detected: Code Analyzer will not display the impact of 'unroll' (F:\LMU\quantumMA\opimization\reconstructv1maxi\image_analysis.cpp:175:1) as at least one inner loop is partially unrolled
INFO: [SIM 211-210] Code Analyzer finished
INFO: [HLS 200-112] Total CPU user time: 6 seconds. Total CPU system time: 2 seconds. Total elapsed time: 55.378 seconds; peak allocated memory: 619.027 MB.
INFO: [vitis-run 60-791] Total elapsed time: 0h 1m 3s
