  **** HLS Build v2024.2 5238294
INFO: [HLS 200-2005] Using work_dir F:/LMU/quantumMA/opimization/reconstructv1maxi/hls_component/reconstruct 
INFO: [HLS 200-1505] Using default flow_target 'vivado'
Resolution: For help on HLS 200-1505 see docs.xilinx.com/access/sources/dita/topic?Doc_Version=2024.2%20English&url=ug1448-hls-guidance&resourceid=200-1505.html
INFO: [HLS 200-1465] Applying ini 'syn.file=F:/LMU/quantumMA/opimization/reconstructv1maxi/image_analysis.cpp' from F:/LMU/quantumMA/opimization/reconstructv1maxi/hls_component/hls_config.cfg(13)
INFO: [HLS 200-10] Adding design file 'F:/LMU/quantumMA/opimization/reconstructv1maxi/image_analysis.cpp' to the project
INFO: [HLS 200-1465] Applying ini 'syn.file=F:/LMU/quantumMA/opimization/reconstructv1maxi/image_analysis.hpp' from F:/LMU/quantumMA/opimization/reconstructv1maxi/hls_component/hls_config.cfg(14)
INFO: [HLS 200-10] Adding design file 'F:/LMU/quantumMA/opimization/reconstructv1maxi/image_analysis.hpp' to the project
INFO: [HLS 200-1465] Applying ini 'tb.file=F:/LMU/quantumMA/opimization/reconstructv1maxi/test.cpp' from F:/LMU/quantumMA/opimization/reconstructv1maxi/hls_component/hls_config.cfg(10)
INFO: [HLS 200-10] Adding test bench file 'F:/LMU/quantumMA/opimization/reconstructv1maxi/test.cpp' to the project
INFO: [HLS 200-1465] Applying ini 'tb.file=F:/LMU/quantumMA/opimization/reconstructv1maxi/fullImage_output.txt' from F:/LMU/quantumMA/opimization/reconstructv1maxi/hls_component/hls_config.cfg(11)
INFO: [HLS 200-10] Adding test bench file 'F:/LMU/quantumMA/opimization/reconstructv1maxi/fullImage_output.txt' to the project
INFO: [HLS 200-1465] Applying ini 'tb.file=F:/LMU/quantumMA/opimization/reconstructv1maxi/restoutput.txt' from F:/LMU/quantumMA/opimization/reconstructv1maxi/hls_component/hls_config.cfg(12)
INFO: [HLS 200-10] Adding test bench file 'F:/LMU/quantumMA/opimization/reconstructv1maxi/restoutput.txt' to the project
INFO: [HLS 200-1465] Applying ini 'syn.top=reconstruct' from F:/LMU/quantumMA/opimization/reconstructv1maxi/hls_component/hls_config.cfg(7)
INFO: [HLS 200-1465] Applying ini 'flow_target=vivado' from F:/LMU/quantumMA/opimization/reconstructv1maxi/hls_component/hls_config.cfg(4)
INFO: [HLS 200-1505] Using flow_target 'vivado'
Resolution: For help on HLS 200-1505 see docs.xilinx.com/access/sources/dita/topic?Doc_Version=2024.2%20English&url=ug1448-hls-guidance&resourceid=200-1505.html
INFO: [HLS 200-1465] Applying ini 'part=xczu49dr-ffvf1760-2-e' from F:/LMU/quantumMA/opimization/reconstructv1maxi/hls_component/hls_config.cfg(1)
INFO: [HLS 200-1611] Setting target device to 'xczu49dr-ffvf1760-2-e'
INFO: [HLS 200-1465] Applying ini 'csim.clean=1' from F:/LMU/quantumMA/opimization/reconstructv1maxi/hls_component/hls_config.cfg(8)
INFO: [HLS 200-1465] Applying ini 'csim.code_analyzer=1' from F:/LMU/quantumMA/opimization/reconstructv1maxi/hls_component/hls_config.cfg(9)
INFO: [HLS 200-1465] Applying ini 'package.output.format=ip_catalog' from F:/LMU/quantumMA/opimization/reconstructv1maxi/hls_component/hls_config.cfg(5)
INFO: [HLS 200-111] Finished File checks and directory preparation: CPU user time: 6 seconds. CPU system time: 2 seconds. Elapsed time: 9.293 seconds; current allocated memory: 619.438 MB.
INFO: [HLS 200-10] Analyzing design file '../image_analysis.cpp' ... 
INFO: [HLS 200-111] Finished Source Code Analysis and Preprocessing: CPU user time: 0 seconds. CPU system time: 0 seconds. Elapsed time: 10.028 seconds; current allocated memory: 622.539 MB.
INFO: [HLS 200-777] Using interface defaults for 'Vivado' flow target.
INFO: [HLS 200-1995] There were 19,372 instructions in the design after the 'Compile/Link' phase of compilation. See the Design Size Report for more details: F:/LMU/quantumMA/opimization/reconstructv1maxi/hls_component/reconstruct/hls/syn/report/csynth_design_size.rpt
INFO: [HLS 200-1995] There were 23,588 instructions in the design after the 'Unroll/Inline' phase of compilation. See the Design Size Report for more details: F:/LMU/quantumMA/opimization/reconstructv1maxi/hls_component/reconstruct/hls/syn/report/csynth_design_size.rpt
INFO: [HLS 200-1995] There were 17,319 instructions in the design after the 'Unroll/Inline (step 2)' phase of compilation. See the Design Size Report for more details: F:/LMU/quantumMA/opimization/reconstructv1maxi/hls_component/reconstruct/hls/syn/report/csynth_design_size.rpt
INFO: [HLS 200-1995] There were 17,258 instructions in the design after the 'Unroll/Inline (step 3)' phase of compilation. See the Design Size Report for more details: F:/LMU/quantumMA/opimization/reconstructv1maxi/hls_component/reconstruct/hls/syn/report/csynth_design_size.rpt
INFO: [HLS 200-1995] There were 16,770 instructions in the design after the 'Unroll/Inline (step 4)' phase of compilation. See the Design Size Report for more details: F:/LMU/quantumMA/opimization/reconstructv1maxi/hls_component/reconstruct/hls/syn/report/csynth_design_size.rpt
WARNING: [HLS 200-1995] There were 132,395 instructions in the design after the 'Array/Struct' phase of compilation. See the Design Size Report for more details: F:/LMU/quantumMA/opimization/reconstructv1maxi/hls_component/reconstruct/hls/syn/report/csynth_design_size.rpt
INFO: [HLS 200-1995] There were 17,075 instructions in the design after the 'Array/Struct (step 2)' phase of compilation. See the Design Size Report for more details: F:/LMU/quantumMA/opimization/reconstructv1maxi/hls_component/reconstruct/hls/syn/report/csynth_design_size.rpt
INFO: [HLS 200-1995] There were 17,078 instructions in the design after the 'Array/Struct (step 3)' phase of compilation. See the Design Size Report for more details: F:/LMU/quantumMA/opimization/reconstructv1maxi/hls_component/reconstruct/hls/syn/report/csynth_design_size.rpt
INFO: [HLS 200-1995] There were 17,130 instructions in the design after the 'Array/Struct (step 4)' phase of compilation. See the Design Size Report for more details: F:/LMU/quantumMA/opimization/reconstructv1maxi/hls_component/reconstruct/hls/syn/report/csynth_design_size.rpt
INFO: [HLS 200-1995] There were 13,398 instructions in the design after the 'Array/Struct (step 5)' phase of compilation. See the Design Size Report for more details: F:/LMU/quantumMA/opimization/reconstructv1maxi/hls_component/reconstruct/hls/syn/report/csynth_design_size.rpt
INFO: [HLS 200-1995] There were 13,398 instructions in the design after the 'Performance' phase of compilation. See the Design Size Report for more details: F:/LMU/quantumMA/opimization/reconstructv1maxi/hls_component/reconstruct/hls/syn/report/csynth_design_size.rpt
INFO: [HLS 200-1995] There were 11,468 instructions in the design after the 'Performance (step 2)' phase of compilation. See the Design Size Report for more details: F:/LMU/quantumMA/opimization/reconstructv1maxi/hls_component/reconstruct/hls/syn/report/csynth_design_size.rpt
INFO: [HLS 200-1995] There were 16,921 instructions in the design after the 'Performance (step 3)' phase of compilation. See the Design Size Report for more details: F:/LMU/quantumMA/opimization/reconstructv1maxi/hls_component/reconstruct/hls/syn/report/csynth_design_size.rpt
INFO: [HLS 200-1995] There were 5,371 instructions in the design after the 'Performance (step 4)' phase of compilation. See the Design Size Report for more details: F:/LMU/quantumMA/opimization/reconstructv1maxi/hls_component/reconstruct/hls/syn/report/csynth_design_size.rpt
INFO: [HLS 200-1995] There were 7,440 instructions in the design after the 'HW Transforms (step 1)' phase of compilation. See the Design Size Report for more details: F:/LMU/quantumMA/opimization/reconstructv1maxi/hls_component/reconstruct/hls/syn/report/csynth_design_size.rpt
INFO: [HLS 200-1995] There were 7,417 instructions in the design after the 'HW Transforms (step 2)' phase of compilation. See the Design Size Report for more details: F:/LMU/quantumMA/opimization/reconstructv1maxi/hls_component/reconstruct/hls/syn/report/csynth_design_size.rpt
INFO: [HLS 214-291] Loop 'VITIS_LOOP_103_1' is marked as complete unroll implied by the pipeline pragma (../image_analysis.cpp:103:23)
INFO: [HLS 214-291] Loop 'VITIS_LOOP_104_2' is marked as complete unroll implied by the pipeline pragma (../image_analysis.cpp:104:27)
INFO: [HLS 214-291] Loop 'VITIS_LOOP_79_1' is marked as complete unroll implied by the pipeline pragma (../image_analysis.cpp:79:22)
INFO: [HLS 214-291] Loop 'VITIS_LOOP_80_2' is marked as complete unroll implied by the pipeline pragma (../image_analysis.cpp:80:26)
INFO: [HLS 214-186] Unrolling loop 'VITIS_LOOP_103_1' (../image_analysis.cpp:103:23) in function 'conv_kernel' completely with a factor of 31 (../image_analysis.cpp:100:0)
INFO: [HLS 214-186] Unrolling loop 'VITIS_LOOP_104_2' (../image_analysis.cpp:104:27) in function 'conv_kernel' completely with a factor of 31 (../image_analysis.cpp:100:0)
INFO: [HLS 214-186] Unrolling loop 'VITIS_LOOP_79_1' (../image_analysis.cpp:79:22) in function 'Image_extract' completely with a factor of 31 (../image_analysis.cpp:71:0)
INFO: [HLS 214-186] Unrolling loop 'VITIS_LOOP_80_2' (../image_analysis.cpp:80:26) in function 'Image_extract' completely with a factor of 31 (../image_analysis.cpp:71:0)
INFO: [HLS 214-178] Inlining function 'fp_struct<float>::data() const (.7.28.38.47.58)' into 'fp_struct<float>::to_float() const (.25.35.44.55)' (C:\scratch\2024.2\hls_product\495\2024.2\src\shared\hls\clib/src/hls\utils/x_hls_utils.h:322:0)
INFO: [HLS 214-178] Inlining function 'fp_struct<float>::to_float() const (.25.35.44.55)' into 'fp_struct<float>::to_ieee() const' (C:\scratch\2024.2\hls_product\495\2024.2\src\shared\hls\clib/src/hls\utils/x_hls_utils.h:346:0)
INFO: [HLS 214-178] Inlining function 'fp_struct<float>::fp_struct(float)' into 'float generic_copysign<float>(float, float)' (C:\scratch\2024.2\hls_product\495\2024.2\src\shared\hls\clib/hlsmath/include/FloatingPoint/hls_copysign.h:10:0)
INFO: [HLS 214-178] Inlining function 'fp_struct<float>::to_ieee() const' into 'float generic_copysign<float>(float, float)' (C:\scratch\2024.2\hls_product\495\2024.2\src\shared\hls\clib/hlsmath/include/FloatingPoint/hls_copysign.h:10:0)
INFO: [HLS 214-178] Inlining function 'fp_struct<float>::fp_struct(float)' into 'float generic_round<float>(float)' (C:\scratch\2024.2\hls_product\495\2024.2\src\shared\hls\clib/hlsmath/include/FloatingPoint\hls_round.h:160:0)
INFO: [HLS 214-178] Inlining function 'float generic_copysign<float>(float, float)' into 'float generic_round<float>(float)' (C:\scratch\2024.2\hls_product\495\2024.2\src\shared\hls\clib/hlsmath/include/FloatingPoint\hls_round.h:160:0)
INFO: [HLS 214-178] Inlining function 'fp_struct<float>::data() const (.7.28.38.47.58)' into 'float generic_round<float>(float)' (C:\scratch\2024.2\hls_product\495\2024.2\src\shared\hls\clib/hlsmath/include/FloatingPoint\hls_round.h:160:0)
INFO: [HLS 214-178] Inlining function 'fp_struct<float>::fp_struct(ap_uint<32>)' into 'float generic_round<float>(float)' (C:\scratch\2024.2\hls_product\495\2024.2\src\shared\hls\clib/hlsmath/include/FloatingPoint\hls_round.h:160:0)
INFO: [HLS 214-178] Inlining function 'fp_struct<float>::to_ieee() const' into 'float generic_round<float>(float)' (C:\scratch\2024.2\hls_product\495\2024.2\src\shared\hls\clib/hlsmath/include/FloatingPoint\hls_round.h:160:0)
INFO: [HLS 214-178] Inlining function 'roundf' into 'std::round(float)' (F:/Vitis/2024.2/tps/mingw/8.3.0/win64.o/nt\lib\gcc\x86_64-w64-mingw32\8.3.0\include\c++\cmath:1757:0)
INFO: [HLS 214-178] Inlining function 'fp_struct<float>::fp_struct(float)' into 'int generic_cast_IEEE754<int, (ap_q_mode)6, float>(float, bool, hls::enable_if<std::numeric_limits<int>::is_signed, bool>::type)' (C:\scratch\2024.2\hls_product\495\2024.2\src\shared\hls\clib/hlsmath/include/FloatingPoint\hls_case_IEEE754.h:12:0)
INFO: [HLS 214-178] Inlining function 'fp_struct<float>::mantissa() const' into 'int generic_cast_IEEE754<int, (ap_q_mode)6, float>(float, bool, hls::enable_if<std::numeric_limits<int>::is_signed, bool>::type)' (C:\scratch\2024.2\hls_product\495\2024.2\src\shared\hls\clib/hlsmath/include/FloatingPoint\hls_case_IEEE754.h:12:0)
INFO: [HLS 214-178] Inlining function 'fp_struct<float>::expv() const' into 'int generic_cast_IEEE754<int, (ap_q_mode)6, float>(float, bool, hls::enable_if<std::numeric_limits<int>::is_signed, bool>::type)' (C:\scratch\2024.2\hls_product\495\2024.2\src\shared\hls\clib/hlsmath/include/FloatingPoint\hls_case_IEEE754.h:12:0)
INFO: [HLS 214-178] Inlining function 'fp_struct<float>::__signbit() const' into 'int generic_cast_IEEE754<int, (ap_q_mode)6, float>(float, bool, hls::enable_if<std::numeric_limits<int>::is_signed, bool>::type)' (C:\scratch\2024.2\hls_product\495\2024.2\src\shared\hls\clib/hlsmath/include/FloatingPoint\hls_case_IEEE754.h:12:0)
INFO: [HLS 214-178] Inlining function 'int generic_cast_IEEE754<int, (ap_q_mode)6, float>(float, bool, hls::enable_if<std::numeric_limits<int>::is_signed, bool>::type)' into 'int generic_cast_IEEE754<int, float>(float, bool)' (C:\scratch\2024.2\hls_product\495\2024.2\src\shared\hls\clib/hlsmath/include/FloatingPoint\hls_case_IEEE754.h:116:0)
INFO: [HLS 214-178] Inlining function 'int generic_cast_IEEE754<int, float>(float, bool)' into '__hls_fptosi_float_i32' (C:\scratch\2024.2\hls_product\495\2024.2\src\shared\hls\clib\hlsmath\src\lib_floatconversion.cpp:51:0)
INFO: [HLS 214-178] Inlining function 'std::round(float)' into 'getLocalImages_single(int, int, int, int, atom_location*, hls::stream<local_image_info, 0>&)' (../image_analysis.cpp:7:0)
INFO: [HLS 214-178] Inlining function 'getLocalImages_single(int, int, int, int, atom_location*, hls::stream<local_image_info, 0>&)' into 'reconstruct(int, int, int, atom_location*, int, int, float*, float*, int*, float*, int, int, float*)' (../image_analysis.cpp:126:0)
INFO: [HLS 214-248] Applying array_partition to 'curr_fullImage': Complete partitioning on dimension 1. (../image_analysis.cpp:157:15)
INFO: [HLS 214-248] Applying array_partition to 'curr_localImage': Complete partitioning on dimension 1. (../image_analysis.cpp:158:15)
INFO: [HLS 214-241] Aggregating fifo (hls::stream) variable 'localImages' with compact=bit mode in 256-bits (../image_analysis.cpp:156:34)
INFO: [HLS 214-364] Automatically inlining function 'Image_extract(int, hls::stream<local_image_info, 0>&, float*, float (*) [31], float*, float (*) [31], float*, float&)' to improve effectiveness of pipeline pragma in function 'reconstruct(int, int, int, atom_location*, int, int, float*, float*, int*, float*, int, int, float*)' (../image_analysis.cpp:170:9)
INFO: [HLS 214-364] Automatically inlining function 'conv_kernel(float (*) [31], float (*) [31], float&, float&)' to improve effectiveness of pipeline pragma in function 'reconstruct(int, int, int, atom_location*, int, int, float*, float*, int*, float*, int, int, float*)' (../image_analysis.cpp:172:9)
INFO: [HLS 214-449] Automatically partitioning array 'curr_fullImage' dimension 1 completely based on constant index. (../image_analysis.cpp:157:15)
INFO: [HLS 214-449] Automatically partitioning array 'curr_localImage' dimension 1 completely based on constant index. (../image_analysis.cpp:158:15)
INFO: [HLS 214-270] Inferring pragma 'array_partition type=complete dim=1' for array 'curr_fullImage_0' due to pipeline pragma (../image_analysis.cpp:157:15)
INFO: [HLS 214-270] Inferring pragma 'array_partition type=complete dim=1' for array 'curr_fullImage_1' due to pipeline pragma (../image_analysis.cpp:157:15)
INFO: [HLS 214-270] Inferring pragma 'array_partition type=complete dim=1' for array 'curr_fullImage_10' due to pipeline pragma (../image_analysis.cpp:157:15)
INFO: [HLS 214-270] Inferring pragma 'array_partition type=complete dim=1' for array 'curr_fullImage_11' due to pipeline pragma (../image_analysis.cpp:157:15)
INFO: [HLS 214-270] Inferring pragma 'array_partition type=complete dim=1' for array 'curr_fullImage_12' due to pipeline pragma (../image_analysis.cpp:157:15)
INFO: [HLS 214-270] Inferring pragma 'array_partition type=complete dim=1' for array 'curr_fullImage_13' due to pipeline pragma (../image_analysis.cpp:157:15)
INFO: [HLS 214-270] Inferring pragma 'array_partition type=complete dim=1' for array 'curr_fullImage_14' due to pipeline pragma (../image_analysis.cpp:157:15)
INFO: [HLS 214-270] Inferring pragma 'array_partition type=complete dim=1' for array 'curr_fullImage_15' due to pipeline pragma (../image_analysis.cpp:157:15)
INFO: [HLS 214-270] Inferring pragma 'array_partition type=complete dim=1' for array 'curr_fullImage_16' due to pipeline pragma (../image_analysis.cpp:157:15)
INFO: [HLS 214-270] Inferring pragma 'array_partition type=complete dim=1' for array 'curr_fullImage_17' due to pipeline pragma (../image_analysis.cpp:157:15)
INFO: [HLS 214-270] Inferring pragma 'array_partition type=complete dim=1' for array 'curr_fullImage_18' due to pipeline pragma (../image_analysis.cpp:157:15)
INFO: [HLS 214-270] Inferring pragma 'array_partition type=complete dim=1' for array 'curr_fullImage_19' due to pipeline pragma (../image_analysis.cpp:157:15)
INFO: [HLS 214-270] Inferring pragma 'array_partition type=complete dim=1' for array 'curr_fullImage_2' due to pipeline pragma (../image_analysis.cpp:157:15)
INFO: [HLS 214-270] Inferring pragma 'array_partition type=complete dim=1' for array 'curr_fullImage_20' due to pipeline pragma (../image_analysis.cpp:157:15)
INFO: [HLS 214-270] Inferring pragma 'array_partition type=complete dim=1' for array 'curr_fullImage_21' due to pipeline pragma (../image_analysis.cpp:157:15)
INFO: [HLS 214-270] Inferring pragma 'array_partition type=complete dim=1' for array 'curr_fullImage_22' due to pipeline pragma (../image_analysis.cpp:157:15)
INFO: [HLS 214-270] Inferring pragma 'array_partition type=complete dim=1' for array 'curr_fullImage_23' due to pipeline pragma (../image_analysis.cpp:157:15)
INFO: [HLS 214-270] Inferring pragma 'array_partition type=complete dim=1' for array 'curr_fullImage_24' due to pipeline pragma (../image_analysis.cpp:157:15)
INFO: [HLS 214-270] Inferring pragma 'array_partition type=complete dim=1' for array 'curr_fullImage_25' due to pipeline pragma (../image_analysis.cpp:157:15)
INFO: [HLS 214-270] Inferring pragma 'array_partition type=complete dim=1' for array 'curr_fullImage_26' due to pipeline pragma (../image_analysis.cpp:157:15)
INFO: [HLS 214-270] Inferring pragma 'array_partition type=complete dim=1' for array 'curr_fullImage_27' due to pipeline pragma (../image_analysis.cpp:157:15)
INFO: [HLS 214-270] Inferring pragma 'array_partition type=complete dim=1' for array 'curr_fullImage_28' due to pipeline pragma (../image_analysis.cpp:157:15)
INFO: [HLS 214-270] Inferring pragma 'array_partition type=complete dim=1' for array 'curr_fullImage_29' due to pipeline pragma (../image_analysis.cpp:157:15)
INFO: [HLS 214-270] Inferring pragma 'array_partition type=complete dim=1' for array 'curr_fullImage_3' due to pipeline pragma (../image_analysis.cpp:157:15)
INFO: [HLS 214-270] Inferring pragma 'array_partition type=complete dim=1' for array 'curr_fullImage_30' due to pipeline pragma (../image_analysis.cpp:157:15)
INFO: [HLS 214-270] Inferring pragma 'array_partition type=complete dim=1' for array 'curr_fullImage_4' due to pipeline pragma (../image_analysis.cpp:157:15)
INFO: [HLS 214-270] Inferring pragma 'array_partition type=complete dim=1' for array 'curr_fullImage_5' due to pipeline pragma (../image_analysis.cpp:157:15)
INFO: [HLS 214-270] Inferring pragma 'array_partition type=complete dim=1' for array 'curr_fullImage_6' due to pipeline pragma (../image_analysis.cpp:157:15)
INFO: [HLS 214-270] Inferring pragma 'array_partition type=complete dim=1' for array 'curr_fullImage_7' due to pipeline pragma (../image_analysis.cpp:157:15)
INFO: [HLS 214-270] Inferring pragma 'array_partition type=complete dim=1' for array 'curr_fullImage_8' due to pipeline pragma (../image_analysis.cpp:157:15)
INFO: [HLS 214-270] Inferring pragma 'array_partition type=complete dim=1' for array 'curr_fullImage_9' due to pipeline pragma (../image_analysis.cpp:157:15)
INFO: [HLS 214-270] Inferring pragma 'array_partition type=complete dim=1' for array 'curr_localImage_0' due to pipeline pragma (../image_analysis.cpp:158:15)
INFO: [HLS 214-270] Inferring pragma 'array_partition type=complete dim=1' for array 'curr_localImage_1' due to pipeline pragma (../image_analysis.cpp:158:15)
INFO: [HLS 214-270] Inferring pragma 'array_partition type=complete dim=1' for array 'curr_localImage_10' due to pipeline pragma (../image_analysis.cpp:158:15)
INFO: [HLS 214-270] Inferring pragma 'array_partition type=complete dim=1' for array 'curr_localImage_11' due to pipeline pragma (../image_analysis.cpp:158:15)
INFO: [HLS 214-270] Inferring pragma 'array_partition type=complete dim=1' for array 'curr_localImage_12' due to pipeline pragma (../image_analysis.cpp:158:15)
INFO: [HLS 214-270] Inferring pragma 'array_partition type=complete dim=1' for array 'curr_localImage_13' due to pipeline pragma (../image_analysis.cpp:158:15)
INFO: [HLS 214-270] Inferring pragma 'array_partition type=complete dim=1' for array 'curr_localImage_14' due to pipeline pragma (../image_analysis.cpp:158:15)
INFO: [HLS 214-270] Inferring pragma 'array_partition type=complete dim=1' for array 'curr_localImage_15' due to pipeline pragma (../image_analysis.cpp:158:15)
INFO: [HLS 214-270] Inferring pragma 'array_partition type=complete dim=1' for array 'curr_localImage_16' due to pipeline pragma (../image_analysis.cpp:158:15)
INFO: [HLS 214-270] Inferring pragma 'array_partition type=complete dim=1' for array 'curr_localImage_17' due to pipeline pragma (../image_analysis.cpp:158:15)
INFO: [HLS 214-270] Inferring pragma 'array_partition type=complete dim=1' for array 'curr_localImage_18' due to pipeline pragma (../image_analysis.cpp:158:15)
INFO: [HLS 214-270] Inferring pragma 'array_partition type=complete dim=1' for array 'curr_localImage_19' due to pipeline pragma (../image_analysis.cpp:158:15)
INFO: [HLS 214-270] Inferring pragma 'array_partition type=complete dim=1' for array 'curr_localImage_2' due to pipeline pragma (../image_analysis.cpp:158:15)
INFO: [HLS 214-270] Inferring pragma 'array_partition type=complete dim=1' for array 'curr_localImage_20' due to pipeline pragma (../image_analysis.cpp:158:15)
INFO: [HLS 214-270] Inferring pragma 'array_partition type=complete dim=1' for array 'curr_localImage_21' due to pipeline pragma (../image_analysis.cpp:158:15)
INFO: [HLS 214-270] Inferring pragma 'array_partition type=complete dim=1' for array 'curr_localImage_22' due to pipeline pragma (../image_analysis.cpp:158:15)
INFO: [HLS 214-270] Inferring pragma 'array_partition type=complete dim=1' for array 'curr_localImage_23' due to pipeline pragma (../image_analysis.cpp:158:15)
INFO: [HLS 214-270] Inferring pragma 'array_partition type=complete dim=1' for array 'curr_localImage_24' due to pipeline pragma (../image_analysis.cpp:158:15)
INFO: [HLS 214-270] Inferring pragma 'array_partition type=complete dim=1' for array 'curr_localImage_25' due to pipeline pragma (../image_analysis.cpp:158:15)
INFO: [HLS 214-270] Inferring pragma 'array_partition type=complete dim=1' for array 'curr_localImage_26' due to pipeline pragma (../image_analysis.cpp:158:15)
INFO: [HLS 214-270] Inferring pragma 'array_partition type=complete dim=1' for array 'curr_localImage_27' due to pipeline pragma (../image_analysis.cpp:158:15)
INFO: [HLS 214-270] Inferring pragma 'array_partition type=complete dim=1' for array 'curr_localImage_28' due to pipeline pragma (../image_analysis.cpp:158:15)
INFO: [HLS 214-270] Inferring pragma 'array_partition type=complete dim=1' for array 'curr_localImage_29' due to pipeline pragma (../image_analysis.cpp:158:15)
INFO: [HLS 214-270] Inferring pragma 'array_partition type=complete dim=1' for array 'curr_localImage_3' due to pipeline pragma (../image_analysis.cpp:158:15)
INFO: [HLS 214-270] Inferring pragma 'array_partition type=complete dim=1' for array 'curr_localImage_30' due to pipeline pragma (../image_analysis.cpp:158:15)
INFO: [HLS 214-270] Inferring pragma 'array_partition type=complete dim=1' for array 'curr_localImage_4' due to pipeline pragma (../image_analysis.cpp:158:15)
INFO: [HLS 214-270] Inferring pragma 'array_partition type=complete dim=1' for array 'curr_localImage_5' due to pipeline pragma (../image_analysis.cpp:158:15)
INFO: [HLS 214-270] Inferring pragma 'array_partition type=complete dim=1' for array 'curr_localImage_6' due to pipeline pragma (../image_analysis.cpp:158:15)
INFO: [HLS 214-270] Inferring pragma 'array_partition type=complete dim=1' for array 'curr_localImage_7' due to pipeline pragma (../image_analysis.cpp:158:15)
INFO: [HLS 214-270] Inferring pragma 'array_partition type=complete dim=1' for array 'curr_localImage_8' due to pipeline pragma (../image_analysis.cpp:158:15)
INFO: [HLS 214-270] Inferring pragma 'array_partition type=complete dim=1' for array 'curr_localImage_9' due to pipeline pragma (../image_analysis.cpp:158:15)
INFO: [HLS 214-248] Applying array_partition to 'curr_fullImage_0': Complete partitioning on dimension 1. (../image_analysis.cpp:157:15)
INFO: [HLS 214-248] Applying array_partition to 'curr_fullImage_1': Complete partitioning on dimension 1. (../image_analysis.cpp:157:15)
INFO: [HLS 214-248] Applying array_partition to 'curr_fullImage_2': Complete partitioning on dimension 1. (../image_analysis.cpp:157:15)
INFO: [HLS 214-248] Applying array_partition to 'curr_fullImage_3': Complete partitioning on dimension 1. (../image_analysis.cpp:157:15)
INFO: [HLS 214-248] Applying array_partition to 'curr_fullImage_4': Complete partitioning on dimension 1. (../image_analysis.cpp:157:15)
INFO: [HLS 214-248] Applying array_partition to 'curr_fullImage_5': Complete partitioning on dimension 1. (../image_analysis.cpp:157:15)
INFO: [HLS 214-248] Applying array_partition to 'curr_fullImage_6': Complete partitioning on dimension 1. (../image_analysis.cpp:157:15)
INFO: [HLS 214-248] Applying array_partition to 'curr_fullImage_7': Complete partitioning on dimension 1. (../image_analysis.cpp:157:15)
INFO: [HLS 214-248] Applying array_partition to 'curr_fullImage_8': Complete partitioning on dimension 1. (../image_analysis.cpp:157:15)
INFO: [HLS 214-248] Applying array_partition to 'curr_fullImage_9': Complete partitioning on dimension 1. (../image_analysis.cpp:157:15)
INFO: [HLS 214-248] Applying array_partition to 'curr_fullImage_10': Complete partitioning on dimension 1. (../image_analysis.cpp:157:15)
INFO: [HLS 214-248] Applying array_partition to 'curr_fullImage_11': Complete partitioning on dimension 1. (../image_analysis.cpp:157:15)
INFO: [HLS 214-248] Applying array_partition to 'curr_fullImage_12': Complete partitioning on dimension 1. (../image_analysis.cpp:157:15)
INFO: [HLS 214-248] Applying array_partition to 'curr_fullImage_13': Complete partitioning on dimension 1. (../image_analysis.cpp:157:15)
INFO: [HLS 214-248] Applying array_partition to 'curr_fullImage_14': Complete partitioning on dimension 1. (../image_analysis.cpp:157:15)
INFO: [HLS 214-248] Applying array_partition to 'curr_fullImage_15': Complete partitioning on dimension 1. (../image_analysis.cpp:157:15)
INFO: [HLS 214-248] Applying array_partition to 'curr_fullImage_16': Complete partitioning on dimension 1. (../image_analysis.cpp:157:15)
INFO: [HLS 214-248] Applying array_partition to 'curr_fullImage_17': Complete partitioning on dimension 1. (../image_analysis.cpp:157:15)
INFO: [HLS 214-248] Applying array_partition to 'curr_fullImage_18': Complete partitioning on dimension 1. (../image_analysis.cpp:157:15)
INFO: [HLS 214-248] Applying array_partition to 'curr_fullImage_19': Complete partitioning on dimension 1. (../image_analysis.cpp:157:15)
INFO: [HLS 214-248] Applying array_partition to 'curr_fullImage_20': Complete partitioning on dimension 1. (../image_analysis.cpp:157:15)
INFO: [HLS 214-248] Applying array_partition to 'curr_fullImage_21': Complete partitioning on dimension 1. (../image_analysis.cpp:157:15)
INFO: [HLS 214-248] Applying array_partition to 'curr_fullImage_22': Complete partitioning on dimension 1. (../image_analysis.cpp:157:15)
INFO: [HLS 214-248] Applying array_partition to 'curr_fullImage_23': Complete partitioning on dimension 1. (../image_analysis.cpp:157:15)
INFO: [HLS 214-248] Applying array_partition to 'curr_fullImage_24': Complete partitioning on dimension 1. (../image_analysis.cpp:157:15)
INFO: [HLS 214-248] Applying array_partition to 'curr_fullImage_25': Complete partitioning on dimension 1. (../image_analysis.cpp:157:15)
INFO: [HLS 214-248] Applying array_partition to 'curr_fullImage_26': Complete partitioning on dimension 1. (../image_analysis.cpp:157:15)
INFO: [HLS 214-248] Applying array_partition to 'curr_fullImage_27': Complete partitioning on dimension 1. (../image_analysis.cpp:157:15)
INFO: [HLS 214-248] Applying array_partition to 'curr_fullImage_28': Complete partitioning on dimension 1. (../image_analysis.cpp:157:15)
INFO: [HLS 214-248] Applying array_partition to 'curr_fullImage_29': Complete partitioning on dimension 1. (../image_analysis.cpp:157:15)
INFO: [HLS 214-248] Applying array_partition to 'curr_fullImage_30': Complete partitioning on dimension 1. (../image_analysis.cpp:157:15)
INFO: [HLS 214-248] Applying array_partition to 'curr_localImage_0': Complete partitioning on dimension 1. (../image_analysis.cpp:158:15)
INFO: [HLS 214-248] Applying array_partition to 'curr_localImage_1': Complete partitioning on dimension 1. (../image_analysis.cpp:158:15)
INFO: [HLS 214-248] Applying array_partition to 'curr_localImage_2': Complete partitioning on dimension 1. (../image_analysis.cpp:158:15)
INFO: [HLS 214-248] Applying array_partition to 'curr_localImage_3': Complete partitioning on dimension 1. (../image_analysis.cpp:158:15)
INFO: [HLS 214-248] Applying array_partition to 'curr_localImage_4': Complete partitioning on dimension 1. (../image_analysis.cpp:158:15)
INFO: [HLS 214-248] Applying array_partition to 'curr_localImage_5': Complete partitioning on dimension 1. (../image_analysis.cpp:158:15)
INFO: [HLS 214-248] Applying array_partition to 'curr_localImage_6': Complete partitioning on dimension 1. (../image_analysis.cpp:158:15)
INFO: [HLS 214-248] Applying array_partition to 'curr_localImage_7': Complete partitioning on dimension 1. (../image_analysis.cpp:158:15)
INFO: [HLS 214-248] Applying array_partition to 'curr_localImage_8': Complete partitioning on dimension 1. (../image_analysis.cpp:158:15)
INFO: [HLS 214-248] Applying array_partition to 'curr_localImage_9': Complete partitioning on dimension 1. (../image_analysis.cpp:158:15)
INFO: [HLS 214-248] Applying array_partition to 'curr_localImage_10': Complete partitioning on dimension 1. (../image_analysis.cpp:158:15)
INFO: [HLS 214-248] Applying array_partition to 'curr_localImage_11': Complete partitioning on dimension 1. (../image_analysis.cpp:158:15)
INFO: [HLS 214-248] Applying array_partition to 'curr_localImage_12': Complete partitioning on dimension 1. (../image_analysis.cpp:158:15)
INFO: [HLS 214-248] Applying array_partition to 'curr_localImage_13': Complete partitioning on dimension 1. (../image_analysis.cpp:158:15)
INFO: [HLS 214-248] Applying array_partition to 'curr_localImage_14': Complete partitioning on dimension 1. (../image_analysis.cpp:158:15)
INFO: [HLS 214-248] Applying array_partition to 'curr_localImage_15': Complete partitioning on dimension 1. (../image_analysis.cpp:158:15)
INFO: [HLS 214-248] Applying array_partition to 'curr_localImage_16': Complete partitioning on dimension 1. (../image_analysis.cpp:158:15)
INFO: [HLS 214-248] Applying array_partition to 'curr_localImage_17': Complete partitioning on dimension 1. (../image_analysis.cpp:158:15)
INFO: [HLS 214-248] Applying array_partition to 'curr_localImage_18': Complete partitioning on dimension 1. (../image_analysis.cpp:158:15)
INFO: [HLS 214-248] Applying array_partition to 'curr_localImage_19': Complete partitioning on dimension 1. (../image_analysis.cpp:158:15)
INFO: [HLS 214-248] Applying array_partition to 'curr_localImage_20': Complete partitioning on dimension 1. (../image_analysis.cpp:158:15)
INFO: [HLS 214-248] Applying array_partition to 'curr_localImage_21': Complete partitioning on dimension 1. (../image_analysis.cpp:158:15)
INFO: [HLS 214-248] Applying array_partition to 'curr_localImage_22': Complete partitioning on dimension 1. (../image_analysis.cpp:158:15)
INFO: [HLS 214-248] Applying array_partition to 'curr_localImage_23': Complete partitioning on dimension 1. (../image_analysis.cpp:158:15)
INFO: [HLS 214-248] Applying array_partition to 'curr_localImage_24': Complete partitioning on dimension 1. (../image_analysis.cpp:158:15)
INFO: [HLS 214-248] Applying array_partition to 'curr_localImage_25': Complete partitioning on dimension 1. (../image_analysis.cpp:158:15)
INFO: [HLS 214-248] Applying array_partition to 'curr_localImage_26': Complete partitioning on dimension 1. (../image_analysis.cpp:158:15)
INFO: [HLS 214-248] Applying array_partition to 'curr_localImage_27': Complete partitioning on dimension 1. (../image_analysis.cpp:158:15)
INFO: [HLS 214-248] Applying array_partition to 'curr_localImage_28': Complete partitioning on dimension 1. (../image_analysis.cpp:158:15)
INFO: [HLS 214-248] Applying array_partition to 'curr_localImage_29': Complete partitioning on dimension 1. (../image_analysis.cpp:158:15)
INFO: [HLS 214-248] Applying array_partition to 'curr_localImage_30': Complete partitioning on dimension 1. (../image_analysis.cpp:158:15)
INFO: [HLS 214-115] Multiple burst reads of length 961 and bit width 32 has been inferred on bundle 'imageProjs_local'. These burst requests might be further partitioned into multiple requests during RTL generation, based on max_read_burst_length or max_write_burst_length settings. (../image_analysis.cpp:82:37)
INFO: [HLS 214-115] Multiple burst reads of length 31 and bit width 32 has been inferred on bundle 'fullImage'. These burst requests might be further partitioned into multiple requests during RTL generation, based on max_read_burst_length or max_write_burst_length settings. (../image_analysis.cpp:83:36)
INFO: [HLS 200-111] Finished Compiling Optimization and Transform: CPU user time: 8 seconds. CPU system time: 1 seconds. Elapsed time: 158.744 seconds; current allocated memory: 639.191 MB.
INFO: [HLS 200-111] Finished Checking Pragmas: CPU user time: 0 seconds. CPU system time: 0 seconds. Elapsed time: 0.005 seconds; current allocated memory: 639.191 MB.
INFO: [HLS 200-10] Starting code transformations ...
INFO: [HLS 200-111] Finished Standard Transforms: CPU user time: 1 seconds. CPU system time: 0 seconds. Elapsed time: 0.326 seconds; current allocated memory: 652.996 MB.
INFO: [HLS 200-10] Checking synthesizability ...
INFO: [XFORM 203-602] Inlining function '__hls_fptosi_float_i32' into 'reconstruct' (../image_analysis.cpp:11->../image_analysis.cpp:169) automatically.
INFO: [HLS 200-111] Finished Checking Synthesizability: CPU user time: 0 seconds. CPU system time: 0 seconds. Elapsed time: 0.465 seconds; current allocated memory: 662.715 MB.
INFO: [XFORM 203-602] Inlining function '__hls_fptosi_float_i32' into 'reconstruct' (../image_analysis.cpp:11->../image_analysis.cpp:169) automatically.
INFO: [XFORM 203-401] Performing if-conversion on hyperblock from (C:\scratch\2024.2\hls_product\495\2024.2\src\shared\hls\clib/hlsmath/include/FloatingPoint\hls_round.h:159:19) to (C:\scratch\2024.2\hls_product\495\2024.2\src\shared\hls\clib/hlsmath/include/FloatingPoint\hls_round.h:187:1) in function 'generic_round<float>'... converting 5 basic blocks.
INFO: [XFORM 203-602] Inlining function 'generic_round<float>' into 'reconstruct' (C:\scratch\2024.2\hls_product\495\2024.2\src\shared\hls\clib\hlsmath\src\c\roundfloat.cpp:7->F:/Vitis/2024.2/tps/mingw/8.3.0/win64.o/nt\lib\gcc\x86_64-w64-mingw32\8.3.0\include\c++\cmath:1757->../image_analysis.cpp:11->../image_analysis.cpp:169) automatically.
INFO: [HLS 200-111] Finished Loop, function and other optimizations: CPU user time: 1 seconds. CPU system time: 0 seconds. Elapsed time: 1.16 seconds; current allocated memory: 695.027 MB.
INFO: [HLS 200-111] Finished Architecture Synthesis: CPU user time: 1 seconds. CPU system time: 0 seconds. Elapsed time: 1.349 seconds; current allocated memory: 732.051 MB.
INFO: [HLS 200-10] Starting hardware synthesis ...
INFO: [HLS 200-10] Synthesizing 'reconstruct' ...
INFO: [SYN 201-201] Setting up clock 'default' with a period of 10ns.
WARNING: [SYN 201-107] Renaming port name 'reconstruct/imageProjs_local_size' to 'reconstruct/imageProjs_local_size_r' to avoid the conflict with HDL keywords or other object names.
INFO: [HLS 200-10] ----------------------------------------------------------------
INFO: [HLS 200-42] -- Implementing module 'post_process' 
INFO: [HLS 200-10] ----------------------------------------------------------------
INFO: [SCHED 204-11] Starting scheduling ...
INFO: [SCHED 204-61] Pipelining function 'post_process'.
INFO: [HLS 200-1470] Pipelining result : Target II = 4, Final II = 1, Depth = 18, function 'post_process'
INFO: [SCHED 204-11] Finished scheduling.
INFO: [HLS 200-111] Finished Scheduling: CPU user time: 12 seconds. CPU system time: 1 seconds. Elapsed time: 12.496 seconds; current allocated memory: 736.332 MB.
INFO: [BIND 205-100] Starting micro-architecture generation ...
INFO: [BIND 205-101] Performing variable lifetime analysis.
INFO: [BIND 205-101] Exploring resource sharing.
INFO: [BIND 205-101] Binding ...
INFO: [BIND 205-100] Finished micro-architecture generation.
INFO: [HLS 200-111] Finished Binding: CPU user time: 0 seconds. CPU system time: 0 seconds. Elapsed time: 0.137 seconds; current allocated memory: 737.297 MB.
INFO: [HLS 200-10] ----------------------------------------------------------------
INFO: [HLS 200-42] -- Implementing module 'reconstruct_Pipeline_VITIS_LOOP_152_1' 
INFO: [HLS 200-10] ----------------------------------------------------------------
INFO: [SCHED 204-11] Starting scheduling ...
INFO: [SCHED 204-61] Pipelining loop 'VITIS_LOOP_152_1'.
WARNING: [HLS 200-880] The II Violation in module 'reconstruct_Pipeline_VITIS_LOOP_152_1' (loop 'VITIS_LOOP_152_1'): Unable to enforce a carried dependence constraint (II = 4, distance = 1, offset = 1) between bus read operation ('imageProjs_local_addr_read_960', ../image_analysis.cpp:82->../image_analysis.cpp:170) on port 'imageProjs_local' (../image_analysis.cpp:82->../image_analysis.cpp:170) and bus read operation ('imageProjs_local_addr_read', ../image_analysis.cpp:82->../image_analysis.cpp:170) on port 'imageProjs_local' (../image_analysis.cpp:82->../image_analysis.cpp:170).
Resolution: For help on HLS 200-880 see docs.xilinx.com/access/sources/dita/topic?Doc_Version=2024.2%20English&url=ug1448-hls-guidance&resourceid=200-880.html
WARNING: [HLS 200-880] The II Violation in module 'reconstruct_Pipeline_VITIS_LOOP_152_1' (loop 'VITIS_LOOP_152_1'): Unable to enforce a carried dependence constraint (II = 5, distance = 1, offset = 1) between bus read operation ('imageProjs_local_addr_read_960', ../image_analysis.cpp:82->../image_analysis.cpp:170) on port 'imageProjs_local' (../image_analysis.cpp:82->../image_analysis.cpp:170) and bus read operation ('imageProjs_local_addr_read', ../image_analysis.cpp:82->../image_analysis.cpp:170) on port 'imageProjs_local' (../image_analysis.cpp:82->../image_analysis.cpp:170).
Resolution: For help on HLS 200-880 see docs.xilinx.com/access/sources/dita/topic?Doc_Version=2024.2%20English&url=ug1448-hls-guidance&resourceid=200-880.html
WARNING: [HLS 200-880] The II Violation in module 'reconstruct_Pipeline_VITIS_LOOP_152_1' (loop 'VITIS_LOOP_152_1'): Unable to enforce a carried dependence constraint (II = 6, distance = 1, offset = 1) between bus read operation ('imageProjs_local_addr_read_960', ../image_analysis.cpp:82->../image_analysis.cpp:170) on port 'imageProjs_local' (../image_analysis.cpp:82->../image_analysis.cpp:170) and bus read operation ('imageProjs_local_addr_read', ../image_analysis.cpp:82->../image_analysis.cpp:170) on port 'imageProjs_local' (../image_analysis.cpp:82->../image_analysis.cpp:170).
Resolution: For help on HLS 200-880 see docs.xilinx.com/access/sources/dita/topic?Doc_Version=2024.2%20English&url=ug1448-hls-guidance&resourceid=200-880.html
WARNING: [HLS 200-880] The II Violation in module 'reconstruct_Pipeline_VITIS_LOOP_152_1' (loop 'VITIS_LOOP_152_1'): Unable to enforce a carried dependence constraint (II = 7, distance = 1, offset = 1) between bus read operation ('imageProjs_local_addr_read_960', ../image_analysis.cpp:82->../image_analysis.cpp:170) on port 'imageProjs_local' (../image_analysis.cpp:82->../image_analysis.cpp:170) and bus read operation ('imageProjs_local_addr_read', ../image_analysis.cpp:82->../image_analysis.cpp:170) on port 'imageProjs_local' (../image_analysis.cpp:82->../image_analysis.cpp:170).
Resolution: For help on HLS 200-880 see docs.xilinx.com/access/sources/dita/topic?Doc_Version=2024.2%20English&url=ug1448-hls-guidance&resourceid=200-880.html
WARNING: [HLS 200-880] The II Violation in module 'reconstruct_Pipeline_VITIS_LOOP_152_1' (loop 'VITIS_LOOP_152_1'): Unable to enforce a carried dependence constraint (II = 132, distance = 1, offset = 1) between bus read operation ('imageProjs_local_addr_read_960', ../image_analysis.cpp:82->../image_analysis.cpp:170) on port 'imageProjs_local' (../image_analysis.cpp:82->../image_analysis.cpp:170) and bus read operation ('imageProjs_local_addr_read', ../image_analysis.cpp:82->../image_analysis.cpp:170) on port 'imageProjs_local' (../image_analysis.cpp:82->../image_analysis.cpp:170).
Resolution: For help on HLS 200-880 see docs.xilinx.com/access/sources/dita/topic?Doc_Version=2024.2%20English&url=ug1448-hls-guidance&resourceid=200-880.html
WARNING: [HLS 200-880] The II Violation in module 'reconstruct_Pipeline_VITIS_LOOP_152_1' (loop 'VITIS_LOOP_152_1'): Unable to enforce a carried dependence constraint (II = 194, distance = 1, offset = 1) between bus read operation ('imageProjs_local_addr_read_960', ../image_analysis.cpp:82->../image_analysis.cpp:170) on port 'imageProjs_local' (../image_analysis.cpp:82->../image_analysis.cpp:170) and bus read operation ('imageProjs_local_addr_read', ../image_analysis.cpp:82->../image_analysis.cpp:170) on port 'imageProjs_local' (../image_analysis.cpp:82->../image_analysis.cpp:170).
Resolution: For help on HLS 200-880 see docs.xilinx.com/access/sources/dita/topic?Doc_Version=2024.2%20English&url=ug1448-hls-guidance&resourceid=200-880.html
WARNING: [HLS 200-880] The II Violation in module 'reconstruct_Pipeline_VITIS_LOOP_152_1' (loop 'VITIS_LOOP_152_1'): Unable to enforce a carried dependence constraint (II = 225, distance = 1, offset = 1) between bus read operation ('imageProjs_local_addr_read_960', ../image_analysis.cpp:82->../image_analysis.cpp:170) on port 'imageProjs_local' (../image_analysis.cpp:82->../image_analysis.cpp:170) and bus read operation ('imageProjs_local_addr_read', ../image_analysis.cpp:82->../image_analysis.cpp:170) on port 'imageProjs_local' (../image_analysis.cpp:82->../image_analysis.cpp:170).
Resolution: For help on HLS 200-880 see docs.xilinx.com/access/sources/dita/topic?Doc_Version=2024.2%20English&url=ug1448-hls-guidance&resourceid=200-880.html
WARNING: [HLS 200-880] The II Violation in module 'reconstruct_Pipeline_VITIS_LOOP_152_1' (loop 'VITIS_LOOP_152_1'): Unable to enforce a carried dependence constraint (II = 241, distance = 1, offset = 1) between bus read operation ('imageProjs_local_addr_read_960', ../image_analysis.cpp:82->../image_analysis.cpp:170) on port 'imageProjs_local' (../image_analysis.cpp:82->../image_analysis.cpp:170) and bus read operation ('imageProjs_local_addr_read', ../image_analysis.cpp:82->../image_analysis.cpp:170) on port 'imageProjs_local' (../image_analysis.cpp:82->../image_analysis.cpp:170).
Resolution: For help on HLS 200-880 see docs.xilinx.com/access/sources/dita/topic?Doc_Version=2024.2%20English&url=ug1448-hls-guidance&resourceid=200-880.html
WARNING: [HLS 200-880] The II Violation in module 'reconstruct_Pipeline_VITIS_LOOP_152_1' (loop 'VITIS_LOOP_152_1'): Unable to enforce a carried dependence constraint (II = 249, distance = 1, offset = 1) between bus read operation ('imageProjs_local_addr_read_960', ../image_analysis.cpp:82->../image_analysis.cpp:170) on port 'imageProjs_local' (../image_analysis.cpp:82->../image_analysis.cpp:170) and bus read operation ('imageProjs_local_addr_read', ../image_analysis.cpp:82->../image_analysis.cpp:170) on port 'imageProjs_local' (../image_analysis.cpp:82->../image_analysis.cpp:170).
Resolution: For help on HLS 200-880 see docs.xilinx.com/access/sources/dita/topic?Doc_Version=2024.2%20English&url=ug1448-hls-guidance&resourceid=200-880.html
WARNING: [HLS 200-880] The II Violation in module 'reconstruct_Pipeline_VITIS_LOOP_152_1' (loop 'VITIS_LOOP_152_1'): Unable to enforce a carried dependence constraint (II = 253, distance = 1, offset = 1) between bus read operation ('imageProjs_local_addr_read_960', ../image_analysis.cpp:82->../image_analysis.cpp:170) on port 'imageProjs_local' (../image_analysis.cpp:82->../image_analysis.cpp:170) and bus read operation ('imageProjs_local_addr_read', ../image_analysis.cpp:82->../image_analysis.cpp:170) on port 'imageProjs_local' (../image_analysis.cpp:82->../image_analysis.cpp:170).
Resolution: For help on HLS 200-880 see docs.xilinx.com/access/sources/dita/topic?Doc_Version=2024.2%20English&url=ug1448-hls-guidance&resourceid=200-880.html
WARNING: [HLS 200-880] The II Violation in module 'reconstruct_Pipeline_VITIS_LOOP_152_1' (loop 'VITIS_LOOP_152_1'): Unable to enforce a carried dependence constraint (II = 255, distance = 1, offset = 1) between bus read operation ('imageProjs_local_addr_read_960', ../image_analysis.cpp:82->../image_analysis.cpp:170) on port 'imageProjs_local' (../image_analysis.cpp:82->../image_analysis.cpp:170) and bus read operation ('imageProjs_local_addr_read', ../image_analysis.cpp:82->../image_analysis.cpp:170) on port 'imageProjs_local' (../image_analysis.cpp:82->../image_analysis.cpp:170).
Resolution: For help on HLS 200-880 see docs.xilinx.com/access/sources/dita/topic?Doc_Version=2024.2%20English&url=ug1448-hls-guidance&resourceid=200-880.html
WARNING: [HLS 200-880] The II Violation in module 'reconstruct_Pipeline_VITIS_LOOP_152_1' (loop 'VITIS_LOOP_152_1'): Unable to enforce a carried dependence constraint (II = 256, distance = 1, offset = 1) between bus read operation ('imageProjs_local_addr_read_960', ../image_analysis.cpp:82->../image_analysis.cpp:170) on port 'imageProjs_local' (../image_analysis.cpp:82->../image_analysis.cpp:170) and bus read operation ('imageProjs_local_addr_read', ../image_analysis.cpp:82->../image_analysis.cpp:170) on port 'imageProjs_local' (../image_analysis.cpp:82->../image_analysis.cpp:170).
Resolution: For help on HLS 200-880 see docs.xilinx.com/access/sources/dita/topic?Doc_Version=2024.2%20English&url=ug1448-hls-guidance&resourceid=200-880.html
INFO: [SCHED 204-61] Unable to satisfy pipeline directive for loop 'VITIS_LOOP_152_1': unable to pipeline.
WARNING: [HLS 200-871] Estimated clock period (13.494 ns) exceeds the target (target clock period: 10.000 ns, clock uncertainty: 2.700 ns, effective delay budget: 7.300 ns).
Resolution: For help on HLS 200-871 see docs.xilinx.com/access/sources/dita/topic?Doc_Version=2024.2%20English&url=ug1448-hls-guidance&resourceid=200-871.html
WARNING: [HLS 200-1016] The critical path in module 'reconstruct_Pipeline_VITIS_LOOP_152_1' consists of the following:
	'fadd' operation 32 bit ('add_30_30_i', ../image_analysis.cpp:106->../image_analysis.cpp:172) [7287]  (6.437 ns)
	'call' operation 0 bit ('_ln173', ../image_analysis.cpp:173) to 'post_process' [7292]  (7.057 ns)

Resolution: For help on HLS 200-1016 see docs.xilinx.com/access/sources/dita/topic?Doc_Version=2024.2%20English&url=ug1448-hls-guidance&resourceid=200-1016.html
INFO: [SCHED 204-11] Finished scheduling.
INFO: [HLS 200-111] Finished Scheduling: CPU user time: 9427 seconds. CPU system time: 567 seconds. Elapsed time: 37141.4 seconds; current allocated memory: 775.293 MB.
INFO: [BIND 205-100] Starting micro-architecture generation ...
INFO: [BIND 205-101] Performing variable lifetime analysis.
INFO: [BIND 205-101] Exploring resource sharing.
INFO: [BIND 205-101] Binding ...
INFO: [BIND 205-100] Finished micro-architecture generation.
INFO: [HLS 200-111] Finished Binding: CPU user time: 53 seconds. CPU system time: 2 seconds. Elapsed time: 55.503 seconds; current allocated memory: 775.293 MB.
INFO: [HLS 200-10] ----------------------------------------------------------------
INFO: [HLS 200-42] -- Implementing module 'reconstruct' 
INFO: [HLS 200-10] ----------------------------------------------------------------
INFO: [SCHED 204-11] Starting scheduling ...
INFO: [SCHED 204-11] Finished scheduling.
INFO: [HLS 200-111] Finished Scheduling: CPU user time: 4 seconds. CPU system time: 0 seconds. Elapsed time: 4.281 seconds; current allocated memory: 775.293 MB.
INFO: [BIND 205-100] Starting micro-architecture generation ...
INFO: [BIND 205-101] Performing variable lifetime analysis.
INFO: [BIND 205-101] Exploring resource sharing.
INFO: [BIND 205-101] Binding ...
INFO: [BIND 205-100] Finished micro-architecture generation.
INFO: [HLS 200-111] Finished Binding: CPU user time: 0 seconds. CPU system time: 0 seconds. Elapsed time: 0.143 seconds; current allocated memory: 775.293 MB.
INFO: [HLS 200-10] ----------------------------------------------------------------
INFO: [HLS 200-10] -- Generating RTL for module 'post_process' 
INFO: [HLS 200-10] ----------------------------------------------------------------
INFO: [HLS 200-1030] Apply Unified Pipeline Control on module 'post_process' pipeline 'post_process' pipeline type 'function pipeline'
INFO: [RTGEN 206-100] Generating core module 'fdiv_32ns_32ns_32_9_no_dsp_1': 1 instance(s).
INFO: [RTGEN 206-100] Generating core module 'fmul_32ns_32ns_32_3_max_dsp_1': 1 instance(s).
INFO: [RTGEN 206-100] Finished creating RTL model for 'post_process'.
INFO: [HLS 200-111] Finished Creating RTL model: CPU user time: 0 seconds. CPU system time: 0 seconds. Elapsed time: 0.38 seconds; current allocated memory: 775.293 MB.
INFO: [HLS 200-10] ----------------------------------------------------------------
INFO: [HLS 200-10] -- Generating RTL for module 'reconstruct_Pipeline_VITIS_LOOP_152_1' 
INFO: [HLS 200-10] ----------------------------------------------------------------
INFO: [RTGEN 206-100] Generating core module 'faddfsub_32ns_32ns_32_4_full_dsp_1': 1 instance(s).
INFO: [RTGEN 206-100] Generating core module 'fmul_32ns_32ns_32_3_max_dsp_1': 2 instance(s).
INFO: [RTGEN 206-100] Generating core module 'fsub_32ns_32ns_32_4_full_dsp_1': 1 instance(s).
INFO: [RTGEN 206-100] Generating core module 'sitofp_32ns_32_4_no_dsp_1': 2 instance(s).
INFO: [RTGEN 206-100] Generating core module 'sparsemux_7_2_32_1_1': 4 instance(s).
INFO: [RTGEN 206-100] Finished creating RTL model for 'reconstruct_Pipeline_VITIS_LOOP_152_1'.
INFO: [HLS 200-2168] Implementing memory 'reconstruct_reconstruct_Pipeline_VITIS_LOOP_152_1_mask_table_ROM_AUTO_1R' using auto ROMs with 2 copies to ensure enough ports to satisfy II or latency constraints.
INFO: [HLS 200-2168] Implementing memory 'reconstruct_reconstruct_Pipeline_VITIS_LOOP_152_1_one_half_table_ROM_AUTO_1R' using auto ROMs with 2 copies to ensure enough ports to satisfy II or latency constraints.
INFO: [RTMG 210-285] Implementing FIFO 'localImages_U(reconstruct_fifo_w256_d4_S)' using Shift Registers.
INFO: [HLS 200-111] Finished Creating RTL model: CPU user time: 86 seconds. CPU system time: 4 seconds. Elapsed time: 90.732 seconds; current allocated memory: 775.293 MB.
INFO: [HLS 200-10] ----------------------------------------------------------------
INFO: [HLS 200-10] -- Generating RTL for module 'reconstruct' 
INFO: [HLS 200-10] ----------------------------------------------------------------
WARNING: [RTGEN 206-101] Design contains AXI ports. Reset is fixed to synchronous and active low.
INFO: [RTGEN 206-500] Setting interface mode on port 'reconstruct/atomLocations' to 'm_axi'.
INFO: [RTGEN 206-500] Setting interface mode on port 'reconstruct/imageProjs_local' to 'm_axi'.
INFO: [RTGEN 206-500] Setting interface mode on port 'reconstruct/imageProjs' to 'm_axi'.
INFO: [RTGEN 206-500] Setting interface mode on port 'reconstruct/imageProjs_local_size_r' to 'm_axi'.
INFO: [RTGEN 206-500] Setting interface mode on port 'reconstruct/fullImage' to 'm_axi'.
INFO: [RTGEN 206-500] Setting interface mode on port 'reconstruct/emissions' to 'm_axi'.
INFO: [RTGEN 206-500] Setting interface mode on port 'reconstruct/atomLocationsSize' to 's_axilite & ap_none'.
INFO: [RTGEN 206-500] Setting interface mode on port 'reconstruct/projShape0' to 's_axilite & ap_none'.
INFO: [RTGEN 206-500] Setting interface mode on port 'reconstruct/projShape1' to 's_axilite & ap_none'.
INFO: [RTGEN 206-500] Setting interface mode on port 'reconstruct/atomLocations_offset' to 's_axilite & ap_none'.
INFO: [RTGEN 206-500] Setting interface mode on port 'reconstruct/psfSupersample' to 's_axilite & ap_none'.
INFO: [RTGEN 206-500] Setting interface mode on port 'reconstruct/imageProjectionSize' to 's_axilite & ap_none'.
INFO: [RTGEN 206-500] Setting interface mode on port 'reconstruct/imageProjs_local_offset' to 's_axilite & ap_none'.
INFO: [RTGEN 206-500] Setting interface mode on port 'reconstruct/imageProjs_offset' to 's_axilite & ap_none'.
INFO: [RTGEN 206-500] Setting interface mode on port 'reconstruct/imageProjs_local_size_offset' to 's_axilite & ap_none'.
INFO: [RTGEN 206-500] Setting interface mode on port 'reconstruct/fullImage_offset' to 's_axilite & ap_none'.
INFO: [RTGEN 206-500] Setting interface mode on port 'reconstruct/fullImage_rows' to 's_axilite & ap_none'.
INFO: [RTGEN 206-500] Setting interface mode on port 'reconstruct/fullImage_cols' to 's_axilite & ap_none'.
INFO: [RTGEN 206-500] Setting interface mode on port 'reconstruct/emissions_offset' to 's_axilite & ap_none'.
INFO: [RTGEN 206-500] Setting interface mode on function 'reconstruct' to 's_axilite & ap_ctrl_hs'.
INFO: [RTGEN 206-100] Bundling port 'atomLocations_offset', 'imageProjs_local_offset', 'imageProjs_offset', 'imageProjs_local_size_offset', 'fullImage_offset', 'emissions_offset' and 'return' to AXI-Lite port control.
INFO: [RTGEN 206-100] Bundling port 'atomLocationsSize', 'projShape0', 'projShape1', 'psfSupersample', 'imageProjectionSize', 'fullImage_rows' and 'fullImage_cols' to AXI-Lite port scalar_data.
WARNING: [RTGEN 206-101] Port 'reconstruct/m_axi_imageProjs_local_size_AWVALID' has no fanin or fanout and is left dangling.
               Please use C simulation to confirm this function argument can be read from or written to.
WARNING: [RTGEN 206-101] Setting dangling out port 'reconstruct/m_axi_imageProjs_local_size_AWVALID' to 0.
WARNING: [RTGEN 206-101] Port 'reconstruct/m_axi_imageProjs_local_size_AWREADY' has no fanin or fanout and is left dangling.
               Please use C simulation to confirm this function argument can be read from or written to.
WARNING: [RTGEN 206-101] Port 'reconstruct/m_axi_imageProjs_local_size_AWADDR' has no fanin or fanout and is left dangling.
               Please use C simulation to confirm this function argument can be read from or written to.
WARNING: [RTGEN 206-101] Setting dangling out port 'reconstruct/m_axi_imageProjs_local_size_AWADDR' to 0.
WARNING: [RTGEN 206-101] Port 'reconstruct/m_axi_imageProjs_local_size_AWID' has no fanin or fanout and is left dangling.
               Please use C simulation to confirm this function argument can be read from or written to.
WARNING: [RTGEN 206-101] Setting dangling out port 'reconstruct/m_axi_imageProjs_local_size_AWID' to 0.
WARNING: [RTGEN 206-101] Port 'reconstruct/m_axi_imageProjs_local_size_AWLEN' has no fanin or fanout and is left dangling.
               Please use C simulation to confirm this function argument can be read from or written to.
WARNING: [RTGEN 206-101] Setting dangling out port 'reconstruct/m_axi_imageProjs_local_size_AWLEN' to 0.
WARNING: [RTGEN 206-101] Port 'reconstruct/m_axi_imageProjs_local_size_AWSIZE' has no fanin or fanout and is left dangling.
               Please use C simulation to confirm this function argument can be read from or written to.
WARNING: [RTGEN 206-101] Setting dangling out port 'reconstruct/m_axi_imageProjs_local_size_AWSIZE' to 0.
WARNING: [RTGEN 206-101] Port 'reconstruct/m_axi_imageProjs_local_size_AWBURST' has no fanin or fanout and is left dangling.
               Please use C simulation to confirm this function argument can be read from or written to.
WARNING: [RTGEN 206-101] Setting dangling out port 'reconstruct/m_axi_imageProjs_local_size_AWBURST' to 0.
WARNING: [RTGEN 206-101] Port 'reconstruct/m_axi_imageProjs_local_size_AWLOCK' has no fanin or fanout and is left dangling.
               Please use C simulation to confirm this function argument can be read from or written to.
WARNING: [RTGEN 206-101] Setting dangling out port 'reconstruct/m_axi_imageProjs_local_size_AWLOCK' to 0.
WARNING: [RTGEN 206-101] Port 'reconstruct/m_axi_imageProjs_local_size_AWCACHE' has no fanin or fanout and is left dangling.
               Please use C simulation to confirm this function argument can be read from or written to.
WARNING: [RTGEN 206-101] Setting dangling out port 'reconstruct/m_axi_imageProjs_local_size_AWCACHE' to 0.
WARNING: [RTGEN 206-101] Port 'reconstruct/m_axi_imageProjs_local_size_AWPROT' has no fanin or fanout and is left dangling.
               Please use C simulation to confirm this function argument can be read from or written to.
WARNING: [RTGEN 206-101] Setting dangling out port 'reconstruct/m_axi_imageProjs_local_size_AWPROT' to 0.
WARNING: [RTGEN 206-101] Port 'reconstruct/m_axi_imageProjs_local_size_AWQOS' has no fanin or fanout and is left dangling.
               Please use C simulation to confirm this function argument can be read from or written to.
WARNING: [RTGEN 206-101] Setting dangling out port 'reconstruct/m_axi_imageProjs_local_size_AWQOS' to 0.
WARNING: [RTGEN 206-101] Port 'reconstruct/m_axi_imageProjs_local_size_AWREGION' has no fanin or fanout and is left dangling.
               Please use C simulation to confirm this function argument can be read from or written to.
WARNING: [RTGEN 206-101] Setting dangling out port 'reconstruct/m_axi_imageProjs_local_size_AWREGION' to 0.
WARNING: [RTGEN 206-101] Port 'reconstruct/m_axi_imageProjs_local_size_AWUSER' has no fanin or fanout and is left dangling.
               Please use C simulation to confirm this function argument can be read from or written to.
WARNING: [RTGEN 206-101] Setting dangling out port 'reconstruct/m_axi_imageProjs_local_size_AWUSER' to 0.
WARNING: [RTGEN 206-101] Port 'reconstruct/m_axi_imageProjs_local_size_WVALID' has no fanin or fanout and is left dangling.
               Please use C simulation to confirm this function argument can be read from or written to.
WARNING: [RTGEN 206-101] Setting dangling out port 'reconstruct/m_axi_imageProjs_local_size_WVALID' to 0.
WARNING: [RTGEN 206-101] Port 'reconstruct/m_axi_imageProjs_local_size_WREADY' has no fanin or fanout and is left dangling.
               Please use C simulation to confirm this function argument can be read from or written to.
WARNING: [RTGEN 206-101] Port 'reconstruct/m_axi_imageProjs_local_size_WDATA' has no fanin or fanout and is left dangling.
               Please use C simulation to confirm this function argument can be read from or written to.
WARNING: [RTGEN 206-101] Setting dangling out port 'reconstruct/m_axi_imageProjs_local_size_WDATA' to 0.
WARNING: [RTGEN 206-101] Port 'reconstruct/m_axi_imageProjs_local_size_WSTRB' has no fanin or fanout and is left dangling.
               Please use C simulation to confirm this function argument can be read from or written to.
WARNING: [RTGEN 206-101] Setting dangling out port 'reconstruct/m_axi_imageProjs_local_size_WSTRB' to 0.
WARNING: [RTGEN 206-101] Port 'reconstruct/m_axi_imageProjs_local_size_WLAST' has no fanin or fanout and is left dangling.
               Please use C simulation to confirm this function argument can be read from or written to.
WARNING: [RTGEN 206-101] Setting dangling out port 'reconstruct/m_axi_imageProjs_local_size_WLAST' to 0.
WARNING: [RTGEN 206-101] Port 'reconstruct/m_axi_imageProjs_local_size_WID' has no fanin or fanout and is left dangling.
               Please use C simulation to confirm this function argument can be read from or written to.
WARNING: [RTGEN 206-101] Setting dangling out port 'reconstruct/m_axi_imageProjs_local_size_WID' to 0.
WARNING: [RTGEN 206-101] Port 'reconstruct/m_axi_imageProjs_local_size_WUSER' has no fanin or fanout and is left dangling.
               Please use C simulation to confirm this function argument can be read from or written to.
WARNING: [RTGEN 206-101] Setting dangling out port 'reconstruct/m_axi_imageProjs_local_size_WUSER' to 0.
WARNING: [RTGEN 206-101] Port 'reconstruct/m_axi_imageProjs_local_size_ARVALID' has no fanin or fanout and is left dangling.
               Please use C simulation to confirm this function argument can be read from or written to.
WARNING: [RTGEN 206-101] Setting dangling out port 'reconstruct/m_axi_imageProjs_local_size_ARVALID' to 0.
WARNING: [RTGEN 206-101] Port 'reconstruct/m_axi_imageProjs_local_size_ARREADY' has no fanin or fanout and is left dangling.
               Please use C simulation to confirm this function argument can be read from or written to.
WARNING: [RTGEN 206-101] Port 'reconstruct/m_axi_imageProjs_local_size_ARADDR' has no fanin or fanout and is left dangling.
               Please use C simulation to confirm this function argument can be read from or written to.
WARNING: [RTGEN 206-101] Setting dangling out port 'reconstruct/m_axi_imageProjs_local_size_ARADDR' to 0.
WARNING: [RTGEN 206-101] Port 'reconstruct/m_axi_imageProjs_local_size_ARID' has no fanin or fanout and is left dangling.
               Please use C simulation to confirm this function argument can be read from or written to.
WARNING: [RTGEN 206-101] Setting dangling out port 'reconstruct/m_axi_imageProjs_local_size_ARID' to 0.
WARNING: [RTGEN 206-101] Port 'reconstruct/m_axi_imageProjs_local_size_ARLEN' has no fanin or fanout and is left dangling.
               Please use C simulation to confirm this function argument can be read from or written to.
WARNING: [RTGEN 206-101] Setting dangling out port 'reconstruct/m_axi_imageProjs_local_size_ARLEN' to 0.
WARNING: [RTGEN 206-101] Port 'reconstruct/m_axi_imageProjs_local_size_ARSIZE' has no fanin or fanout and is left dangling.
               Please use C simulation to confirm this function argument can be read from or written to.
WARNING: [RTGEN 206-101] Setting dangling out port 'reconstruct/m_axi_imageProjs_local_size_ARSIZE' to 0.
WARNING: [RTGEN 206-101] Port 'reconstruct/m_axi_imageProjs_local_size_ARBURST' has no fanin or fanout and is left dangling.
               Please use C simulation to confirm this function argument can be read from or written to.
WARNING: [RTGEN 206-101] Setting dangling out port 'reconstruct/m_axi_imageProjs_local_size_ARBURST' to 0.
WARNING: [RTGEN 206-101] Port 'reconstruct/m_axi_imageProjs_local_size_ARLOCK' has no fanin or fanout and is left dangling.
               Please use C simulation to confirm this function argument can be read from or written to.
WARNING: [RTGEN 206-101] Setting dangling out port 'reconstruct/m_axi_imageProjs_local_size_ARLOCK' to 0.
WARNING: [RTGEN 206-101] Port 'reconstruct/m_axi_imageProjs_local_size_ARCACHE' has no fanin or fanout and is left dangling.
               Please use C simulation to confirm this function argument can be read from or written to.
WARNING: [RTGEN 206-101] Setting dangling out port 'reconstruct/m_axi_imageProjs_local_size_ARCACHE' to 0.
WARNING: [RTGEN 206-101] Port 'reconstruct/m_axi_imageProjs_local_size_ARPROT' has no fanin or fanout and is left dangling.
               Please use C simulation to confirm this function argument can be read from or written to.
WARNING: [RTGEN 206-101] Setting dangling out port 'reconstruct/m_axi_imageProjs_local_size_ARPROT' to 0.
WARNING: [RTGEN 206-101] Port 'reconstruct/m_axi_imageProjs_local_size_ARQOS' has no fanin or fanout and is left dangling.
               Please use C simulation to confirm this function argument can be read from or written to.
WARNING: [RTGEN 206-101] Setting dangling out port 'reconstruct/m_axi_imageProjs_local_size_ARQOS' to 0.
WARNING: [RTGEN 206-101] Port 'reconstruct/m_axi_imageProjs_local_size_ARREGION' has no fanin or fanout and is left dangling.
               Please use C simulation to confirm this function argument can be read from or written to.
WARNING: [RTGEN 206-101] Setting dangling out port 'reconstruct/m_axi_imageProjs_local_size_ARREGION' to 0.
WARNING: [RTGEN 206-101] Port 'reconstruct/m_axi_imageProjs_local_size_ARUSER' has no fanin or fanout and is left dangling.
               Please use C simulation to confirm this function argument can be read from or written to.
WARNING: [RTGEN 206-101] Setting dangling out port 'reconstruct/m_axi_imageProjs_local_size_ARUSER' to 0.
WARNING: [RTGEN 206-101] Port 'reconstruct/m_axi_imageProjs_local_size_RVALID' has no fanin or fanout and is left dangling.
               Please use C simulation to confirm this function argument can be read from or written to.
WARNING: [RTGEN 206-101] Port 'reconstruct/m_axi_imageProjs_local_size_RREADY' has no fanin or fanout and is left dangling.
               Please use C simulation to confirm this function argument can be read from or written to.
WARNING: [RTGEN 206-101] Setting dangling out port 'reconstruct/m_axi_imageProjs_local_size_RREADY' to 0.
WARNING: [RTGEN 206-101] Port 'reconstruct/m_axi_imageProjs_local_size_RDATA' has no fanin or fanout and is left dangling.
               Please use C simulation to confirm this function argument can be read from or written to.
WARNING: [RTGEN 206-101] Port 'reconstruct/m_axi_imageProjs_local_size_RLAST' has no fanin or fanout and is left dangling.
               Please use C simulation to confirm this function argument can be read from or written to.
WARNING: [RTGEN 206-101] Port 'reconstruct/m_axi_imageProjs_local_size_RID' has no fanin or fanout and is left dangling.
               Please use C simulation to confirm this function argument can be read from or written to.
WARNING: [RTGEN 206-101] Port 'reconstruct/m_axi_imageProjs_local_size_RUSER' has no fanin or fanout and is left dangling.
               Please use C simulation to confirm this function argument can be read from or written to.
WARNING: [RTGEN 206-101] Port 'reconstruct/m_axi_imageProjs_local_size_RRESP' has no fanin or fanout and is left dangling.
               Please use C simulation to confirm this function argument can be read from or written to.
WARNING: [RTGEN 206-101] Port 'reconstruct/m_axi_imageProjs_local_size_BVALID' has no fanin or fanout and is left dangling.
               Please use C simulation to confirm this function argument can be read from or written to.
WARNING: [RTGEN 206-101] Port 'reconstruct/m_axi_imageProjs_local_size_BREADY' has no fanin or fanout and is left dangling.
               Please use C simulation to confirm this function argument can be read from or written to.
WARNING: [RTGEN 206-101] Setting dangling out port 'reconstruct/m_axi_imageProjs_local_size_BREADY' to 0.
WARNING: [RTGEN 206-101] Port 'reconstruct/m_axi_imageProjs_local_size_BRESP' has no fanin or fanout and is left dangling.
               Please use C simulation to confirm this function argument can be read from or written to.
WARNING: [RTGEN 206-101] Port 'reconstruct/m_axi_imageProjs_local_size_BID' has no fanin or fanout and is left dangling.
               Please use C simulation to confirm this function argument can be read from or written to.
WARNING: [RTGEN 206-101] Port 'reconstruct/m_axi_imageProjs_local_size_BUSER' has no fanin or fanout and is left dangling.
               Please use C simulation to confirm this function argument can be read from or written to.
INFO: [RTGEN 206-100] Generating core module 'sitofp_32ns_32_4_no_dsp_1': 1 instance(s).
INFO: [RTGEN 206-100] Finished creating RTL model for 'reconstruct'.
INFO: [HLS 200-111] Finished Creating RTL model: CPU user time: 15 seconds. CPU system time: 7 seconds. Elapsed time: 26.891 seconds; current allocated memory: 832.195 MB.
INFO: [HLS 200-111] Finished Generating all RTL models: CPU user time: 1 seconds. CPU system time: 0 seconds. Elapsed time: 1.952 seconds; current allocated memory: 841.707 MB.
INFO: [HLS 200-1603] Design has inferred MAXI bursts and missed bursts, see Vitis HLS GUI synthesis summary report for detailed information.
INFO: [HLS 200-111] Finished Updating report files: CPU user time: 6 seconds. CPU system time: 1 seconds. Elapsed time: 8.532 seconds; current allocated memory: 974.383 MB.
INFO: [VHDL 208-304] Generating VHDL RTL for reconstruct.
INFO: [VLOG 209-307] Generating Verilog RTL for reconstruct.
INFO: [HLS 200-790] **** Loop Constraint Status: All loop constraints were satisfied.
INFO: [HLS 200-789] **** Estimated Fmax: 74.11 MHz
INFO: [HLS 200-112] Total CPU user time: 9622 seconds. Total CPU system time: 585 seconds. Total elapsed time: 37524.7 seconds; peak allocated memory: 974.383 MB.
INFO: [v++ 60-791] Total elapsed time: 10h 25m 33s
