  **** HLS Build v2024.2 5238294
INFO: [HLS 200-2005] Using work_dir F:/LMU/quantumMA/opimization/reconstructv1maxi/hls_component/reconstruct 
INFO: [HLS 200-1505] Using default flow_target 'vivado'
Resolution: For help on HLS 200-1505 see docs.xilinx.com/access/sources/dita/topic?Doc_Version=2024.2%20English&url=ug1448-hls-guidance&resourceid=200-1505.html
INFO: [HLS 200-1465] Applying ini 'syn.file=F:/LMU/quantumMA/opimization/reconstructv1maxi/image_analysis.cpp' from F:/LMU/quantumMA/opimization/reconstructv1maxi/hls_component/hls_config.cfg(13)
INFO: [HLS 200-10] Adding design file 'F:/LMU/quantumMA/opimization/reconstructv1maxi/image_analysis.cpp' to the project
INFO: [HLS 200-1465] Applying ini 'syn.file=F:/LMU/quantumMA/opimization/reconstructv1maxi/image_analysis.hpp' from F:/LMU/quantumMA/opimization/reconstructv1maxi/hls_component/hls_config.cfg(14)
INFO: [HLS 200-10] Adding design file 'F:/LMU/quantumMA/opimization/reconstructv1maxi/image_analysis.hpp' to the project
INFO: [HLS 200-1465] Applying ini 'tb.file=F:/LMU/quantumMA/naia/reconstructv1/imagTransform/restoutput.txt' from F:/LMU/quantumMA/opimization/reconstructv1maxi/hls_component/hls_config.cfg(8)
INFO: [HLS 200-10] Adding test bench file 'F:/LMU/quantumMA/naia/reconstructv1/imagTransform/restoutput.txt' to the project
INFO: [HLS 200-1465] Applying ini 'tb.file=F:/LMU/quantumMA/naia/reconstructv1/imagTransform/fullImage_output.txt' from F:/LMU/quantumMA/opimization/reconstructv1maxi/hls_component/hls_config.cfg(9)
INFO: [HLS 200-10] Adding test bench file 'F:/LMU/quantumMA/naia/reconstructv1/imagTransform/fullImage_output.txt' to the project
INFO: [HLS 200-1465] Applying ini 'tb.file=F:/LMU/quantumMA/opimization/reconstructv1maxi/test.cpp' from F:/LMU/quantumMA/opimization/reconstructv1maxi/hls_component/hls_config.cfg(10)
INFO: [HLS 200-10] Adding test bench file 'F:/LMU/quantumMA/opimization/reconstructv1maxi/test.cpp' to the project
INFO: [HLS 200-1465] Applying ini 'syn.top=reconstruct' from F:/LMU/quantumMA/opimization/reconstructv1maxi/hls_component/hls_config.cfg(7)
INFO: [HLS 200-1465] Applying ini 'flow_target=vivado' from F:/LMU/quantumMA/opimization/reconstructv1maxi/hls_component/hls_config.cfg(4)
INFO: [HLS 200-1505] Using flow_target 'vivado'
Resolution: For help on HLS 200-1505 see docs.xilinx.com/access/sources/dita/topic?Doc_Version=2024.2%20English&url=ug1448-hls-guidance&resourceid=200-1505.html
INFO: [HLS 200-1465] Applying ini 'part=xc7z020clg400-1' from F:/LMU/quantumMA/opimization/reconstructv1maxi/hls_component/hls_config.cfg(1)
INFO: [HLS 200-1611] Setting target device to 'xc7z020-clg400-1'
INFO: [HLS 200-1465] Applying ini 'csim.clean=1' from F:/LMU/quantumMA/opimization/reconstructv1maxi/hls_component/hls_config.cfg(11)
INFO: [HLS 200-1465] Applying ini 'csim.code_analyzer=1' from F:/LMU/quantumMA/opimization/reconstructv1maxi/hls_component/hls_config.cfg(12)
INFO: [HLS 200-1465] Applying ini 'package.output.format=ip_catalog' from F:/LMU/quantumMA/opimization/reconstructv1maxi/hls_component/hls_config.cfg(5)
INFO: [SIM 211-200] Executing Code Analyzer instead of classic HLS C simulation
INFO: [SIM 211-200] Cleaning
slxcmd:0:0: info: [ Cleaned build and execution files ]
INFO: [HLS 211-200] Compiling source code ../image_analysis.cpp as hardware code with instrumentation
INFO: [HLS 211-200] Compiling source code F:/LMU/quantumMA/opimization/reconstructv1maxi/test.cpp as test bench code with instrumentation
INFO: [HLS 211-200] Compiling source code ../image_analysis.cpp as test bench code with instrumentation
../image_analysis.cpp:148:98: warning: unexpected pragma parameter 'storage_type' [-Winvalid-hls-pragmas]
#pragma HLS INTERFACE port=atomLocations mode=m_axi bundle=atomLocations depth=1000 storage_type=RAM_2P // 
                                                                                                 ^
1 warning generated.
../image_analysis.cpp:148:98: warning: unexpected pragma parameter 'storage_type' [-Winvalid-hls-pragmas]
#pragma HLS INTERFACE port=atomLocations mode=m_axi bundle=atomLocations depth=1000 storage_type=RAM_2P // 
                                                                                                 ^
1 warning generated.
INFO: [HLS 211-200] Linking hardware code
INFO: [HLS 211-200] Transforming hardware bitcode
INFO: [HLS 211-200] Linking executable
INFO: [HLS 211-200] Computing HLS IR Information
INFO: [HLS 211-200] Determining source code dependencies
INFO: [SIM 211-200] Running executable
sum 22435.2 imageProjs 112.119 projSumUsed 112.119
sum 22435.2 imageProjs 112.119 projSumUsed 112.119
sum 22435.2 imageProjs 112.119 projSumUsed 112.119
sum 22435.2 imageProjs 112.119 projSumUsed 112.119
sum 22435.2 imageProjs 112.119 projSumUsed 112.119
sum 22435.2 imageProjs 112.119 projSumUsed 112.119
sum 22435.2 imageProjs 112.119 projSumUsed 112.119
sum 22435.2 imageProjs 112.119 projSumUsed 112.119
sum 22435.2 imageProjs 112.119 projSumUsed 112.119
sum 22435.2 imageProjs 112.119 projSumUsed 112.119
sum 22435.2 imageProjs 112.119 projSumUsed 112.119
sum 22435.2 imageProjs 112.119 projSumUsed 112.119
sum 22435.2 imageProjs 112.119 projSumUsed 112.119
sum 22435.2 imageProjs 112.119 projSumUsed 112.119
sum 22435.2 imageProjs 112.119 projSumUsed 112.119
sum 22435.2 imageProjs 112.119 projSumUsed 112.119
sum 22435.2 imageProjs 112.119 projSumUsed 112.119
sum 22435.2 imageProjs 112.119 projSumUsed 112.119
sum 22435.2 imageProjs 112.119 projSumUsed 112.119
sum 22435.2 imageProjs 112.119 projSumUsed 112.119
sum 22435.2 imageProjs 112.119 projSumUsed 112.119
sum 22435.2 imageProjs 112.119 projSumUsed 112.119
sum 22435.2 imageProjs 112.119 projSumUsed 112.119
sum 22435.2 imageProjs 112.119 projSumUsed 112.119
sum 22435.2 imageProjs 112.119 projSumUsed 112.119
sum 22435.2 imageProjs 112.119 projSumUsed 112.119
sum 22435.2 imageProjs 112.119 projSumUsed 112.119
sum 22435.2 imageProjs 112.119 projSumUsed 112.119
sum 22435.2 imageProjs 112.119 projSumUsed 112.119
sum 22435.2 imageProjs 112.119 projSumUsed 112.119
sum 22435.2 imageProjs 112.119 projSumUsed 112.119
sum 22435.2 imageProjs 112.119 projSumUsed 112.119
sum 22435.2 imageProjs 112.119 projSumUsed 112.119
sum 22435.2 imageProjs 112.119 projSumUsed 112.119
sum 22435.2 imageProjs 112.119 projSumUsed 112.119
sum 22435.2 imageProjs 112.119 projSumUsed 112.119
sum 22435.2 imageProjs 112.119 projSumUsed 112.119
sum 22435.2 imageProjs 112.119 projSumUsed 112.119
sum 22435.2 imageProjs 112.119 projSumUsed 112.119
sum 22435.2 imageProjs 112.119 projSumUsed 112.119
sum 22435.2 imageProjs 112.119 projSumUsed 112.119
sum 22435.2 imageProjs 112.119 projSumUsed 112.119
sum 22435.2 imageProjs 112.119 projSumUsed 112.119
sum 22435.2 imageProjs 112.119 projSumUsed 112.119
sum 22435.2 imageProjs 112.119 projSumUsed 112.119
sum 22435.2 imageProjs 112.119 projSumUsed 112.119
sum 22435.2 imageProjs 112.119 projSumUsed 112.119
sum 22435.2 imageProjs 112.119 projSumUsed 112.119
sum 22435.2 imageProjs 112.119 projSumUsed 112.119
sum 22435.2 imageProjs 112.119 projSumUsed 112.119
sum 22435.2 imageProjs 112.119 projSumUsed 112.119
sum 22435.2 imageProjs 112.119 projSumUsed 112.119
sum 22435.2 imageProjs 112.119 projSumUsed 112.119
sum 22435.2 imageProjs 112.119 projSumUsed 112.119
sum 22435.2 imageProjs 112.119 projSumUsed 112.119
sum 22435.2 imageProjs 112.119 projSumUsed 112.119
sum 22435.2 imageProjs 112.119 projSumUsed 112.119
sum 22435.2 imageProjs 112.119 projSumUsed 112.119
sum 22435.2 imageProjs 112.119 projSumUsed 112.119
sum 22435.2 imageProjs 112.119 projSumUsed 112.119
sum 22435.2 imageProjs 112.119 projSumUsed 112.119
sum 22435.2 imageProjs 112.119 projSumUsed 112.119
sum 22435.2 imageProjs 112.119 projSumUsed 112.119
sum 22435.2 imageProjs 112.119 projSumUsed 112.119
sum 22435.2 imageProjs 112.119 projSumUsed 112.119
sum 22435.2 imageProjs 112.119 projSumUsed 112.119
sum 22435.2 imageProjs 112.119 projSumUsed 112.119
sum 22435.2 imageProjs 112.119 projSumUsed 112.119
sum 22435.2 imageProjs 112.119 projSumUsed 112.119
sum 22435.2 imageProjs 112.119 projSumUsed 112.119
sum 22435.2 imageProjs 112.119 projSumUsed 112.119
sum 22435.2 imageProjs 112.119 projSumUsed 112.119
sum 22435.2 imageProjs 112.119 projSumUsed 112.119
sum 22435.2 imageProjs 112.119 projSumUsed 112.119
sum 22435.2 imageProjs 112.119 projSumUsed 112.119
sum 22435.2 imageProjs 112.119 projSumUsed 112.119
sum 22435.2 imageProjs 112.119 projSumUsed 112.119
sum 22435.2 imageProjs 112.119 projSumUsed 112.119
sum 22435.2 imageProjs 112.119 projSumUsed 112.119
sum 22435.2 imageProjs 112.119 projSumUsed 112.119
sum 22435.2 imageProjs 112.119 projSumUsed 112.119
sum 22435.2 imageProjs 112.119 projSumUsed 112.119
sum 22435.2 imageProjs 112.119 projSumUsed 112.119
sum 22435.2 imageProjs 112.119 projSumUsed 112.119
sum 22435.2 imageProjs 112.119 projSumUsed 112.119
sum 22435.2 imageProjs 112.119 projSumUsed 112.119
sum 22435.2 imageProjs 112.119 projSumUsed 112.119
sum 22435.2 imageProjs 112.119 projSumUsed 112.119
sum 22435.2 imageProjs 112.119 projSumUsed 112.119
sum 22435.2 imageProjs 112.119 projSumUsed 112.119
sum 22435.2 imageProjs 112.119 projSumUsed 112.119
sum 22435.2 imageProjs 112.119 projSumUsed 112.119
sum 22435.2 imageProjs 112.119 projSumUsed 112.119
sum 22435.2 imageProjs 112.119 projSumUsed 112.119
sum 22435.2 imageProjs 112.119 projSumUsed 112.119
sum 22435.2 imageProjs 112.119 projSumUsed 112.119
sum 22435.2 imageProjs 112.119 projSumUsed 112.119
sum 22435.2 imageProjs 112.119 projSumUsed 112.119
sum 22435.2 imageProjs 112.119 projSumUsed 112.119
sum 22435.2 imageProjs 112.119 projSumUsed 112.119
emissions: 22435.2|22435.2|22435.2|22435.2|22435.2|22435.2|22435.2|22435.2|22435.2|22435.2|22435.2|22435.2|22435.2|22435.2|22435.2|22435.2|22435.2|22435.2|22435.2|22435.2|22435.2|22435.2|22435.2|22435.2|22435.2|22435.2|22435.2|22435.2|22435.2|22435.2|22435.2|22435.2|22435.2|22435.2|22435.2|22435.2|22435.2|22435.2|22435.2|22435.2|22435.2|22435.2|22435.2|22435.2|22435.2|22435.2|22435.2|22435.2|22435.2|22435.2|22435.2|22435.2|22435.2|22435.2|22435.2|22435.2|22435.2|22435.2|22435.2|22435.2|22435.2|22435.2|22435.2|22435.2|22435.2|22435.2|22435.2|22435.2|22435.2|22435.2|22435.2|22435.2|22435.2|22435.2|22435.2|22435.2|22435.2|22435.2|22435.2|22435.2|22435.2|22435.2|22435.2|22435.2|22435.2|22435.2|22435.2|22435.2|22435.2|22435.2|22435.2|22435.2|22435.2|22435.2|22435.2|22435.2|22435.2|22435.2|22435.2|22435.2|
INFO: [SIM 211-200] Analyzing trace data
INFO: [SIM 211-208] Running Code Analyzer
WARNING: [HLS 211-200] Invalid pragma detected: Code Analyzer will not display the impact of 'pipeline' (F:\LMU\quantumMA\opimization\reconstructv1maxi\image_analysis.cpp:85:1) as loop pipeline pragma is only valid if:
- All the subloops of the loop to be pipelined can be fully unrolled
- All the subloops are perfectly nested in the loop to be pipelined.
WARNING: [HLS 211-200] Code Analyzer will not display the impact of 'array_partition' (F:\LMU\quantumMA\opimization\reconstructv1maxi\image_analysis.cpp:14:5) as the variable is unused
WARNING: [SIM 211-200] F:/LMU/quantumMA/opimization/reconstructv1maxi/hls_component\../image_analysis.cpp:84:5: the dynamic loop had a trip count of min=100 max=100 during C simulation. (#pragma HLS loop_tripcount min=100 max=100)
WARNING: [SIM 211-200] F:/LMU/quantumMA/opimization/reconstructv1maxi/hls_component\../image_analysis.cpp:103:9: the dynamic loop had a trip count of min=31 max=31 during C simulation. (#pragma HLS loop_tripcount min=31 max=31)
WARNING: [SIM 211-200] F:/LMU/quantumMA/opimization/reconstructv1maxi/hls_component\../image_analysis.cpp:110:13: the dynamic loop had a trip count of min=31 max=31 during C simulation. (#pragma HLS loop_tripcount min=31 max=31)
INFO: [SIM 211-210] Code Analyzer finished
INFO: [HLS 200-112] Total CPU user time: 5 seconds. Total CPU system time: 1 seconds. Total elapsed time: 23.177 seconds; peak allocated memory: 620.125 MB.
INFO: [vitis-run 60-791] Total elapsed time: 0h 0m 30s
