  **** HLS Build v2024.2 5238294
INFO: [HLS 200-2005] Using work_dir F:/LMU/quantumMA/opimization/reconstructv1maxi/hls_component/reconstruct 
INFO: [HLS 200-1505] Using default flow_target 'vivado'
Resolution: For help on HLS 200-1505 see docs.xilinx.com/access/sources/dita/topic?Doc_Version=2024.2%20English&url=ug1448-hls-guidance&resourceid=200-1505.html
INFO: [HLS 200-1465] Applying ini 'syn.file=F:/LMU/quantumMA/opimization/reconstructv1maxi/image_analysis.cpp' from F:/LMU/quantumMA/opimization/reconstructv1maxi/hls_component/hls_config.cfg(13)
INFO: [HLS 200-10] Adding design file 'F:/LMU/quantumMA/opimization/reconstructv1maxi/image_analysis.cpp' to the project
INFO: [HLS 200-1465] Applying ini 'syn.file=F:/LMU/quantumMA/opimization/reconstructv1maxi/image_analysis.hpp' from F:/LMU/quantumMA/opimization/reconstructv1maxi/hls_component/hls_config.cfg(14)
INFO: [HLS 200-10] Adding design file 'F:/LMU/quantumMA/opimization/reconstructv1maxi/image_analysis.hpp' to the project
INFO: [HLS 200-1465] Applying ini 'tb.file=F:/LMU/quantumMA/naia/reconstructv1/imagTransform/restoutput.txt' from F:/LMU/quantumMA/opimization/reconstructv1maxi/hls_component/hls_config.cfg(8)
INFO: [HLS 200-10] Adding test bench file 'F:/LMU/quantumMA/naia/reconstructv1/imagTransform/restoutput.txt' to the project
INFO: [HLS 200-1465] Applying ini 'tb.file=F:/LMU/quantumMA/naia/reconstructv1/imagTransform/fullImage_output.txt' from F:/LMU/quantumMA/opimization/reconstructv1maxi/hls_component/hls_config.cfg(9)
INFO: [HLS 200-10] Adding test bench file 'F:/LMU/quantumMA/naia/reconstructv1/imagTransform/fullImage_output.txt' to the project
INFO: [HLS 200-1465] Applying ini 'tb.file=F:/LMU/quantumMA/opimization/reconstructv1maxi/test.cpp' from F:/LMU/quantumMA/opimization/reconstructv1maxi/hls_component/hls_config.cfg(10)
INFO: [HLS 200-10] Adding test bench file 'F:/LMU/quantumMA/opimization/reconstructv1maxi/test.cpp' to the project
INFO: [HLS 200-1465] Applying ini 'syn.top=reconstruct' from F:/LMU/quantumMA/opimization/reconstructv1maxi/hls_component/hls_config.cfg(7)
INFO: [HLS 200-1465] Applying ini 'flow_target=vivado' from F:/LMU/quantumMA/opimization/reconstructv1maxi/hls_component/hls_config.cfg(4)
INFO: [HLS 200-1505] Using flow_target 'vivado'
Resolution: For help on HLS 200-1505 see docs.xilinx.com/access/sources/dita/topic?Doc_Version=2024.2%20English&url=ug1448-hls-guidance&resourceid=200-1505.html
INFO: [HLS 200-1465] Applying ini 'part=xczu7ev-ffvc1156-2-e' from F:/LMU/quantumMA/opimization/reconstructv1maxi/hls_component/hls_config.cfg(1)
INFO: [HLS 200-1611] Setting target device to 'xczu7ev-ffvc1156-2-e'
INFO: [HLS 200-1465] Applying ini 'csim.clean=1' from F:/LMU/quantumMA/opimization/reconstructv1maxi/hls_component/hls_config.cfg(11)
INFO: [HLS 200-1465] Applying ini 'csim.code_analyzer=1' from F:/LMU/quantumMA/opimization/reconstructv1maxi/hls_component/hls_config.cfg(12)
INFO: [HLS 200-1465] Applying ini 'package.output.format=ip_catalog' from F:/LMU/quantumMA/opimization/reconstructv1maxi/hls_component/hls_config.cfg(5)
INFO: [HLS 200-111] Finished File checks and directory preparation: CPU user time: 8 seconds. CPU system time: 2 seconds. Elapsed time: 9.392 seconds; current allocated memory: 619.395 MB.
INFO: [HLS 200-10] Analyzing design file '../image_analysis.cpp' ... 
WARNING: [HLS 207-5560] The 'enable_flush' option of the 'HLS pipeline' directive or pragma is deprecated, use style=flp instead (../image_analysis.cpp:68:39)
WARNING: [HLS 207-5569] unexpected pragma parameter 'storage_type' (../image_analysis.cpp:207:98)
INFO: [HLS 200-111] Finished Source Code Analysis and Preprocessing: CPU user time: 0 seconds. CPU system time: 0 seconds. Elapsed time: 6.235 seconds; current allocated memory: 622.297 MB.
INFO: [HLS 200-777] Using interface defaults for 'Vivado' flow target.
INFO: [HLS 200-1995] There were 19,440 instructions in the design after the 'Compile/Link' phase of compilation. See the Design Size Report for more details: F:/LMU/quantumMA/opimization/reconstructv1maxi/hls_component/reconstruct/hls/syn/report/csynth_design_size.rpt
INFO: [HLS 200-1995] There were 5,413 instructions in the design after the 'Unroll/Inline (step 1)' phase of compilation. See the Design Size Report for more details: F:/LMU/quantumMA/opimization/reconstructv1maxi/hls_component/reconstruct/hls/syn/report/csynth_design_size.rpt
INFO: [HLS 200-1995] There were 4,827 instructions in the design after the 'Unroll/Inline (step 2)' phase of compilation. See the Design Size Report for more details: F:/LMU/quantumMA/opimization/reconstructv1maxi/hls_component/reconstruct/hls/syn/report/csynth_design_size.rpt
INFO: [HLS 200-1995] There were 911 instructions in the design after the 'Unroll/Inline (step 3)' phase of compilation. See the Design Size Report for more details: F:/LMU/quantumMA/opimization/reconstructv1maxi/hls_component/reconstruct/hls/syn/report/csynth_design_size.rpt
INFO: [HLS 200-1995] There were 423 instructions in the design after the 'Unroll/Inline (step 4)' phase of compilation. See the Design Size Report for more details: F:/LMU/quantumMA/opimization/reconstructv1maxi/hls_component/reconstruct/hls/syn/report/csynth_design_size.rpt
INFO: [HLS 200-1995] There were 1,218 instructions in the design after the 'Array/Struct (step 1)' phase of compilation. See the Design Size Report for more details: F:/LMU/quantumMA/opimization/reconstructv1maxi/hls_component/reconstruct/hls/syn/report/csynth_design_size.rpt
INFO: [HLS 200-1995] There were 1,114 instructions in the design after the 'Array/Struct (step 2)' phase of compilation. See the Design Size Report for more details: F:/LMU/quantumMA/opimization/reconstructv1maxi/hls_component/reconstruct/hls/syn/report/csynth_design_size.rpt
INFO: [HLS 200-1995] There were 1,122 instructions in the design after the 'Array/Struct (step 3)' phase of compilation. See the Design Size Report for more details: F:/LMU/quantumMA/opimization/reconstructv1maxi/hls_component/reconstruct/hls/syn/report/csynth_design_size.rpt
INFO: [HLS 200-1995] There were 1,176 instructions in the design after the 'Array/Struct (step 4)' phase of compilation. See the Design Size Report for more details: F:/LMU/quantumMA/opimization/reconstructv1maxi/hls_component/reconstruct/hls/syn/report/csynth_design_size.rpt
INFO: [HLS 200-1995] There were 1,381 instructions in the design after the 'Array/Struct (step 5)' phase of compilation. See the Design Size Report for more details: F:/LMU/quantumMA/opimization/reconstructv1maxi/hls_component/reconstruct/hls/syn/report/csynth_design_size.rpt
INFO: [HLS 200-1995] There were 1,381 instructions in the design after the 'Performance (step 1)' phase of compilation. See the Design Size Report for more details: F:/LMU/quantumMA/opimization/reconstructv1maxi/hls_component/reconstruct/hls/syn/report/csynth_design_size.rpt
INFO: [HLS 200-1995] There were 1,176 instructions in the design after the 'Performance (step 2)' phase of compilation. See the Design Size Report for more details: F:/LMU/quantumMA/opimization/reconstructv1maxi/hls_component/reconstruct/hls/syn/report/csynth_design_size.rpt
INFO: [HLS 200-1995] There were 1,171 instructions in the design after the 'Performance (step 3)' phase of compilation. See the Design Size Report for more details: F:/LMU/quantumMA/opimization/reconstructv1maxi/hls_component/reconstruct/hls/syn/report/csynth_design_size.rpt
INFO: [HLS 200-1995] There were 1,171 instructions in the design after the 'Performance (step 4)' phase of compilation. See the Design Size Report for more details: F:/LMU/quantumMA/opimization/reconstructv1maxi/hls_component/reconstruct/hls/syn/report/csynth_design_size.rpt
INFO: [HLS 200-1995] There were 1,201 instructions in the design after the 'HW Transforms (step 1)' phase of compilation. See the Design Size Report for more details: F:/LMU/quantumMA/opimization/reconstructv1maxi/hls_component/reconstruct/hls/syn/report/csynth_design_size.rpt
INFO: [HLS 200-1995] There were 1,027 instructions in the design after the 'HW Transforms (step 2)' phase of compilation. See the Design Size Report for more details: F:/LMU/quantumMA/opimization/reconstructv1maxi/hls_component/reconstruct/hls/syn/report/csynth_design_size.rpt
INFO: [HLS 214-291] Loop 'VITIS_LOOP_173_4' is marked as complete unroll implied by the pipeline pragma (../image_analysis.cpp:173:31)
INFO: [HLS 214-291] Loop 'VITIS_LOOP_175_5' is marked as complete unroll implied by the pipeline pragma (../image_analysis.cpp:175:20)
INFO: [HLS 214-291] Loop 'VITIS_LOOP_129_2' is marked as complete unroll implied by the pipeline pragma (../image_analysis.cpp:129:31)
INFO: [HLS 214-291] Loop 'VITIS_LOOP_138_3' is marked as complete unroll implied by the pipeline pragma (../image_analysis.cpp:138:35)
INFO: [HLS 214-291] Loop 'VITIS_LOOP_69_1' is marked as complete unroll implied by the pipeline pragma (../image_analysis.cpp:69:19)
INFO: [HLS 214-291] Loop 'anonymous' is marked as complete unroll implied by the pipeline pragma
INFO: [HLS 214-186] Unrolling loop 'anonymous' () in function 'applyProjectors' completely with a factor of 1 (../image_analysis.cpp:58:0)
INFO: [HLS 214-178] Inlining function 'fp_struct<float>::data() const (.7.28.38.47.58)' into 'fp_struct<float>::to_float() const (.25.35.44.55)' (C:\scratch\2024.2\hls_product\495\2024.2\src\shared\hls\clib/src/hls\utils/x_hls_utils.h:322:0)
INFO: [HLS 214-178] Inlining function 'fp_struct<float>::to_float() const (.25.35.44.55)' into 'fp_struct<float>::to_ieee() const' (C:\scratch\2024.2\hls_product\495\2024.2\src\shared\hls\clib/src/hls\utils/x_hls_utils.h:346:0)
INFO: [HLS 214-178] Inlining function 'fp_struct<float>::fp_struct(float)' into 'float generic_copysign<float>(float, float)' (C:\scratch\2024.2\hls_product\495\2024.2\src\shared\hls\clib/hlsmath/include/FloatingPoint/hls_copysign.h:10:0)
INFO: [HLS 214-178] Inlining function 'fp_struct<float>::to_ieee() const' into 'float generic_copysign<float>(float, float)' (C:\scratch\2024.2\hls_product\495\2024.2\src\shared\hls\clib/hlsmath/include/FloatingPoint/hls_copysign.h:10:0)
INFO: [HLS 214-178] Inlining function 'fp_struct<float>::fp_struct(float)' into 'float generic_round<float>(float)' (C:\scratch\2024.2\hls_product\495\2024.2\src\shared\hls\clib/hlsmath/include/FloatingPoint\hls_round.h:160:0)
INFO: [HLS 214-178] Inlining function 'float generic_copysign<float>(float, float)' into 'float generic_round<float>(float)' (C:\scratch\2024.2\hls_product\495\2024.2\src\shared\hls\clib/hlsmath/include/FloatingPoint\hls_round.h:160:0)
INFO: [HLS 214-178] Inlining function 'fp_struct<float>::data() const (.7.28.38.47.58)' into 'float generic_round<float>(float)' (C:\scratch\2024.2\hls_product\495\2024.2\src\shared\hls\clib/hlsmath/include/FloatingPoint\hls_round.h:160:0)
INFO: [HLS 214-178] Inlining function 'fp_struct<float>::fp_struct(ap_uint<32>)' into 'float generic_round<float>(float)' (C:\scratch\2024.2\hls_product\495\2024.2\src\shared\hls\clib/hlsmath/include/FloatingPoint\hls_round.h:160:0)
INFO: [HLS 214-178] Inlining function 'fp_struct<float>::to_ieee() const' into 'float generic_round<float>(float)' (C:\scratch\2024.2\hls_product\495\2024.2\src\shared\hls\clib/hlsmath/include/FloatingPoint\hls_round.h:160:0)
INFO: [HLS 214-178] Inlining function 'roundf' into 'std::round(float)' (F:/Vitis/2024.2/tps/mingw/8.3.0/win64.o/nt\lib\gcc\x86_64-w64-mingw32\8.3.0\include\c++\cmath:1757:0)
INFO: [HLS 214-178] Inlining function 'fp_struct<float>::fp_struct(float)' into 'int generic_cast_IEEE754<int, (ap_q_mode)6, float>(float, bool, hls::enable_if<std::numeric_limits<int>::is_signed, bool>::type)' (C:\scratch\2024.2\hls_product\495\2024.2\src\shared\hls\clib/hlsmath/include/FloatingPoint\hls_case_IEEE754.h:12:0)
INFO: [HLS 214-178] Inlining function 'fp_struct<float>::mantissa() const' into 'int generic_cast_IEEE754<int, (ap_q_mode)6, float>(float, bool, hls::enable_if<std::numeric_limits<int>::is_signed, bool>::type)' (C:\scratch\2024.2\hls_product\495\2024.2\src\shared\hls\clib/hlsmath/include/FloatingPoint\hls_case_IEEE754.h:12:0)
INFO: [HLS 214-178] Inlining function 'fp_struct<float>::expv() const' into 'int generic_cast_IEEE754<int, (ap_q_mode)6, float>(float, bool, hls::enable_if<std::numeric_limits<int>::is_signed, bool>::type)' (C:\scratch\2024.2\hls_product\495\2024.2\src\shared\hls\clib/hlsmath/include/FloatingPoint\hls_case_IEEE754.h:12:0)
INFO: [HLS 214-178] Inlining function 'fp_struct<float>::__signbit() const' into 'int generic_cast_IEEE754<int, (ap_q_mode)6, float>(float, bool, hls::enable_if<std::numeric_limits<int>::is_signed, bool>::type)' (C:\scratch\2024.2\hls_product\495\2024.2\src\shared\hls\clib/hlsmath/include/FloatingPoint\hls_case_IEEE754.h:12:0)
INFO: [HLS 214-178] Inlining function 'int generic_cast_IEEE754<int, (ap_q_mode)6, float>(float, bool, hls::enable_if<std::numeric_limits<int>::is_signed, bool>::type)' into 'int generic_cast_IEEE754<int, float>(float, bool)' (C:\scratch\2024.2\hls_product\495\2024.2\src\shared\hls\clib/hlsmath/include/FloatingPoint\hls_case_IEEE754.h:116:0)
INFO: [HLS 214-178] Inlining function 'int generic_cast_IEEE754<int, float>(float, bool)' into '__hls_fptosi_float_i32' (C:\scratch\2024.2\hls_product\495\2024.2\src\shared\hls\clib\hlsmath\src\lib_floatconversion.cpp:51:0)
INFO: [HLS 214-178] Inlining function 'std::round(float)' into 'getLocalImages(int, int, int, int, atom_location*, hls::stream<local_image_info, 0>&)' (../image_analysis.cpp:8:0)
INFO: [HLS 214-248] Applying array_partition to 'local_atomLocations.x': Complete partitioning on dimension 1. (../image_analysis.cpp:10:19)
INFO: [HLS 214-248] Applying array_partition to 'local_atomLocations.y': Complete partitioning on dimension 1. (../image_analysis.cpp:10:19)
INFO: [HLS 214-241] Aggregating fifo (hls::stream) variable 'localImages' with compact=bit mode in 256-bits (../image_analysis.cpp:228:32)
INFO: [HLS 214-241] Aggregating bram variable 'atomLocations' with compact=bit mode in 64-bits (../image_analysis.cpp:198:0)
WARNING: [HLS 214-187] Cannot unroll loop 'VITIS_LOOP_129_2' (../image_analysis.cpp:129:31) in function 'applyProjectors' as it has a variable trip count (../image_analysis.cpp:129:31)
WARNING: [HLS 214-187] Cannot unroll loop 'VITIS_LOOP_138_3' (../image_analysis.cpp:138:35) in function 'applyProjectors' as it has a variable trip count (../image_analysis.cpp:138:35)
WARNING: [HLS 214-187] Cannot unroll loop 'VITIS_LOOP_69_1' (../image_analysis.cpp:69:19) in function 'applyProjectors' as it has a variable trip count (../image_analysis.cpp:69:19)
INFO: [HLS 200-111] Finished Compiling Optimization and Transform: CPU user time: 1 seconds. CPU system time: 0 seconds. Elapsed time: 24.61 seconds; current allocated memory: 624.148 MB.
INFO: [HLS 200-111] Finished Checking Pragmas: CPU user time: 0 seconds. CPU system time: 0 seconds. Elapsed time: 0.005 seconds; current allocated memory: 624.148 MB.
INFO: [HLS 200-10] Starting code transformations ...
INFO: [HLS 200-111] Finished Standard Transforms: CPU user time: 0 seconds. CPU system time: 0 seconds. Elapsed time: 0.413 seconds; current allocated memory: 633.652 MB.
INFO: [HLS 200-10] Checking synthesizability ...
INFO: [XFORM 203-602] Inlining function '__hls_fptosi_float_i32' into 'getLocalImages' (../image_analysis.cpp:29) automatically.
INFO: [HLS 200-111] Finished Checking Synthesizability: CPU user time: 1 seconds. CPU system time: 0 seconds. Elapsed time: 0.286 seconds; current allocated memory: 640.074 MB.
INFO: [XFORM 203-602] Inlining function '__hls_fptosi_float_i32' into 'getLocalImages' (../image_analysis.cpp:29) automatically.
WARNING: [HLS 200-805] An internal stream 'localImages' with default size can result in deadlock. Please consider resizing the stream using the directive 'set_directive_stream' or the 'HLS stream' pragma.
INFO: [XFORM 203-712] Applying dataflow to function 'reconstruct' (../image_analysis.cpp:191:1), detected/extracted 2 process function(s): 
	 'getLocalImages'
	 'applyProjectors'.
INFO: [XFORM 203-401] Performing if-conversion on hyperblock from (C:\scratch\2024.2\hls_product\495\2024.2\src\shared\hls\clib/hlsmath/include/FloatingPoint\hls_round.h:159:19) to (C:\scratch\2024.2\hls_product\495\2024.2\src\shared\hls\clib/hlsmath/include/FloatingPoint\hls_round.h:187:1) in function 'generic_round<float>'... converting 5 basic blocks.
INFO: [XFORM 203-602] Inlining function 'generic_round<float>' into 'getLocalImages' (C:\scratch\2024.2\hls_product\495\2024.2\src\shared\hls\clib\hlsmath\src\c\roundfloat.cpp:7->F:/Vitis/2024.2/tps/mingw/8.3.0/win64.o/nt\lib\gcc\x86_64-w64-mingw32\8.3.0\include\c++\cmath:1757->../image_analysis.cpp:29) automatically.
INFO: [HLS 200-111] Finished Loop, function and other optimizations: CPU user time: 1 seconds. CPU system time: 0 seconds. Elapsed time: 0.895 seconds; current allocated memory: 667.625 MB.
INFO: [HLS 200-111] Finished Architecture Synthesis: CPU user time: 1 seconds. CPU system time: 0 seconds. Elapsed time: 1.355 seconds; current allocated memory: 712.535 MB.
INFO: [HLS 200-10] Starting hardware synthesis ...
INFO: [HLS 200-10] Synthesizing 'reconstruct' ...
INFO: [SYN 201-201] Setting up clock 'default' with a period of 10ns.
WARNING: [SYN 201-107] Renaming port name 'reconstruct/imageProjs_local_size' to 'reconstruct/imageProjs_local_size_r' to avoid the conflict with HDL keywords or other object names.
INFO: [HLS 200-10] ----------------------------------------------------------------
INFO: [HLS 200-42] -- Implementing module 'getLocalImages_Pipeline_copy_loop' 
INFO: [HLS 200-10] ----------------------------------------------------------------
INFO: [SCHED 204-11] Starting scheduling ...
INFO: [SCHED 204-61] Pipelining loop 'copy_loop'.
INFO: [HLS 200-1470] Pipelining result : Target II = 1, Final II = 1, Depth = 2, loop 'copy_loop'
INFO: [SCHED 204-11] Finished scheduling.
INFO: [HLS 200-111] Finished Scheduling: CPU user time: 1 seconds. CPU system time: 0 seconds. Elapsed time: 1.903 seconds; current allocated memory: 723.645 MB.
INFO: [BIND 205-100] Starting micro-architecture generation ...
INFO: [BIND 205-101] Performing variable lifetime analysis.
INFO: [BIND 205-101] Exploring resource sharing.
INFO: [BIND 205-101] Binding ...
INFO: [BIND 205-100] Finished micro-architecture generation.
INFO: [HLS 200-111] Finished Binding: CPU user time: 1 seconds. CPU system time: 1 seconds. Elapsed time: 0.543 seconds; current allocated memory: 739.965 MB.
INFO: [HLS 200-10] ----------------------------------------------------------------
INFO: [HLS 200-42] -- Implementing module 'getLocalImages_Pipeline_process_loop' 
INFO: [HLS 200-10] ----------------------------------------------------------------
INFO: [SCHED 204-11] Starting scheduling ...
INFO: [SCHED 204-61] Pipelining loop 'process_loop'.
INFO: [HLS 200-1470] Pipelining result : Target II = 1, Final II = 1, Depth = 16, loop 'process_loop'
INFO: [SCHED 204-11] Finished scheduling.
INFO: [HLS 200-111] Finished Scheduling: CPU user time: 1 seconds. CPU system time: 0 seconds. Elapsed time: 1.012 seconds; current allocated memory: 739.965 MB.
INFO: [BIND 205-100] Starting micro-architecture generation ...
INFO: [BIND 205-101] Performing variable lifetime analysis.
INFO: [BIND 205-101] Exploring resource sharing.
INFO: [BIND 205-101] Binding ...
INFO: [BIND 205-100] Finished micro-architecture generation.
INFO: [HLS 200-111] Finished Binding: CPU user time: 0 seconds. CPU system time: 0 seconds. Elapsed time: 0.307 seconds; current allocated memory: 739.965 MB.
INFO: [HLS 200-10] ----------------------------------------------------------------
INFO: [HLS 200-42] -- Implementing module 'getLocalImages' 
INFO: [HLS 200-10] ----------------------------------------------------------------
INFO: [SCHED 204-11] Starting scheduling ...
INFO: [SCHED 204-11] Finished scheduling.
INFO: [HLS 200-111] Finished Scheduling: CPU user time: 1 seconds. CPU system time: 0 seconds. Elapsed time: 0.847 seconds; current allocated memory: 739.965 MB.
INFO: [BIND 205-100] Starting micro-architecture generation ...
INFO: [BIND 205-101] Performing variable lifetime analysis.
INFO: [BIND 205-101] Exploring resource sharing.
INFO: [BIND 205-101] Binding ...
INFO: [BIND 205-100] Finished micro-architecture generation.
INFO: [HLS 200-111] Finished Binding: CPU user time: 0 seconds. CPU system time: 0 seconds. Elapsed time: 0.342 seconds; current allocated memory: 739.965 MB.
INFO: [HLS 200-10] ----------------------------------------------------------------
INFO: [HLS 200-42] -- Implementing module 'applyProjectors' 
INFO: [HLS 200-10] ----------------------------------------------------------------
INFO: [SCHED 204-11] Starting scheduling ...
WARNING: [SCHED 204-65] Unable to satisfy pipeline directive for function 'applyProjectors': contains subloop(s) that are not unrolled.
WARNING: [SCHED 204-65] Unable to satisfy pipeline directive for function 'applyProjectors': contains subloop(s) that are not unrolled.
INFO: [SCHED 204-11] Finished scheduling.
INFO: [HLS 200-111] Finished Scheduling: CPU user time: 0 seconds. CPU system time: 0 seconds. Elapsed time: 0.392 seconds; current allocated memory: 739.965 MB.
INFO: [BIND 205-100] Starting micro-architecture generation ...
INFO: [BIND 205-101] Performing variable lifetime analysis.
INFO: [BIND 205-101] Exploring resource sharing.
INFO: [BIND 205-101] Binding ...
INFO: [BIND 205-100] Finished micro-architecture generation.
INFO: [HLS 200-111] Finished Binding: CPU user time: 0 seconds. CPU system time: 0 seconds. Elapsed time: 0.142 seconds; current allocated memory: 739.992 MB.
INFO: [HLS 200-10] ----------------------------------------------------------------
INFO: [HLS 200-42] -- Implementing module 'reconstruct' 
INFO: [HLS 200-10] ----------------------------------------------------------------
INFO: [SCHED 204-11] Starting scheduling ...
INFO: [SCHED 204-11] Finished scheduling.
INFO: [HLS 200-111] Finished Scheduling: CPU user time: 0 seconds. CPU system time: 0 seconds. Elapsed time: 0.147 seconds; current allocated memory: 740.160 MB.
INFO: [BIND 205-100] Starting micro-architecture generation ...
INFO: [BIND 205-101] Performing variable lifetime analysis.
INFO: [BIND 205-101] Exploring resource sharing.
INFO: [BIND 205-101] Binding ...
INFO: [BIND 205-100] Finished micro-architecture generation.
INFO: [HLS 200-111] Finished Binding: CPU user time: 0 seconds. CPU system time: 0 seconds. Elapsed time: 0.131 seconds; current allocated memory: 740.492 MB.
INFO: [HLS 200-10] ----------------------------------------------------------------
INFO: [HLS 200-10] -- Generating RTL for module 'getLocalImages_Pipeline_copy_loop' 
INFO: [HLS 200-10] ----------------------------------------------------------------
INFO: [HLS 200-1030] Apply Unified Pipeline Control on module 'getLocalImages_Pipeline_copy_loop' pipeline 'copy_loop' pipeline type 'loop pipeline'
INFO: [RTGEN 206-104] Estimated max fanout for 'getLocalImages_Pipeline_copy_loop' is 6400 from HDL expression: ((ap_loop_exit_ready == 1'b1) & (icmp_ln17_fu_2873_p2 == 1'd0) & (1'b0 == ap_block_pp0_stage0_01001) & (1'b1 == ap_CS_fsm_pp0_stage0))
INFO: [RTGEN 206-100] Finished creating RTL model for 'getLocalImages_Pipeline_copy_loop'.
INFO: [HLS 200-111] Finished Creating RTL model: CPU user time: 1 seconds. CPU system time: 0 seconds. Elapsed time: 0.62 seconds; current allocated memory: 747.074 MB.
INFO: [HLS 200-10] ----------------------------------------------------------------
INFO: [HLS 200-10] -- Generating RTL for module 'getLocalImages_Pipeline_process_loop' 
INFO: [HLS 200-10] ----------------------------------------------------------------
INFO: [HLS 200-1030] Apply Unified Pipeline Control on module 'getLocalImages_Pipeline_process_loop' pipeline 'process_loop' pipeline type 'loop pipeline'
INFO: [RTGEN 206-100] Generating core module 'fmul_32ns_32ns_32_3_max_dsp_1': 2 instance(s).
INFO: [RTGEN 206-100] Generating core module 'fsub_32ns_32ns_32_4_full_dsp_1': 2 instance(s).
INFO: [RTGEN 206-100] Generating core module 'sitofp_32ns_32_4_no_dsp_1': 2 instance(s).
INFO: [RTGEN 206-100] Generating core module 'sparsemux_201_7_32_1_1': 2 instance(s).
INFO: [RTGEN 206-100] Generating core module 'sparsemux_7_2_32_1_1': 4 instance(s).
INFO: [RTGEN 206-100] Finished creating RTL model for 'getLocalImages_Pipeline_process_loop'.
INFO: [HLS 200-2168] Implementing memory 'reconstruct_getLocalImages_Pipeline_process_loop_mask_table_ROM_AUTO_1R' using auto ROMs with 4 copies to ensure enough ports to satisfy II or latency constraints.
INFO: [HLS 200-2168] Implementing memory 'reconstruct_getLocalImages_Pipeline_process_loop_one_half_table_ROM_AUTO_1R' using auto ROMs with 4 copies to ensure enough ports to satisfy II or latency constraints.
INFO: [HLS 200-111] Finished Creating RTL model: CPU user time: 1 seconds. CPU system time: 0 seconds. Elapsed time: 2.418 seconds; current allocated memory: 764.547 MB.
INFO: [HLS 200-10] ----------------------------------------------------------------
INFO: [HLS 200-10] -- Generating RTL for module 'getLocalImages' 
INFO: [HLS 200-10] ----------------------------------------------------------------
INFO: [RTGEN 206-100] Generating core module 'sitofp_32ns_32_4_no_dsp_1': 1 instance(s).
INFO: [RTGEN 206-100] Finished creating RTL model for 'getLocalImages'.
INFO: [HLS 200-111] Finished Creating RTL model: CPU user time: 1 seconds. CPU system time: 0 seconds. Elapsed time: 1.021 seconds; current allocated memory: 775.750 MB.
INFO: [HLS 200-10] ----------------------------------------------------------------
INFO: [HLS 200-10] -- Generating RTL for module 'applyProjectors' 
INFO: [HLS 200-10] ----------------------------------------------------------------
INFO: [RTGEN 206-100] Finished creating RTL model for 'applyProjectors'.
INFO: [HLS 200-111] Finished Creating RTL model: CPU user time: 1 seconds. CPU system time: 0 seconds. Elapsed time: 0.495 seconds; current allocated memory: 781.465 MB.
INFO: [HLS 200-10] ----------------------------------------------------------------
INFO: [HLS 200-10] -- Generating RTL for module 'reconstruct' 
INFO: [HLS 200-10] ----------------------------------------------------------------
WARNING: [RTGEN 206-101] Design contains AXI ports. Reset is fixed to synchronous and active low.
INFO: [RTGEN 206-500] Setting interface mode on port 'reconstruct/imageProjs_local' to 'm_axi'.
INFO: [RTGEN 206-500] Setting interface mode on port 'reconstruct/imageProjs' to 'm_axi'.
INFO: [RTGEN 206-500] Setting interface mode on port 'reconstruct/imageProjs_local_size_r' to 'm_axi'.
INFO: [RTGEN 206-500] Setting interface mode on port 'reconstruct/fullImage' to 'm_axi'.
INFO: [RTGEN 206-500] Setting interface mode on port 'reconstruct/emissions' to 'm_axi'.
INFO: [RTGEN 206-500] Setting interface mode on port 'reconstruct/atomLocationsSize' to 's_axilite & ap_none'.
INFO: [RTGEN 206-500] Setting interface mode on port 'reconstruct/projShape0' to 's_axilite & ap_none'.
INFO: [RTGEN 206-500] Setting interface mode on port 'reconstruct/projShape1' to 's_axilite & ap_none'.
INFO: [RTGEN 206-500] Setting interface mode on port 'reconstruct/atomLocations' to 'ap_memory'.
INFO: [RTGEN 206-500] Setting interface mode on port 'reconstruct/psfSupersample' to 's_axilite & ap_none'.
INFO: [RTGEN 206-500] Setting interface mode on port 'reconstruct/imageProjectionSize' to 's_axilite & ap_none'.
INFO: [RTGEN 206-500] Setting interface mode on port 'reconstruct/imageProjs_local_offset' to 's_axilite & ap_none'.
INFO: [RTGEN 206-500] Setting interface mode on port 'reconstruct/imageProjs_offset' to 's_axilite & ap_none'.
INFO: [RTGEN 206-500] Setting interface mode on port 'reconstruct/imageProjs_local_size_offset' to 's_axilite & ap_none'.
INFO: [RTGEN 206-500] Setting interface mode on port 'reconstruct/fullImage_offset' to 's_axilite & ap_none'.
INFO: [RTGEN 206-500] Setting interface mode on port 'reconstruct/fullImage_rows' to 's_axilite & ap_none'.
INFO: [RTGEN 206-500] Setting interface mode on port 'reconstruct/fullImage_cols' to 's_axilite & ap_none'.
INFO: [RTGEN 206-500] Setting interface mode on port 'reconstruct/emissions_offset' to 's_axilite & ap_none'.
INFO: [RTGEN 206-500] Setting interface mode on port 'reconstruct/emission_cnt' to 's_axilite & ap_vld'.
INFO: [RTGEN 206-500] Setting interface mode on function 'reconstruct' to 's_axilite & ap_ctrl_hs'.
INFO: [RTGEN 206-100] Bundling port 'imageProjs_local_offset', 'imageProjs_offset', 'imageProjs_local_size_offset', 'fullImage_offset', 'emissions_offset' and 'return' to AXI-Lite port control.
INFO: [RTGEN 206-100] Bundling port 'atomLocationsSize', 'projShape0', 'projShape1', 'psfSupersample', 'imageProjectionSize', 'fullImage_rows', 'fullImage_cols' and 'emission_cnt' to AXI-Lite port scalar_data.
WARNING: [RTGEN 206-101] Port 'reconstruct/m_axi_emissions_AWVALID' has no fanin or fanout and is left dangling.
               Please use C simulation to confirm this function argument can be read from or written to.
WARNING: [RTGEN 206-101] Setting dangling out port 'reconstruct/m_axi_emissions_AWVALID' to 0.
WARNING: [RTGEN 206-101] Port 'reconstruct/m_axi_emissions_AWREADY' has no fanin or fanout and is left dangling.
               Please use C simulation to confirm this function argument can be read from or written to.
WARNING: [RTGEN 206-101] Port 'reconstruct/m_axi_emissions_AWADDR' has no fanin or fanout and is left dangling.
               Please use C simulation to confirm this function argument can be read from or written to.
WARNING: [RTGEN 206-101] Setting dangling out port 'reconstruct/m_axi_emissions_AWADDR' to 0.
WARNING: [RTGEN 206-101] Port 'reconstruct/m_axi_emissions_AWID' has no fanin or fanout and is left dangling.
               Please use C simulation to confirm this function argument can be read from or written to.
WARNING: [RTGEN 206-101] Setting dangling out port 'reconstruct/m_axi_emissions_AWID' to 0.
WARNING: [RTGEN 206-101] Port 'reconstruct/m_axi_emissions_AWLEN' has no fanin or fanout and is left dangling.
               Please use C simulation to confirm this function argument can be read from or written to.
WARNING: [RTGEN 206-101] Setting dangling out port 'reconstruct/m_axi_emissions_AWLEN' to 0.
WARNING: [RTGEN 206-101] Port 'reconstruct/m_axi_emissions_AWSIZE' has no fanin or fanout and is left dangling.
               Please use C simulation to confirm this function argument can be read from or written to.
WARNING: [RTGEN 206-101] Setting dangling out port 'reconstruct/m_axi_emissions_AWSIZE' to 0.
WARNING: [RTGEN 206-101] Port 'reconstruct/m_axi_emissions_AWBURST' has no fanin or fanout and is left dangling.
               Please use C simulation to confirm this function argument can be read from or written to.
WARNING: [RTGEN 206-101] Setting dangling out port 'reconstruct/m_axi_emissions_AWBURST' to 0.
WARNING: [RTGEN 206-101] Port 'reconstruct/m_axi_emissions_AWLOCK' has no fanin or fanout and is left dangling.
               Please use C simulation to confirm this function argument can be read from or written to.
WARNING: [RTGEN 206-101] Setting dangling out port 'reconstruct/m_axi_emissions_AWLOCK' to 0.
WARNING: [RTGEN 206-101] Port 'reconstruct/m_axi_emissions_AWCACHE' has no fanin or fanout and is left dangling.
               Please use C simulation to confirm this function argument can be read from or written to.
WARNING: [RTGEN 206-101] Setting dangling out port 'reconstruct/m_axi_emissions_AWCACHE' to 0.
WARNING: [RTGEN 206-101] Port 'reconstruct/m_axi_emissions_AWPROT' has no fanin or fanout and is left dangling.
               Please use C simulation to confirm this function argument can be read from or written to.
WARNING: [RTGEN 206-101] Setting dangling out port 'reconstruct/m_axi_emissions_AWPROT' to 0.
WARNING: [RTGEN 206-101] Port 'reconstruct/m_axi_emissions_AWQOS' has no fanin or fanout and is left dangling.
               Please use C simulation to confirm this function argument can be read from or written to.
WARNING: [RTGEN 206-101] Setting dangling out port 'reconstruct/m_axi_emissions_AWQOS' to 0.
WARNING: [RTGEN 206-101] Port 'reconstruct/m_axi_emissions_AWREGION' has no fanin or fanout and is left dangling.
               Please use C simulation to confirm this function argument can be read from or written to.
WARNING: [RTGEN 206-101] Setting dangling out port 'reconstruct/m_axi_emissions_AWREGION' to 0.
WARNING: [RTGEN 206-101] Port 'reconstruct/m_axi_emissions_AWUSER' has no fanin or fanout and is left dangling.
               Please use C simulation to confirm this function argument can be read from or written to.
WARNING: [RTGEN 206-101] Setting dangling out port 'reconstruct/m_axi_emissions_AWUSER' to 0.
WARNING: [RTGEN 206-101] Port 'reconstruct/m_axi_emissions_WVALID' has no fanin or fanout and is left dangling.
               Please use C simulation to confirm this function argument can be read from or written to.
WARNING: [RTGEN 206-101] Setting dangling out port 'reconstruct/m_axi_emissions_WVALID' to 0.
WARNING: [RTGEN 206-101] Port 'reconstruct/m_axi_emissions_WREADY' has no fanin or fanout and is left dangling.
               Please use C simulation to confirm this function argument can be read from or written to.
WARNING: [RTGEN 206-101] Port 'reconstruct/m_axi_emissions_WDATA' has no fanin or fanout and is left dangling.
               Please use C simulation to confirm this function argument can be read from or written to.
WARNING: [RTGEN 206-101] Setting dangling out port 'reconstruct/m_axi_emissions_WDATA' to 0.
WARNING: [RTGEN 206-101] Port 'reconstruct/m_axi_emissions_WSTRB' has no fanin or fanout and is left dangling.
               Please use C simulation to confirm this function argument can be read from or written to.
WARNING: [RTGEN 206-101] Setting dangling out port 'reconstruct/m_axi_emissions_WSTRB' to 0.
WARNING: [RTGEN 206-101] Port 'reconstruct/m_axi_emissions_WLAST' has no fanin or fanout and is left dangling.
               Please use C simulation to confirm this function argument can be read from or written to.
WARNING: [RTGEN 206-101] Setting dangling out port 'reconstruct/m_axi_emissions_WLAST' to 0.
WARNING: [RTGEN 206-101] Port 'reconstruct/m_axi_emissions_WID' has no fanin or fanout and is left dangling.
               Please use C simulation to confirm this function argument can be read from or written to.
WARNING: [RTGEN 206-101] Setting dangling out port 'reconstruct/m_axi_emissions_WID' to 0.
WARNING: [RTGEN 206-101] Port 'reconstruct/m_axi_emissions_WUSER' has no fanin or fanout and is left dangling.
               Please use C simulation to confirm this function argument can be read from or written to.
WARNING: [RTGEN 206-101] Setting dangling out port 'reconstruct/m_axi_emissions_WUSER' to 0.
WARNING: [RTGEN 206-101] Port 'reconstruct/m_axi_emissions_ARVALID' has no fanin or fanout and is left dangling.
               Please use C simulation to confirm this function argument can be read from or written to.
WARNING: [RTGEN 206-101] Setting dangling out port 'reconstruct/m_axi_emissions_ARVALID' to 0.
WARNING: [RTGEN 206-101] Port 'reconstruct/m_axi_emissions_ARREADY' has no fanin or fanout and is left dangling.
               Please use C simulation to confirm this function argument can be read from or written to.
WARNING: [RTGEN 206-101] Port 'reconstruct/m_axi_emissions_ARADDR' has no fanin or fanout and is left dangling.
               Please use C simulation to confirm this function argument can be read from or written to.
WARNING: [RTGEN 206-101] Setting dangling out port 'reconstruct/m_axi_emissions_ARADDR' to 0.
WARNING: [RTGEN 206-101] Port 'reconstruct/m_axi_emissions_ARID' has no fanin or fanout and is left dangling.
               Please use C simulation to confirm this function argument can be read from or written to.
WARNING: [RTGEN 206-101] Setting dangling out port 'reconstruct/m_axi_emissions_ARID' to 0.
WARNING: [RTGEN 206-101] Port 'reconstruct/m_axi_emissions_ARLEN' has no fanin or fanout and is left dangling.
               Please use C simulation to confirm this function argument can be read from or written to.
WARNING: [RTGEN 206-101] Setting dangling out port 'reconstruct/m_axi_emissions_ARLEN' to 0.
WARNING: [RTGEN 206-101] Port 'reconstruct/m_axi_emissions_ARSIZE' has no fanin or fanout and is left dangling.
               Please use C simulation to confirm this function argument can be read from or written to.
WARNING: [RTGEN 206-101] Setting dangling out port 'reconstruct/m_axi_emissions_ARSIZE' to 0.
WARNING: [RTGEN 206-101] Port 'reconstruct/m_axi_emissions_ARBURST' has no fanin or fanout and is left dangling.
               Please use C simulation to confirm this function argument can be read from or written to.
WARNING: [RTGEN 206-101] Setting dangling out port 'reconstruct/m_axi_emissions_ARBURST' to 0.
WARNING: [RTGEN 206-101] Port 'reconstruct/m_axi_emissions_ARLOCK' has no fanin or fanout and is left dangling.
               Please use C simulation to confirm this function argument can be read from or written to.
WARNING: [RTGEN 206-101] Setting dangling out port 'reconstruct/m_axi_emissions_ARLOCK' to 0.
WARNING: [RTGEN 206-101] Port 'reconstruct/m_axi_emissions_ARCACHE' has no fanin or fanout and is left dangling.
               Please use C simulation to confirm this function argument can be read from or written to.
WARNING: [RTGEN 206-101] Setting dangling out port 'reconstruct/m_axi_emissions_ARCACHE' to 0.
WARNING: [RTGEN 206-101] Port 'reconstruct/m_axi_emissions_ARPROT' has no fanin or fanout and is left dangling.
               Please use C simulation to confirm this function argument can be read from or written to.
WARNING: [RTGEN 206-101] Setting dangling out port 'reconstruct/m_axi_emissions_ARPROT' to 0.
WARNING: [RTGEN 206-101] Port 'reconstruct/m_axi_emissions_ARQOS' has no fanin or fanout and is left dangling.
               Please use C simulation to confirm this function argument can be read from or written to.
WARNING: [RTGEN 206-101] Setting dangling out port 'reconstruct/m_axi_emissions_ARQOS' to 0.
WARNING: [RTGEN 206-101] Port 'reconstruct/m_axi_emissions_ARREGION' has no fanin or fanout and is left dangling.
               Please use C simulation to confirm this function argument can be read from or written to.
WARNING: [RTGEN 206-101] Setting dangling out port 'reconstruct/m_axi_emissions_ARREGION' to 0.
WARNING: [RTGEN 206-101] Port 'reconstruct/m_axi_emissions_ARUSER' has no fanin or fanout and is left dangling.
               Please use C simulation to confirm this function argument can be read from or written to.
WARNING: [RTGEN 206-101] Setting dangling out port 'reconstruct/m_axi_emissions_ARUSER' to 0.
WARNING: [RTGEN 206-101] Port 'reconstruct/m_axi_emissions_RVALID' has no fanin or fanout and is left dangling.
               Please use C simulation to confirm this function argument can be read from or written to.
WARNING: [RTGEN 206-101] Port 'reconstruct/m_axi_emissions_RREADY' has no fanin or fanout and is left dangling.
               Please use C simulation to confirm this function argument can be read from or written to.
WARNING: [RTGEN 206-101] Setting dangling out port 'reconstruct/m_axi_emissions_RREADY' to 0.
WARNING: [RTGEN 206-101] Port 'reconstruct/m_axi_emissions_RDATA' has no fanin or fanout and is left dangling.
               Please use C simulation to confirm this function argument can be read from or written to.
WARNING: [RTGEN 206-101] Port 'reconstruct/m_axi_emissions_RLAST' has no fanin or fanout and is left dangling.
               Please use C simulation to confirm this function argument can be read from or written to.
WARNING: [RTGEN 206-101] Port 'reconstruct/m_axi_emissions_RID' has no fanin or fanout and is left dangling.
               Please use C simulation to confirm this function argument can be read from or written to.
WARNING: [RTGEN 206-101] Port 'reconstruct/m_axi_emissions_RUSER' has no fanin or fanout and is left dangling.
               Please use C simulation to confirm this function argument can be read from or written to.
WARNING: [RTGEN 206-101] Port 'reconstruct/m_axi_emissions_RRESP' has no fanin or fanout and is left dangling.
               Please use C simulation to confirm this function argument can be read from or written to.
WARNING: [RTGEN 206-101] Port 'reconstruct/m_axi_emissions_BVALID' has no fanin or fanout and is left dangling.
               Please use C simulation to confirm this function argument can be read from or written to.
WARNING: [RTGEN 206-101] Port 'reconstruct/m_axi_emissions_BREADY' has no fanin or fanout and is left dangling.
               Please use C simulation to confirm this function argument can be read from or written to.
WARNING: [RTGEN 206-101] Setting dangling out port 'reconstruct/m_axi_emissions_BREADY' to 0.
WARNING: [RTGEN 206-101] Port 'reconstruct/m_axi_emissions_BRESP' has no fanin or fanout and is left dangling.
               Please use C simulation to confirm this function argument can be read from or written to.
WARNING: [RTGEN 206-101] Port 'reconstruct/m_axi_emissions_BID' has no fanin or fanout and is left dangling.
               Please use C simulation to confirm this function argument can be read from or written to.
WARNING: [RTGEN 206-101] Port 'reconstruct/m_axi_emissions_BUSER' has no fanin or fanout and is left dangling.
               Please use C simulation to confirm this function argument can be read from or written to.
WARNING: [RTGEN 206-101] Port 'reconstruct/m_axi_fullImage_AWVALID' has no fanin or fanout and is left dangling.
               Please use C simulation to confirm this function argument can be read from or written to.
WARNING: [RTGEN 206-101] Setting dangling out port 'reconstruct/m_axi_fullImage_AWVALID' to 0.
WARNING: [RTGEN 206-101] Port 'reconstruct/m_axi_fullImage_AWREADY' has no fanin or fanout and is left dangling.
               Please use C simulation to confirm this function argument can be read from or written to.
WARNING: [RTGEN 206-101] Port 'reconstruct/m_axi_fullImage_AWADDR' has no fanin or fanout and is left dangling.
               Please use C simulation to confirm this function argument can be read from or written to.
WARNING: [RTGEN 206-101] Setting dangling out port 'reconstruct/m_axi_fullImage_AWADDR' to 0.
WARNING: [RTGEN 206-101] Port 'reconstruct/m_axi_fullImage_AWID' has no fanin or fanout and is left dangling.
               Please use C simulation to confirm this function argument can be read from or written to.
WARNING: [RTGEN 206-101] Setting dangling out port 'reconstruct/m_axi_fullImage_AWID' to 0.
WARNING: [RTGEN 206-101] Port 'reconstruct/m_axi_fullImage_AWLEN' has no fanin or fanout and is left dangling.
               Please use C simulation to confirm this function argument can be read from or written to.
WARNING: [RTGEN 206-101] Setting dangling out port 'reconstruct/m_axi_fullImage_AWLEN' to 0.
WARNING: [RTGEN 206-101] Port 'reconstruct/m_axi_fullImage_AWSIZE' has no fanin or fanout and is left dangling.
               Please use C simulation to confirm this function argument can be read from or written to.
WARNING: [RTGEN 206-101] Setting dangling out port 'reconstruct/m_axi_fullImage_AWSIZE' to 0.
WARNING: [RTGEN 206-101] Port 'reconstruct/m_axi_fullImage_AWBURST' has no fanin or fanout and is left dangling.
               Please use C simulation to confirm this function argument can be read from or written to.
WARNING: [RTGEN 206-101] Setting dangling out port 'reconstruct/m_axi_fullImage_AWBURST' to 0.
WARNING: [RTGEN 206-101] Port 'reconstruct/m_axi_fullImage_AWLOCK' has no fanin or fanout and is left dangling.
               Please use C simulation to confirm this function argument can be read from or written to.
WARNING: [RTGEN 206-101] Setting dangling out port 'reconstruct/m_axi_fullImage_AWLOCK' to 0.
WARNING: [RTGEN 206-101] Port 'reconstruct/m_axi_fullImage_AWCACHE' has no fanin or fanout and is left dangling.
               Please use C simulation to confirm this function argument can be read from or written to.
WARNING: [RTGEN 206-101] Setting dangling out port 'reconstruct/m_axi_fullImage_AWCACHE' to 0.
WARNING: [RTGEN 206-101] Port 'reconstruct/m_axi_fullImage_AWPROT' has no fanin or fanout and is left dangling.
               Please use C simulation to confirm this function argument can be read from or written to.
WARNING: [RTGEN 206-101] Setting dangling out port 'reconstruct/m_axi_fullImage_AWPROT' to 0.
WARNING: [RTGEN 206-101] Port 'reconstruct/m_axi_fullImage_AWQOS' has no fanin or fanout and is left dangling.
               Please use C simulation to confirm this function argument can be read from or written to.
WARNING: [RTGEN 206-101] Setting dangling out port 'reconstruct/m_axi_fullImage_AWQOS' to 0.
WARNING: [RTGEN 206-101] Port 'reconstruct/m_axi_fullImage_AWREGION' has no fanin or fanout and is left dangling.
               Please use C simulation to confirm this function argument can be read from or written to.
WARNING: [RTGEN 206-101] Setting dangling out port 'reconstruct/m_axi_fullImage_AWREGION' to 0.
WARNING: [RTGEN 206-101] Port 'reconstruct/m_axi_fullImage_AWUSER' has no fanin or fanout and is left dangling.
               Please use C simulation to confirm this function argument can be read from or written to.
WARNING: [RTGEN 206-101] Setting dangling out port 'reconstruct/m_axi_fullImage_AWUSER' to 0.
WARNING: [RTGEN 206-101] Port 'reconstruct/m_axi_fullImage_WVALID' has no fanin or fanout and is left dangling.
               Please use C simulation to confirm this function argument can be read from or written to.
WARNING: [RTGEN 206-101] Setting dangling out port 'reconstruct/m_axi_fullImage_WVALID' to 0.
WARNING: [RTGEN 206-101] Port 'reconstruct/m_axi_fullImage_WREADY' has no fanin or fanout and is left dangling.
               Please use C simulation to confirm this function argument can be read from or written to.
WARNING: [RTGEN 206-101] Port 'reconstruct/m_axi_fullImage_WDATA' has no fanin or fanout and is left dangling.
               Please use C simulation to confirm this function argument can be read from or written to.
WARNING: [RTGEN 206-101] Setting dangling out port 'reconstruct/m_axi_fullImage_WDATA' to 0.
WARNING: [RTGEN 206-101] Port 'reconstruct/m_axi_fullImage_WSTRB' has no fanin or fanout and is left dangling.
               Please use C simulation to confirm this function argument can be read from or written to.
WARNING: [RTGEN 206-101] Setting dangling out port 'reconstruct/m_axi_fullImage_WSTRB' to 0.
WARNING: [RTGEN 206-101] Port 'reconstruct/m_axi_fullImage_WLAST' has no fanin or fanout and is left dangling.
               Please use C simulation to confirm this function argument can be read from or written to.
WARNING: [RTGEN 206-101] Setting dangling out port 'reconstruct/m_axi_fullImage_WLAST' to 0.
WARNING: [RTGEN 206-101] Port 'reconstruct/m_axi_fullImage_WID' has no fanin or fanout and is left dangling.
               Please use C simulation to confirm this function argument can be read from or written to.
WARNING: [RTGEN 206-101] Setting dangling out port 'reconstruct/m_axi_fullImage_WID' to 0.
WARNING: [RTGEN 206-101] Port 'reconstruct/m_axi_fullImage_WUSER' has no fanin or fanout and is left dangling.
               Please use C simulation to confirm this function argument can be read from or written to.
WARNING: [RTGEN 206-101] Setting dangling out port 'reconstruct/m_axi_fullImage_WUSER' to 0.
WARNING: [RTGEN 206-101] Port 'reconstruct/m_axi_fullImage_ARVALID' has no fanin or fanout and is left dangling.
               Please use C simulation to confirm this function argument can be read from or written to.
WARNING: [RTGEN 206-101] Setting dangling out port 'reconstruct/m_axi_fullImage_ARVALID' to 0.
WARNING: [RTGEN 206-101] Port 'reconstruct/m_axi_fullImage_ARREADY' has no fanin or fanout and is left dangling.
               Please use C simulation to confirm this function argument can be read from or written to.
WARNING: [RTGEN 206-101] Port 'reconstruct/m_axi_fullImage_ARADDR' has no fanin or fanout and is left dangling.
               Please use C simulation to confirm this function argument can be read from or written to.
WARNING: [RTGEN 206-101] Setting dangling out port 'reconstruct/m_axi_fullImage_ARADDR' to 0.
WARNING: [RTGEN 206-101] Port 'reconstruct/m_axi_fullImage_ARID' has no fanin or fanout and is left dangling.
               Please use C simulation to confirm this function argument can be read from or written to.
WARNING: [RTGEN 206-101] Setting dangling out port 'reconstruct/m_axi_fullImage_ARID' to 0.
WARNING: [RTGEN 206-101] Port 'reconstruct/m_axi_fullImage_ARLEN' has no fanin or fanout and is left dangling.
               Please use C simulation to confirm this function argument can be read from or written to.
WARNING: [RTGEN 206-101] Setting dangling out port 'reconstruct/m_axi_fullImage_ARLEN' to 0.
WARNING: [RTGEN 206-101] Port 'reconstruct/m_axi_fullImage_ARSIZE' has no fanin or fanout and is left dangling.
               Please use C simulation to confirm this function argument can be read from or written to.
WARNING: [RTGEN 206-101] Setting dangling out port 'reconstruct/m_axi_fullImage_ARSIZE' to 0.
WARNING: [RTGEN 206-101] Port 'reconstruct/m_axi_fullImage_ARBURST' has no fanin or fanout and is left dangling.
               Please use C simulation to confirm this function argument can be read from or written to.
WARNING: [RTGEN 206-101] Setting dangling out port 'reconstruct/m_axi_fullImage_ARBURST' to 0.
WARNING: [RTGEN 206-101] Port 'reconstruct/m_axi_fullImage_ARLOCK' has no fanin or fanout and is left dangling.
               Please use C simulation to confirm this function argument can be read from or written to.
WARNING: [RTGEN 206-101] Setting dangling out port 'reconstruct/m_axi_fullImage_ARLOCK' to 0.
WARNING: [RTGEN 206-101] Port 'reconstruct/m_axi_fullImage_ARCACHE' has no fanin or fanout and is left dangling.
               Please use C simulation to confirm this function argument can be read from or written to.
WARNING: [RTGEN 206-101] Setting dangling out port 'reconstruct/m_axi_fullImage_ARCACHE' to 0.
WARNING: [RTGEN 206-101] Port 'reconstruct/m_axi_fullImage_ARPROT' has no fanin or fanout and is left dangling.
               Please use C simulation to confirm this function argument can be read from or written to.
WARNING: [RTGEN 206-101] Setting dangling out port 'reconstruct/m_axi_fullImage_ARPROT' to 0.
WARNING: [RTGEN 206-101] Port 'reconstruct/m_axi_fullImage_ARQOS' has no fanin or fanout and is left dangling.
               Please use C simulation to confirm this function argument can be read from or written to.
WARNING: [RTGEN 206-101] Setting dangling out port 'reconstruct/m_axi_fullImage_ARQOS' to 0.
WARNING: [RTGEN 206-101] Port 'reconstruct/m_axi_fullImage_ARREGION' has no fanin or fanout and is left dangling.
               Please use C simulation to confirm this function argument can be read from or written to.
WARNING: [RTGEN 206-101] Setting dangling out port 'reconstruct/m_axi_fullImage_ARREGION' to 0.
WARNING: [RTGEN 206-101] Port 'reconstruct/m_axi_fullImage_ARUSER' has no fanin or fanout and is left dangling.
               Please use C simulation to confirm this function argument can be read from or written to.
WARNING: [RTGEN 206-101] Setting dangling out port 'reconstruct/m_axi_fullImage_ARUSER' to 0.
WARNING: [RTGEN 206-101] Port 'reconstruct/m_axi_fullImage_RVALID' has no fanin or fanout and is left dangling.
               Please use C simulation to confirm this function argument can be read from or written to.
WARNING: [RTGEN 206-101] Port 'reconstruct/m_axi_fullImage_RREADY' has no fanin or fanout and is left dangling.
               Please use C simulation to confirm this function argument can be read from or written to.
WARNING: [RTGEN 206-101] Setting dangling out port 'reconstruct/m_axi_fullImage_RREADY' to 0.
WARNING: [RTGEN 206-101] Port 'reconstruct/m_axi_fullImage_RDATA' has no fanin or fanout and is left dangling.
               Please use C simulation to confirm this function argument can be read from or written to.
WARNING: [RTGEN 206-101] Port 'reconstruct/m_axi_fullImage_RLAST' has no fanin or fanout and is left dangling.
               Please use C simulation to confirm this function argument can be read from or written to.
WARNING: [RTGEN 206-101] Port 'reconstruct/m_axi_fullImage_RID' has no fanin or fanout and is left dangling.
               Please use C simulation to confirm this function argument can be read from or written to.
WARNING: [RTGEN 206-101] Port 'reconstruct/m_axi_fullImage_RUSER' has no fanin or fanout and is left dangling.
               Please use C simulation to confirm this function argument can be read from or written to.
WARNING: [RTGEN 206-101] Port 'reconstruct/m_axi_fullImage_RRESP' has no fanin or fanout and is left dangling.
               Please use C simulation to confirm this function argument can be read from or written to.
WARNING: [RTGEN 206-101] Port 'reconstruct/m_axi_fullImage_BVALID' has no fanin or fanout and is left dangling.
               Please use C simulation to confirm this function argument can be read from or written to.
WARNING: [RTGEN 206-101] Port 'reconstruct/m_axi_fullImage_BREADY' has no fanin or fanout and is left dangling.
               Please use C simulation to confirm this function argument can be read from or written to.
WARNING: [RTGEN 206-101] Setting dangling out port 'reconstruct/m_axi_fullImage_BREADY' to 0.
WARNING: [RTGEN 206-101] Port 'reconstruct/m_axi_fullImage_BRESP' has no fanin or fanout and is left dangling.
               Please use C simulation to confirm this function argument can be read from or written to.
WARNING: [RTGEN 206-101] Port 'reconstruct/m_axi_fullImage_BID' has no fanin or fanout and is left dangling.
               Please use C simulation to confirm this function argument can be read from or written to.
WARNING: [RTGEN 206-101] Port 'reconstruct/m_axi_fullImage_BUSER' has no fanin or fanout and is left dangling.
               Please use C simulation to confirm this function argument can be read from or written to.
WARNING: [RTGEN 206-101] Port 'reconstruct/m_axi_imageProjs_AWVALID' has no fanin or fanout and is left dangling.
               Please use C simulation to confirm this function argument can be read from or written to.
WARNING: [RTGEN 206-101] Setting dangling out port 'reconstruct/m_axi_imageProjs_AWVALID' to 0.
WARNING: [RTGEN 206-101] Port 'reconstruct/m_axi_imageProjs_AWREADY' has no fanin or fanout and is left dangling.
               Please use C simulation to confirm this function argument can be read from or written to.
WARNING: [RTGEN 206-101] Port 'reconstruct/m_axi_imageProjs_AWADDR' has no fanin or fanout and is left dangling.
               Please use C simulation to confirm this function argument can be read from or written to.
WARNING: [RTGEN 206-101] Setting dangling out port 'reconstruct/m_axi_imageProjs_AWADDR' to 0.
WARNING: [RTGEN 206-101] Port 'reconstruct/m_axi_imageProjs_AWID' has no fanin or fanout and is left dangling.
               Please use C simulation to confirm this function argument can be read from or written to.
WARNING: [RTGEN 206-101] Setting dangling out port 'reconstruct/m_axi_imageProjs_AWID' to 0.
WARNING: [RTGEN 206-101] Port 'reconstruct/m_axi_imageProjs_AWLEN' has no fanin or fanout and is left dangling.
               Please use C simulation to confirm this function argument can be read from or written to.
WARNING: [RTGEN 206-101] Setting dangling out port 'reconstruct/m_axi_imageProjs_AWLEN' to 0.
WARNING: [RTGEN 206-101] Port 'reconstruct/m_axi_imageProjs_AWSIZE' has no fanin or fanout and is left dangling.
               Please use C simulation to confirm this function argument can be read from or written to.
WARNING: [RTGEN 206-101] Setting dangling out port 'reconstruct/m_axi_imageProjs_AWSIZE' to 0.
WARNING: [RTGEN 206-101] Port 'reconstruct/m_axi_imageProjs_AWBURST' has no fanin or fanout and is left dangling.
               Please use C simulation to confirm this function argument can be read from or written to.
WARNING: [RTGEN 206-101] Setting dangling out port 'reconstruct/m_axi_imageProjs_AWBURST' to 0.
WARNING: [RTGEN 206-101] Port 'reconstruct/m_axi_imageProjs_AWLOCK' has no fanin or fanout and is left dangling.
               Please use C simulation to confirm this function argument can be read from or written to.
WARNING: [RTGEN 206-101] Setting dangling out port 'reconstruct/m_axi_imageProjs_AWLOCK' to 0.
WARNING: [RTGEN 206-101] Port 'reconstruct/m_axi_imageProjs_AWCACHE' has no fanin or fanout and is left dangling.
               Please use C simulation to confirm this function argument can be read from or written to.
WARNING: [RTGEN 206-101] Setting dangling out port 'reconstruct/m_axi_imageProjs_AWCACHE' to 0.
WARNING: [RTGEN 206-101] Port 'reconstruct/m_axi_imageProjs_AWPROT' has no fanin or fanout and is left dangling.
               Please use C simulation to confirm this function argument can be read from or written to.
WARNING: [RTGEN 206-101] Setting dangling out port 'reconstruct/m_axi_imageProjs_AWPROT' to 0.
WARNING: [RTGEN 206-101] Port 'reconstruct/m_axi_imageProjs_AWQOS' has no fanin or fanout and is left dangling.
               Please use C simulation to confirm this function argument can be read from or written to.
WARNING: [RTGEN 206-101] Setting dangling out port 'reconstruct/m_axi_imageProjs_AWQOS' to 0.
WARNING: [RTGEN 206-101] Port 'reconstruct/m_axi_imageProjs_AWREGION' has no fanin or fanout and is left dangling.
               Please use C simulation to confirm this function argument can be read from or written to.
WARNING: [RTGEN 206-101] Setting dangling out port 'reconstruct/m_axi_imageProjs_AWREGION' to 0.
WARNING: [RTGEN 206-101] Port 'reconstruct/m_axi_imageProjs_AWUSER' has no fanin or fanout and is left dangling.
               Please use C simulation to confirm this function argument can be read from or written to.
WARNING: [RTGEN 206-101] Setting dangling out port 'reconstruct/m_axi_imageProjs_AWUSER' to 0.
WARNING: [RTGEN 206-101] Port 'reconstruct/m_axi_imageProjs_WVALID' has no fanin or fanout and is left dangling.
               Please use C simulation to confirm this function argument can be read from or written to.
WARNING: [RTGEN 206-101] Setting dangling out port 'reconstruct/m_axi_imageProjs_WVALID' to 0.
WARNING: [RTGEN 206-101] Port 'reconstruct/m_axi_imageProjs_WREADY' has no fanin or fanout and is left dangling.
               Please use C simulation to confirm this function argument can be read from or written to.
WARNING: [RTGEN 206-101] Port 'reconstruct/m_axi_imageProjs_WDATA' has no fanin or fanout and is left dangling.
               Please use C simulation to confirm this function argument can be read from or written to.
WARNING: [RTGEN 206-101] Setting dangling out port 'reconstruct/m_axi_imageProjs_WDATA' to 0.
WARNING: [RTGEN 206-101] Port 'reconstruct/m_axi_imageProjs_WSTRB' has no fanin or fanout and is left dangling.
               Please use C simulation to confirm this function argument can be read from or written to.
WARNING: [RTGEN 206-101] Setting dangling out port 'reconstruct/m_axi_imageProjs_WSTRB' to 0.
WARNING: [RTGEN 206-101] Port 'reconstruct/m_axi_imageProjs_WLAST' has no fanin or fanout and is left dangling.
               Please use C simulation to confirm this function argument can be read from or written to.
WARNING: [RTGEN 206-101] Setting dangling out port 'reconstruct/m_axi_imageProjs_WLAST' to 0.
WARNING: [RTGEN 206-101] Port 'reconstruct/m_axi_imageProjs_WID' has no fanin or fanout and is left dangling.
               Please use C simulation to confirm this function argument can be read from or written to.
WARNING: [RTGEN 206-101] Setting dangling out port 'reconstruct/m_axi_imageProjs_WID' to 0.
WARNING: [RTGEN 206-101] Port 'reconstruct/m_axi_imageProjs_WUSER' has no fanin or fanout and is left dangling.
               Please use C simulation to confirm this function argument can be read from or written to.
WARNING: [RTGEN 206-101] Setting dangling out port 'reconstruct/m_axi_imageProjs_WUSER' to 0.
WARNING: [RTGEN 206-101] Port 'reconstruct/m_axi_imageProjs_ARVALID' has no fanin or fanout and is left dangling.
               Please use C simulation to confirm this function argument can be read from or written to.
WARNING: [RTGEN 206-101] Setting dangling out port 'reconstruct/m_axi_imageProjs_ARVALID' to 0.
WARNING: [RTGEN 206-101] Port 'reconstruct/m_axi_imageProjs_ARREADY' has no fanin or fanout and is left dangling.
               Please use C simulation to confirm this function argument can be read from or written to.
WARNING: [RTGEN 206-101] Port 'reconstruct/m_axi_imageProjs_ARADDR' has no fanin or fanout and is left dangling.
               Please use C simulation to confirm this function argument can be read from or written to.
WARNING: [RTGEN 206-101] Setting dangling out port 'reconstruct/m_axi_imageProjs_ARADDR' to 0.
WARNING: [RTGEN 206-101] Port 'reconstruct/m_axi_imageProjs_ARID' has no fanin or fanout and is left dangling.
               Please use C simulation to confirm this function argument can be read from or written to.
WARNING: [RTGEN 206-101] Setting dangling out port 'reconstruct/m_axi_imageProjs_ARID' to 0.
WARNING: [RTGEN 206-101] Port 'reconstruct/m_axi_imageProjs_ARLEN' has no fanin or fanout and is left dangling.
               Please use C simulation to confirm this function argument can be read from or written to.
WARNING: [RTGEN 206-101] Setting dangling out port 'reconstruct/m_axi_imageProjs_ARLEN' to 0.
WARNING: [RTGEN 206-101] Port 'reconstruct/m_axi_imageProjs_ARSIZE' has no fanin or fanout and is left dangling.
               Please use C simulation to confirm this function argument can be read from or written to.
WARNING: [RTGEN 206-101] Setting dangling out port 'reconstruct/m_axi_imageProjs_ARSIZE' to 0.
WARNING: [RTGEN 206-101] Port 'reconstruct/m_axi_imageProjs_ARBURST' has no fanin or fanout and is left dangling.
               Please use C simulation to confirm this function argument can be read from or written to.
WARNING: [RTGEN 206-101] Setting dangling out port 'reconstruct/m_axi_imageProjs_ARBURST' to 0.
WARNING: [RTGEN 206-101] Port 'reconstruct/m_axi_imageProjs_ARLOCK' has no fanin or fanout and is left dangling.
               Please use C simulation to confirm this function argument can be read from or written to.
WARNING: [RTGEN 206-101] Setting dangling out port 'reconstruct/m_axi_imageProjs_ARLOCK' to 0.
WARNING: [RTGEN 206-101] Port 'reconstruct/m_axi_imageProjs_ARCACHE' has no fanin or fanout and is left dangling.
               Please use C simulation to confirm this function argument can be read from or written to.
WARNING: [RTGEN 206-101] Setting dangling out port 'reconstruct/m_axi_imageProjs_ARCACHE' to 0.
WARNING: [RTGEN 206-101] Port 'reconstruct/m_axi_imageProjs_ARPROT' has no fanin or fanout and is left dangling.
               Please use C simulation to confirm this function argument can be read from or written to.
WARNING: [RTGEN 206-101] Setting dangling out port 'reconstruct/m_axi_imageProjs_ARPROT' to 0.
WARNING: [RTGEN 206-101] Port 'reconstruct/m_axi_imageProjs_ARQOS' has no fanin or fanout and is left dangling.
               Please use C simulation to confirm this function argument can be read from or written to.
WARNING: [RTGEN 206-101] Setting dangling out port 'reconstruct/m_axi_imageProjs_ARQOS' to 0.
WARNING: [RTGEN 206-101] Port 'reconstruct/m_axi_imageProjs_ARREGION' has no fanin or fanout and is left dangling.
               Please use C simulation to confirm this function argument can be read from or written to.
WARNING: [RTGEN 206-101] Setting dangling out port 'reconstruct/m_axi_imageProjs_ARREGION' to 0.
WARNING: [RTGEN 206-101] Port 'reconstruct/m_axi_imageProjs_ARUSER' has no fanin or fanout and is left dangling.
               Please use C simulation to confirm this function argument can be read from or written to.
WARNING: [RTGEN 206-101] Setting dangling out port 'reconstruct/m_axi_imageProjs_ARUSER' to 0.
WARNING: [RTGEN 206-101] Port 'reconstruct/m_axi_imageProjs_RVALID' has no fanin or fanout and is left dangling.
               Please use C simulation to confirm this function argument can be read from or written to.
WARNING: [RTGEN 206-101] Port 'reconstruct/m_axi_imageProjs_RREADY' has no fanin or fanout and is left dangling.
               Please use C simulation to confirm this function argument can be read from or written to.
WARNING: [RTGEN 206-101] Setting dangling out port 'reconstruct/m_axi_imageProjs_RREADY' to 0.
WARNING: [RTGEN 206-101] Port 'reconstruct/m_axi_imageProjs_RDATA' has no fanin or fanout and is left dangling.
               Please use C simulation to confirm this function argument can be read from or written to.
WARNING: [RTGEN 206-101] Port 'reconstruct/m_axi_imageProjs_RLAST' has no fanin or fanout and is left dangling.
               Please use C simulation to confirm this function argument can be read from or written to.
WARNING: [RTGEN 206-101] Port 'reconstruct/m_axi_imageProjs_RID' has no fanin or fanout and is left dangling.
               Please use C simulation to confirm this function argument can be read from or written to.
WARNING: [RTGEN 206-101] Port 'reconstruct/m_axi_imageProjs_RUSER' has no fanin or fanout and is left dangling.
               Please use C simulation to confirm this function argument can be read from or written to.
WARNING: [RTGEN 206-101] Port 'reconstruct/m_axi_imageProjs_RRESP' has no fanin or fanout and is left dangling.
               Please use C simulation to confirm this function argument can be read from or written to.
WARNING: [RTGEN 206-101] Port 'reconstruct/m_axi_imageProjs_BVALID' has no fanin or fanout and is left dangling.
               Please use C simulation to confirm this function argument can be read from or written to.
WARNING: [RTGEN 206-101] Port 'reconstruct/m_axi_imageProjs_BREADY' has no fanin or fanout and is left dangling.
               Please use C simulation to confirm this function argument can be read from or written to.
WARNING: [RTGEN 206-101] Setting dangling out port 'reconstruct/m_axi_imageProjs_BREADY' to 0.
WARNING: [RTGEN 206-101] Port 'reconstruct/m_axi_imageProjs_BRESP' has no fanin or fanout and is left dangling.
               Please use C simulation to confirm this function argument can be read from or written to.
WARNING: [RTGEN 206-101] Port 'reconstruct/m_axi_imageProjs_BID' has no fanin or fanout and is left dangling.
               Please use C simulation to confirm this function argument can be read from or written to.
WARNING: [RTGEN 206-101] Port 'reconstruct/m_axi_imageProjs_BUSER' has no fanin or fanout and is left dangling.
               Please use C simulation to confirm this function argument can be read from or written to.
WARNING: [RTGEN 206-101] Port 'reconstruct/m_axi_imageProjs_local_AWVALID' has no fanin or fanout and is left dangling.
               Please use C simulation to confirm this function argument can be read from or written to.
WARNING: [RTGEN 206-101] Setting dangling out port 'reconstruct/m_axi_imageProjs_local_AWVALID' to 0.
WARNING: [RTGEN 206-101] Port 'reconstruct/m_axi_imageProjs_local_AWREADY' has no fanin or fanout and is left dangling.
               Please use C simulation to confirm this function argument can be read from or written to.
WARNING: [RTGEN 206-101] Port 'reconstruct/m_axi_imageProjs_local_AWADDR' has no fanin or fanout and is left dangling.
               Please use C simulation to confirm this function argument can be read from or written to.
WARNING: [RTGEN 206-101] Setting dangling out port 'reconstruct/m_axi_imageProjs_local_AWADDR' to 0.
WARNING: [RTGEN 206-101] Port 'reconstruct/m_axi_imageProjs_local_AWID' has no fanin or fanout and is left dangling.
               Please use C simulation to confirm this function argument can be read from or written to.
WARNING: [RTGEN 206-101] Setting dangling out port 'reconstruct/m_axi_imageProjs_local_AWID' to 0.
WARNING: [RTGEN 206-101] Port 'reconstruct/m_axi_imageProjs_local_AWLEN' has no fanin or fanout and is left dangling.
               Please use C simulation to confirm this function argument can be read from or written to.
WARNING: [RTGEN 206-101] Setting dangling out port 'reconstruct/m_axi_imageProjs_local_AWLEN' to 0.
WARNING: [RTGEN 206-101] Port 'reconstruct/m_axi_imageProjs_local_AWSIZE' has no fanin or fanout and is left dangling.
               Please use C simulation to confirm this function argument can be read from or written to.
WARNING: [RTGEN 206-101] Setting dangling out port 'reconstruct/m_axi_imageProjs_local_AWSIZE' to 0.
WARNING: [RTGEN 206-101] Port 'reconstruct/m_axi_imageProjs_local_AWBURST' has no fanin or fanout and is left dangling.
               Please use C simulation to confirm this function argument can be read from or written to.
WARNING: [RTGEN 206-101] Setting dangling out port 'reconstruct/m_axi_imageProjs_local_AWBURST' to 0.
WARNING: [RTGEN 206-101] Port 'reconstruct/m_axi_imageProjs_local_AWLOCK' has no fanin or fanout and is left dangling.
               Please use C simulation to confirm this function argument can be read from or written to.
WARNING: [RTGEN 206-101] Setting dangling out port 'reconstruct/m_axi_imageProjs_local_AWLOCK' to 0.
WARNING: [RTGEN 206-101] Port 'reconstruct/m_axi_imageProjs_local_AWCACHE' has no fanin or fanout and is left dangling.
               Please use C simulation to confirm this function argument can be read from or written to.
WARNING: [RTGEN 206-101] Setting dangling out port 'reconstruct/m_axi_imageProjs_local_AWCACHE' to 0.
WARNING: [RTGEN 206-101] Port 'reconstruct/m_axi_imageProjs_local_AWPROT' has no fanin or fanout and is left dangling.
               Please use C simulation to confirm this function argument can be read from or written to.
WARNING: [RTGEN 206-101] Setting dangling out port 'reconstruct/m_axi_imageProjs_local_AWPROT' to 0.
WARNING: [RTGEN 206-101] Port 'reconstruct/m_axi_imageProjs_local_AWQOS' has no fanin or fanout and is left dangling.
               Please use C simulation to confirm this function argument can be read from or written to.
WARNING: [RTGEN 206-101] Setting dangling out port 'reconstruct/m_axi_imageProjs_local_AWQOS' to 0.
WARNING: [RTGEN 206-101] Port 'reconstruct/m_axi_imageProjs_local_AWREGION' has no fanin or fanout and is left dangling.
               Please use C simulation to confirm this function argument can be read from or written to.
WARNING: [RTGEN 206-101] Setting dangling out port 'reconstruct/m_axi_imageProjs_local_AWREGION' to 0.
WARNING: [RTGEN 206-101] Port 'reconstruct/m_axi_imageProjs_local_AWUSER' has no fanin or fanout and is left dangling.
               Please use C simulation to confirm this function argument can be read from or written to.
WARNING: [RTGEN 206-101] Setting dangling out port 'reconstruct/m_axi_imageProjs_local_AWUSER' to 0.
WARNING: [RTGEN 206-101] Port 'reconstruct/m_axi_imageProjs_local_WVALID' has no fanin or fanout and is left dangling.
               Please use C simulation to confirm this function argument can be read from or written to.
WARNING: [RTGEN 206-101] Setting dangling out port 'reconstruct/m_axi_imageProjs_local_WVALID' to 0.
WARNING: [RTGEN 206-101] Port 'reconstruct/m_axi_imageProjs_local_WREADY' has no fanin or fanout and is left dangling.
               Please use C simulation to confirm this function argument can be read from or written to.
WARNING: [RTGEN 206-101] Port 'reconstruct/m_axi_imageProjs_local_WDATA' has no fanin or fanout and is left dangling.
               Please use C simulation to confirm this function argument can be read from or written to.
WARNING: [RTGEN 206-101] Setting dangling out port 'reconstruct/m_axi_imageProjs_local_WDATA' to 0.
WARNING: [RTGEN 206-101] Port 'reconstruct/m_axi_imageProjs_local_WSTRB' has no fanin or fanout and is left dangling.
               Please use C simulation to confirm this function argument can be read from or written to.
WARNING: [RTGEN 206-101] Setting dangling out port 'reconstruct/m_axi_imageProjs_local_WSTRB' to 0.
WARNING: [RTGEN 206-101] Port 'reconstruct/m_axi_imageProjs_local_WLAST' has no fanin or fanout and is left dangling.
               Please use C simulation to confirm this function argument can be read from or written to.
WARNING: [RTGEN 206-101] Setting dangling out port 'reconstruct/m_axi_imageProjs_local_WLAST' to 0.
WARNING: [RTGEN 206-101] Port 'reconstruct/m_axi_imageProjs_local_WID' has no fanin or fanout and is left dangling.
               Please use C simulation to confirm this function argument can be read from or written to.
WARNING: [RTGEN 206-101] Setting dangling out port 'reconstruct/m_axi_imageProjs_local_WID' to 0.
WARNING: [RTGEN 206-101] Port 'reconstruct/m_axi_imageProjs_local_WUSER' has no fanin or fanout and is left dangling.
               Please use C simulation to confirm this function argument can be read from or written to.
WARNING: [RTGEN 206-101] Setting dangling out port 'reconstruct/m_axi_imageProjs_local_WUSER' to 0.
WARNING: [RTGEN 206-101] Port 'reconstruct/m_axi_imageProjs_local_ARVALID' has no fanin or fanout and is left dangling.
               Please use C simulation to confirm this function argument can be read from or written to.
WARNING: [RTGEN 206-101] Setting dangling out port 'reconstruct/m_axi_imageProjs_local_ARVALID' to 0.
WARNING: [RTGEN 206-101] Port 'reconstruct/m_axi_imageProjs_local_ARREADY' has no fanin or fanout and is left dangling.
               Please use C simulation to confirm this function argument can be read from or written to.
WARNING: [RTGEN 206-101] Port 'reconstruct/m_axi_imageProjs_local_ARADDR' has no fanin or fanout and is left dangling.
               Please use C simulation to confirm this function argument can be read from or written to.
WARNING: [RTGEN 206-101] Setting dangling out port 'reconstruct/m_axi_imageProjs_local_ARADDR' to 0.
WARNING: [RTGEN 206-101] Port 'reconstruct/m_axi_imageProjs_local_ARID' has no fanin or fanout and is left dangling.
               Please use C simulation to confirm this function argument can be read from or written to.
WARNING: [RTGEN 206-101] Setting dangling out port 'reconstruct/m_axi_imageProjs_local_ARID' to 0.
WARNING: [RTGEN 206-101] Port 'reconstruct/m_axi_imageProjs_local_ARLEN' has no fanin or fanout and is left dangling.
               Please use C simulation to confirm this function argument can be read from or written to.
WARNING: [RTGEN 206-101] Setting dangling out port 'reconstruct/m_axi_imageProjs_local_ARLEN' to 0.
WARNING: [RTGEN 206-101] Port 'reconstruct/m_axi_imageProjs_local_ARSIZE' has no fanin or fanout and is left dangling.
               Please use C simulation to confirm this function argument can be read from or written to.
WARNING: [RTGEN 206-101] Setting dangling out port 'reconstruct/m_axi_imageProjs_local_ARSIZE' to 0.
WARNING: [RTGEN 206-101] Port 'reconstruct/m_axi_imageProjs_local_ARBURST' has no fanin or fanout and is left dangling.
               Please use C simulation to confirm this function argument can be read from or written to.
WARNING: [RTGEN 206-101] Setting dangling out port 'reconstruct/m_axi_imageProjs_local_ARBURST' to 0.
WARNING: [RTGEN 206-101] Port 'reconstruct/m_axi_imageProjs_local_ARLOCK' has no fanin or fanout and is left dangling.
               Please use C simulation to confirm this function argument can be read from or written to.
WARNING: [RTGEN 206-101] Setting dangling out port 'reconstruct/m_axi_imageProjs_local_ARLOCK' to 0.
WARNING: [RTGEN 206-101] Port 'reconstruct/m_axi_imageProjs_local_ARCACHE' has no fanin or fanout and is left dangling.
               Please use C simulation to confirm this function argument can be read from or written to.
WARNING: [RTGEN 206-101] Setting dangling out port 'reconstruct/m_axi_imageProjs_local_ARCACHE' to 0.
WARNING: [RTGEN 206-101] Port 'reconstruct/m_axi_imageProjs_local_ARPROT' has no fanin or fanout and is left dangling.
               Please use C simulation to confirm this function argument can be read from or written to.
WARNING: [RTGEN 206-101] Setting dangling out port 'reconstruct/m_axi_imageProjs_local_ARPROT' to 0.
WARNING: [RTGEN 206-101] Port 'reconstruct/m_axi_imageProjs_local_ARQOS' has no fanin or fanout and is left dangling.
               Please use C simulation to confirm this function argument can be read from or written to.
WARNING: [RTGEN 206-101] Setting dangling out port 'reconstruct/m_axi_imageProjs_local_ARQOS' to 0.
WARNING: [RTGEN 206-101] Port 'reconstruct/m_axi_imageProjs_local_ARREGION' has no fanin or fanout and is left dangling.
               Please use C simulation to confirm this function argument can be read from or written to.
WARNING: [RTGEN 206-101] Setting dangling out port 'reconstruct/m_axi_imageProjs_local_ARREGION' to 0.
WARNING: [RTGEN 206-101] Port 'reconstruct/m_axi_imageProjs_local_ARUSER' has no fanin or fanout and is left dangling.
               Please use C simulation to confirm this function argument can be read from or written to.
WARNING: [RTGEN 206-101] Setting dangling out port 'reconstruct/m_axi_imageProjs_local_ARUSER' to 0.
WARNING: [RTGEN 206-101] Port 'reconstruct/m_axi_imageProjs_local_RVALID' has no fanin or fanout and is left dangling.
               Please use C simulation to confirm this function argument can be read from or written to.
WARNING: [RTGEN 206-101] Port 'reconstruct/m_axi_imageProjs_local_RREADY' has no fanin or fanout and is left dangling.
               Please use C simulation to confirm this function argument can be read from or written to.
WARNING: [RTGEN 206-101] Setting dangling out port 'reconstruct/m_axi_imageProjs_local_RREADY' to 0.
WARNING: [RTGEN 206-101] Port 'reconstruct/m_axi_imageProjs_local_RDATA' has no fanin or fanout and is left dangling.
               Please use C simulation to confirm this function argument can be read from or written to.
WARNING: [RTGEN 206-101] Port 'reconstruct/m_axi_imageProjs_local_RLAST' has no fanin or fanout and is left dangling.
               Please use C simulation to confirm this function argument can be read from or written to.
WARNING: [RTGEN 206-101] Port 'reconstruct/m_axi_imageProjs_local_RID' has no fanin or fanout and is left dangling.
               Please use C simulation to confirm this function argument can be read from or written to.
WARNING: [RTGEN 206-101] Port 'reconstruct/m_axi_imageProjs_local_RUSER' has no fanin or fanout and is left dangling.
               Please use C simulation to confirm this function argument can be read from or written to.
WARNING: [RTGEN 206-101] Port 'reconstruct/m_axi_imageProjs_local_RRESP' has no fanin or fanout and is left dangling.
               Please use C simulation to confirm this function argument can be read from or written to.
WARNING: [RTGEN 206-101] Port 'reconstruct/m_axi_imageProjs_local_BVALID' has no fanin or fanout and is left dangling.
               Please use C simulation to confirm this function argument can be read from or written to.
WARNING: [RTGEN 206-101] Port 'reconstruct/m_axi_imageProjs_local_BREADY' has no fanin or fanout and is left dangling.
               Please use C simulation to confirm this function argument can be read from or written to.
WARNING: [RTGEN 206-101] Setting dangling out port 'reconstruct/m_axi_imageProjs_local_BREADY' to 0.
WARNING: [RTGEN 206-101] Port 'reconstruct/m_axi_imageProjs_local_BRESP' has no fanin or fanout and is left dangling.
               Please use C simulation to confirm this function argument can be read from or written to.
WARNING: [RTGEN 206-101] Port 'reconstruct/m_axi_imageProjs_local_BID' has no fanin or fanout and is left dangling.
               Please use C simulation to confirm this function argument can be read from or written to.
WARNING: [RTGEN 206-101] Port 'reconstruct/m_axi_imageProjs_local_BUSER' has no fanin or fanout and is left dangling.
               Please use C simulation to confirm this function argument can be read from or written to.
WARNING: [RTGEN 206-101] Port 'reconstruct/m_axi_imageProjs_local_size_AWVALID' has no fanin or fanout and is left dangling.
               Please use C simulation to confirm this function argument can be read from or written to.
WARNING: [RTGEN 206-101] Setting dangling out port 'reconstruct/m_axi_imageProjs_local_size_AWVALID' to 0.
WARNING: [RTGEN 206-101] Port 'reconstruct/m_axi_imageProjs_local_size_AWREADY' has no fanin or fanout and is left dangling.
               Please use C simulation to confirm this function argument can be read from or written to.
WARNING: [RTGEN 206-101] Port 'reconstruct/m_axi_imageProjs_local_size_AWADDR' has no fanin or fanout and is left dangling.
               Please use C simulation to confirm this function argument can be read from or written to.
WARNING: [RTGEN 206-101] Setting dangling out port 'reconstruct/m_axi_imageProjs_local_size_AWADDR' to 0.
WARNING: [RTGEN 206-101] Port 'reconstruct/m_axi_imageProjs_local_size_AWID' has no fanin or fanout and is left dangling.
               Please use C simulation to confirm this function argument can be read from or written to.
WARNING: [RTGEN 206-101] Setting dangling out port 'reconstruct/m_axi_imageProjs_local_size_AWID' to 0.
WARNING: [RTGEN 206-101] Port 'reconstruct/m_axi_imageProjs_local_size_AWLEN' has no fanin or fanout and is left dangling.
               Please use C simulation to confirm this function argument can be read from or written to.
WARNING: [RTGEN 206-101] Setting dangling out port 'reconstruct/m_axi_imageProjs_local_size_AWLEN' to 0.
WARNING: [RTGEN 206-101] Port 'reconstruct/m_axi_imageProjs_local_size_AWSIZE' has no fanin or fanout and is left dangling.
               Please use C simulation to confirm this function argument can be read from or written to.
WARNING: [RTGEN 206-101] Setting dangling out port 'reconstruct/m_axi_imageProjs_local_size_AWSIZE' to 0.
WARNING: [RTGEN 206-101] Port 'reconstruct/m_axi_imageProjs_local_size_AWBURST' has no fanin or fanout and is left dangling.
               Please use C simulation to confirm this function argument can be read from or written to.
WARNING: [RTGEN 206-101] Setting dangling out port 'reconstruct/m_axi_imageProjs_local_size_AWBURST' to 0.
WARNING: [RTGEN 206-101] Port 'reconstruct/m_axi_imageProjs_local_size_AWLOCK' has no fanin or fanout and is left dangling.
               Please use C simulation to confirm this function argument can be read from or written to.
WARNING: [RTGEN 206-101] Setting dangling out port 'reconstruct/m_axi_imageProjs_local_size_AWLOCK' to 0.
WARNING: [RTGEN 206-101] Port 'reconstruct/m_axi_imageProjs_local_size_AWCACHE' has no fanin or fanout and is left dangling.
               Please use C simulation to confirm this function argument can be read from or written to.
WARNING: [RTGEN 206-101] Setting dangling out port 'reconstruct/m_axi_imageProjs_local_size_AWCACHE' to 0.
WARNING: [RTGEN 206-101] Port 'reconstruct/m_axi_imageProjs_local_size_AWPROT' has no fanin or fanout and is left dangling.
               Please use C simulation to confirm this function argument can be read from or written to.
WARNING: [RTGEN 206-101] Setting dangling out port 'reconstruct/m_axi_imageProjs_local_size_AWPROT' to 0.
WARNING: [RTGEN 206-101] Port 'reconstruct/m_axi_imageProjs_local_size_AWQOS' has no fanin or fanout and is left dangling.
               Please use C simulation to confirm this function argument can be read from or written to.
WARNING: [RTGEN 206-101] Setting dangling out port 'reconstruct/m_axi_imageProjs_local_size_AWQOS' to 0.
WARNING: [RTGEN 206-101] Port 'reconstruct/m_axi_imageProjs_local_size_AWREGION' has no fanin or fanout and is left dangling.
               Please use C simulation to confirm this function argument can be read from or written to.
WARNING: [RTGEN 206-101] Setting dangling out port 'reconstruct/m_axi_imageProjs_local_size_AWREGION' to 0.
WARNING: [RTGEN 206-101] Port 'reconstruct/m_axi_imageProjs_local_size_AWUSER' has no fanin or fanout and is left dangling.
               Please use C simulation to confirm this function argument can be read from or written to.
WARNING: [RTGEN 206-101] Setting dangling out port 'reconstruct/m_axi_imageProjs_local_size_AWUSER' to 0.
WARNING: [RTGEN 206-101] Port 'reconstruct/m_axi_imageProjs_local_size_WVALID' has no fanin or fanout and is left dangling.
               Please use C simulation to confirm this function argument can be read from or written to.
WARNING: [RTGEN 206-101] Setting dangling out port 'reconstruct/m_axi_imageProjs_local_size_WVALID' to 0.
WARNING: [RTGEN 206-101] Port 'reconstruct/m_axi_imageProjs_local_size_WREADY' has no fanin or fanout and is left dangling.
               Please use C simulation to confirm this function argument can be read from or written to.
WARNING: [RTGEN 206-101] Port 'reconstruct/m_axi_imageProjs_local_size_WDATA' has no fanin or fanout and is left dangling.
               Please use C simulation to confirm this function argument can be read from or written to.
WARNING: [RTGEN 206-101] Setting dangling out port 'reconstruct/m_axi_imageProjs_local_size_WDATA' to 0.
WARNING: [RTGEN 206-101] Port 'reconstruct/m_axi_imageProjs_local_size_WSTRB' has no fanin or fanout and is left dangling.
               Please use C simulation to confirm this function argument can be read from or written to.
WARNING: [RTGEN 206-101] Setting dangling out port 'reconstruct/m_axi_imageProjs_local_size_WSTRB' to 0.
WARNING: [RTGEN 206-101] Port 'reconstruct/m_axi_imageProjs_local_size_WLAST' has no fanin or fanout and is left dangling.
               Please use C simulation to confirm this function argument can be read from or written to.
WARNING: [RTGEN 206-101] Setting dangling out port 'reconstruct/m_axi_imageProjs_local_size_WLAST' to 0.
WARNING: [RTGEN 206-101] Port 'reconstruct/m_axi_imageProjs_local_size_WID' has no fanin or fanout and is left dangling.
               Please use C simulation to confirm this function argument can be read from or written to.
WARNING: [RTGEN 206-101] Setting dangling out port 'reconstruct/m_axi_imageProjs_local_size_WID' to 0.
WARNING: [RTGEN 206-101] Port 'reconstruct/m_axi_imageProjs_local_size_WUSER' has no fanin or fanout and is left dangling.
               Please use C simulation to confirm this function argument can be read from or written to.
WARNING: [RTGEN 206-101] Setting dangling out port 'reconstruct/m_axi_imageProjs_local_size_WUSER' to 0.
WARNING: [RTGEN 206-101] Port 'reconstruct/m_axi_imageProjs_local_size_ARVALID' has no fanin or fanout and is left dangling.
               Please use C simulation to confirm this function argument can be read from or written to.
WARNING: [RTGEN 206-101] Setting dangling out port 'reconstruct/m_axi_imageProjs_local_size_ARVALID' to 0.
WARNING: [RTGEN 206-101] Port 'reconstruct/m_axi_imageProjs_local_size_ARREADY' has no fanin or fanout and is left dangling.
               Please use C simulation to confirm this function argument can be read from or written to.
WARNING: [RTGEN 206-101] Port 'reconstruct/m_axi_imageProjs_local_size_ARADDR' has no fanin or fanout and is left dangling.
               Please use C simulation to confirm this function argument can be read from or written to.
WARNING: [RTGEN 206-101] Setting dangling out port 'reconstruct/m_axi_imageProjs_local_size_ARADDR' to 0.
WARNING: [RTGEN 206-101] Port 'reconstruct/m_axi_imageProjs_local_size_ARID' has no fanin or fanout and is left dangling.
               Please use C simulation to confirm this function argument can be read from or written to.
WARNING: [RTGEN 206-101] Setting dangling out port 'reconstruct/m_axi_imageProjs_local_size_ARID' to 0.
WARNING: [RTGEN 206-101] Port 'reconstruct/m_axi_imageProjs_local_size_ARLEN' has no fanin or fanout and is left dangling.
               Please use C simulation to confirm this function argument can be read from or written to.
WARNING: [RTGEN 206-101] Setting dangling out port 'reconstruct/m_axi_imageProjs_local_size_ARLEN' to 0.
WARNING: [RTGEN 206-101] Port 'reconstruct/m_axi_imageProjs_local_size_ARSIZE' has no fanin or fanout and is left dangling.
               Please use C simulation to confirm this function argument can be read from or written to.
WARNING: [RTGEN 206-101] Setting dangling out port 'reconstruct/m_axi_imageProjs_local_size_ARSIZE' to 0.
WARNING: [RTGEN 206-101] Port 'reconstruct/m_axi_imageProjs_local_size_ARBURST' has no fanin or fanout and is left dangling.
               Please use C simulation to confirm this function argument can be read from or written to.
WARNING: [RTGEN 206-101] Setting dangling out port 'reconstruct/m_axi_imageProjs_local_size_ARBURST' to 0.
WARNING: [RTGEN 206-101] Port 'reconstruct/m_axi_imageProjs_local_size_ARLOCK' has no fanin or fanout and is left dangling.
               Please use C simulation to confirm this function argument can be read from or written to.
WARNING: [RTGEN 206-101] Setting dangling out port 'reconstruct/m_axi_imageProjs_local_size_ARLOCK' to 0.
WARNING: [RTGEN 206-101] Port 'reconstruct/m_axi_imageProjs_local_size_ARCACHE' has no fanin or fanout and is left dangling.
               Please use C simulation to confirm this function argument can be read from or written to.
WARNING: [RTGEN 206-101] Setting dangling out port 'reconstruct/m_axi_imageProjs_local_size_ARCACHE' to 0.
WARNING: [RTGEN 206-101] Port 'reconstruct/m_axi_imageProjs_local_size_ARPROT' has no fanin or fanout and is left dangling.
               Please use C simulation to confirm this function argument can be read from or written to.
WARNING: [RTGEN 206-101] Setting dangling out port 'reconstruct/m_axi_imageProjs_local_size_ARPROT' to 0.
WARNING: [RTGEN 206-101] Port 'reconstruct/m_axi_imageProjs_local_size_ARQOS' has no fanin or fanout and is left dangling.
               Please use C simulation to confirm this function argument can be read from or written to.
WARNING: [RTGEN 206-101] Setting dangling out port 'reconstruct/m_axi_imageProjs_local_size_ARQOS' to 0.
WARNING: [RTGEN 206-101] Port 'reconstruct/m_axi_imageProjs_local_size_ARREGION' has no fanin or fanout and is left dangling.
               Please use C simulation to confirm this function argument can be read from or written to.
WARNING: [RTGEN 206-101] Setting dangling out port 'reconstruct/m_axi_imageProjs_local_size_ARREGION' to 0.
WARNING: [RTGEN 206-101] Port 'reconstruct/m_axi_imageProjs_local_size_ARUSER' has no fanin or fanout and is left dangling.
               Please use C simulation to confirm this function argument can be read from or written to.
WARNING: [RTGEN 206-101] Setting dangling out port 'reconstruct/m_axi_imageProjs_local_size_ARUSER' to 0.
WARNING: [RTGEN 206-101] Port 'reconstruct/m_axi_imageProjs_local_size_RVALID' has no fanin or fanout and is left dangling.
               Please use C simulation to confirm this function argument can be read from or written to.
WARNING: [RTGEN 206-101] Port 'reconstruct/m_axi_imageProjs_local_size_RREADY' has no fanin or fanout and is left dangling.
               Please use C simulation to confirm this function argument can be read from or written to.
WARNING: [RTGEN 206-101] Setting dangling out port 'reconstruct/m_axi_imageProjs_local_size_RREADY' to 0.
WARNING: [RTGEN 206-101] Port 'reconstruct/m_axi_imageProjs_local_size_RDATA' has no fanin or fanout and is left dangling.
               Please use C simulation to confirm this function argument can be read from or written to.
WARNING: [RTGEN 206-101] Port 'reconstruct/m_axi_imageProjs_local_size_RLAST' has no fanin or fanout and is left dangling.
               Please use C simulation to confirm this function argument can be read from or written to.
WARNING: [RTGEN 206-101] Port 'reconstruct/m_axi_imageProjs_local_size_RID' has no fanin or fanout and is left dangling.
               Please use C simulation to confirm this function argument can be read from or written to.
WARNING: [RTGEN 206-101] Port 'reconstruct/m_axi_imageProjs_local_size_RUSER' has no fanin or fanout and is left dangling.
               Please use C simulation to confirm this function argument can be read from or written to.
WARNING: [RTGEN 206-101] Port 'reconstruct/m_axi_imageProjs_local_size_RRESP' has no fanin or fanout and is left dangling.
               Please use C simulation to confirm this function argument can be read from or written to.
WARNING: [RTGEN 206-101] Port 'reconstruct/m_axi_imageProjs_local_size_BVALID' has no fanin or fanout and is left dangling.
               Please use C simulation to confirm this function argument can be read from or written to.
WARNING: [RTGEN 206-101] Port 'reconstruct/m_axi_imageProjs_local_size_BREADY' has no fanin or fanout and is left dangling.
               Please use C simulation to confirm this function argument can be read from or written to.
WARNING: [RTGEN 206-101] Setting dangling out port 'reconstruct/m_axi_imageProjs_local_size_BREADY' to 0.
WARNING: [RTGEN 206-101] Port 'reconstruct/m_axi_imageProjs_local_size_BRESP' has no fanin or fanout and is left dangling.
               Please use C simulation to confirm this function argument can be read from or written to.
WARNING: [RTGEN 206-101] Port 'reconstruct/m_axi_imageProjs_local_size_BID' has no fanin or fanout and is left dangling.
               Please use C simulation to confirm this function argument can be read from or written to.
WARNING: [RTGEN 206-101] Port 'reconstruct/m_axi_imageProjs_local_size_BUSER' has no fanin or fanout and is left dangling.
               Please use C simulation to confirm this function argument can be read from or written to.
INFO: [RTGEN 206-100] Finished creating RTL model for 'reconstruct'.
INFO: [RTMG 210-285] Implementing FIFO 'localImages_U(reconstruct_fifo_w256_d2_S)' using Shift Registers.
INFO: [RTMG 210-285] Implementing FIFO 'atomLocationsSize_c_U(reconstruct_fifo_w32_d2_S)' using Shift Registers.
INFO: [RTMG 210-285] Implementing FIFO 'start_for_applyProjectors_U0_U(reconstruct_start_for_applyProjectors_U0)' using Shift Registers.
INFO: [HLS 200-111] Finished Creating RTL model: CPU user time: 3 seconds. CPU system time: 1 seconds. Elapsed time: 31.312 seconds; current allocated memory: 783.020 MB.
INFO: [HLS 200-111] Finished Generating all RTL models: CPU user time: 1 seconds. CPU system time: 0 seconds. Elapsed time: 1.322 seconds; current allocated memory: 786.742 MB.
INFO: [HLS 200-111] Finished Updating report files: CPU user time: 4 seconds. CPU system time: 1 seconds. Elapsed time: 4.477 seconds; current allocated memory: 796.680 MB.
INFO: [VHDL 208-304] Generating VHDL RTL for reconstruct.
INFO: [VLOG 209-307] Generating Verilog RTL for reconstruct.
INFO: [HLS 200-790] **** Loop Constraint Status: All loop constraints were satisfied.
INFO: [HLS 200-789] **** Estimated Fmax: 142.53 MHz
INFO: [HLS 200-112] Total CPU user time: 28 seconds. Total CPU system time: 5 seconds. Total elapsed time: 91.144 seconds; peak allocated memory: 798.246 MB.
INFO: [v++ 60-791] Total elapsed time: 0h 1m 39s
