  **** HLS Build v2024.2 5238294
INFO: [HLS 200-2005] Using work_dir F:/LMU/quantumMA/opimization/reconstructv1maxi/hls_component/reconstruct 
INFO: [HLS 200-1505] Using default flow_target 'vivado'
Resolution: For help on HLS 200-1505 see docs.xilinx.com/access/sources/dita/topic?Doc_Version=2024.2%20English&url=ug1448-hls-guidance&resourceid=200-1505.html
INFO: [HLS 200-1465] Applying ini 'syn.file=F:/LMU/quantumMA/opimization/reconstructv1maxi/image_analysis.cpp' from F:/LMU/quantumMA/opimization/reconstructv1maxi/hls_component/hls_config.cfg(13)
INFO: [HLS 200-10] Adding design file 'F:/LMU/quantumMA/opimization/reconstructv1maxi/image_analysis.cpp' to the project
INFO: [HLS 200-1465] Applying ini 'syn.file=F:/LMU/quantumMA/opimization/reconstructv1maxi/image_analysis.hpp' from F:/LMU/quantumMA/opimization/reconstructv1maxi/hls_component/hls_config.cfg(14)
INFO: [HLS 200-10] Adding design file 'F:/LMU/quantumMA/opimization/reconstructv1maxi/image_analysis.hpp' to the project
INFO: [HLS 200-1465] Applying ini 'tb.file=F:/LMU/quantumMA/opimization/reconstructv1maxi/test.cpp' from F:/LMU/quantumMA/opimization/reconstructv1maxi/hls_component/hls_config.cfg(10)
INFO: [HLS 200-10] Adding test bench file 'F:/LMU/quantumMA/opimization/reconstructv1maxi/test.cpp' to the project
INFO: [HLS 200-1465] Applying ini 'tb.file=F:/LMU/quantumMA/opimization/reconstructv1maxi/fullImage_output.txt' from F:/LMU/quantumMA/opimization/reconstructv1maxi/hls_component/hls_config.cfg(11)
INFO: [HLS 200-10] Adding test bench file 'F:/LMU/quantumMA/opimization/reconstructv1maxi/fullImage_output.txt' to the project
INFO: [HLS 200-1465] Applying ini 'tb.file=F:/LMU/quantumMA/opimization/reconstructv1maxi/restoutput.txt' from F:/LMU/quantumMA/opimization/reconstructv1maxi/hls_component/hls_config.cfg(12)
INFO: [HLS 200-10] Adding test bench file 'F:/LMU/quantumMA/opimization/reconstructv1maxi/restoutput.txt' to the project
INFO: [HLS 200-1465] Applying ini 'syn.top=reconstruct' from F:/LMU/quantumMA/opimization/reconstructv1maxi/hls_component/hls_config.cfg(7)
INFO: [HLS 200-1465] Applying ini 'flow_target=vivado' from F:/LMU/quantumMA/opimization/reconstructv1maxi/hls_component/hls_config.cfg(4)
INFO: [HLS 200-1505] Using flow_target 'vivado'
Resolution: For help on HLS 200-1505 see docs.xilinx.com/access/sources/dita/topic?Doc_Version=2024.2%20English&url=ug1448-hls-guidance&resourceid=200-1505.html
INFO: [HLS 200-1465] Applying ini 'part=xczu49dr-ffvf1760-2-e' from F:/LMU/quantumMA/opimization/reconstructv1maxi/hls_component/hls_config.cfg(1)
INFO: [HLS 200-1611] Setting target device to 'xczu49dr-ffvf1760-2-e'
INFO: [HLS 200-1465] Applying ini 'csim.clean=1' from F:/LMU/quantumMA/opimization/reconstructv1maxi/hls_component/hls_config.cfg(8)
INFO: [HLS 200-1465] Applying ini 'csim.code_analyzer=0' from F:/LMU/quantumMA/opimization/reconstructv1maxi/hls_component/hls_config.cfg(9)
INFO: [HLS 200-1465] Applying ini 'package.output.format=ip_catalog' from F:/LMU/quantumMA/opimization/reconstructv1maxi/hls_component/hls_config.cfg(5)
INFO: [HLS 200-111] Finished File checks and directory preparation: CPU user time: 5 seconds. CPU system time: 2 seconds. Elapsed time: 7.019 seconds; current allocated memory: 619.297 MB.
INFO: [HLS 200-10] Analyzing design file '../image_analysis.cpp' ... 
INFO: [HLS 200-111] Finished Source Code Analysis and Preprocessing: CPU user time: 0 seconds. CPU system time: 0 seconds. Elapsed time: 9.772 seconds; current allocated memory: 622.492 MB.
INFO: [HLS 200-777] Using interface defaults for 'Vivado' flow target.
INFO: [HLS 200-1995] There were 20,477 instructions in the design after the 'Compile/Link' phase of compilation. See the Design Size Report for more details: F:/LMU/quantumMA/opimization/reconstructv1maxi/hls_component/reconstruct/hls/syn/report/csynth_design_size.rpt
INFO: [HLS 200-1995] There were 27,384 instructions in the design after the 'Unroll/Inline (step 1)' phase of compilation. See the Design Size Report for more details: F:/LMU/quantumMA/opimization/reconstructv1maxi/hls_component/reconstruct/hls/syn/report/csynth_design_size.rpt
INFO: [HLS 200-1995] There were 16,111 instructions in the design after the 'Unroll/Inline (step 2)' phase of compilation. See the Design Size Report for more details: F:/LMU/quantumMA/opimization/reconstructv1maxi/hls_component/reconstruct/hls/syn/report/csynth_design_size.rpt
INFO: [HLS 200-1995] There were 16,014 instructions in the design after the 'Unroll/Inline (step 3)' phase of compilation. See the Design Size Report for more details: F:/LMU/quantumMA/opimization/reconstructv1maxi/hls_component/reconstruct/hls/syn/report/csynth_design_size.rpt
INFO: [HLS 200-1995] There were 15,519 instructions in the design after the 'Unroll/Inline (step 4)' phase of compilation. See the Design Size Report for more details: F:/LMU/quantumMA/opimization/reconstructv1maxi/hls_component/reconstruct/hls/syn/report/csynth_design_size.rpt
INFO: [HLS 200-1995] There were 15,638 instructions in the design after the 'Array/Struct (step 1)' phase of compilation. See the Design Size Report for more details: F:/LMU/quantumMA/opimization/reconstructv1maxi/hls_component/reconstruct/hls/syn/report/csynth_design_size.rpt
INFO: [HLS 200-1995] There were 15,638 instructions in the design after the 'Array/Struct (step 2)' phase of compilation. See the Design Size Report for more details: F:/LMU/quantumMA/opimization/reconstructv1maxi/hls_component/reconstruct/hls/syn/report/csynth_design_size.rpt
INFO: [HLS 200-1995] There were 15,641 instructions in the design after the 'Array/Struct (step 3)' phase of compilation. See the Design Size Report for more details: F:/LMU/quantumMA/opimization/reconstructv1maxi/hls_component/reconstruct/hls/syn/report/csynth_design_size.rpt
INFO: [HLS 200-1995] There were 15,693 instructions in the design after the 'Array/Struct (step 4)' phase of compilation. See the Design Size Report for more details: F:/LMU/quantumMA/opimization/reconstructv1maxi/hls_component/reconstruct/hls/syn/report/csynth_design_size.rpt
INFO: [HLS 200-1995] There were 15,676 instructions in the design after the 'Array/Struct (step 5)' phase of compilation. See the Design Size Report for more details: F:/LMU/quantumMA/opimization/reconstructv1maxi/hls_component/reconstruct/hls/syn/report/csynth_design_size.rpt
INFO: [HLS 200-1995] There were 15,676 instructions in the design after the 'Performance (step 1)' phase of compilation. See the Design Size Report for more details: F:/LMU/quantumMA/opimization/reconstructv1maxi/hls_component/reconstruct/hls/syn/report/csynth_design_size.rpt
INFO: [HLS 200-1995] There were 15,675 instructions in the design after the 'Performance (step 2)' phase of compilation. See the Design Size Report for more details: F:/LMU/quantumMA/opimization/reconstructv1maxi/hls_component/reconstruct/hls/syn/report/csynth_design_size.rpt
INFO: [HLS 200-1995] There were 15,851 instructions in the design after the 'Performance (step 3)' phase of compilation. See the Design Size Report for more details: F:/LMU/quantumMA/opimization/reconstructv1maxi/hls_component/reconstruct/hls/syn/report/csynth_design_size.rpt
INFO: [HLS 200-1995] There were 13,991 instructions in the design after the 'Performance (step 4)' phase of compilation. See the Design Size Report for more details: F:/LMU/quantumMA/opimization/reconstructv1maxi/hls_component/reconstruct/hls/syn/report/csynth_design_size.rpt
INFO: [HLS 200-1995] There were 14,047 instructions in the design after the 'HW Transforms (step 1)' phase of compilation. See the Design Size Report for more details: F:/LMU/quantumMA/opimization/reconstructv1maxi/hls_component/reconstruct/hls/syn/report/csynth_design_size.rpt
INFO: [HLS 200-1995] There were 13,875 instructions in the design after the 'HW Transforms (step 2)' phase of compilation. See the Design Size Report for more details: F:/LMU/quantumMA/opimization/reconstructv1maxi/hls_component/reconstruct/hls/syn/report/csynth_design_size.rpt
INFO: [HLS 214-291] Loop 'VITIS_LOOP_186_1' is marked as complete unroll implied by the pipeline pragma (../image_analysis.cpp:186:23)
INFO: [HLS 214-291] Loop 'VITIS_LOOP_168_1' is marked as complete unroll implied by the pipeline pragma (../image_analysis.cpp:168:23)
INFO: [HLS 214-291] Loop 'VITIS_LOOP_157_4' is marked as complete unroll implied by the pipeline pragma (../image_analysis.cpp:157:23)
INFO: [HLS 214-291] Loop 'VITIS_LOOP_152_3' is marked as complete unroll implied by the pipeline pragma (../image_analysis.cpp:152:23)
INFO: [HLS 214-291] Loop 'VITIS_LOOP_147_2' is marked as complete unroll implied by the pipeline pragma (../image_analysis.cpp:147:23)
INFO: [HLS 214-291] Loop 'VITIS_LOOP_141_1' is marked as complete unroll implied by the pipeline pragma (../image_analysis.cpp:141:23)
INFO: [HLS 214-186] Unrolling loop 'VITIS_LOOP_186_1' (../image_analysis.cpp:186:23) in function 'matrix_sum_prod' completely with a factor of 31 (../image_analysis.cpp:178:0)
INFO: [HLS 214-186] Unrolling loop 'VITIS_LOOP_168_1' (../image_analysis.cpp:168:23) in function 'vector_sum_prod' completely with a factor of 31 (../image_analysis.cpp:165:0)
INFO: [HLS 214-186] Unrolling loop 'VITIS_LOOP_157_4' (../image_analysis.cpp:157:23) in function 'vector_sum' completely with a factor of 2 (../image_analysis.cpp:135:0)
INFO: [HLS 214-186] Unrolling loop 'VITIS_LOOP_152_3' (../image_analysis.cpp:152:23) in function 'vector_sum' completely with a factor of 4 (../image_analysis.cpp:135:0)
INFO: [HLS 214-186] Unrolling loop 'VITIS_LOOP_147_2' (../image_analysis.cpp:147:23) in function 'vector_sum' completely with a factor of 8 (../image_analysis.cpp:135:0)
INFO: [HLS 214-186] Unrolling loop 'VITIS_LOOP_141_1' (../image_analysis.cpp:141:23) in function 'vector_sum' completely with a factor of 15 (../image_analysis.cpp:135:0)
INFO: [HLS 214-186] Unrolling loop 'VITIS_LOOP_121_2' (../image_analysis.cpp:121:27) in function 'Image_extract_next' completely with a factor of 31 (../image_analysis.cpp:66:0)
WARNING: [HLS 214-366] Duplicating function 'vector_sum(float*, float&)' as different function signatures were detected between this call site and other call site(s). This may impact the resources used in the design. (../image_analysis.cpp:175:5)
WARNING: [HLS 214-366] Duplicating function 'vector_sum(float*, float&)' as different function signatures were detected between this call site and other call site(s). This may impact the resources used in the design. (../image_analysis.cpp:174:5)
INFO: [HLS 214-178] Inlining function 'fp_struct<float>::data() const (.7.28.38.47.58)' into 'fp_struct<float>::to_float() const (.25.35.44.55)' (C:\scratch\2024.2\hls_product\495\2024.2\src\shared\hls\clib/src/hls\utils/x_hls_utils.h:322:0)
INFO: [HLS 214-178] Inlining function 'fp_struct<float>::to_float() const (.25.35.44.55)' into 'fp_struct<float>::to_ieee() const' (C:\scratch\2024.2\hls_product\495\2024.2\src\shared\hls\clib/src/hls\utils/x_hls_utils.h:346:0)
INFO: [HLS 214-178] Inlining function 'fp_struct<float>::fp_struct(float)' into 'float generic_copysign<float>(float, float)' (C:\scratch\2024.2\hls_product\495\2024.2\src\shared\hls\clib/hlsmath/include/FloatingPoint/hls_copysign.h:10:0)
INFO: [HLS 214-178] Inlining function 'fp_struct<float>::to_ieee() const' into 'float generic_copysign<float>(float, float)' (C:\scratch\2024.2\hls_product\495\2024.2\src\shared\hls\clib/hlsmath/include/FloatingPoint/hls_copysign.h:10:0)
INFO: [HLS 214-178] Inlining function 'fp_struct<float>::fp_struct(float)' into 'float generic_round<float>(float)' (C:\scratch\2024.2\hls_product\495\2024.2\src\shared\hls\clib/hlsmath/include/FloatingPoint\hls_round.h:160:0)
INFO: [HLS 214-178] Inlining function 'float generic_copysign<float>(float, float)' into 'float generic_round<float>(float)' (C:\scratch\2024.2\hls_product\495\2024.2\src\shared\hls\clib/hlsmath/include/FloatingPoint\hls_round.h:160:0)
INFO: [HLS 214-178] Inlining function 'fp_struct<float>::data() const (.7.28.38.47.58)' into 'float generic_round<float>(float)' (C:\scratch\2024.2\hls_product\495\2024.2\src\shared\hls\clib/hlsmath/include/FloatingPoint\hls_round.h:160:0)
INFO: [HLS 214-178] Inlining function 'fp_struct<float>::fp_struct(ap_uint<32>)' into 'float generic_round<float>(float)' (C:\scratch\2024.2\hls_product\495\2024.2\src\shared\hls\clib/hlsmath/include/FloatingPoint\hls_round.h:160:0)
INFO: [HLS 214-178] Inlining function 'fp_struct<float>::to_ieee() const' into 'float generic_round<float>(float)' (C:\scratch\2024.2\hls_product\495\2024.2\src\shared\hls\clib/hlsmath/include/FloatingPoint\hls_round.h:160:0)
INFO: [HLS 214-178] Inlining function 'roundf' into 'std::round(float)' (F:/Vitis/2024.2/tps/mingw/8.3.0/win64.o/nt\lib\gcc\x86_64-w64-mingw32\8.3.0\include\c++\cmath:1757:0)
INFO: [HLS 214-178] Inlining function 'fp_struct<float>::fp_struct(float)' into 'int generic_cast_IEEE754<int, (ap_q_mode)6, float>(float, bool, hls::enable_if<std::numeric_limits<int>::is_signed, bool>::type)' (C:\scratch\2024.2\hls_product\495\2024.2\src\shared\hls\clib/hlsmath/include/FloatingPoint\hls_case_IEEE754.h:12:0)
INFO: [HLS 214-178] Inlining function 'fp_struct<float>::mantissa() const' into 'int generic_cast_IEEE754<int, (ap_q_mode)6, float>(float, bool, hls::enable_if<std::numeric_limits<int>::is_signed, bool>::type)' (C:\scratch\2024.2\hls_product\495\2024.2\src\shared\hls\clib/hlsmath/include/FloatingPoint\hls_case_IEEE754.h:12:0)
INFO: [HLS 214-178] Inlining function 'fp_struct<float>::expv() const' into 'int generic_cast_IEEE754<int, (ap_q_mode)6, float>(float, bool, hls::enable_if<std::numeric_limits<int>::is_signed, bool>::type)' (C:\scratch\2024.2\hls_product\495\2024.2\src\shared\hls\clib/hlsmath/include/FloatingPoint\hls_case_IEEE754.h:12:0)
INFO: [HLS 214-178] Inlining function 'fp_struct<float>::__signbit() const' into 'int generic_cast_IEEE754<int, (ap_q_mode)6, float>(float, bool, hls::enable_if<std::numeric_limits<int>::is_signed, bool>::type)' (C:\scratch\2024.2\hls_product\495\2024.2\src\shared\hls\clib/hlsmath/include/FloatingPoint\hls_case_IEEE754.h:12:0)
INFO: [HLS 214-178] Inlining function 'int generic_cast_IEEE754<int, (ap_q_mode)6, float>(float, bool, hls::enable_if<std::numeric_limits<int>::is_signed, bool>::type)' into 'int generic_cast_IEEE754<int, float>(float, bool)' (C:\scratch\2024.2\hls_product\495\2024.2\src\shared\hls\clib/hlsmath/include/FloatingPoint\hls_case_IEEE754.h:116:0)
INFO: [HLS 214-178] Inlining function 'int generic_cast_IEEE754<int, float>(float, bool)' into '__hls_fptosi_float_i32' (C:\scratch\2024.2\hls_product\495\2024.2\src\shared\hls\clib\hlsmath\src\lib_floatconversion.cpp:51:0)
INFO: [HLS 214-178] Inlining function 'std::round(float)' into 'getLocalImages_single(int, int, int, int, atom_location*, hls::stream<local_image_info, 0>&)' (../image_analysis.cpp:9:0)
INFO: [HLS 214-178] Inlining function 'convert_address(unsigned long long, unsigned long long, unsigned long long, unsigned long long, unsigned long long&, unsigned long long&, unsigned long long&, unsigned long long&)' into 'Image_extract_next(int, hls::stream<local_image_info, 0>&, hls::burst_maxi<ap_uint<512> >, float (*) [31], hls::burst_maxi<ap_uint<512> >, float (*) [31], float*, float&)' (../image_analysis.cpp:66:0)
INFO: [HLS 214-241] Aggregating fifo (hls::stream) variable 'localImages' with compact=bit mode in 256-bits (../image_analysis.cpp:255:34)
INFO: [HLS 214-376] automatically set the pipeline for Loop< VITIS_LOOP_99_1> at ../image_analysis.cpp:99:22 
INFO: [HLS 214-449] Automatically partitioning array 'curr_fullImage' dimension 2 completely based on constant index. (../image_analysis.cpp:256:15)
INFO: [HLS 214-449] Automatically partitioning array 'curr_localImage' dimension 2 completely based on constant index. (../image_analysis.cpp:257:15)
INFO: [HLS 214-449] Automatically partitioning array 'sum_val' dimension 1 completely based on constant index. (../image_analysis.cpp:182:8)
INFO: [HLS 214-449] Automatically partitioning array 'prod_val' dimension 1 completely based on constant index. (../image_analysis.cpp:183:11)
INFO: [HLS 214-449] Automatically partitioning array 'res' dimension 1 completely based on constant index. (../image_analysis.cpp:166:11)
INFO: [HLS 214-449] Automatically partitioning array 'res1' dimension 1 completely based on constant index. (../image_analysis.cpp:167:11)
INFO: [HLS 214-270] Inferring pragma 'array_partition type=complete dim=1' for array 'res' due to pipeline pragma (../image_analysis.cpp:166:11)
INFO: [HLS 214-270] Inferring pragma 'array_partition type=complete dim=1' for array 'res1' due to pipeline pragma (../image_analysis.cpp:167:11)
INFO: [HLS 214-270] Inferring pragma 'array_partition type=complete dim=1' for array 'sum_val' due to pipeline pragma (../image_analysis.cpp:182:8)
INFO: [HLS 214-270] Inferring pragma 'array_partition type=complete dim=1' for array 'prod_val' due to pipeline pragma (../image_analysis.cpp:183:11)
INFO: [HLS 214-270] Inferring pragma 'array_partition type=complete dim=2' for array 'curr_fullImage' due to pipeline pragma (../image_analysis.cpp:256:15)
INFO: [HLS 214-270] Inferring pragma 'array_partition type=complete dim=2' for array 'curr_localImage' due to pipeline pragma (../image_analysis.cpp:257:15)
INFO: [HLS 214-248] Applying array_partition to 'res': Complete partitioning on dimension 1. (../image_analysis.cpp:166:11)
INFO: [HLS 214-248] Applying array_partition to 'res1': Complete partitioning on dimension 1. (../image_analysis.cpp:167:11)
INFO: [HLS 214-248] Applying array_partition to 'sum_val': Complete partitioning on dimension 1. (../image_analysis.cpp:182:8)
INFO: [HLS 214-248] Applying array_partition to 'prod_val': Complete partitioning on dimension 1. (../image_analysis.cpp:183:11)
INFO: [HLS 214-248] Applying array_partition to 'curr_fullImage': Complete partitioning on dimension 2. (../image_analysis.cpp:256:15)
INFO: [HLS 214-248] Applying array_partition to 'curr_localImage': Complete partitioning on dimension 2. (../image_analysis.cpp:257:15)
INFO: [HLS 214-306] Performing burst_maxi read of length 62 and bit width 512 on bundle 'imageProjs_local'. These burst requests might be further partitioned into multiple requests during RTL generation, based on max_read_burst_length or max_write_burst_length settings. (../image_analysis.cpp:81:22)
INFO: [HLS 214-306] Performing burst_maxi read of variable length and bit width 512 on bundle 'fullImage'. These burst requests might be further partitioned into multiple requests during RTL generation, based on max_read_burst_length or max_write_burst_length settings. (../image_analysis.cpp:101:19)
INFO: [HLS 200-111] Finished Compiling Optimization and Transform: CPU user time: 2 seconds. CPU system time: 0 seconds. Elapsed time: 15.14 seconds; current allocated memory: 625.930 MB.
INFO: [HLS 200-111] Finished Checking Pragmas: CPU user time: 0 seconds. CPU system time: 0 seconds. Elapsed time: 0.006 seconds; current allocated memory: 625.930 MB.
INFO: [HLS 200-10] Starting code transformations ...
INFO: [HLS 200-111] Finished Standard Transforms: CPU user time: 0 seconds. CPU system time: 0 seconds. Elapsed time: 0.5 seconds; current allocated memory: 636.059 MB.
INFO: [HLS 200-10] Checking synthesizability ...
INFO: [XFORM 203-602] Inlining function '__hls_fptosi_float_i32' into 'getLocalImages_single' (../image_analysis.cpp:13) automatically.
WARNING: [SYNCHK 200-23] ../image_analysis.cpp:119: variable-indexed range selection may cause suboptimal QoR.
INFO: [SYNCHK 200-10] 0 error(s), 1 warning(s).
INFO: [HLS 200-111] Finished Checking Synthesizability: CPU user time: 1 seconds. CPU system time: 0 seconds. Elapsed time: 0.434 seconds; current allocated memory: 643.344 MB.
INFO: [XFORM 203-602] Inlining function '__hls_fptosi_float_i32' into 'getLocalImages_single' (../image_analysis.cpp:13) automatically.
INFO: [XFORM 203-602] Inlining function 'vector_sum' into 'vector_sum_prod' (../image_analysis.cpp:174) automatically.
INFO: [XFORM 203-602] Inlining function 'vector_sum.1' into 'matrix_sum_prod' (../image_analysis.cpp:194) automatically.
INFO: [XFORM 203-712] Applying dataflow to function 'dataflow_in_loop_VITIS_LOOP_245_1.1' (../image_analysis.cpp:256:9), detected/extracted 5 process function(s): 
	 'dataflow_in_loop_VITIS_LOOP_245_1.1_Block_newFuncRoot_proc'
	 'getLocalImages_single'
	 'Image_extract_next'
	 'matrix_sum_prod'
	 'post_process'.
INFO: [XFORM 203-401] Performing if-conversion on hyperblock from (C:\scratch\2024.2\hls_product\495\2024.2\src\shared\hls\clib/hlsmath/include/FloatingPoint\hls_round.h:159:19) to (C:\scratch\2024.2\hls_product\495\2024.2\src\shared\hls\clib/hlsmath/include/FloatingPoint\hls_round.h:187:1) in function 'generic_round<float>'... converting 5 basic blocks.
INFO: [XFORM 203-602] Inlining function 'generic_round<float>' into 'getLocalImages_single' (C:\scratch\2024.2\hls_product\495\2024.2\src\shared\hls\clib\hlsmath\src\c\roundfloat.cpp:7->F:/Vitis/2024.2/tps/mingw/8.3.0/win64.o/nt\lib\gcc\x86_64-w64-mingw32\8.3.0\include\c++\cmath:1757->../image_analysis.cpp:13) automatically.
INFO: [HLS 200-111] Finished Loop, function and other optimizations: CPU user time: 3 seconds. CPU system time: 0 seconds. Elapsed time: 2.921 seconds; current allocated memory: 672.715 MB.
WARNING: [HLS 200-1449] Process Image_extract_next has both a predecessor and reads an input from its caller (see the GUI dataflow viewer). This may lead to lower throughput. Consider copying this input via a predecessor process.
WARNING: [HLS 200-1449] Process dataflow_in_loop_VITIS_LOOP_245_1.1 has both a predecessor and reads an input from its caller (see the GUI dataflow viewer). This may lead to lower throughput. Consider copying this input via a predecessor process.
INFO: [HLS 200-111] Finished Architecture Synthesis: CPU user time: 2 seconds. CPU system time: 0 seconds. Elapsed time: 2.298 seconds; current allocated memory: 755.188 MB.
INFO: [HLS 200-10] Starting hardware synthesis ...
INFO: [HLS 200-10] Synthesizing 'reconstruct' ...
WARNING: [SYN 201-103] Legalizing function name 'dataflow_in_loop_VITIS_LOOP_245_1.1_Block_newFuncRoot_proc' to 'dataflow_in_loop_VITIS_LOOP_245_1_1_Block_newFuncRoot_proc'.
WARNING: [SYN 201-103] Legalizing function name 'dataflow_in_loop_VITIS_LOOP_245_1.1' to 'dataflow_in_loop_VITIS_LOOP_245_1_1'.
INFO: [SYN 201-201] Setting up clock 'default' with a period of 10ns.
WARNING: [SYN 201-107] Renaming port name 'reconstruct/imageProjs_local_size' to 'reconstruct/imageProjs_local_size_r' to avoid the conflict with HDL keywords or other object names.
INFO: [HLS 200-10] ----------------------------------------------------------------
INFO: [HLS 200-42] -- Implementing module 'dataflow_in_loop_VITIS_LOOP_245_1_1_Block_newFuncRoot_proc' 
INFO: [HLS 200-10] ----------------------------------------------------------------
INFO: [SCHED 204-11] Starting scheduling ...
INFO: [SCHED 204-11] Finished scheduling.
INFO: [HLS 200-111] Finished Scheduling: CPU user time: 1 seconds. CPU system time: 0 seconds. Elapsed time: 1.445 seconds; current allocated memory: 758.973 MB.
INFO: [BIND 205-100] Starting micro-architecture generation ...
INFO: [BIND 205-101] Performing variable lifetime analysis.
INFO: [BIND 205-101] Exploring resource sharing.
INFO: [BIND 205-101] Binding ...
INFO: [BIND 205-100] Finished micro-architecture generation.
INFO: [HLS 200-111] Finished Binding: CPU user time: 0 seconds. CPU system time: 0 seconds. Elapsed time: 0.125 seconds; current allocated memory: 759.945 MB.
INFO: [HLS 200-10] ----------------------------------------------------------------
INFO: [HLS 200-42] -- Implementing module 'getLocalImages_single' 
INFO: [HLS 200-10] ----------------------------------------------------------------
INFO: [SCHED 204-11] Starting scheduling ...
INFO: [SCHED 204-11] Finished scheduling.
INFO: [HLS 200-111] Finished Scheduling: CPU user time: 0 seconds. CPU system time: 0 seconds. Elapsed time: 0.254 seconds; current allocated memory: 761.926 MB.
INFO: [BIND 205-100] Starting micro-architecture generation ...
INFO: [BIND 205-101] Performing variable lifetime analysis.
INFO: [BIND 205-101] Exploring resource sharing.
INFO: [BIND 205-101] Binding ...
INFO: [BIND 205-100] Finished micro-architecture generation.
INFO: [HLS 200-111] Finished Binding: CPU user time: 0 seconds. CPU system time: 0 seconds. Elapsed time: 0.139 seconds; current allocated memory: 762.305 MB.
INFO: [HLS 200-10] ----------------------------------------------------------------
INFO: [HLS 200-42] -- Implementing module 'Image_extract_next_Pipeline_VITIS_LOOP_99_1' 
INFO: [HLS 200-10] ----------------------------------------------------------------
INFO: [SCHED 204-11] Starting scheduling ...
INFO: [SCHED 204-61] Pipelining loop 'VITIS_LOOP_99_1'.
WARNING: [HLS 200-880] The II Violation in module 'Image_extract_next_Pipeline_VITIS_LOOP_99_1' (loop 'VITIS_LOOP_99_1'): Unable to enforce a carried dependence constraint (II = 1, distance = 1, offset = 1) between bus read operation ('fd2', ../image_analysis.cpp:114->../image_analysis.cpp:273) on port 'fullImage' (../image_analysis.cpp:114->../image_analysis.cpp:273) and bus read operation ('fd0', ../image_analysis.cpp:110->../image_analysis.cpp:273) on port 'fullImage' (../image_analysis.cpp:110->../image_analysis.cpp:273).
Resolution: For help on HLS 200-880 see docs.xilinx.com/access/sources/dita/topic?Doc_Version=2024.2%20English&url=ug1448-hls-guidance&resourceid=200-880.html
WARNING: [HLS 200-880] The II Violation in module 'Image_extract_next_Pipeline_VITIS_LOOP_99_1' (loop 'VITIS_LOOP_99_1'): Unable to enforce a carried dependence constraint (II = 2, distance = 1, offset = 1) between bus read operation ('fd2', ../image_analysis.cpp:114->../image_analysis.cpp:273) on port 'fullImage' (../image_analysis.cpp:114->../image_analysis.cpp:273) and bus read operation ('fd0', ../image_analysis.cpp:110->../image_analysis.cpp:273) on port 'fullImage' (../image_analysis.cpp:110->../image_analysis.cpp:273).
Resolution: For help on HLS 200-880 see docs.xilinx.com/access/sources/dita/topic?Doc_Version=2024.2%20English&url=ug1448-hls-guidance&resourceid=200-880.html
INFO: [HLS 200-1470] Pipelining result : Target II = NA, Final II = 3, Depth = 13, loop 'VITIS_LOOP_99_1'
INFO: [SCHED 204-11] Finished scheduling.
INFO: [HLS 200-111] Finished Scheduling: CPU user time: 1 seconds. CPU system time: 0 seconds. Elapsed time: 0.652 seconds; current allocated memory: 765.449 MB.
INFO: [BIND 205-100] Starting micro-architecture generation ...
INFO: [BIND 205-101] Performing variable lifetime analysis.
INFO: [BIND 205-101] Exploring resource sharing.
INFO: [BIND 205-101] Binding ...
INFO: [BIND 205-100] Finished micro-architecture generation.
INFO: [HLS 200-111] Finished Binding: CPU user time: 0 seconds. CPU system time: 0 seconds. Elapsed time: 0.243 seconds; current allocated memory: 765.773 MB.
INFO: [HLS 200-10] ----------------------------------------------------------------
INFO: [HLS 200-42] -- Implementing module 'Image_extract_next' 
INFO: [HLS 200-10] ----------------------------------------------------------------
INFO: [SCHED 204-11] Starting scheduling ...
INFO: [SCHED 204-11] Finished scheduling.
INFO: [HLS 200-111] Finished Scheduling: CPU user time: 0 seconds. CPU system time: 0 seconds. Elapsed time: 0.582 seconds; current allocated memory: 765.934 MB.
INFO: [BIND 205-100] Starting micro-architecture generation ...
INFO: [BIND 205-101] Performing variable lifetime analysis.
INFO: [BIND 205-101] Exploring resource sharing.
INFO: [BIND 205-101] Binding ...
INFO: [BIND 205-100] Finished micro-architecture generation.
INFO: [HLS 200-111] Finished Binding: CPU user time: 0 seconds. CPU system time: 0 seconds. Elapsed time: 0.128 seconds; current allocated memory: 766.152 MB.
INFO: [HLS 200-10] ----------------------------------------------------------------
INFO: [HLS 200-42] -- Implementing module 'vector_sum_prod' 
INFO: [HLS 200-10] ----------------------------------------------------------------
INFO: [SCHED 204-11] Starting scheduling ...
INFO: [SCHED 204-61] Pipelining function 'vector_sum_prod'.
INFO: [HLS 200-1470] Pipelining result : Target II = NA, Final II = 1, Depth = 23, function 'vector_sum_prod'
INFO: [SCHED 204-11] Finished scheduling.
INFO: [HLS 200-111] Finished Scheduling: CPU user time: 0 seconds. CPU system time: 0 seconds. Elapsed time: 0.37 seconds; current allocated memory: 767.996 MB.
INFO: [BIND 205-100] Starting micro-architecture generation ...
INFO: [BIND 205-101] Performing variable lifetime analysis.
INFO: [BIND 205-101] Exploring resource sharing.
INFO: [BIND 205-101] Binding ...
INFO: [BIND 205-100] Finished micro-architecture generation.
INFO: [HLS 200-111] Finished Binding: CPU user time: 1 seconds. CPU system time: 0 seconds. Elapsed time: 0.348 seconds; current allocated memory: 768.871 MB.
INFO: [HLS 200-10] ----------------------------------------------------------------
INFO: [HLS 200-42] -- Implementing module 'matrix_sum_prod' 
INFO: [HLS 200-10] ----------------------------------------------------------------
INFO: [SCHED 204-11] Starting scheduling ...
INFO: [SCHED 204-61] Pipelining function 'matrix_sum_prod'.
WARNING: [HLS 200-885] The II Violation in module 'matrix_sum_prod' (function 'matrix_sum_prod'): Unable to schedule 'load' operation 32 bit ('mat_0_load_1', ../image_analysis.cpp:191) on array 'mat_0' due to limited memory ports (II = 1). Please consider using a memory core with more ports or partitioning the array 'mat_0'.
Resolution: For help on HLS 200-885 see docs.xilinx.com/access/sources/dita/topic?Doc_Version=2024.2%20English&url=ug1448-hls-guidance&resourceid=200-885.html
WARNING: [HLS 200-885] The II Violation in module 'matrix_sum_prod' (function 'matrix_sum_prod'): Unable to schedule 'load' operation 32 bit ('mat_0_load_3', ../image_analysis.cpp:191) on array 'mat_0' due to limited memory ports (II = 2). Please consider using a memory core with more ports or partitioning the array 'mat_0'.
Resolution: For help on HLS 200-885 see docs.xilinx.com/access/sources/dita/topic?Doc_Version=2024.2%20English&url=ug1448-hls-guidance&resourceid=200-885.html
WARNING: [HLS 200-885] The II Violation in module 'matrix_sum_prod' (function 'matrix_sum_prod'): Unable to schedule 'load' operation 32 bit ('mat_0_load_5', ../image_analysis.cpp:191) on array 'mat_0' due to limited memory ports (II = 3). Please consider using a memory core with more ports or partitioning the array 'mat_0'.
Resolution: For help on HLS 200-885 see docs.xilinx.com/access/sources/dita/topic?Doc_Version=2024.2%20English&url=ug1448-hls-guidance&resourceid=200-885.html
WARNING: [HLS 200-885] The II Violation in module 'matrix_sum_prod' (function 'matrix_sum_prod'): Unable to schedule 'load' operation 32 bit ('mat_0_load_7', ../image_analysis.cpp:191) on array 'mat_0' due to limited memory ports (II = 4). Please consider using a memory core with more ports or partitioning the array 'mat_0'.
Resolution: For help on HLS 200-885 see docs.xilinx.com/access/sources/dita/topic?Doc_Version=2024.2%20English&url=ug1448-hls-guidance&resourceid=200-885.html
WARNING: [HLS 200-885] The II Violation in module 'matrix_sum_prod' (function 'matrix_sum_prod'): Unable to schedule 'load' operation 32 bit ('mat_0_load_21', ../image_analysis.cpp:191) on array 'mat_0' due to limited memory ports (II = 11). Please consider using a memory core with more ports or partitioning the array 'mat_0'.
Resolution: For help on HLS 200-885 see docs.xilinx.com/access/sources/dita/topic?Doc_Version=2024.2%20English&url=ug1448-hls-guidance&resourceid=200-885.html
WARNING: [HLS 200-885] The II Violation in module 'matrix_sum_prod' (function 'matrix_sum_prod'): Unable to schedule 'load' operation 32 bit ('mat_0_load_29', ../image_analysis.cpp:191) on array 'mat_0' due to limited memory ports (II = 15). Please consider using a memory core with more ports or partitioning the array 'mat_0'.
Resolution: For help on HLS 200-885 see docs.xilinx.com/access/sources/dita/topic?Doc_Version=2024.2%20English&url=ug1448-hls-guidance&resourceid=200-885.html
INFO: [HLS 200-1470] Pipelining result : Target II = NA, Final II = 16, Depth = 60, function 'matrix_sum_prod'
INFO: [SCHED 204-11] Finished scheduling.
INFO: [HLS 200-111] Finished Scheduling: CPU user time: 49 seconds. CPU system time: 1 seconds. Elapsed time: 50.887 seconds; current allocated memory: 805.469 MB.
INFO: [BIND 205-100] Starting micro-architecture generation ...
INFO: [BIND 205-101] Performing variable lifetime analysis.
INFO: [BIND 205-101] Exploring resource sharing.
INFO: [BIND 205-101] Binding ...
INFO: [BIND 205-100] Finished micro-architecture generation.
INFO: [HLS 200-111] Finished Binding: CPU user time: 4 seconds. CPU system time: 0 seconds. Elapsed time: 4.363 seconds; current allocated memory: 827.250 MB.
INFO: [HLS 200-10] ----------------------------------------------------------------
INFO: [HLS 200-42] -- Implementing module 'post_process' 
INFO: [HLS 200-10] ----------------------------------------------------------------
INFO: [SCHED 204-11] Starting scheduling ...
INFO: [SCHED 204-61] Pipelining function 'post_process'.
INFO: [HLS 200-1470] Pipelining result : Target II = 1, Final II = 1, Depth = 19, function 'post_process'
INFO: [SCHED 204-11] Finished scheduling.
INFO: [HLS 200-111] Finished Scheduling: CPU user time: 1 seconds. CPU system time: 0 seconds. Elapsed time: 1.659 seconds; current allocated memory: 830.098 MB.
INFO: [BIND 205-100] Starting micro-architecture generation ...
INFO: [BIND 205-101] Performing variable lifetime analysis.
INFO: [BIND 205-101] Exploring resource sharing.
INFO: [BIND 205-101] Binding ...
INFO: [BIND 205-100] Finished micro-architecture generation.
INFO: [HLS 200-111] Finished Binding: CPU user time: 0 seconds. CPU system time: 0 seconds. Elapsed time: 0.115 seconds; current allocated memory: 830.098 MB.
INFO: [HLS 200-10] ----------------------------------------------------------------
INFO: [HLS 200-42] -- Implementing module 'dataflow_in_loop_VITIS_LOOP_245_1_1' 
INFO: [HLS 200-10] ----------------------------------------------------------------
INFO: [SCHED 204-11] Starting scheduling ...
WARNING: [HLS 200-871] Estimated clock period (8.275 ns) exceeds the target (target clock period: 10.000 ns, clock uncertainty: 2.700 ns, effective delay budget: 7.300 ns).
Resolution: For help on HLS 200-871 see docs.xilinx.com/access/sources/dita/topic?Doc_Version=2024.2%20English&url=ug1448-hls-guidance&resourceid=200-871.html
WARNING: [HLS 200-1016] The critical path in module 'dataflow_in_loop_VITIS_LOOP_245_1_1' consists of the following:
	'call' operation 64 bit ('call_ret', ../image_analysis.cpp:278) to 'matrix_sum_prod' [102]  (6.437 ns)
	'call' operation 0 bit ('_ln279', ../image_analysis.cpp:279) to 'post_process' [105]  (1.838 ns)

Resolution: For help on HLS 200-1016 see docs.xilinx.com/access/sources/dita/topic?Doc_Version=2024.2%20English&url=ug1448-hls-guidance&resourceid=200-1016.html
INFO: [SCHED 204-11] Finished scheduling.
WARNING: [HLS 200-1020] Increasing the depth of FIFO p_loc_channel (from dataflow_in_loop_VITIS_LOOP_245_1_1_Block_newFuncRoot_proc_U0 to post_process_U0) to 7 to improve performance and/or avoid deadlocks.
WARNING: [HLS 200-1020] Increasing the depth of FIFO curr_imageProjs (from Image_extract_next_U0 to post_process_U0) to 6 to improve performance and/or avoid deadlocks.
INFO: [HLS 200-111] Finished Scheduling: CPU user time: 0 seconds. CPU system time: 0 seconds. Elapsed time: 0.215 seconds; current allocated memory: 830.246 MB.
INFO: [BIND 205-100] Starting micro-architecture generation ...
INFO: [BIND 205-101] Performing variable lifetime analysis.
INFO: [BIND 205-101] Exploring resource sharing.
INFO: [BIND 205-101] Binding ...
INFO: [BIND 205-100] Finished micro-architecture generation.
INFO: [HLS 200-111] Finished Binding: CPU user time: 0 seconds. CPU system time: 0 seconds. Elapsed time: 0.195 seconds; current allocated memory: 830.629 MB.
INFO: [HLS 200-10] ----------------------------------------------------------------
INFO: [HLS 200-42] -- Implementing module 'reconstruct' 
INFO: [HLS 200-10] ----------------------------------------------------------------
INFO: [SCHED 204-11] Starting scheduling ...
INFO: [SCHED 204-11] Finished scheduling.
INFO: [HLS 200-111] Finished Scheduling: CPU user time: 0 seconds. CPU system time: 0 seconds. Elapsed time: 0.347 seconds; current allocated memory: 830.723 MB.
INFO: [BIND 205-100] Starting micro-architecture generation ...
INFO: [BIND 205-101] Performing variable lifetime analysis.
INFO: [BIND 205-101] Exploring resource sharing.
INFO: [BIND 205-101] Binding ...
INFO: [BIND 205-100] Finished micro-architecture generation.
INFO: [HLS 200-111] Finished Binding: CPU user time: 1 seconds. CPU system time: 0 seconds. Elapsed time: 0.187 seconds; current allocated memory: 831.070 MB.
INFO: [HLS 200-10] ----------------------------------------------------------------
INFO: [HLS 200-10] -- Generating RTL for module 'dataflow_in_loop_VITIS_LOOP_245_1_1_Block_newFuncRoot_proc' 
INFO: [HLS 200-10] ----------------------------------------------------------------
INFO: [RTGEN 206-100] Finished creating RTL model for 'dataflow_in_loop_VITIS_LOOP_245_1_1_Block_newFuncRoot_proc'.
INFO: [HLS 200-111] Finished Creating RTL model: CPU user time: 0 seconds. CPU system time: 0 seconds. Elapsed time: 0.403 seconds; current allocated memory: 832.211 MB.
INFO: [HLS 200-10] ----------------------------------------------------------------
INFO: [HLS 200-10] -- Generating RTL for module 'getLocalImages_single' 
INFO: [HLS 200-10] ----------------------------------------------------------------
INFO: [RTGEN 206-100] Generating core module 'fmul_32ns_32ns_32_3_max_dsp_1': 2 instance(s).
INFO: [RTGEN 206-100] Generating core module 'fsub_32ns_32ns_32_4_full_dsp_1': 2 instance(s).
INFO: [RTGEN 206-100] Generating core module 'sitofp_32ns_32_4_no_dsp_1': 2 instance(s).
INFO: [RTGEN 206-100] Generating core module 'sparsemux_7_2_32_1_1': 4 instance(s).
INFO: [RTGEN 206-100] Finished creating RTL model for 'getLocalImages_single'.
INFO: [HLS 200-2168] Implementing memory 'reconstruct_getLocalImages_single_mask_table_ROM_AUTO_1R' using auto ROMs with 2 copies to ensure enough ports to satisfy II or latency constraints.
INFO: [HLS 200-2168] Implementing memory 'reconstruct_getLocalImages_single_one_half_table_ROM_AUTO_1R' using auto ROMs with 2 copies to ensure enough ports to satisfy II or latency constraints.
INFO: [HLS 200-111] Finished Creating RTL model: CPU user time: 0 seconds. CPU system time: 0 seconds. Elapsed time: 0.327 seconds; current allocated memory: 835.387 MB.
INFO: [HLS 200-10] ----------------------------------------------------------------
INFO: [HLS 200-10] -- Generating RTL for module 'Image_extract_next_Pipeline_VITIS_LOOP_99_1' 
INFO: [HLS 200-10] ----------------------------------------------------------------
INFO: [HLS 200-1030] Apply Unified Pipeline Control on module 'Image_extract_next_Pipeline_VITIS_LOOP_99_1' pipeline 'VITIS_LOOP_99_1' pipeline type 'loop pipeline'
WARNING: [RTGEN 206-101] Setting dangling out port 'Image_extract_next_Pipeline_VITIS_LOOP_99_1/m_axi_imageProjs_local_0_ARVALID' to 0.
WARNING: [RTGEN 206-101] Setting dangling out port 'Image_extract_next_Pipeline_VITIS_LOOP_99_1/m_axi_imageProjs_local_0_ARADDR' to 0.
WARNING: [RTGEN 206-101] Setting dangling out port 'Image_extract_next_Pipeline_VITIS_LOOP_99_1/m_axi_imageProjs_local_0_ARID' to 0.
WARNING: [RTGEN 206-101] Setting dangling out port 'Image_extract_next_Pipeline_VITIS_LOOP_99_1/m_axi_imageProjs_local_0_ARLEN' to 0.
WARNING: [RTGEN 206-101] Setting dangling out port 'Image_extract_next_Pipeline_VITIS_LOOP_99_1/m_axi_imageProjs_local_0_ARSIZE' to 0.
WARNING: [RTGEN 206-101] Setting dangling out port 'Image_extract_next_Pipeline_VITIS_LOOP_99_1/m_axi_imageProjs_local_0_ARBURST' to 0.
WARNING: [RTGEN 206-101] Setting dangling out port 'Image_extract_next_Pipeline_VITIS_LOOP_99_1/m_axi_imageProjs_local_0_ARLOCK' to 0.
WARNING: [RTGEN 206-101] Setting dangling out port 'Image_extract_next_Pipeline_VITIS_LOOP_99_1/m_axi_imageProjs_local_0_ARCACHE' to 0.
WARNING: [RTGEN 206-101] Setting dangling out port 'Image_extract_next_Pipeline_VITIS_LOOP_99_1/m_axi_imageProjs_local_0_ARPROT' to 0.
WARNING: [RTGEN 206-101] Setting dangling out port 'Image_extract_next_Pipeline_VITIS_LOOP_99_1/m_axi_imageProjs_local_0_ARQOS' to 0.
WARNING: [RTGEN 206-101] Setting dangling out port 'Image_extract_next_Pipeline_VITIS_LOOP_99_1/m_axi_imageProjs_local_0_ARREGION' to 0.
WARNING: [RTGEN 206-101] Setting dangling out port 'Image_extract_next_Pipeline_VITIS_LOOP_99_1/m_axi_imageProjs_local_0_ARUSER' to 0.
INFO: [RTGEN 206-100] Generating core module 'partselect_1024ns_1536ns_32ns_1024_1_1': 1 instance(s).
INFO: [RTGEN 206-100] Finished creating RTL model for 'Image_extract_next_Pipeline_VITIS_LOOP_99_1'.
INFO: [HLS 200-111] Finished Creating RTL model: CPU user time: 1 seconds. CPU system time: 0 seconds. Elapsed time: 1.03 seconds; current allocated memory: 842.566 MB.
INFO: [HLS 200-10] ----------------------------------------------------------------
INFO: [HLS 200-10] -- Generating RTL for module 'Image_extract_next' 
INFO: [HLS 200-10] ----------------------------------------------------------------
INFO: [RTGEN 206-100] Finished creating RTL model for 'Image_extract_next'.
INFO: [HLS 200-111] Finished Creating RTL model: CPU user time: 0 seconds. CPU system time: 0 seconds. Elapsed time: 0.914 seconds; current allocated memory: 850.316 MB.
INFO: [HLS 200-10] ----------------------------------------------------------------
INFO: [HLS 200-10] -- Generating RTL for module 'vector_sum_prod' 
INFO: [HLS 200-10] ----------------------------------------------------------------
INFO: [RTGEN 206-100] Generating core module 'fadd_32ns_32ns_32_4_full_dsp_0': 60 instance(s).
INFO: [RTGEN 206-100] Generating core module 'fmul_32ns_32ns_32_3_max_dsp_1': 31 instance(s).
INFO: [RTGEN 206-100] Finished creating RTL model for 'vector_sum_prod'.
INFO: [HLS 200-111] Finished Creating RTL model: CPU user time: 1 seconds. CPU system time: 1 seconds. Elapsed time: 0.615 seconds; current allocated memory: 855.359 MB.
INFO: [HLS 200-10] ----------------------------------------------------------------
INFO: [HLS 200-10] -- Generating RTL for module 'matrix_sum_prod' 
INFO: [HLS 200-10] ----------------------------------------------------------------
INFO: [HLS 200-1030] Apply Unified Pipeline Control on module 'matrix_sum_prod' pipeline 'matrix_sum_prod' pipeline type 'function pipeline'
INFO: [RTGEN 206-104] Estimated max fanout for 'matrix_sum_prod' is 5467, found 2 HDL expressions with this fanout: (((1'b0 == ap_block_pp0_stage1_11001_ignoreCallOp6067) & (1'b1 == ap_CS_fsm_pp0_stage1)) | ((1'b0 == ap_block_pp0_stage0_11001_ignoreCallOp5975) & (1'b1 == ap_CS_fsm_pp0_stage0)) | ((1'b0 == ap_block_pp0_stage15_11001_ignoreCallOp5699) & (1'b1 == ap_CS_fsm_pp0_stage15)) | ((1'b0 == ap_block_pp0_stage14_11001_ignoreCallOp5301) & (1'b1 == ap_CS_fsm_pp0_stage14)) | ((1'b0 == ap_block_pp0_stage13_11001_ignoreCallOp4905) & (1'b1 == ap_CS_fsm_pp0_stage13)) | ((1'b0 == ap_block_pp0_stage12_11001_ignoreCallOp4511) & (1'b1 == ap_CS_fsm_pp0_stage12)) | ((1'b0 == ap_block_pp0_stage11_11001_ignoreCallOp4119) & (1'b1 == ap_CS_fsm_pp0_stage11)) | ((1'b0 == ap_block_pp0_stage10_11001_ignoreCallOp3729) & (1'b1 == ap_CS_fsm_pp0_stage10)) | ((1'b0 == ap_block_pp0_stage9_11001_ignoreCallOp3341) & (1'b1 == ap_CS_fsm_pp0_stage9)) | ((1'b0 == ap_block_pp0_stage8_11001_ignoreCallOp2955) & (1'b1 == ap_CS_fsm_pp0_stage8)) | ((1'b0 == ap_block_pp0_stage7_11001_ignoreCallOp2571) & (1'b1 == ap_CS_fsm_pp0_stage7)) | ((1'b0 == ap_block_pp0_stage6_11001_ignoreCallOp2189) 
    & (1'b1 == ap_CS_fsm_pp0_stage6)) | ((1'b0 == ap_block_pp0_stage5_11001_ignoreCallOp1809) & (1'b1 == ap_CS_fsm_pp0_stage5)) | ((1'b0 == ap_block_pp0_stage4_11001_ignoreCallOp1431) & (1'b1 == ap_CS_fsm_pp0_stage4)) | ((1'b0 == ap_block_pp0_stage3_11001_ignoreCallOp1055) & (1'b1 == ap_CS_fsm_pp0_stage3)) | ((1'b0 == ap_block_pp0_stage2_11001_ignoreCallOp681) & (1'b1 == ap_CS_fsm_pp0_stage2))), (((1'b0 == ap_block_pp0_stage1_11001_ignoreCallOp6068) & (1'b1 == ap_CS_fsm_pp0_stage1)) | ((1'b0 == ap_block_pp0_stage0_11001_ignoreCallOp5976) & (1'b1 == ap_CS_fsm_pp0_stage0)) | ((1'b0 == ap_block_pp0_stage15_11001_ignoreCallOp5700) & (1'b1 == ap_CS_fsm_pp0_stage15)) | ((1'b0 == ap_block_pp0_stage14_11001_ignoreCallOp5302) & (1'b1 == ap_CS_fsm_pp0_stage14)) | ((1'b0 == ap_block_pp0_stage13_11001_ignoreCallOp4906) & (1'b1 == ap_CS_fsm_pp0_stage13)) | ((1'b0 == ap_block_pp0_stage12_11001_ignoreCallOp4512) & (1'b1 == ap_CS_fsm_pp0_stage12)) | ((1'b0 == ap_block_pp0_stage11_11001_ignoreCallOp4120) & (1'b1 == ap_CS_fsm_pp0_stage11)) | ((1'b0 == ap_block_pp0_stage10_11001_ignoreCallOp3730) & (1'b1 == ap_CS_fsm_pp0_stage10)) | ((1'b0 == ap_block_pp0_stage9_11001_ignoreCallOp3342) & (1'b1 == ap_CS_fsm_pp0_stage9)) | ((1'b0 == ap_block_pp0_stage8_11001_ignoreCallOp2956) & (1'b1 == ap_CS_fsm_pp0_stage8)) | ((1'b0 == ap_block_pp0_stage7_11001_ignoreCallOp2572) & (1'b1 == ap_CS_fsm_pp0_stage7)) | ((1'b0 == ap_block_pp0_stage6_11001_ignoreCallOp2190) 
    & (1'b1 == ap_CS_fsm_pp0_stage6)) | ((1'b0 == ap_block_pp0_stage5_11001_ignoreCallOp1810) & (1'b1 == ap_CS_fsm_pp0_stage5)) | ((1'b0 == ap_block_pp0_stage4_11001_ignoreCallOp1432) & (1'b1 == ap_CS_fsm_pp0_stage4)) | ((1'b0 == ap_block_pp0_stage3_11001_ignoreCallOp1056) & (1'b1 == ap_CS_fsm_pp0_stage3)) | ((1'b0 == ap_block_pp0_stage2_11001_ignoreCallOp682) & (1'b1 == ap_CS_fsm_pp0_stage2)))
INFO: [RTGEN 206-100] Generating core module 'fadd_32ns_32ns_32_4_full_dsp_0': 4 instance(s).
INFO: [RTGEN 206-100] Finished creating RTL model for 'matrix_sum_prod'.
INFO: [HLS 200-111] Finished Creating RTL model: CPU user time: 4 seconds. CPU system time: 0 seconds. Elapsed time: 4.094 seconds; current allocated memory: 887.238 MB.
INFO: [HLS 200-10] ----------------------------------------------------------------
INFO: [HLS 200-10] -- Generating RTL for module 'post_process' 
INFO: [HLS 200-10] ----------------------------------------------------------------
INFO: [HLS 200-1030] Apply Unified Pipeline Control on module 'post_process' pipeline 'post_process' pipeline type 'function pipeline'
INFO: [RTGEN 206-100] Generating core module 'fdiv_32ns_32ns_32_9_no_dsp_1': 1 instance(s).
INFO: [RTGEN 206-100] Generating core module 'fmul_32ns_32ns_32_3_max_dsp_1': 1 instance(s).
INFO: [RTGEN 206-100] Finished creating RTL model for 'post_process'.
INFO: [HLS 200-111] Finished Creating RTL model: CPU user time: 5 seconds. CPU system time: 5 seconds. Elapsed time: 16.179 seconds; current allocated memory: 960.035 MB.
INFO: [HLS 200-10] ----------------------------------------------------------------
INFO: [HLS 200-10] -- Generating RTL for module 'dataflow_in_loop_VITIS_LOOP_245_1_1' 
INFO: [HLS 200-10] ----------------------------------------------------------------
WARNING: [RTGEN 206-101] Setting dangling out port 'dataflow_in_loop_VITIS_LOOP_245_1_1/m_axi_atomLocations_0_AWVALID' to 0.
WARNING: [RTGEN 206-101] Setting dangling out port 'dataflow_in_loop_VITIS_LOOP_245_1_1/m_axi_atomLocations_0_AWADDR' to 0.
WARNING: [RTGEN 206-101] Setting dangling out port 'dataflow_in_loop_VITIS_LOOP_245_1_1/m_axi_atomLocations_0_AWID' to 0.
WARNING: [RTGEN 206-101] Setting dangling out port 'dataflow_in_loop_VITIS_LOOP_245_1_1/m_axi_atomLocations_0_AWLEN' to 0.
WARNING: [RTGEN 206-101] Setting dangling out port 'dataflow_in_loop_VITIS_LOOP_245_1_1/m_axi_atomLocations_0_AWSIZE' to 0.
WARNING: [RTGEN 206-101] Setting dangling out port 'dataflow_in_loop_VITIS_LOOP_245_1_1/m_axi_atomLocations_0_AWBURST' to 0.
WARNING: [RTGEN 206-101] Setting dangling out port 'dataflow_in_loop_VITIS_LOOP_245_1_1/m_axi_atomLocations_0_AWLOCK' to 0.
WARNING: [RTGEN 206-101] Setting dangling out port 'dataflow_in_loop_VITIS_LOOP_245_1_1/m_axi_atomLocations_0_AWCACHE' to 0.
WARNING: [RTGEN 206-101] Setting dangling out port 'dataflow_in_loop_VITIS_LOOP_245_1_1/m_axi_atomLocations_0_AWPROT' to 0.
WARNING: [RTGEN 206-101] Setting dangling out port 'dataflow_in_loop_VITIS_LOOP_245_1_1/m_axi_atomLocations_0_AWQOS' to 0.
WARNING: [RTGEN 206-101] Setting dangling out port 'dataflow_in_loop_VITIS_LOOP_245_1_1/m_axi_atomLocations_0_AWREGION' to 0.
WARNING: [RTGEN 206-101] Setting dangling out port 'dataflow_in_loop_VITIS_LOOP_245_1_1/m_axi_atomLocations_0_AWUSER' to 0.
WARNING: [RTGEN 206-101] Setting dangling out port 'dataflow_in_loop_VITIS_LOOP_245_1_1/m_axi_atomLocations_0_WVALID' to 0.
WARNING: [RTGEN 206-101] Setting dangling out port 'dataflow_in_loop_VITIS_LOOP_245_1_1/m_axi_atomLocations_0_WDATA' to 0.
WARNING: [RTGEN 206-101] Setting dangling out port 'dataflow_in_loop_VITIS_LOOP_245_1_1/m_axi_atomLocations_0_WSTRB' to 0.
WARNING: [RTGEN 206-101] Setting dangling out port 'dataflow_in_loop_VITIS_LOOP_245_1_1/m_axi_atomLocations_0_WLAST' to 0.
WARNING: [RTGEN 206-101] Setting dangling out port 'dataflow_in_loop_VITIS_LOOP_245_1_1/m_axi_atomLocations_0_WID' to 0.
WARNING: [RTGEN 206-101] Setting dangling out port 'dataflow_in_loop_VITIS_LOOP_245_1_1/m_axi_atomLocations_0_WUSER' to 0.
WARNING: [RTGEN 206-101] Setting dangling out port 'dataflow_in_loop_VITIS_LOOP_245_1_1/m_axi_atomLocations_0_BREADY' to 0.
WARNING: [RTGEN 206-101] Setting dangling out port 'dataflow_in_loop_VITIS_LOOP_245_1_1/m_axi_imageProjs_0_AWVALID' to 0.
WARNING: [RTGEN 206-101] Setting dangling out port 'dataflow_in_loop_VITIS_LOOP_245_1_1/m_axi_imageProjs_0_AWADDR' to 0.
WARNING: [RTGEN 206-101] Setting dangling out port 'dataflow_in_loop_VITIS_LOOP_245_1_1/m_axi_imageProjs_0_AWID' to 0.
WARNING: [RTGEN 206-101] Setting dangling out port 'dataflow_in_loop_VITIS_LOOP_245_1_1/m_axi_imageProjs_0_AWLEN' to 0.
WARNING: [RTGEN 206-101] Setting dangling out port 'dataflow_in_loop_VITIS_LOOP_245_1_1/m_axi_imageProjs_0_AWSIZE' to 0.
WARNING: [RTGEN 206-101] Setting dangling out port 'dataflow_in_loop_VITIS_LOOP_245_1_1/m_axi_imageProjs_0_AWBURST' to 0.
WARNING: [RTGEN 206-101] Setting dangling out port 'dataflow_in_loop_VITIS_LOOP_245_1_1/m_axi_imageProjs_0_AWLOCK' to 0.
WARNING: [RTGEN 206-101] Setting dangling out port 'dataflow_in_loop_VITIS_LOOP_245_1_1/m_axi_imageProjs_0_AWCACHE' to 0.
WARNING: [RTGEN 206-101] Setting dangling out port 'dataflow_in_loop_VITIS_LOOP_245_1_1/m_axi_imageProjs_0_AWPROT' to 0.
WARNING: [RTGEN 206-101] Setting dangling out port 'dataflow_in_loop_VITIS_LOOP_245_1_1/m_axi_imageProjs_0_AWQOS' to 0.
WARNING: [RTGEN 206-101] Setting dangling out port 'dataflow_in_loop_VITIS_LOOP_245_1_1/m_axi_imageProjs_0_AWREGION' to 0.
WARNING: [RTGEN 206-101] Setting dangling out port 'dataflow_in_loop_VITIS_LOOP_245_1_1/m_axi_imageProjs_0_AWUSER' to 0.
WARNING: [RTGEN 206-101] Setting dangling out port 'dataflow_in_loop_VITIS_LOOP_245_1_1/m_axi_imageProjs_0_WVALID' to 0.
WARNING: [RTGEN 206-101] Setting dangling out port 'dataflow_in_loop_VITIS_LOOP_245_1_1/m_axi_imageProjs_0_WDATA' to 0.
WARNING: [RTGEN 206-101] Setting dangling out port 'dataflow_in_loop_VITIS_LOOP_245_1_1/m_axi_imageProjs_0_WSTRB' to 0.
WARNING: [RTGEN 206-101] Setting dangling out port 'dataflow_in_loop_VITIS_LOOP_245_1_1/m_axi_imageProjs_0_WLAST' to 0.
WARNING: [RTGEN 206-101] Setting dangling out port 'dataflow_in_loop_VITIS_LOOP_245_1_1/m_axi_imageProjs_0_WID' to 0.
WARNING: [RTGEN 206-101] Setting dangling out port 'dataflow_in_loop_VITIS_LOOP_245_1_1/m_axi_imageProjs_0_WUSER' to 0.
WARNING: [RTGEN 206-101] Setting dangling out port 'dataflow_in_loop_VITIS_LOOP_245_1_1/m_axi_imageProjs_0_BREADY' to 0.
WARNING: [RTGEN 206-101] Setting dangling out port 'dataflow_in_loop_VITIS_LOOP_245_1_1/m_axi_fullImage_0_AWVALID' to 0.
WARNING: [RTGEN 206-101] Setting dangling out port 'dataflow_in_loop_VITIS_LOOP_245_1_1/m_axi_fullImage_0_AWADDR' to 0.
WARNING: [RTGEN 206-101] Setting dangling out port 'dataflow_in_loop_VITIS_LOOP_245_1_1/m_axi_fullImage_0_AWID' to 0.
WARNING: [RTGEN 206-101] Setting dangling out port 'dataflow_in_loop_VITIS_LOOP_245_1_1/m_axi_fullImage_0_AWLEN' to 0.
WARNING: [RTGEN 206-101] Setting dangling out port 'dataflow_in_loop_VITIS_LOOP_245_1_1/m_axi_fullImage_0_AWSIZE' to 0.
WARNING: [RTGEN 206-101] Setting dangling out port 'dataflow_in_loop_VITIS_LOOP_245_1_1/m_axi_fullImage_0_AWBURST' to 0.
WARNING: [RTGEN 206-101] Setting dangling out port 'dataflow_in_loop_VITIS_LOOP_245_1_1/m_axi_fullImage_0_AWLOCK' to 0.
WARNING: [RTGEN 206-101] Setting dangling out port 'dataflow_in_loop_VITIS_LOOP_245_1_1/m_axi_fullImage_0_AWCACHE' to 0.
WARNING: [RTGEN 206-101] Setting dangling out port 'dataflow_in_loop_VITIS_LOOP_245_1_1/m_axi_fullImage_0_AWPROT' to 0.
WARNING: [RTGEN 206-101] Setting dangling out port 'dataflow_in_loop_VITIS_LOOP_245_1_1/m_axi_fullImage_0_AWQOS' to 0.
WARNING: [RTGEN 206-101] Setting dangling out port 'dataflow_in_loop_VITIS_LOOP_245_1_1/m_axi_fullImage_0_AWREGION' to 0.
WARNING: [RTGEN 206-101] Setting dangling out port 'dataflow_in_loop_VITIS_LOOP_245_1_1/m_axi_fullImage_0_AWUSER' to 0.
WARNING: [RTGEN 206-101] Setting dangling out port 'dataflow_in_loop_VITIS_LOOP_245_1_1/m_axi_fullImage_0_WVALID' to 0.
WARNING: [RTGEN 206-101] Setting dangling out port 'dataflow_in_loop_VITIS_LOOP_245_1_1/m_axi_fullImage_0_WDATA' to 0.
WARNING: [RTGEN 206-101] Setting dangling out port 'dataflow_in_loop_VITIS_LOOP_245_1_1/m_axi_fullImage_0_WSTRB' to 0.
WARNING: [RTGEN 206-101] Setting dangling out port 'dataflow_in_loop_VITIS_LOOP_245_1_1/m_axi_fullImage_0_WLAST' to 0.
WARNING: [RTGEN 206-101] Setting dangling out port 'dataflow_in_loop_VITIS_LOOP_245_1_1/m_axi_fullImage_0_WID' to 0.
WARNING: [RTGEN 206-101] Setting dangling out port 'dataflow_in_loop_VITIS_LOOP_245_1_1/m_axi_fullImage_0_WUSER' to 0.
WARNING: [RTGEN 206-101] Setting dangling out port 'dataflow_in_loop_VITIS_LOOP_245_1_1/m_axi_fullImage_0_BREADY' to 0.
WARNING: [RTGEN 206-101] Setting dangling out port 'dataflow_in_loop_VITIS_LOOP_245_1_1/m_axi_imageProjs_local_0_AWVALID' to 0.
WARNING: [RTGEN 206-101] Setting dangling out port 'dataflow_in_loop_VITIS_LOOP_245_1_1/m_axi_imageProjs_local_0_AWADDR' to 0.
WARNING: [RTGEN 206-101] Setting dangling out port 'dataflow_in_loop_VITIS_LOOP_245_1_1/m_axi_imageProjs_local_0_AWID' to 0.
WARNING: [RTGEN 206-101] Setting dangling out port 'dataflow_in_loop_VITIS_LOOP_245_1_1/m_axi_imageProjs_local_0_AWLEN' to 0.
WARNING: [RTGEN 206-101] Setting dangling out port 'dataflow_in_loop_VITIS_LOOP_245_1_1/m_axi_imageProjs_local_0_AWSIZE' to 0.
WARNING: [RTGEN 206-101] Setting dangling out port 'dataflow_in_loop_VITIS_LOOP_245_1_1/m_axi_imageProjs_local_0_AWBURST' to 0.
WARNING: [RTGEN 206-101] Setting dangling out port 'dataflow_in_loop_VITIS_LOOP_245_1_1/m_axi_imageProjs_local_0_AWLOCK' to 0.
WARNING: [RTGEN 206-101] Setting dangling out port 'dataflow_in_loop_VITIS_LOOP_245_1_1/m_axi_imageProjs_local_0_AWCACHE' to 0.
WARNING: [RTGEN 206-101] Setting dangling out port 'dataflow_in_loop_VITIS_LOOP_245_1_1/m_axi_imageProjs_local_0_AWPROT' to 0.
WARNING: [RTGEN 206-101] Setting dangling out port 'dataflow_in_loop_VITIS_LOOP_245_1_1/m_axi_imageProjs_local_0_AWQOS' to 0.
WARNING: [RTGEN 206-101] Setting dangling out port 'dataflow_in_loop_VITIS_LOOP_245_1_1/m_axi_imageProjs_local_0_AWREGION' to 0.
WARNING: [RTGEN 206-101] Setting dangling out port 'dataflow_in_loop_VITIS_LOOP_245_1_1/m_axi_imageProjs_local_0_AWUSER' to 0.
WARNING: [RTGEN 206-101] Setting dangling out port 'dataflow_in_loop_VITIS_LOOP_245_1_1/m_axi_imageProjs_local_0_WVALID' to 0.
WARNING: [RTGEN 206-101] Setting dangling out port 'dataflow_in_loop_VITIS_LOOP_245_1_1/m_axi_imageProjs_local_0_WDATA' to 0.
WARNING: [RTGEN 206-101] Setting dangling out port 'dataflow_in_loop_VITIS_LOOP_245_1_1/m_axi_imageProjs_local_0_WSTRB' to 0.
WARNING: [RTGEN 206-101] Setting dangling out port 'dataflow_in_loop_VITIS_LOOP_245_1_1/m_axi_imageProjs_local_0_WLAST' to 0.
WARNING: [RTGEN 206-101] Setting dangling out port 'dataflow_in_loop_VITIS_LOOP_245_1_1/m_axi_imageProjs_local_0_WID' to 0.
WARNING: [RTGEN 206-101] Setting dangling out port 'dataflow_in_loop_VITIS_LOOP_245_1_1/m_axi_imageProjs_local_0_WUSER' to 0.
WARNING: [RTGEN 206-101] Setting dangling out port 'dataflow_in_loop_VITIS_LOOP_245_1_1/m_axi_imageProjs_local_0_BREADY' to 0.
WARNING: [RTGEN 206-101] Setting dangling out port 'dataflow_in_loop_VITIS_LOOP_245_1_1/m_axi_emissions_0_ARVALID' to 0.
WARNING: [RTGEN 206-101] Setting dangling out port 'dataflow_in_loop_VITIS_LOOP_245_1_1/m_axi_emissions_0_ARADDR' to 0.
WARNING: [RTGEN 206-101] Setting dangling out port 'dataflow_in_loop_VITIS_LOOP_245_1_1/m_axi_emissions_0_ARID' to 0.
WARNING: [RTGEN 206-101] Setting dangling out port 'dataflow_in_loop_VITIS_LOOP_245_1_1/m_axi_emissions_0_ARLEN' to 0.
WARNING: [RTGEN 206-101] Setting dangling out port 'dataflow_in_loop_VITIS_LOOP_245_1_1/m_axi_emissions_0_ARSIZE' to 0.
WARNING: [RTGEN 206-101] Setting dangling out port 'dataflow_in_loop_VITIS_LOOP_245_1_1/m_axi_emissions_0_ARBURST' to 0.
WARNING: [RTGEN 206-101] Setting dangling out port 'dataflow_in_loop_VITIS_LOOP_245_1_1/m_axi_emissions_0_ARLOCK' to 0.
WARNING: [RTGEN 206-101] Setting dangling out port 'dataflow_in_loop_VITIS_LOOP_245_1_1/m_axi_emissions_0_ARCACHE' to 0.
WARNING: [RTGEN 206-101] Setting dangling out port 'dataflow_in_loop_VITIS_LOOP_245_1_1/m_axi_emissions_0_ARPROT' to 0.
WARNING: [RTGEN 206-101] Setting dangling out port 'dataflow_in_loop_VITIS_LOOP_245_1_1/m_axi_emissions_0_ARQOS' to 0.
WARNING: [RTGEN 206-101] Setting dangling out port 'dataflow_in_loop_VITIS_LOOP_245_1_1/m_axi_emissions_0_ARREGION' to 0.
WARNING: [RTGEN 206-101] Setting dangling out port 'dataflow_in_loop_VITIS_LOOP_245_1_1/m_axi_emissions_0_ARUSER' to 0.
WARNING: [RTGEN 206-101] Setting dangling out port 'dataflow_in_loop_VITIS_LOOP_245_1_1/m_axi_emissions_0_RREADY' to 0.
INFO: [RTGEN 206-100] Finished creating RTL model for 'dataflow_in_loop_VITIS_LOOP_245_1_1'.
INFO: [HLS 200-740] Implementing PIPO reconstruct_dataflow_in_loop_VITIS_LOOP_245_1_1_curr_localImage_RAM_AUTO_1R1W using a separate memory for each block
INFO: [RTMG 210-278] Implementing memory 'reconstruct_dataflow_in_loop_VITIS_LOOP_245_1_1_curr_localImage_RAM_AUTO_1R1W_memcore' using auto RAMs.
INFO: [RTMG 210-285] Implementing FIFO 'p_loc_channel_U(reconstruct_fifo_w64_d7_S)' using Shift Registers.
INFO: [RTMG 210-285] Implementing FIFO 'localImages_U(reconstruct_fifo_w256_d4_S)' using Shift Registers.
INFO: [RTMG 210-285] Implementing FIFO 'curr_imageProjs_U(reconstruct_fifo_w32_d6_S)' using Shift Registers.
INFO: [RTMG 210-285] Implementing FIFO 'projSumUsed_U(reconstruct_fifo_w32_d2_S)' using Shift Registers.
INFO: [RTMG 210-285] Implementing FIFO 'sum_U(reconstruct_fifo_w32_d2_S)' using Shift Registers.
INFO: [HLS 200-111] Finished Creating RTL model: CPU user time: 2 seconds. CPU system time: 1 seconds. Elapsed time: 5.852 seconds; current allocated memory: 960.035 MB.
INFO: [HLS 200-10] ----------------------------------------------------------------
INFO: [HLS 200-10] -- Generating RTL for module 'reconstruct' 
INFO: [HLS 200-10] ----------------------------------------------------------------
WARNING: [RTGEN 206-101] Design contains AXI ports. Reset is fixed to synchronous and active low.
INFO: [RTGEN 206-500] Setting interface mode on port 'reconstruct/atomLocations' to 'm_axi'.
INFO: [RTGEN 206-500] Setting interface mode on port 'reconstruct/imageProjs_local' to 'm_axi'.
INFO: [RTGEN 206-500] Setting interface mode on port 'reconstruct/imageProjs' to 'm_axi'.
INFO: [RTGEN 206-500] Setting interface mode on port 'reconstruct/imageProjs_local_size_r' to 'm_axi'.
INFO: [RTGEN 206-500] Setting interface mode on port 'reconstruct/fullImage' to 'm_axi'.
INFO: [RTGEN 206-500] Setting interface mode on port 'reconstruct/emissions' to 'm_axi'.
INFO: [RTGEN 206-500] Setting interface mode on port 'reconstruct/atomLocationsSize' to 's_axilite & ap_none'.
INFO: [RTGEN 206-500] Setting interface mode on port 'reconstruct/projShape0' to 's_axilite & ap_none'.
INFO: [RTGEN 206-500] Setting interface mode on port 'reconstruct/projShape1' to 's_axilite & ap_none'.
INFO: [RTGEN 206-500] Setting interface mode on port 'reconstruct/atomLocations_offset' to 's_axilite & ap_none'.
INFO: [RTGEN 206-500] Setting interface mode on port 'reconstruct/psfSupersample' to 's_axilite & ap_none'.
INFO: [RTGEN 206-500] Setting interface mode on port 'reconstruct/imageProjectionSize' to 's_axilite & ap_none'.
INFO: [RTGEN 206-500] Setting interface mode on port 'reconstruct/imageProjs_local_offset' to 's_axilite & ap_none'.
INFO: [RTGEN 206-500] Setting interface mode on port 'reconstruct/imageProjs_offset' to 's_axilite & ap_none'.
INFO: [RTGEN 206-500] Setting interface mode on port 'reconstruct/imageProjs_local_size_offset' to 's_axilite & ap_none'.
INFO: [RTGEN 206-500] Setting interface mode on port 'reconstruct/fullImage_offset' to 's_axilite & ap_none'.
INFO: [RTGEN 206-500] Setting interface mode on port 'reconstruct/fullImage_rows' to 's_axilite & ap_none'.
INFO: [RTGEN 206-500] Setting interface mode on port 'reconstruct/fullImage_cols' to 's_axilite & ap_none'.
INFO: [RTGEN 206-500] Setting interface mode on port 'reconstruct/emissions_offset' to 's_axilite & ap_none'.
INFO: [RTGEN 206-500] Setting interface mode on function 'reconstruct' to 's_axilite & ap_ctrl_hs'.
INFO: [RTGEN 206-100] Bundling port 'atomLocations_offset', 'imageProjs_local_offset', 'imageProjs_offset', 'imageProjs_local_size_offset', 'fullImage_offset', 'emissions_offset' to AXI-Lite port control.
INFO: [RTGEN 206-100] Bundling port 'atomLocationsSize', 'projShape0', 'projShape1', 'psfSupersample', 'imageProjectionSize', 'fullImage_rows' and 'fullImage_cols' to AXI-Lite port scalar_data.
WARNING: [RTGEN 206-101] Port 'reconstruct/m_axi_imageProjs_local_size_AWVALID' has no fanin or fanout and is left dangling.
               Please use C simulation to confirm this function argument can be read from or written to.
WARNING: [RTGEN 206-101] Setting dangling out port 'reconstruct/m_axi_imageProjs_local_size_AWVALID' to 0.
WARNING: [RTGEN 206-101] Port 'reconstruct/m_axi_imageProjs_local_size_AWREADY' has no fanin or fanout and is left dangling.
               Please use C simulation to confirm this function argument can be read from or written to.
WARNING: [RTGEN 206-101] Port 'reconstruct/m_axi_imageProjs_local_size_AWADDR' has no fanin or fanout and is left dangling.
               Please use C simulation to confirm this function argument can be read from or written to.
WARNING: [RTGEN 206-101] Setting dangling out port 'reconstruct/m_axi_imageProjs_local_size_AWADDR' to 0.
WARNING: [RTGEN 206-101] Port 'reconstruct/m_axi_imageProjs_local_size_AWID' has no fanin or fanout and is left dangling.
               Please use C simulation to confirm this function argument can be read from or written to.
WARNING: [RTGEN 206-101] Setting dangling out port 'reconstruct/m_axi_imageProjs_local_size_AWID' to 0.
WARNING: [RTGEN 206-101] Port 'reconstruct/m_axi_imageProjs_local_size_AWLEN' has no fanin or fanout and is left dangling.
               Please use C simulation to confirm this function argument can be read from or written to.
WARNING: [RTGEN 206-101] Setting dangling out port 'reconstruct/m_axi_imageProjs_local_size_AWLEN' to 0.
WARNING: [RTGEN 206-101] Port 'reconstruct/m_axi_imageProjs_local_size_AWSIZE' has no fanin or fanout and is left dangling.
               Please use C simulation to confirm this function argument can be read from or written to.
WARNING: [RTGEN 206-101] Setting dangling out port 'reconstruct/m_axi_imageProjs_local_size_AWSIZE' to 0.
WARNING: [RTGEN 206-101] Port 'reconstruct/m_axi_imageProjs_local_size_AWBURST' has no fanin or fanout and is left dangling.
               Please use C simulation to confirm this function argument can be read from or written to.
WARNING: [RTGEN 206-101] Setting dangling out port 'reconstruct/m_axi_imageProjs_local_size_AWBURST' to 0.
WARNING: [RTGEN 206-101] Port 'reconstruct/m_axi_imageProjs_local_size_AWLOCK' has no fanin or fanout and is left dangling.
               Please use C simulation to confirm this function argument can be read from or written to.
WARNING: [RTGEN 206-101] Setting dangling out port 'reconstruct/m_axi_imageProjs_local_size_AWLOCK' to 0.
WARNING: [RTGEN 206-101] Port 'reconstruct/m_axi_imageProjs_local_size_AWCACHE' has no fanin or fanout and is left dangling.
               Please use C simulation to confirm this function argument can be read from or written to.
WARNING: [RTGEN 206-101] Setting dangling out port 'reconstruct/m_axi_imageProjs_local_size_AWCACHE' to 0.
WARNING: [RTGEN 206-101] Port 'reconstruct/m_axi_imageProjs_local_size_AWPROT' has no fanin or fanout and is left dangling.
               Please use C simulation to confirm this function argument can be read from or written to.
WARNING: [RTGEN 206-101] Setting dangling out port 'reconstruct/m_axi_imageProjs_local_size_AWPROT' to 0.
WARNING: [RTGEN 206-101] Port 'reconstruct/m_axi_imageProjs_local_size_AWQOS' has no fanin or fanout and is left dangling.
               Please use C simulation to confirm this function argument can be read from or written to.
WARNING: [RTGEN 206-101] Setting dangling out port 'reconstruct/m_axi_imageProjs_local_size_AWQOS' to 0.
WARNING: [RTGEN 206-101] Port 'reconstruct/m_axi_imageProjs_local_size_AWREGION' has no fanin or fanout and is left dangling.
               Please use C simulation to confirm this function argument can be read from or written to.
WARNING: [RTGEN 206-101] Setting dangling out port 'reconstruct/m_axi_imageProjs_local_size_AWREGION' to 0.
WARNING: [RTGEN 206-101] Port 'reconstruct/m_axi_imageProjs_local_size_AWUSER' has no fanin or fanout and is left dangling.
               Please use C simulation to confirm this function argument can be read from or written to.
WARNING: [RTGEN 206-101] Setting dangling out port 'reconstruct/m_axi_imageProjs_local_size_AWUSER' to 0.
WARNING: [RTGEN 206-101] Port 'reconstruct/m_axi_imageProjs_local_size_WVALID' has no fanin or fanout and is left dangling.
               Please use C simulation to confirm this function argument can be read from or written to.
WARNING: [RTGEN 206-101] Setting dangling out port 'reconstruct/m_axi_imageProjs_local_size_WVALID' to 0.
WARNING: [RTGEN 206-101] Port 'reconstruct/m_axi_imageProjs_local_size_WREADY' has no fanin or fanout and is left dangling.
               Please use C simulation to confirm this function argument can be read from or written to.
WARNING: [RTGEN 206-101] Port 'reconstruct/m_axi_imageProjs_local_size_WDATA' has no fanin or fanout and is left dangling.
               Please use C simulation to confirm this function argument can be read from or written to.
WARNING: [RTGEN 206-101] Setting dangling out port 'reconstruct/m_axi_imageProjs_local_size_WDATA' to 0.
WARNING: [RTGEN 206-101] Port 'reconstruct/m_axi_imageProjs_local_size_WSTRB' has no fanin or fanout and is left dangling.
               Please use C simulation to confirm this function argument can be read from or written to.
WARNING: [RTGEN 206-101] Setting dangling out port 'reconstruct/m_axi_imageProjs_local_size_WSTRB' to 0.
WARNING: [RTGEN 206-101] Port 'reconstruct/m_axi_imageProjs_local_size_WLAST' has no fanin or fanout and is left dangling.
               Please use C simulation to confirm this function argument can be read from or written to.
WARNING: [RTGEN 206-101] Setting dangling out port 'reconstruct/m_axi_imageProjs_local_size_WLAST' to 0.
WARNING: [RTGEN 206-101] Port 'reconstruct/m_axi_imageProjs_local_size_WID' has no fanin or fanout and is left dangling.
               Please use C simulation to confirm this function argument can be read from or written to.
WARNING: [RTGEN 206-101] Setting dangling out port 'reconstruct/m_axi_imageProjs_local_size_WID' to 0.
WARNING: [RTGEN 206-101] Port 'reconstruct/m_axi_imageProjs_local_size_WUSER' has no fanin or fanout and is left dangling.
               Please use C simulation to confirm this function argument can be read from or written to.
WARNING: [RTGEN 206-101] Setting dangling out port 'reconstruct/m_axi_imageProjs_local_size_WUSER' to 0.
WARNING: [RTGEN 206-101] Port 'reconstruct/m_axi_imageProjs_local_size_ARVALID' has no fanin or fanout and is left dangling.
               Please use C simulation to confirm this function argument can be read from or written to.
WARNING: [RTGEN 206-101] Setting dangling out port 'reconstruct/m_axi_imageProjs_local_size_ARVALID' to 0.
WARNING: [RTGEN 206-101] Port 'reconstruct/m_axi_imageProjs_local_size_ARREADY' has no fanin or fanout and is left dangling.
               Please use C simulation to confirm this function argument can be read from or written to.
WARNING: [RTGEN 206-101] Port 'reconstruct/m_axi_imageProjs_local_size_ARADDR' has no fanin or fanout and is left dangling.
               Please use C simulation to confirm this function argument can be read from or written to.
WARNING: [RTGEN 206-101] Setting dangling out port 'reconstruct/m_axi_imageProjs_local_size_ARADDR' to 0.
WARNING: [RTGEN 206-101] Port 'reconstruct/m_axi_imageProjs_local_size_ARID' has no fanin or fanout and is left dangling.
               Please use C simulation to confirm this function argument can be read from or written to.
WARNING: [RTGEN 206-101] Setting dangling out port 'reconstruct/m_axi_imageProjs_local_size_ARID' to 0.
WARNING: [RTGEN 206-101] Port 'reconstruct/m_axi_imageProjs_local_size_ARLEN' has no fanin or fanout and is left dangling.
               Please use C simulation to confirm this function argument can be read from or written to.
WARNING: [RTGEN 206-101] Setting dangling out port 'reconstruct/m_axi_imageProjs_local_size_ARLEN' to 0.
WARNING: [RTGEN 206-101] Port 'reconstruct/m_axi_imageProjs_local_size_ARSIZE' has no fanin or fanout and is left dangling.
               Please use C simulation to confirm this function argument can be read from or written to.
WARNING: [RTGEN 206-101] Setting dangling out port 'reconstruct/m_axi_imageProjs_local_size_ARSIZE' to 0.
WARNING: [RTGEN 206-101] Port 'reconstruct/m_axi_imageProjs_local_size_ARBURST' has no fanin or fanout and is left dangling.
               Please use C simulation to confirm this function argument can be read from or written to.
WARNING: [RTGEN 206-101] Setting dangling out port 'reconstruct/m_axi_imageProjs_local_size_ARBURST' to 0.
WARNING: [RTGEN 206-101] Port 'reconstruct/m_axi_imageProjs_local_size_ARLOCK' has no fanin or fanout and is left dangling.
               Please use C simulation to confirm this function argument can be read from or written to.
WARNING: [RTGEN 206-101] Setting dangling out port 'reconstruct/m_axi_imageProjs_local_size_ARLOCK' to 0.
WARNING: [RTGEN 206-101] Port 'reconstruct/m_axi_imageProjs_local_size_ARCACHE' has no fanin or fanout and is left dangling.
               Please use C simulation to confirm this function argument can be read from or written to.
WARNING: [RTGEN 206-101] Setting dangling out port 'reconstruct/m_axi_imageProjs_local_size_ARCACHE' to 0.
WARNING: [RTGEN 206-101] Port 'reconstruct/m_axi_imageProjs_local_size_ARPROT' has no fanin or fanout and is left dangling.
               Please use C simulation to confirm this function argument can be read from or written to.
WARNING: [RTGEN 206-101] Setting dangling out port 'reconstruct/m_axi_imageProjs_local_size_ARPROT' to 0.
WARNING: [RTGEN 206-101] Port 'reconstruct/m_axi_imageProjs_local_size_ARQOS' has no fanin or fanout and is left dangling.
               Please use C simulation to confirm this function argument can be read from or written to.
WARNING: [RTGEN 206-101] Setting dangling out port 'reconstruct/m_axi_imageProjs_local_size_ARQOS' to 0.
WARNING: [RTGEN 206-101] Port 'reconstruct/m_axi_imageProjs_local_size_ARREGION' has no fanin or fanout and is left dangling.
               Please use C simulation to confirm this function argument can be read from or written to.
WARNING: [RTGEN 206-101] Setting dangling out port 'reconstruct/m_axi_imageProjs_local_size_ARREGION' to 0.
WARNING: [RTGEN 206-101] Port 'reconstruct/m_axi_imageProjs_local_size_ARUSER' has no fanin or fanout and is left dangling.
               Please use C simulation to confirm this function argument can be read from or written to.
WARNING: [RTGEN 206-101] Setting dangling out port 'reconstruct/m_axi_imageProjs_local_size_ARUSER' to 0.
WARNING: [RTGEN 206-101] Port 'reconstruct/m_axi_imageProjs_local_size_RVALID' has no fanin or fanout and is left dangling.
               Please use C simulation to confirm this function argument can be read from or written to.
WARNING: [RTGEN 206-101] Port 'reconstruct/m_axi_imageProjs_local_size_RREADY' has no fanin or fanout and is left dangling.
               Please use C simulation to confirm this function argument can be read from or written to.
WARNING: [RTGEN 206-101] Setting dangling out port 'reconstruct/m_axi_imageProjs_local_size_RREADY' to 0.
WARNING: [RTGEN 206-101] Port 'reconstruct/m_axi_imageProjs_local_size_RDATA' has no fanin or fanout and is left dangling.
               Please use C simulation to confirm this function argument can be read from or written to.
WARNING: [RTGEN 206-101] Port 'reconstruct/m_axi_imageProjs_local_size_RLAST' has no fanin or fanout and is left dangling.
               Please use C simulation to confirm this function argument can be read from or written to.
WARNING: [RTGEN 206-101] Port 'reconstruct/m_axi_imageProjs_local_size_RID' has no fanin or fanout and is left dangling.
               Please use C simulation to confirm this function argument can be read from or written to.
WARNING: [RTGEN 206-101] Port 'reconstruct/m_axi_imageProjs_local_size_RUSER' has no fanin or fanout and is left dangling.
               Please use C simulation to confirm this function argument can be read from or written to.
WARNING: [RTGEN 206-101] Port 'reconstruct/m_axi_imageProjs_local_size_RRESP' has no fanin or fanout and is left dangling.
               Please use C simulation to confirm this function argument can be read from or written to.
WARNING: [RTGEN 206-101] Port 'reconstruct/m_axi_imageProjs_local_size_BVALID' has no fanin or fanout and is left dangling.
               Please use C simulation to confirm this function argument can be read from or written to.
WARNING: [RTGEN 206-101] Port 'reconstruct/m_axi_imageProjs_local_size_BREADY' has no fanin or fanout and is left dangling.
               Please use C simulation to confirm this function argument can be read from or written to.
WARNING: [RTGEN 206-101] Setting dangling out port 'reconstruct/m_axi_imageProjs_local_size_BREADY' to 0.
WARNING: [RTGEN 206-101] Port 'reconstruct/m_axi_imageProjs_local_size_BRESP' has no fanin or fanout and is left dangling.
               Please use C simulation to confirm this function argument can be read from or written to.
WARNING: [RTGEN 206-101] Port 'reconstruct/m_axi_imageProjs_local_size_BID' has no fanin or fanout and is left dangling.
               Please use C simulation to confirm this function argument can be read from or written to.
WARNING: [RTGEN 206-101] Port 'reconstruct/m_axi_imageProjs_local_size_BUSER' has no fanin or fanout and is left dangling.
               Please use C simulation to confirm this function argument can be read from or written to.
INFO: [RTGEN 206-100] Finished creating RTL model for 'reconstruct'.
INFO: [RTMG 210-285] Implementing FIFO 'ap_bound_U(reconstruct_ap_bound)' using Shift Registers.
INFO: [HLS 200-111] Finished Creating RTL model: CPU user time: 2 seconds. CPU system time: 0 seconds. Elapsed time: 8.11 seconds; current allocated memory: 960.035 MB.
INFO: [HLS 200-111] Finished Generating all RTL models: CPU user time: 1 seconds. CPU system time: 1 seconds. Elapsed time: 2.709 seconds; current allocated memory: 965.852 MB.
INFO: [HLS 200-111] Finished Updating report files: CPU user time: 4 seconds. CPU system time: 0 seconds. Elapsed time: 5.383 seconds; current allocated memory: 980.988 MB.
INFO: [VHDL 208-304] Generating VHDL RTL for reconstruct.
INFO: [VLOG 209-307] Generating Verilog RTL for reconstruct.
INFO: [HLS 200-790] **** Loop Constraint Status: All loop constraints were satisfied.
INFO: [HLS 200-789] **** Estimated Fmax: 120.85 MHz
INFO: [HLS 200-112] Total CPU user time: 92 seconds. Total CPU system time: 11 seconds. Total elapsed time: 146.895 seconds; peak allocated memory: 981.379 MB.
INFO: [v++ 60-791] Total elapsed time: 0h 2m 34s
