  **** HLS Build v2024.2 5238294
INFO: [HLS 200-2005] Using work_dir F:/LMU/quantumMA/opimization/reconstructv1maxi/hls_component/reconstruct 
INFO: [HLS 200-1505] Using default flow_target 'vivado'
Resolution: For help on HLS 200-1505 see docs.xilinx.com/access/sources/dita/topic?Doc_Version=2024.2%20English&url=ug1448-hls-guidance&resourceid=200-1505.html
INFO: [HLS 200-1465] Applying ini 'syn.file=F:/LMU/quantumMA/opimization/reconstructv1maxi/image_analysis.cpp' from F:/LMU/quantumMA/opimization/reconstructv1maxi/hls_component/hls_config.cfg(13)
INFO: [HLS 200-10] Adding design file 'F:/LMU/quantumMA/opimization/reconstructv1maxi/image_analysis.cpp' to the project
INFO: [HLS 200-1465] Applying ini 'syn.file=F:/LMU/quantumMA/opimization/reconstructv1maxi/image_analysis.hpp' from F:/LMU/quantumMA/opimization/reconstructv1maxi/hls_component/hls_config.cfg(14)
INFO: [HLS 200-10] Adding design file 'F:/LMU/quantumMA/opimization/reconstructv1maxi/image_analysis.hpp' to the project
INFO: [HLS 200-1465] Applying ini 'tb.file=F:/LMU/quantumMA/opimization/reconstructv1maxi/test.cpp' from F:/LMU/quantumMA/opimization/reconstructv1maxi/hls_component/hls_config.cfg(10)
INFO: [HLS 200-10] Adding test bench file 'F:/LMU/quantumMA/opimization/reconstructv1maxi/test.cpp' to the project
INFO: [HLS 200-1465] Applying ini 'tb.file=F:/LMU/quantumMA/opimization/reconstructv1maxi/fullImage_output.txt' from F:/LMU/quantumMA/opimization/reconstructv1maxi/hls_component/hls_config.cfg(11)
INFO: [HLS 200-10] Adding test bench file 'F:/LMU/quantumMA/opimization/reconstructv1maxi/fullImage_output.txt' to the project
INFO: [HLS 200-1465] Applying ini 'tb.file=F:/LMU/quantumMA/opimization/reconstructv1maxi/restoutput.txt' from F:/LMU/quantumMA/opimization/reconstructv1maxi/hls_component/hls_config.cfg(12)
INFO: [HLS 200-10] Adding test bench file 'F:/LMU/quantumMA/opimization/reconstructv1maxi/restoutput.txt' to the project
INFO: [HLS 200-1465] Applying ini 'syn.top=reconstruct' from F:/LMU/quantumMA/opimization/reconstructv1maxi/hls_component/hls_config.cfg(7)
INFO: [HLS 200-1465] Applying ini 'flow_target=vivado' from F:/LMU/quantumMA/opimization/reconstructv1maxi/hls_component/hls_config.cfg(4)
INFO: [HLS 200-1505] Using flow_target 'vivado'
Resolution: For help on HLS 200-1505 see docs.xilinx.com/access/sources/dita/topic?Doc_Version=2024.2%20English&url=ug1448-hls-guidance&resourceid=200-1505.html
INFO: [HLS 200-1465] Applying ini 'part=xczu49dr-ffvf1760-2-e' from F:/LMU/quantumMA/opimization/reconstructv1maxi/hls_component/hls_config.cfg(1)
INFO: [HLS 200-1611] Setting target device to 'xczu49dr-ffvf1760-2-e'
INFO: [HLS 200-1465] Applying ini 'csim.clean=1' from F:/LMU/quantumMA/opimization/reconstructv1maxi/hls_component/hls_config.cfg(8)
INFO: [HLS 200-1465] Applying ini 'csim.code_analyzer=1' from F:/LMU/quantumMA/opimization/reconstructv1maxi/hls_component/hls_config.cfg(9)
INFO: [HLS 200-1465] Applying ini 'package.output.format=ip_catalog' from F:/LMU/quantumMA/opimization/reconstructv1maxi/hls_component/hls_config.cfg(5)
INFO: [HLS 200-111] Finished File checks and directory preparation: CPU user time: 5 seconds. CPU system time: 2 seconds. Elapsed time: 6.712 seconds; current allocated memory: 619.492 MB.
INFO: [HLS 200-10] Analyzing design file '../image_analysis.cpp' ... 
INFO: [HLS 200-111] Finished Source Code Analysis and Preprocessing: CPU user time: 1 seconds. CPU system time: 0 seconds. Elapsed time: 6.608 seconds; current allocated memory: 622.340 MB.
INFO: [HLS 200-777] Using interface defaults for 'Vivado' flow target.
INFO: [HLS 200-1995] There were 19,372 instructions in the design after the 'Compile/Link' phase of compilation. See the Design Size Report for more details: F:/LMU/quantumMA/opimization/reconstructv1maxi/hls_component/reconstruct/hls/syn/report/csynth_design_size.rpt
INFO: [HLS 200-1995] There were 1,718 instructions in the design after the 'Unroll/Inline (step 1)' phase of compilation. See the Design Size Report for more details: F:/LMU/quantumMA/opimization/reconstructv1maxi/hls_component/reconstruct/hls/syn/report/csynth_design_size.rpt
INFO: [HLS 200-1995] There were 1,145 instructions in the design after the 'Unroll/Inline (step 2)' phase of compilation. See the Design Size Report for more details: F:/LMU/quantumMA/opimization/reconstructv1maxi/hls_component/reconstruct/hls/syn/report/csynth_design_size.rpt
INFO: [HLS 200-1995] There were 1,112 instructions in the design after the 'Unroll/Inline (step 3)' phase of compilation. See the Design Size Report for more details: F:/LMU/quantumMA/opimization/reconstructv1maxi/hls_component/reconstruct/hls/syn/report/csynth_design_size.rpt
INFO: [HLS 200-1995] There were 624 instructions in the design after the 'Unroll/Inline (step 4)' phase of compilation. See the Design Size Report for more details: F:/LMU/quantumMA/opimization/reconstructv1maxi/hls_component/reconstruct/hls/syn/report/csynth_design_size.rpt
INFO: [HLS 200-1995] There were 5,023 instructions in the design after the 'Array/Struct (step 1)' phase of compilation. See the Design Size Report for more details: F:/LMU/quantumMA/opimization/reconstructv1maxi/hls_component/reconstruct/hls/syn/report/csynth_design_size.rpt
INFO: [HLS 200-1995] There were 4,989 instructions in the design after the 'Array/Struct (step 2)' phase of compilation. See the Design Size Report for more details: F:/LMU/quantumMA/opimization/reconstructv1maxi/hls_component/reconstruct/hls/syn/report/csynth_design_size.rpt
INFO: [HLS 200-1995] There were 4,992 instructions in the design after the 'Array/Struct (step 3)' phase of compilation. See the Design Size Report for more details: F:/LMU/quantumMA/opimization/reconstructv1maxi/hls_component/reconstruct/hls/syn/report/csynth_design_size.rpt
INFO: [HLS 200-1995] There were 5,044 instructions in the design after the 'Array/Struct (step 4)' phase of compilation. See the Design Size Report for more details: F:/LMU/quantumMA/opimization/reconstructv1maxi/hls_component/reconstruct/hls/syn/report/csynth_design_size.rpt
INFO: [HLS 200-1995] There were 5,032 instructions in the design after the 'Array/Struct (step 5)' phase of compilation. See the Design Size Report for more details: F:/LMU/quantumMA/opimization/reconstructv1maxi/hls_component/reconstruct/hls/syn/report/csynth_design_size.rpt
INFO: [HLS 200-1995] There were 5,031 instructions in the design after the 'Performance (step 1)' phase of compilation. See the Design Size Report for more details: F:/LMU/quantumMA/opimization/reconstructv1maxi/hls_component/reconstruct/hls/syn/report/csynth_design_size.rpt
INFO: [HLS 200-1995] There were 5,028 instructions in the design after the 'Performance (step 2)' phase of compilation. See the Design Size Report for more details: F:/LMU/quantumMA/opimization/reconstructv1maxi/hls_component/reconstruct/hls/syn/report/csynth_design_size.rpt
INFO: [HLS 200-1995] There were 5,028 instructions in the design after the 'Performance (step 3)' phase of compilation. See the Design Size Report for more details: F:/LMU/quantumMA/opimization/reconstructv1maxi/hls_component/reconstruct/hls/syn/report/csynth_design_size.rpt
INFO: [HLS 200-1995] There were 5,028 instructions in the design after the 'Performance (step 4)' phase of compilation. See the Design Size Report for more details: F:/LMU/quantumMA/opimization/reconstructv1maxi/hls_component/reconstruct/hls/syn/report/csynth_design_size.rpt
INFO: [HLS 200-1995] There were 5,088 instructions in the design after the 'HW Transforms (step 1)' phase of compilation. See the Design Size Report for more details: F:/LMU/quantumMA/opimization/reconstructv1maxi/hls_component/reconstruct/hls/syn/report/csynth_design_size.rpt
INFO: [HLS 200-1995] There were 4,916 instructions in the design after the 'HW Transforms (step 2)' phase of compilation. See the Design Size Report for more details: F:/LMU/quantumMA/opimization/reconstructv1maxi/hls_component/reconstruct/hls/syn/report/csynth_design_size.rpt
INFO: [HLS 214-186] Unrolling loop 'VITIS_LOOP_104_2' (../image_analysis.cpp:104:27) in function 'conv_kernel' completely with a factor of 31 (../image_analysis.cpp:100:0)
INFO: [HLS 214-178] Inlining function 'fp_struct<float>::data() const (.7.28.38.47.58)' into 'fp_struct<float>::to_float() const (.25.35.44.55)' (C:\scratch\2024.2\hls_product\495\2024.2\src\shared\hls\clib/src/hls\utils/x_hls_utils.h:322:0)
INFO: [HLS 214-178] Inlining function 'fp_struct<float>::to_float() const (.25.35.44.55)' into 'fp_struct<float>::to_ieee() const' (C:\scratch\2024.2\hls_product\495\2024.2\src\shared\hls\clib/src/hls\utils/x_hls_utils.h:346:0)
INFO: [HLS 214-178] Inlining function 'fp_struct<float>::fp_struct(float)' into 'float generic_copysign<float>(float, float)' (C:\scratch\2024.2\hls_product\495\2024.2\src\shared\hls\clib/hlsmath/include/FloatingPoint/hls_copysign.h:10:0)
INFO: [HLS 214-178] Inlining function 'fp_struct<float>::to_ieee() const' into 'float generic_copysign<float>(float, float)' (C:\scratch\2024.2\hls_product\495\2024.2\src\shared\hls\clib/hlsmath/include/FloatingPoint/hls_copysign.h:10:0)
INFO: [HLS 214-178] Inlining function 'fp_struct<float>::fp_struct(float)' into 'float generic_round<float>(float)' (C:\scratch\2024.2\hls_product\495\2024.2\src\shared\hls\clib/hlsmath/include/FloatingPoint\hls_round.h:160:0)
INFO: [HLS 214-178] Inlining function 'float generic_copysign<float>(float, float)' into 'float generic_round<float>(float)' (C:\scratch\2024.2\hls_product\495\2024.2\src\shared\hls\clib/hlsmath/include/FloatingPoint\hls_round.h:160:0)
INFO: [HLS 214-178] Inlining function 'fp_struct<float>::data() const (.7.28.38.47.58)' into 'float generic_round<float>(float)' (C:\scratch\2024.2\hls_product\495\2024.2\src\shared\hls\clib/hlsmath/include/FloatingPoint\hls_round.h:160:0)
INFO: [HLS 214-178] Inlining function 'fp_struct<float>::fp_struct(ap_uint<32>)' into 'float generic_round<float>(float)' (C:\scratch\2024.2\hls_product\495\2024.2\src\shared\hls\clib/hlsmath/include/FloatingPoint\hls_round.h:160:0)
INFO: [HLS 214-178] Inlining function 'fp_struct<float>::to_ieee() const' into 'float generic_round<float>(float)' (C:\scratch\2024.2\hls_product\495\2024.2\src\shared\hls\clib/hlsmath/include/FloatingPoint\hls_round.h:160:0)
INFO: [HLS 214-178] Inlining function 'roundf' into 'std::round(float)' (F:/Vitis/2024.2/tps/mingw/8.3.0/win64.o/nt\lib\gcc\x86_64-w64-mingw32\8.3.0\include\c++\cmath:1757:0)
INFO: [HLS 214-178] Inlining function 'fp_struct<float>::fp_struct(float)' into 'int generic_cast_IEEE754<int, (ap_q_mode)6, float>(float, bool, hls::enable_if<std::numeric_limits<int>::is_signed, bool>::type)' (C:\scratch\2024.2\hls_product\495\2024.2\src\shared\hls\clib/hlsmath/include/FloatingPoint\hls_case_IEEE754.h:12:0)
INFO: [HLS 214-178] Inlining function 'fp_struct<float>::mantissa() const' into 'int generic_cast_IEEE754<int, (ap_q_mode)6, float>(float, bool, hls::enable_if<std::numeric_limits<int>::is_signed, bool>::type)' (C:\scratch\2024.2\hls_product\495\2024.2\src\shared\hls\clib/hlsmath/include/FloatingPoint\hls_case_IEEE754.h:12:0)
INFO: [HLS 214-178] Inlining function 'fp_struct<float>::expv() const' into 'int generic_cast_IEEE754<int, (ap_q_mode)6, float>(float, bool, hls::enable_if<std::numeric_limits<int>::is_signed, bool>::type)' (C:\scratch\2024.2\hls_product\495\2024.2\src\shared\hls\clib/hlsmath/include/FloatingPoint\hls_case_IEEE754.h:12:0)
INFO: [HLS 214-178] Inlining function 'fp_struct<float>::__signbit() const' into 'int generic_cast_IEEE754<int, (ap_q_mode)6, float>(float, bool, hls::enable_if<std::numeric_limits<int>::is_signed, bool>::type)' (C:\scratch\2024.2\hls_product\495\2024.2\src\shared\hls\clib/hlsmath/include/FloatingPoint\hls_case_IEEE754.h:12:0)
INFO: [HLS 214-178] Inlining function 'int generic_cast_IEEE754<int, (ap_q_mode)6, float>(float, bool, hls::enable_if<std::numeric_limits<int>::is_signed, bool>::type)' into 'int generic_cast_IEEE754<int, float>(float, bool)' (C:\scratch\2024.2\hls_product\495\2024.2\src\shared\hls\clib/hlsmath/include/FloatingPoint\hls_case_IEEE754.h:116:0)
INFO: [HLS 214-178] Inlining function 'int generic_cast_IEEE754<int, float>(float, bool)' into '__hls_fptosi_float_i32' (C:\scratch\2024.2\hls_product\495\2024.2\src\shared\hls\clib\hlsmath\src\lib_floatconversion.cpp:51:0)
INFO: [HLS 214-178] Inlining function 'std::round(float)' into 'getLocalImages_single(int, int, int, int, atom_location*, hls::stream<local_image_info, 0>&)' (../image_analysis.cpp:7:0)
INFO: [HLS 214-248] Applying array_partition to 'curr_fullImage': Complete partitioning on dimension 1. (../image_analysis.cpp:155:15)
INFO: [HLS 214-248] Applying array_partition to 'curr_localImage': Complete partitioning on dimension 1. (../image_analysis.cpp:156:15)
INFO: [HLS 214-241] Aggregating fifo (hls::stream) variable 'localImages' with compact=bit mode in 256-bits (../image_analysis.cpp:154:34)
INFO: [HLS 214-376] automatically set the pipeline for Loop< VITIS_LOOP_103_1> at ../image_analysis.cpp:103:23 
INFO: [HLS 214-376] automatically set the pipeline for Loop< VITIS_LOOP_80_2> at ../image_analysis.cpp:80:26 
INFO: [HLS 214-115] Multiple burst reads of length 961 and bit width 32 in loop 'VITIS_LOOP_79_1'(../image_analysis.cpp:79:22) has been inferred on bundle 'imageProjs_local'. These burst requests might be further partitioned into multiple requests during RTL generation, based on max_read_burst_length or max_write_burst_length settings. (../image_analysis.cpp:79:22)
INFO: [HLS 214-115] Multiple burst reads of length 31 and bit width 32 in loop 'VITIS_LOOP_80_2'(../image_analysis.cpp:80:26) has been inferred on bundle 'fullImage'. These burst requests might be further partitioned into multiple requests during RTL generation, based on max_read_burst_length or max_write_burst_length settings. (../image_analysis.cpp:80:26)
INFO: [HLS 200-111] Finished Compiling Optimization and Transform: CPU user time: 1 seconds. CPU system time: 0 seconds. Elapsed time: 22.108 seconds; current allocated memory: 625.586 MB.
INFO: [HLS 200-111] Finished Checking Pragmas: CPU user time: 0 seconds. CPU system time: 0 seconds. Elapsed time: 0.005 seconds; current allocated memory: 625.598 MB.
INFO: [HLS 200-10] Starting code transformations ...
INFO: [HLS 200-111] Finished Standard Transforms: CPU user time: 1 seconds. CPU system time: 0 seconds. Elapsed time: 1.358 seconds; current allocated memory: 637.273 MB.
INFO: [HLS 200-10] Checking synthesizability ...
INFO: [XFORM 203-602] Inlining function '__hls_fptosi_float_i32' into 'getLocalImages_single' (../image_analysis.cpp:11) automatically.
INFO: [HLS 200-111] Finished Checking Synthesizability: CPU user time: 2 seconds. CPU system time: 0 seconds. Elapsed time: 1.888 seconds; current allocated memory: 647.863 MB.
INFO: [XFORM 203-602] Inlining function '__hls_fptosi_float_i32' into 'getLocalImages_single' (../image_analysis.cpp:11) automatically.
INFO: [XFORM 203-712] Applying dataflow to function 'dataflow_in_loop_VITIS_LOOP_151_1.1' (../image_analysis.cpp:155:9), detected/extracted 5 process function(s): 
	 'dataflow_in_loop_VITIS_LOOP_151_1.1_Block_newFuncRoot_proc'
	 'getLocalImages_single'
	 'Image_extract'
	 'conv_kernel'
	 'post_process'.
INFO: [XFORM 203-401] Performing if-conversion on hyperblock from (C:\scratch\2024.2\hls_product\495\2024.2\src\shared\hls\clib/hlsmath/include/FloatingPoint\hls_round.h:159:19) to (C:\scratch\2024.2\hls_product\495\2024.2\src\shared\hls\clib/hlsmath/include/FloatingPoint\hls_round.h:187:1) in function 'generic_round<float>'... converting 5 basic blocks.
INFO: [XFORM 203-602] Inlining function 'generic_round<float>' into 'getLocalImages_single' (C:\scratch\2024.2\hls_product\495\2024.2\src\shared\hls\clib\hlsmath\src\c\roundfloat.cpp:7->F:/Vitis/2024.2/tps/mingw/8.3.0/win64.o/nt\lib\gcc\x86_64-w64-mingw32\8.3.0\include\c++\cmath:1757->../image_analysis.cpp:11) automatically.
INFO: [HLS 200-111] Finished Loop, function and other optimizations: CPU user time: 9 seconds. CPU system time: 0 seconds. Elapsed time: 8.968 seconds; current allocated memory: 676.223 MB.
INFO: [HLS 200-2061] Successfully converted nested loops 'VITIS_LOOP_79_1'(../image_analysis.cpp:79:22) and 'VITIS_LOOP_80_2'(../image_analysis.cpp:80:26) in function 'Image_extract' into perfectly nested loops.
INFO: [XFORM 203-541] Flattening a loop nest 'VITIS_LOOP_79_1' (../image_analysis.cpp:79:22) in function 'Image_extract'.
WARNING: [HLS 200-1449] Process Image_extract has both a predecessor and reads an input from its caller (see the GUI dataflow viewer). This may lead to lower throughput. Consider copying this input via a predecessor process.
WARNING: [HLS 200-1449] Process dataflow_in_loop_VITIS_LOOP_151_1.1 has both a predecessor and reads an input from its caller (see the GUI dataflow viewer). This may lead to lower throughput. Consider copying this input via a predecessor process.
INFO: [HLS 200-111] Finished Architecture Synthesis: CPU user time: 4 seconds. CPU system time: 0 seconds. Elapsed time: 4.114 seconds; current allocated memory: 769.078 MB.
INFO: [HLS 200-10] Starting hardware synthesis ...
INFO: [HLS 200-10] Synthesizing 'reconstruct' ...
WARNING: [SYN 201-103] Legalizing function name 'dataflow_in_loop_VITIS_LOOP_151_1.1_Block_newFuncRoot_proc' to 'dataflow_in_loop_VITIS_LOOP_151_1_1_Block_newFuncRoot_proc'.
WARNING: [SYN 201-103] Legalizing function name 'dataflow_in_loop_VITIS_LOOP_151_1.1' to 'dataflow_in_loop_VITIS_LOOP_151_1_1'.
INFO: [SYN 201-201] Setting up clock 'default' with a period of 10ns.
WARNING: [SYN 201-107] Renaming port name 'reconstruct/imageProjs_local_size' to 'reconstruct/imageProjs_local_size_r' to avoid the conflict with HDL keywords or other object names.
INFO: [HLS 200-10] ----------------------------------------------------------------
INFO: [HLS 200-42] -- Implementing module 'dataflow_in_loop_VITIS_LOOP_151_1_1_Block_newFuncRoot_proc' 
INFO: [HLS 200-10] ----------------------------------------------------------------
INFO: [SCHED 204-11] Starting scheduling ...
INFO: [SCHED 204-11] Finished scheduling.
INFO: [HLS 200-111] Finished Scheduling: CPU user time: 0 seconds. CPU system time: 0 seconds. Elapsed time: 0.979 seconds; current allocated memory: 773.625 MB.
INFO: [BIND 205-100] Starting micro-architecture generation ...
INFO: [BIND 205-101] Performing variable lifetime analysis.
INFO: [BIND 205-101] Exploring resource sharing.
INFO: [BIND 205-101] Binding ...
INFO: [BIND 205-100] Finished micro-architecture generation.
INFO: [HLS 200-111] Finished Binding: CPU user time: 0 seconds. CPU system time: 0 seconds. Elapsed time: 0.07 seconds; current allocated memory: 774.598 MB.
INFO: [HLS 200-10] ----------------------------------------------------------------
INFO: [HLS 200-42] -- Implementing module 'getLocalImages_single' 
INFO: [HLS 200-10] ----------------------------------------------------------------
INFO: [SCHED 204-11] Starting scheduling ...
INFO: [SCHED 204-11] Finished scheduling.
INFO: [HLS 200-111] Finished Scheduling: CPU user time: 1 seconds. CPU system time: 0 seconds. Elapsed time: 0.218 seconds; current allocated memory: 776.781 MB.
INFO: [BIND 205-100] Starting micro-architecture generation ...
INFO: [BIND 205-101] Performing variable lifetime analysis.
INFO: [BIND 205-101] Exploring resource sharing.
INFO: [BIND 205-101] Binding ...
INFO: [BIND 205-100] Finished micro-architecture generation.
INFO: [HLS 200-111] Finished Binding: CPU user time: 0 seconds. CPU system time: 0 seconds. Elapsed time: 0.137 seconds; current allocated memory: 777.395 MB.
INFO: [HLS 200-10] ----------------------------------------------------------------
INFO: [HLS 200-42] -- Implementing module 'Image_extract_Pipeline_VITIS_LOOP_79_1_VITIS_LOOP_80_2' 
INFO: [HLS 200-10] ----------------------------------------------------------------
INFO: [SCHED 204-11] Starting scheduling ...
INFO: [SCHED 204-61] Pipelining loop 'VITIS_LOOP_79_1_VITIS_LOOP_80_2'.
INFO: [HLS 200-1470] Pipelining result : Target II = NA, Final II = 1, Depth = 11, loop 'VITIS_LOOP_79_1_VITIS_LOOP_80_2'
INFO: [SCHED 204-11] Finished scheduling.
INFO: [HLS 200-111] Finished Scheduling: CPU user time: 0 seconds. CPU system time: 0 seconds. Elapsed time: 0.387 seconds; current allocated memory: 780.484 MB.
INFO: [BIND 205-100] Starting micro-architecture generation ...
INFO: [BIND 205-101] Performing variable lifetime analysis.
INFO: [BIND 205-101] Exploring resource sharing.
INFO: [BIND 205-101] Binding ...
INFO: [BIND 205-100] Finished micro-architecture generation.
INFO: [HLS 200-111] Finished Binding: CPU user time: 0 seconds. CPU system time: 0 seconds. Elapsed time: 0.148 seconds; current allocated memory: 780.832 MB.
INFO: [HLS 200-10] ----------------------------------------------------------------
INFO: [HLS 200-42] -- Implementing module 'Image_extract' 
INFO: [HLS 200-10] ----------------------------------------------------------------
INFO: [SCHED 204-11] Starting scheduling ...
INFO: [SCHED 204-11] Finished scheduling.
INFO: [HLS 200-111] Finished Scheduling: CPU user time: 0 seconds. CPU system time: 0 seconds. Elapsed time: 0.151 seconds; current allocated memory: 780.945 MB.
INFO: [BIND 205-100] Starting micro-architecture generation ...
INFO: [BIND 205-101] Performing variable lifetime analysis.
INFO: [BIND 205-101] Exploring resource sharing.
INFO: [BIND 205-101] Binding ...
INFO: [BIND 205-100] Finished micro-architecture generation.
INFO: [HLS 200-111] Finished Binding: CPU user time: 0 seconds. CPU system time: 0 seconds. Elapsed time: 0.086 seconds; current allocated memory: 781.102 MB.
INFO: [HLS 200-10] ----------------------------------------------------------------
INFO: [HLS 200-42] -- Implementing module 'conv_kernel_Pipeline_VITIS_LOOP_103_1' 
INFO: [HLS 200-10] ----------------------------------------------------------------
INFO: [SCHED 204-11] Starting scheduling ...
INFO: [SCHED 204-61] Pipelining loop 'VITIS_LOOP_103_1'.
WARNING: [HLS 200-880] The II Violation in module 'conv_kernel_Pipeline_VITIS_LOOP_103_1' (loop 'VITIS_LOOP_103_1'): Unable to enforce a carried dependence constraint (II = 1, distance = 1, offset = 1) between 'fadd' operation 32 bit ('add16_29', ../image_analysis.cpp:107) and 'fadd' operation 32 bit ('add1', ../image_analysis.cpp:107).
Resolution: For help on HLS 200-880 see docs.xilinx.com/access/sources/dita/topic?Doc_Version=2024.2%20English&url=ug1448-hls-guidance&resourceid=200-880.html
WARNING: [HLS 200-880] The II Violation in module 'conv_kernel_Pipeline_VITIS_LOOP_103_1' (loop 'VITIS_LOOP_103_1'): Unable to enforce a carried dependence constraint (II = 2, distance = 1, offset = 1) between 'fadd' operation 32 bit ('add16_29', ../image_analysis.cpp:107) and 'fadd' operation 32 bit ('add1', ../image_analysis.cpp:107).
Resolution: For help on HLS 200-880 see docs.xilinx.com/access/sources/dita/topic?Doc_Version=2024.2%20English&url=ug1448-hls-guidance&resourceid=200-880.html
WARNING: [HLS 200-880] The II Violation in module 'conv_kernel_Pipeline_VITIS_LOOP_103_1' (loop 'VITIS_LOOP_103_1'): Unable to enforce a carried dependence constraint (II = 3, distance = 1, offset = 1) between 'fadd' operation 32 bit ('add16_29', ../image_analysis.cpp:107) and 'fadd' operation 32 bit ('add1', ../image_analysis.cpp:107).
Resolution: For help on HLS 200-880 see docs.xilinx.com/access/sources/dita/topic?Doc_Version=2024.2%20English&url=ug1448-hls-guidance&resourceid=200-880.html
WARNING: [HLS 200-880] The II Violation in module 'conv_kernel_Pipeline_VITIS_LOOP_103_1' (loop 'VITIS_LOOP_103_1'): Unable to enforce a carried dependence constraint (II = 4, distance = 1, offset = 1) between 'fadd' operation 32 bit ('add16_29', ../image_analysis.cpp:107) and 'fadd' operation 32 bit ('add1', ../image_analysis.cpp:107).
Resolution: For help on HLS 200-880 see docs.xilinx.com/access/sources/dita/topic?Doc_Version=2024.2%20English&url=ug1448-hls-guidance&resourceid=200-880.html
WARNING: [HLS 200-880] The II Violation in module 'conv_kernel_Pipeline_VITIS_LOOP_103_1' (loop 'VITIS_LOOP_103_1'): Unable to enforce a carried dependence constraint (II = 67, distance = 1, offset = 1) between 'fadd' operation 32 bit ('add16_29', ../image_analysis.cpp:107) and 'fadd' operation 32 bit ('add1', ../image_analysis.cpp:107).
Resolution: For help on HLS 200-880 see docs.xilinx.com/access/sources/dita/topic?Doc_Version=2024.2%20English&url=ug1448-hls-guidance&resourceid=200-880.html
WARNING: [HLS 200-880] The II Violation in module 'conv_kernel_Pipeline_VITIS_LOOP_103_1' (loop 'VITIS_LOOP_103_1'): Unable to enforce a carried dependence constraint (II = 98, distance = 1, offset = 1) between 'fadd' operation 32 bit ('add16_29', ../image_analysis.cpp:107) and 'fadd' operation 32 bit ('add1', ../image_analysis.cpp:107).
Resolution: For help on HLS 200-880 see docs.xilinx.com/access/sources/dita/topic?Doc_Version=2024.2%20English&url=ug1448-hls-guidance&resourceid=200-880.html
WARNING: [HLS 200-880] The II Violation in module 'conv_kernel_Pipeline_VITIS_LOOP_103_1' (loop 'VITIS_LOOP_103_1'): Unable to enforce a carried dependence constraint (II = 114, distance = 1, offset = 1) between 'fadd' operation 32 bit ('add16_29', ../image_analysis.cpp:107) and 'fadd' operation 32 bit ('add1', ../image_analysis.cpp:107).
Resolution: For help on HLS 200-880 see docs.xilinx.com/access/sources/dita/topic?Doc_Version=2024.2%20English&url=ug1448-hls-guidance&resourceid=200-880.html
WARNING: [HLS 200-880] The II Violation in module 'conv_kernel_Pipeline_VITIS_LOOP_103_1' (loop 'VITIS_LOOP_103_1'): Unable to enforce a carried dependence constraint (II = 122, distance = 1, offset = 1) between 'fadd' operation 32 bit ('add16_29', ../image_analysis.cpp:107) and 'fadd' operation 32 bit ('add1', ../image_analysis.cpp:107).
Resolution: For help on HLS 200-880 see docs.xilinx.com/access/sources/dita/topic?Doc_Version=2024.2%20English&url=ug1448-hls-guidance&resourceid=200-880.html
WARNING: [HLS 200-880] The II Violation in module 'conv_kernel_Pipeline_VITIS_LOOP_103_1' (loop 'VITIS_LOOP_103_1'): Unable to enforce a carried dependence constraint (II = 123, distance = 1, offset = 1) between 'fadd' operation 32 bit ('add16_29', ../image_analysis.cpp:107) and 'fadd' operation 32 bit ('add1', ../image_analysis.cpp:107).
Resolution: For help on HLS 200-880 see docs.xilinx.com/access/sources/dita/topic?Doc_Version=2024.2%20English&url=ug1448-hls-guidance&resourceid=200-880.html
INFO: [HLS 200-1470] Pipelining result : Target II = NA, Final II = 124, Depth = 128, loop 'VITIS_LOOP_103_1'
INFO: [SCHED 204-11] Finished scheduling.
INFO: [HLS 200-111] Finished Scheduling: CPU user time: 2 seconds. CPU system time: 0 seconds. Elapsed time: 3.679 seconds; current allocated memory: 799.277 MB.
INFO: [BIND 205-100] Starting micro-architecture generation ...
INFO: [BIND 205-101] Performing variable lifetime analysis.
INFO: [BIND 205-101] Exploring resource sharing.
INFO: [BIND 205-101] Binding ...
INFO: [BIND 205-100] Finished micro-architecture generation.
INFO: [HLS 200-111] Finished Binding: CPU user time: 1 seconds. CPU system time: 0 seconds. Elapsed time: 0.732 seconds; current allocated memory: 799.562 MB.
INFO: [HLS 200-10] ----------------------------------------------------------------
INFO: [HLS 200-42] -- Implementing module 'conv_kernel' 
INFO: [HLS 200-10] ----------------------------------------------------------------
INFO: [SCHED 204-11] Starting scheduling ...
INFO: [SCHED 204-11] Finished scheduling.
INFO: [HLS 200-111] Finished Scheduling: CPU user time: 11 seconds. CPU system time: 1 seconds. Elapsed time: 11.407 seconds; current allocated memory: 828.055 MB.
INFO: [BIND 205-100] Starting micro-architecture generation ...
INFO: [BIND 205-101] Performing variable lifetime analysis.
INFO: [BIND 205-101] Exploring resource sharing.
INFO: [BIND 205-101] Binding ...
INFO: [BIND 205-100] Finished micro-architecture generation.
INFO: [HLS 200-111] Finished Binding: CPU user time: 3 seconds. CPU system time: 0 seconds. Elapsed time: 3.285 seconds; current allocated memory: 828.688 MB.
INFO: [HLS 200-10] ----------------------------------------------------------------
INFO: [HLS 200-42] -- Implementing module 'post_process' 
INFO: [HLS 200-10] ----------------------------------------------------------------
INFO: [SCHED 204-11] Starting scheduling ...
INFO: [SCHED 204-11] Finished scheduling.
INFO: [HLS 200-111] Finished Scheduling: CPU user time: 2 seconds. CPU system time: 0 seconds. Elapsed time: 2.572 seconds; current allocated memory: 832.012 MB.
INFO: [BIND 205-100] Starting micro-architecture generation ...
INFO: [BIND 205-101] Performing variable lifetime analysis.
INFO: [BIND 205-101] Exploring resource sharing.
INFO: [BIND 205-101] Binding ...
INFO: [BIND 205-100] Finished micro-architecture generation.
INFO: [HLS 200-111] Finished Binding: CPU user time: 0 seconds. CPU system time: 0 seconds. Elapsed time: 0.193 seconds; current allocated memory: 832.012 MB.
INFO: [HLS 200-10] ----------------------------------------------------------------
INFO: [HLS 200-42] -- Implementing module 'dataflow_in_loop_VITIS_LOOP_151_1_1' 
INFO: [HLS 200-10] ----------------------------------------------------------------
INFO: [SCHED 204-11] Starting scheduling ...
INFO: [SCHED 204-11] Finished scheduling.
WARNING: [HLS 200-1020] Increasing the depth of FIFO call_ret (from dataflow_in_loop_VITIS_LOOP_151_1_1_Block_newFuncRoot_proc_U0 to post_process_U0) to 4 to improve performance and/or avoid deadlocks.
WARNING: [HLS 200-1020] Increasing the depth of FIFO curr_imageProjs (from Image_extract_U0 to post_process_U0) to 3 to improve performance and/or avoid deadlocks.
INFO: [HLS 200-111] Finished Scheduling: CPU user time: 1 seconds. CPU system time: 0 seconds. Elapsed time: 0.28 seconds; current allocated memory: 832.055 MB.
INFO: [BIND 205-100] Starting micro-architecture generation ...
INFO: [BIND 205-101] Performing variable lifetime analysis.
INFO: [BIND 205-101] Exploring resource sharing.
INFO: [BIND 205-101] Binding ...
INFO: [BIND 205-100] Finished micro-architecture generation.
INFO: [HLS 200-111] Finished Binding: CPU user time: 0 seconds. CPU system time: 0 seconds. Elapsed time: 0.254 seconds; current allocated memory: 832.062 MB.
INFO: [HLS 200-10] ----------------------------------------------------------------
INFO: [HLS 200-42] -- Implementing module 'reconstruct' 
INFO: [HLS 200-10] ----------------------------------------------------------------
INFO: [SCHED 204-11] Starting scheduling ...
INFO: [SCHED 204-11] Finished scheduling.
INFO: [HLS 200-111] Finished Scheduling: CPU user time: 0 seconds. CPU system time: 0 seconds. Elapsed time: 0.422 seconds; current allocated memory: 832.094 MB.
INFO: [BIND 205-100] Starting micro-architecture generation ...
INFO: [BIND 205-101] Performing variable lifetime analysis.
INFO: [BIND 205-101] Exploring resource sharing.
INFO: [BIND 205-101] Binding ...
INFO: [BIND 205-100] Finished micro-architecture generation.
INFO: [HLS 200-111] Finished Binding: CPU user time: 0 seconds. CPU system time: 0 seconds. Elapsed time: 0.257 seconds; current allocated memory: 832.172 MB.
INFO: [HLS 200-10] ----------------------------------------------------------------
INFO: [HLS 200-10] -- Generating RTL for module 'dataflow_in_loop_VITIS_LOOP_151_1_1_Block_newFuncRoot_proc' 
INFO: [HLS 200-10] ----------------------------------------------------------------
INFO: [RTGEN 206-100] Finished creating RTL model for 'dataflow_in_loop_VITIS_LOOP_151_1_1_Block_newFuncRoot_proc'.
INFO: [HLS 200-111] Finished Creating RTL model: CPU user time: 1 seconds. CPU system time: 0 seconds. Elapsed time: 0.662 seconds; current allocated memory: 833.262 MB.
INFO: [HLS 200-10] ----------------------------------------------------------------
INFO: [HLS 200-10] -- Generating RTL for module 'getLocalImages_single' 
INFO: [HLS 200-10] ----------------------------------------------------------------
INFO: [RTGEN 206-100] Generating core module 'fmul_32ns_32ns_32_3_max_dsp_1': 2 instance(s).
INFO: [RTGEN 206-100] Generating core module 'fsub_32ns_32ns_32_4_full_dsp_1': 2 instance(s).
INFO: [RTGEN 206-100] Generating core module 'sitofp_32ns_32_4_no_dsp_1': 2 instance(s).
INFO: [RTGEN 206-100] Generating core module 'sparsemux_7_2_32_1_1': 4 instance(s).
INFO: [RTGEN 206-100] Finished creating RTL model for 'getLocalImages_single'.
INFO: [HLS 200-2168] Implementing memory 'reconstruct_getLocalImages_single_mask_table_ROM_AUTO_1R' using auto ROMs with 2 copies to ensure enough ports to satisfy II or latency constraints.
INFO: [HLS 200-2168] Implementing memory 'reconstruct_getLocalImages_single_one_half_table_ROM_AUTO_1R' using auto ROMs with 2 copies to ensure enough ports to satisfy II or latency constraints.
INFO: [HLS 200-111] Finished Creating RTL model: CPU user time: 0 seconds. CPU system time: 0 seconds. Elapsed time: 0.645 seconds; current allocated memory: 836.465 MB.
INFO: [HLS 200-10] ----------------------------------------------------------------
INFO: [HLS 200-10] -- Generating RTL for module 'Image_extract_Pipeline_VITIS_LOOP_79_1_VITIS_LOOP_80_2' 
INFO: [HLS 200-10] ----------------------------------------------------------------
INFO: [HLS 200-1030] Apply Unified Pipeline Control on module 'Image_extract_Pipeline_VITIS_LOOP_79_1_VITIS_LOOP_80_2' pipeline 'VITIS_LOOP_79_1_VITIS_LOOP_80_2' pipeline type 'loop pipeline'
WARNING: [RTGEN 206-101] Setting dangling out port 'Image_extract_Pipeline_VITIS_LOOP_79_1_VITIS_LOOP_80_2/m_axi_imageProjs_local_0_ARVALID' to 0.
WARNING: [RTGEN 206-101] Setting dangling out port 'Image_extract_Pipeline_VITIS_LOOP_79_1_VITIS_LOOP_80_2/m_axi_imageProjs_local_0_ARADDR' to 0.
WARNING: [RTGEN 206-101] Setting dangling out port 'Image_extract_Pipeline_VITIS_LOOP_79_1_VITIS_LOOP_80_2/m_axi_imageProjs_local_0_ARID' to 0.
WARNING: [RTGEN 206-101] Setting dangling out port 'Image_extract_Pipeline_VITIS_LOOP_79_1_VITIS_LOOP_80_2/m_axi_imageProjs_local_0_ARLEN' to 0.
WARNING: [RTGEN 206-101] Setting dangling out port 'Image_extract_Pipeline_VITIS_LOOP_79_1_VITIS_LOOP_80_2/m_axi_imageProjs_local_0_ARSIZE' to 0.
WARNING: [RTGEN 206-101] Setting dangling out port 'Image_extract_Pipeline_VITIS_LOOP_79_1_VITIS_LOOP_80_2/m_axi_imageProjs_local_0_ARBURST' to 0.
WARNING: [RTGEN 206-101] Setting dangling out port 'Image_extract_Pipeline_VITIS_LOOP_79_1_VITIS_LOOP_80_2/m_axi_imageProjs_local_0_ARLOCK' to 0.
WARNING: [RTGEN 206-101] Setting dangling out port 'Image_extract_Pipeline_VITIS_LOOP_79_1_VITIS_LOOP_80_2/m_axi_imageProjs_local_0_ARCACHE' to 0.
WARNING: [RTGEN 206-101] Setting dangling out port 'Image_extract_Pipeline_VITIS_LOOP_79_1_VITIS_LOOP_80_2/m_axi_imageProjs_local_0_ARPROT' to 0.
WARNING: [RTGEN 206-101] Setting dangling out port 'Image_extract_Pipeline_VITIS_LOOP_79_1_VITIS_LOOP_80_2/m_axi_imageProjs_local_0_ARQOS' to 0.
WARNING: [RTGEN 206-101] Setting dangling out port 'Image_extract_Pipeline_VITIS_LOOP_79_1_VITIS_LOOP_80_2/m_axi_imageProjs_local_0_ARREGION' to 0.
WARNING: [RTGEN 206-101] Setting dangling out port 'Image_extract_Pipeline_VITIS_LOOP_79_1_VITIS_LOOP_80_2/m_axi_imageProjs_local_0_ARUSER' to 0.
INFO: [RTGEN 206-100] Finished creating RTL model for 'Image_extract_Pipeline_VITIS_LOOP_79_1_VITIS_LOOP_80_2'.
INFO: [HLS 200-111] Finished Creating RTL model: CPU user time: 1 seconds. CPU system time: 0 seconds. Elapsed time: 1.499 seconds; current allocated memory: 844.266 MB.
INFO: [HLS 200-10] ----------------------------------------------------------------
INFO: [HLS 200-10] -- Generating RTL for module 'Image_extract' 
INFO: [HLS 200-10] ----------------------------------------------------------------
INFO: [RTGEN 206-100] Finished creating RTL model for 'Image_extract'.
INFO: [HLS 200-111] Finished Creating RTL model: CPU user time: 1 seconds. CPU system time: 1 seconds. Elapsed time: 1.477 seconds; current allocated memory: 850.930 MB.
INFO: [HLS 200-10] ----------------------------------------------------------------
INFO: [HLS 200-10] -- Generating RTL for module 'conv_kernel_Pipeline_VITIS_LOOP_103_1' 
INFO: [HLS 200-10] ----------------------------------------------------------------
INFO: [HLS 200-1030] Apply Unified Pipeline Control on module 'conv_kernel_Pipeline_VITIS_LOOP_103_1' pipeline 'VITIS_LOOP_103_1' pipeline type 'loop pipeline'
INFO: [RTGEN 206-100] Generating core module 'fadd_32ns_32ns_32_4_full_dsp_1': 1 instance(s).
INFO: [RTGEN 206-100] Generating core module 'fmul_32ns_32ns_32_3_max_dsp_1': 1 instance(s).
INFO: [RTGEN 206-100] Generating core module 'sparsemux_63_5_32_1_1': 62 instance(s).
INFO: [RTGEN 206-100] Finished creating RTL model for 'conv_kernel_Pipeline_VITIS_LOOP_103_1'.
INFO: [HLS 200-111] Finished Creating RTL model: CPU user time: 18 seconds. CPU system time: 0 seconds. Elapsed time: 18.614 seconds; current allocated memory: 886.488 MB.
INFO: [HLS 200-10] ----------------------------------------------------------------
INFO: [HLS 200-10] -- Generating RTL for module 'conv_kernel' 
INFO: [HLS 200-10] ----------------------------------------------------------------
INFO: [RTGEN 206-100] Finished creating RTL model for 'conv_kernel'.
INFO: [HLS 200-111] Finished Creating RTL model: CPU user time: 3 seconds. CPU system time: 0 seconds. Elapsed time: 3.191 seconds; current allocated memory: 941.328 MB.
INFO: [HLS 200-10] ----------------------------------------------------------------
INFO: [HLS 200-10] -- Generating RTL for module 'post_process' 
INFO: [HLS 200-10] ----------------------------------------------------------------
INFO: [RTGEN 206-100] Generating core module 'fdiv_32ns_32ns_32_9_no_dsp_1': 1 instance(s).
INFO: [RTGEN 206-100] Generating core module 'fmul_32ns_32ns_32_3_max_dsp_1': 1 instance(s).
INFO: [RTGEN 206-100] Finished creating RTL model for 'post_process'.
INFO: [HLS 200-111] Finished Creating RTL model: CPU user time: 4 seconds. CPU system time: 1 seconds. Elapsed time: 4.765 seconds; current allocated memory: 1003.582 MB.
INFO: [HLS 200-10] ----------------------------------------------------------------
INFO: [HLS 200-10] -- Generating RTL for module 'dataflow_in_loop_VITIS_LOOP_151_1_1' 
INFO: [HLS 200-10] ----------------------------------------------------------------
WARNING: [RTGEN 206-101] Setting dangling out port 'dataflow_in_loop_VITIS_LOOP_151_1_1/m_axi_atomLocations_0_AWVALID' to 0.
WARNING: [RTGEN 206-101] Setting dangling out port 'dataflow_in_loop_VITIS_LOOP_151_1_1/m_axi_atomLocations_0_AWADDR' to 0.
WARNING: [RTGEN 206-101] Setting dangling out port 'dataflow_in_loop_VITIS_LOOP_151_1_1/m_axi_atomLocations_0_AWID' to 0.
WARNING: [RTGEN 206-101] Setting dangling out port 'dataflow_in_loop_VITIS_LOOP_151_1_1/m_axi_atomLocations_0_AWLEN' to 0.
WARNING: [RTGEN 206-101] Setting dangling out port 'dataflow_in_loop_VITIS_LOOP_151_1_1/m_axi_atomLocations_0_AWSIZE' to 0.
WARNING: [RTGEN 206-101] Setting dangling out port 'dataflow_in_loop_VITIS_LOOP_151_1_1/m_axi_atomLocations_0_AWBURST' to 0.
WARNING: [RTGEN 206-101] Setting dangling out port 'dataflow_in_loop_VITIS_LOOP_151_1_1/m_axi_atomLocations_0_AWLOCK' to 0.
WARNING: [RTGEN 206-101] Setting dangling out port 'dataflow_in_loop_VITIS_LOOP_151_1_1/m_axi_atomLocations_0_AWCACHE' to 0.
WARNING: [RTGEN 206-101] Setting dangling out port 'dataflow_in_loop_VITIS_LOOP_151_1_1/m_axi_atomLocations_0_AWPROT' to 0.
WARNING: [RTGEN 206-101] Setting dangling out port 'dataflow_in_loop_VITIS_LOOP_151_1_1/m_axi_atomLocations_0_AWQOS' to 0.
WARNING: [RTGEN 206-101] Setting dangling out port 'dataflow_in_loop_VITIS_LOOP_151_1_1/m_axi_atomLocations_0_AWREGION' to 0.
WARNING: [RTGEN 206-101] Setting dangling out port 'dataflow_in_loop_VITIS_LOOP_151_1_1/m_axi_atomLocations_0_AWUSER' to 0.
WARNING: [RTGEN 206-101] Setting dangling out port 'dataflow_in_loop_VITIS_LOOP_151_1_1/m_axi_atomLocations_0_WVALID' to 0.
WARNING: [RTGEN 206-101] Setting dangling out port 'dataflow_in_loop_VITIS_LOOP_151_1_1/m_axi_atomLocations_0_WDATA' to 0.
WARNING: [RTGEN 206-101] Setting dangling out port 'dataflow_in_loop_VITIS_LOOP_151_1_1/m_axi_atomLocations_0_WSTRB' to 0.
WARNING: [RTGEN 206-101] Setting dangling out port 'dataflow_in_loop_VITIS_LOOP_151_1_1/m_axi_atomLocations_0_WLAST' to 0.
WARNING: [RTGEN 206-101] Setting dangling out port 'dataflow_in_loop_VITIS_LOOP_151_1_1/m_axi_atomLocations_0_WID' to 0.
WARNING: [RTGEN 206-101] Setting dangling out port 'dataflow_in_loop_VITIS_LOOP_151_1_1/m_axi_atomLocations_0_WUSER' to 0.
WARNING: [RTGEN 206-101] Setting dangling out port 'dataflow_in_loop_VITIS_LOOP_151_1_1/m_axi_atomLocations_0_BREADY' to 0.
WARNING: [RTGEN 206-101] Setting dangling out port 'dataflow_in_loop_VITIS_LOOP_151_1_1/m_axi_imageProjs_0_AWVALID' to 0.
WARNING: [RTGEN 206-101] Setting dangling out port 'dataflow_in_loop_VITIS_LOOP_151_1_1/m_axi_imageProjs_0_AWADDR' to 0.
WARNING: [RTGEN 206-101] Setting dangling out port 'dataflow_in_loop_VITIS_LOOP_151_1_1/m_axi_imageProjs_0_AWID' to 0.
WARNING: [RTGEN 206-101] Setting dangling out port 'dataflow_in_loop_VITIS_LOOP_151_1_1/m_axi_imageProjs_0_AWLEN' to 0.
WARNING: [RTGEN 206-101] Setting dangling out port 'dataflow_in_loop_VITIS_LOOP_151_1_1/m_axi_imageProjs_0_AWSIZE' to 0.
WARNING: [RTGEN 206-101] Setting dangling out port 'dataflow_in_loop_VITIS_LOOP_151_1_1/m_axi_imageProjs_0_AWBURST' to 0.
WARNING: [RTGEN 206-101] Setting dangling out port 'dataflow_in_loop_VITIS_LOOP_151_1_1/m_axi_imageProjs_0_AWLOCK' to 0.
WARNING: [RTGEN 206-101] Setting dangling out port 'dataflow_in_loop_VITIS_LOOP_151_1_1/m_axi_imageProjs_0_AWCACHE' to 0.
WARNING: [RTGEN 206-101] Setting dangling out port 'dataflow_in_loop_VITIS_LOOP_151_1_1/m_axi_imageProjs_0_AWPROT' to 0.
WARNING: [RTGEN 206-101] Setting dangling out port 'dataflow_in_loop_VITIS_LOOP_151_1_1/m_axi_imageProjs_0_AWQOS' to 0.
WARNING: [RTGEN 206-101] Setting dangling out port 'dataflow_in_loop_VITIS_LOOP_151_1_1/m_axi_imageProjs_0_AWREGION' to 0.
WARNING: [RTGEN 206-101] Setting dangling out port 'dataflow_in_loop_VITIS_LOOP_151_1_1/m_axi_imageProjs_0_AWUSER' to 0.
WARNING: [RTGEN 206-101] Setting dangling out port 'dataflow_in_loop_VITIS_LOOP_151_1_1/m_axi_imageProjs_0_WVALID' to 0.
WARNING: [RTGEN 206-101] Setting dangling out port 'dataflow_in_loop_VITIS_LOOP_151_1_1/m_axi_imageProjs_0_WDATA' to 0.
WARNING: [RTGEN 206-101] Setting dangling out port 'dataflow_in_loop_VITIS_LOOP_151_1_1/m_axi_imageProjs_0_WSTRB' to 0.
WARNING: [RTGEN 206-101] Setting dangling out port 'dataflow_in_loop_VITIS_LOOP_151_1_1/m_axi_imageProjs_0_WLAST' to 0.
WARNING: [RTGEN 206-101] Setting dangling out port 'dataflow_in_loop_VITIS_LOOP_151_1_1/m_axi_imageProjs_0_WID' to 0.
WARNING: [RTGEN 206-101] Setting dangling out port 'dataflow_in_loop_VITIS_LOOP_151_1_1/m_axi_imageProjs_0_WUSER' to 0.
WARNING: [RTGEN 206-101] Setting dangling out port 'dataflow_in_loop_VITIS_LOOP_151_1_1/m_axi_imageProjs_0_BREADY' to 0.
WARNING: [RTGEN 206-101] Setting dangling out port 'dataflow_in_loop_VITIS_LOOP_151_1_1/m_axi_fullImage_0_AWVALID' to 0.
WARNING: [RTGEN 206-101] Setting dangling out port 'dataflow_in_loop_VITIS_LOOP_151_1_1/m_axi_fullImage_0_AWADDR' to 0.
WARNING: [RTGEN 206-101] Setting dangling out port 'dataflow_in_loop_VITIS_LOOP_151_1_1/m_axi_fullImage_0_AWID' to 0.
WARNING: [RTGEN 206-101] Setting dangling out port 'dataflow_in_loop_VITIS_LOOP_151_1_1/m_axi_fullImage_0_AWLEN' to 0.
WARNING: [RTGEN 206-101] Setting dangling out port 'dataflow_in_loop_VITIS_LOOP_151_1_1/m_axi_fullImage_0_AWSIZE' to 0.
WARNING: [RTGEN 206-101] Setting dangling out port 'dataflow_in_loop_VITIS_LOOP_151_1_1/m_axi_fullImage_0_AWBURST' to 0.
WARNING: [RTGEN 206-101] Setting dangling out port 'dataflow_in_loop_VITIS_LOOP_151_1_1/m_axi_fullImage_0_AWLOCK' to 0.
WARNING: [RTGEN 206-101] Setting dangling out port 'dataflow_in_loop_VITIS_LOOP_151_1_1/m_axi_fullImage_0_AWCACHE' to 0.
WARNING: [RTGEN 206-101] Setting dangling out port 'dataflow_in_loop_VITIS_LOOP_151_1_1/m_axi_fullImage_0_AWPROT' to 0.
WARNING: [RTGEN 206-101] Setting dangling out port 'dataflow_in_loop_VITIS_LOOP_151_1_1/m_axi_fullImage_0_AWQOS' to 0.
WARNING: [RTGEN 206-101] Setting dangling out port 'dataflow_in_loop_VITIS_LOOP_151_1_1/m_axi_fullImage_0_AWREGION' to 0.
WARNING: [RTGEN 206-101] Setting dangling out port 'dataflow_in_loop_VITIS_LOOP_151_1_1/m_axi_fullImage_0_AWUSER' to 0.
WARNING: [RTGEN 206-101] Setting dangling out port 'dataflow_in_loop_VITIS_LOOP_151_1_1/m_axi_fullImage_0_WVALID' to 0.
WARNING: [RTGEN 206-101] Setting dangling out port 'dataflow_in_loop_VITIS_LOOP_151_1_1/m_axi_fullImage_0_WDATA' to 0.
WARNING: [RTGEN 206-101] Setting dangling out port 'dataflow_in_loop_VITIS_LOOP_151_1_1/m_axi_fullImage_0_WSTRB' to 0.
WARNING: [RTGEN 206-101] Setting dangling out port 'dataflow_in_loop_VITIS_LOOP_151_1_1/m_axi_fullImage_0_WLAST' to 0.
WARNING: [RTGEN 206-101] Setting dangling out port 'dataflow_in_loop_VITIS_LOOP_151_1_1/m_axi_fullImage_0_WID' to 0.
WARNING: [RTGEN 206-101] Setting dangling out port 'dataflow_in_loop_VITIS_LOOP_151_1_1/m_axi_fullImage_0_WUSER' to 0.
WARNING: [RTGEN 206-101] Setting dangling out port 'dataflow_in_loop_VITIS_LOOP_151_1_1/m_axi_fullImage_0_BREADY' to 0.
WARNING: [RTGEN 206-101] Setting dangling out port 'dataflow_in_loop_VITIS_LOOP_151_1_1/m_axi_imageProjs_local_0_AWVALID' to 0.
WARNING: [RTGEN 206-101] Setting dangling out port 'dataflow_in_loop_VITIS_LOOP_151_1_1/m_axi_imageProjs_local_0_AWADDR' to 0.
WARNING: [RTGEN 206-101] Setting dangling out port 'dataflow_in_loop_VITIS_LOOP_151_1_1/m_axi_imageProjs_local_0_AWID' to 0.
WARNING: [RTGEN 206-101] Setting dangling out port 'dataflow_in_loop_VITIS_LOOP_151_1_1/m_axi_imageProjs_local_0_AWLEN' to 0.
WARNING: [RTGEN 206-101] Setting dangling out port 'dataflow_in_loop_VITIS_LOOP_151_1_1/m_axi_imageProjs_local_0_AWSIZE' to 0.
WARNING: [RTGEN 206-101] Setting dangling out port 'dataflow_in_loop_VITIS_LOOP_151_1_1/m_axi_imageProjs_local_0_AWBURST' to 0.
WARNING: [RTGEN 206-101] Setting dangling out port 'dataflow_in_loop_VITIS_LOOP_151_1_1/m_axi_imageProjs_local_0_AWLOCK' to 0.
WARNING: [RTGEN 206-101] Setting dangling out port 'dataflow_in_loop_VITIS_LOOP_151_1_1/m_axi_imageProjs_local_0_AWCACHE' to 0.
WARNING: [RTGEN 206-101] Setting dangling out port 'dataflow_in_loop_VITIS_LOOP_151_1_1/m_axi_imageProjs_local_0_AWPROT' to 0.
WARNING: [RTGEN 206-101] Setting dangling out port 'dataflow_in_loop_VITIS_LOOP_151_1_1/m_axi_imageProjs_local_0_AWQOS' to 0.
WARNING: [RTGEN 206-101] Setting dangling out port 'dataflow_in_loop_VITIS_LOOP_151_1_1/m_axi_imageProjs_local_0_AWREGION' to 0.
WARNING: [RTGEN 206-101] Setting dangling out port 'dataflow_in_loop_VITIS_LOOP_151_1_1/m_axi_imageProjs_local_0_AWUSER' to 0.
WARNING: [RTGEN 206-101] Setting dangling out port 'dataflow_in_loop_VITIS_LOOP_151_1_1/m_axi_imageProjs_local_0_WVALID' to 0.
WARNING: [RTGEN 206-101] Setting dangling out port 'dataflow_in_loop_VITIS_LOOP_151_1_1/m_axi_imageProjs_local_0_WDATA' to 0.
WARNING: [RTGEN 206-101] Setting dangling out port 'dataflow_in_loop_VITIS_LOOP_151_1_1/m_axi_imageProjs_local_0_WSTRB' to 0.
WARNING: [RTGEN 206-101] Setting dangling out port 'dataflow_in_loop_VITIS_LOOP_151_1_1/m_axi_imageProjs_local_0_WLAST' to 0.
WARNING: [RTGEN 206-101] Setting dangling out port 'dataflow_in_loop_VITIS_LOOP_151_1_1/m_axi_imageProjs_local_0_WID' to 0.
WARNING: [RTGEN 206-101] Setting dangling out port 'dataflow_in_loop_VITIS_LOOP_151_1_1/m_axi_imageProjs_local_0_WUSER' to 0.
WARNING: [RTGEN 206-101] Setting dangling out port 'dataflow_in_loop_VITIS_LOOP_151_1_1/m_axi_imageProjs_local_0_BREADY' to 0.
WARNING: [RTGEN 206-101] Setting dangling out port 'dataflow_in_loop_VITIS_LOOP_151_1_1/m_axi_emissions_0_ARVALID' to 0.
WARNING: [RTGEN 206-101] Setting dangling out port 'dataflow_in_loop_VITIS_LOOP_151_1_1/m_axi_emissions_0_ARADDR' to 0.
WARNING: [RTGEN 206-101] Setting dangling out port 'dataflow_in_loop_VITIS_LOOP_151_1_1/m_axi_emissions_0_ARID' to 0.
WARNING: [RTGEN 206-101] Setting dangling out port 'dataflow_in_loop_VITIS_LOOP_151_1_1/m_axi_emissions_0_ARLEN' to 0.
WARNING: [RTGEN 206-101] Setting dangling out port 'dataflow_in_loop_VITIS_LOOP_151_1_1/m_axi_emissions_0_ARSIZE' to 0.
WARNING: [RTGEN 206-101] Setting dangling out port 'dataflow_in_loop_VITIS_LOOP_151_1_1/m_axi_emissions_0_ARBURST' to 0.
WARNING: [RTGEN 206-101] Setting dangling out port 'dataflow_in_loop_VITIS_LOOP_151_1_1/m_axi_emissions_0_ARLOCK' to 0.
WARNING: [RTGEN 206-101] Setting dangling out port 'dataflow_in_loop_VITIS_LOOP_151_1_1/m_axi_emissions_0_ARCACHE' to 0.
WARNING: [RTGEN 206-101] Setting dangling out port 'dataflow_in_loop_VITIS_LOOP_151_1_1/m_axi_emissions_0_ARPROT' to 0.
WARNING: [RTGEN 206-101] Setting dangling out port 'dataflow_in_loop_VITIS_LOOP_151_1_1/m_axi_emissions_0_ARQOS' to 0.
WARNING: [RTGEN 206-101] Setting dangling out port 'dataflow_in_loop_VITIS_LOOP_151_1_1/m_axi_emissions_0_ARREGION' to 0.
WARNING: [RTGEN 206-101] Setting dangling out port 'dataflow_in_loop_VITIS_LOOP_151_1_1/m_axi_emissions_0_ARUSER' to 0.
WARNING: [RTGEN 206-101] Setting dangling out port 'dataflow_in_loop_VITIS_LOOP_151_1_1/m_axi_emissions_0_RREADY' to 0.
INFO: [RTGEN 206-100] Finished creating RTL model for 'dataflow_in_loop_VITIS_LOOP_151_1_1'.
INFO: [HLS 200-740] Implementing PIPO reconstruct_dataflow_in_loop_VITIS_LOOP_151_1_1_curr_localImage_RAM_AUTO_1R1W using a separate memory for each block
INFO: [RTMG 210-278] Implementing memory 'reconstruct_dataflow_in_loop_VITIS_LOOP_151_1_1_curr_localImage_RAM_AUTO_1R1W_memcore' using auto RAMs.
INFO: [RTMG 210-285] Implementing FIFO 'call_ret_U(reconstruct_fifo_w64_d4_S)' using Shift Registers.
INFO: [RTMG 210-285] Implementing FIFO 'localImages_U(reconstruct_fifo_w256_d4_S)' using Shift Registers.
INFO: [RTMG 210-285] Implementing FIFO 'curr_imageProjs_U(reconstruct_fifo_w32_d3_S)' using Shift Registers.
INFO: [RTMG 210-285] Implementing FIFO 'projSumUsed_U(reconstruct_fifo_w32_d2_S)' using Shift Registers.
INFO: [RTMG 210-285] Implementing FIFO 'sum_U(reconstruct_fifo_w32_d2_S)' using Shift Registers.
INFO: [HLS 200-111] Finished Creating RTL model: CPU user time: 1 seconds. CPU system time: 0 seconds. Elapsed time: 5.335 seconds; current allocated memory: 1003.582 MB.
INFO: [HLS 200-10] ----------------------------------------------------------------
INFO: [HLS 200-10] -- Generating RTL for module 'reconstruct' 
INFO: [HLS 200-10] ----------------------------------------------------------------
WARNING: [RTGEN 206-101] Design contains AXI ports. Reset is fixed to synchronous and active low.
INFO: [RTGEN 206-500] Setting interface mode on port 'reconstruct/atomLocations' to 'm_axi'.
INFO: [RTGEN 206-500] Setting interface mode on port 'reconstruct/imageProjs_local' to 'm_axi'.
INFO: [RTGEN 206-500] Setting interface mode on port 'reconstruct/imageProjs' to 'm_axi'.
INFO: [RTGEN 206-500] Setting interface mode on port 'reconstruct/imageProjs_local_size_r' to 'm_axi'.
INFO: [RTGEN 206-500] Setting interface mode on port 'reconstruct/fullImage' to 'm_axi'.
INFO: [RTGEN 206-500] Setting interface mode on port 'reconstruct/emissions' to 'm_axi'.
INFO: [RTGEN 206-500] Setting interface mode on port 'reconstruct/atomLocationsSize' to 's_axilite & ap_none'.
INFO: [RTGEN 206-500] Setting interface mode on port 'reconstruct/projShape0' to 's_axilite & ap_none'.
INFO: [RTGEN 206-500] Setting interface mode on port 'reconstruct/projShape1' to 's_axilite & ap_none'.
INFO: [RTGEN 206-500] Setting interface mode on port 'reconstruct/atomLocations_offset' to 's_axilite & ap_none'.
INFO: [RTGEN 206-500] Setting interface mode on port 'reconstruct/psfSupersample' to 's_axilite & ap_none'.
INFO: [RTGEN 206-500] Setting interface mode on port 'reconstruct/imageProjectionSize' to 's_axilite & ap_none'.
INFO: [RTGEN 206-500] Setting interface mode on port 'reconstruct/imageProjs_local_offset' to 's_axilite & ap_none'.
INFO: [RTGEN 206-500] Setting interface mode on port 'reconstruct/imageProjs_offset' to 's_axilite & ap_none'.
INFO: [RTGEN 206-500] Setting interface mode on port 'reconstruct/imageProjs_local_size_offset' to 's_axilite & ap_none'.
INFO: [RTGEN 206-500] Setting interface mode on port 'reconstruct/fullImage_offset' to 's_axilite & ap_none'.
INFO: [RTGEN 206-500] Setting interface mode on port 'reconstruct/fullImage_rows' to 's_axilite & ap_none'.
INFO: [RTGEN 206-500] Setting interface mode on port 'reconstruct/fullImage_cols' to 's_axilite & ap_none'.
INFO: [RTGEN 206-500] Setting interface mode on port 'reconstruct/emissions_offset' to 's_axilite & ap_none'.
INFO: [RTGEN 206-500] Setting interface mode on function 'reconstruct' to 's_axilite & ap_ctrl_hs'.
INFO: [RTGEN 206-100] Bundling port 'atomLocations_offset', 'imageProjs_local_offset', 'imageProjs_offset', 'imageProjs_local_size_offset', 'fullImage_offset', 'emissions_offset' to AXI-Lite port control.
INFO: [RTGEN 206-100] Bundling port 'atomLocationsSize', 'projShape0', 'projShape1', 'psfSupersample', 'imageProjectionSize', 'fullImage_rows' and 'fullImage_cols' to AXI-Lite port scalar_data.
WARNING: [RTGEN 206-101] Port 'reconstruct/m_axi_imageProjs_local_size_AWVALID' has no fanin or fanout and is left dangling.
               Please use C simulation to confirm this function argument can be read from or written to.
WARNING: [RTGEN 206-101] Setting dangling out port 'reconstruct/m_axi_imageProjs_local_size_AWVALID' to 0.
WARNING: [RTGEN 206-101] Port 'reconstruct/m_axi_imageProjs_local_size_AWREADY' has no fanin or fanout and is left dangling.
               Please use C simulation to confirm this function argument can be read from or written to.
WARNING: [RTGEN 206-101] Port 'reconstruct/m_axi_imageProjs_local_size_AWADDR' has no fanin or fanout and is left dangling.
               Please use C simulation to confirm this function argument can be read from or written to.
WARNING: [RTGEN 206-101] Setting dangling out port 'reconstruct/m_axi_imageProjs_local_size_AWADDR' to 0.
WARNING: [RTGEN 206-101] Port 'reconstruct/m_axi_imageProjs_local_size_AWID' has no fanin or fanout and is left dangling.
               Please use C simulation to confirm this function argument can be read from or written to.
WARNING: [RTGEN 206-101] Setting dangling out port 'reconstruct/m_axi_imageProjs_local_size_AWID' to 0.
WARNING: [RTGEN 206-101] Port 'reconstruct/m_axi_imageProjs_local_size_AWLEN' has no fanin or fanout and is left dangling.
               Please use C simulation to confirm this function argument can be read from or written to.
WARNING: [RTGEN 206-101] Setting dangling out port 'reconstruct/m_axi_imageProjs_local_size_AWLEN' to 0.
WARNING: [RTGEN 206-101] Port 'reconstruct/m_axi_imageProjs_local_size_AWSIZE' has no fanin or fanout and is left dangling.
               Please use C simulation to confirm this function argument can be read from or written to.
WARNING: [RTGEN 206-101] Setting dangling out port 'reconstruct/m_axi_imageProjs_local_size_AWSIZE' to 0.
WARNING: [RTGEN 206-101] Port 'reconstruct/m_axi_imageProjs_local_size_AWBURST' has no fanin or fanout and is left dangling.
               Please use C simulation to confirm this function argument can be read from or written to.
WARNING: [RTGEN 206-101] Setting dangling out port 'reconstruct/m_axi_imageProjs_local_size_AWBURST' to 0.
WARNING: [RTGEN 206-101] Port 'reconstruct/m_axi_imageProjs_local_size_AWLOCK' has no fanin or fanout and is left dangling.
               Please use C simulation to confirm this function argument can be read from or written to.
WARNING: [RTGEN 206-101] Setting dangling out port 'reconstruct/m_axi_imageProjs_local_size_AWLOCK' to 0.
WARNING: [RTGEN 206-101] Port 'reconstruct/m_axi_imageProjs_local_size_AWCACHE' has no fanin or fanout and is left dangling.
               Please use C simulation to confirm this function argument can be read from or written to.
WARNING: [RTGEN 206-101] Setting dangling out port 'reconstruct/m_axi_imageProjs_local_size_AWCACHE' to 0.
WARNING: [RTGEN 206-101] Port 'reconstruct/m_axi_imageProjs_local_size_AWPROT' has no fanin or fanout and is left dangling.
               Please use C simulation to confirm this function argument can be read from or written to.
WARNING: [RTGEN 206-101] Setting dangling out port 'reconstruct/m_axi_imageProjs_local_size_AWPROT' to 0.
WARNING: [RTGEN 206-101] Port 'reconstruct/m_axi_imageProjs_local_size_AWQOS' has no fanin or fanout and is left dangling.
               Please use C simulation to confirm this function argument can be read from or written to.
WARNING: [RTGEN 206-101] Setting dangling out port 'reconstruct/m_axi_imageProjs_local_size_AWQOS' to 0.
WARNING: [RTGEN 206-101] Port 'reconstruct/m_axi_imageProjs_local_size_AWREGION' has no fanin or fanout and is left dangling.
               Please use C simulation to confirm this function argument can be read from or written to.
WARNING: [RTGEN 206-101] Setting dangling out port 'reconstruct/m_axi_imageProjs_local_size_AWREGION' to 0.
WARNING: [RTGEN 206-101] Port 'reconstruct/m_axi_imageProjs_local_size_AWUSER' has no fanin or fanout and is left dangling.
               Please use C simulation to confirm this function argument can be read from or written to.
WARNING: [RTGEN 206-101] Setting dangling out port 'reconstruct/m_axi_imageProjs_local_size_AWUSER' to 0.
WARNING: [RTGEN 206-101] Port 'reconstruct/m_axi_imageProjs_local_size_WVALID' has no fanin or fanout and is left dangling.
               Please use C simulation to confirm this function argument can be read from or written to.
WARNING: [RTGEN 206-101] Setting dangling out port 'reconstruct/m_axi_imageProjs_local_size_WVALID' to 0.
WARNING: [RTGEN 206-101] Port 'reconstruct/m_axi_imageProjs_local_size_WREADY' has no fanin or fanout and is left dangling.
               Please use C simulation to confirm this function argument can be read from or written to.
WARNING: [RTGEN 206-101] Port 'reconstruct/m_axi_imageProjs_local_size_WDATA' has no fanin or fanout and is left dangling.
               Please use C simulation to confirm this function argument can be read from or written to.
WARNING: [RTGEN 206-101] Setting dangling out port 'reconstruct/m_axi_imageProjs_local_size_WDATA' to 0.
WARNING: [RTGEN 206-101] Port 'reconstruct/m_axi_imageProjs_local_size_WSTRB' has no fanin or fanout and is left dangling.
               Please use C simulation to confirm this function argument can be read from or written to.
WARNING: [RTGEN 206-101] Setting dangling out port 'reconstruct/m_axi_imageProjs_local_size_WSTRB' to 0.
WARNING: [RTGEN 206-101] Port 'reconstruct/m_axi_imageProjs_local_size_WLAST' has no fanin or fanout and is left dangling.
               Please use C simulation to confirm this function argument can be read from or written to.
WARNING: [RTGEN 206-101] Setting dangling out port 'reconstruct/m_axi_imageProjs_local_size_WLAST' to 0.
WARNING: [RTGEN 206-101] Port 'reconstruct/m_axi_imageProjs_local_size_WID' has no fanin or fanout and is left dangling.
               Please use C simulation to confirm this function argument can be read from or written to.
WARNING: [RTGEN 206-101] Setting dangling out port 'reconstruct/m_axi_imageProjs_local_size_WID' to 0.
WARNING: [RTGEN 206-101] Port 'reconstruct/m_axi_imageProjs_local_size_WUSER' has no fanin or fanout and is left dangling.
               Please use C simulation to confirm this function argument can be read from or written to.
WARNING: [RTGEN 206-101] Setting dangling out port 'reconstruct/m_axi_imageProjs_local_size_WUSER' to 0.
WARNING: [RTGEN 206-101] Port 'reconstruct/m_axi_imageProjs_local_size_ARVALID' has no fanin or fanout and is left dangling.
               Please use C simulation to confirm this function argument can be read from or written to.
WARNING: [RTGEN 206-101] Setting dangling out port 'reconstruct/m_axi_imageProjs_local_size_ARVALID' to 0.
WARNING: [RTGEN 206-101] Port 'reconstruct/m_axi_imageProjs_local_size_ARREADY' has no fanin or fanout and is left dangling.
               Please use C simulation to confirm this function argument can be read from or written to.
WARNING: [RTGEN 206-101] Port 'reconstruct/m_axi_imageProjs_local_size_ARADDR' has no fanin or fanout and is left dangling.
               Please use C simulation to confirm this function argument can be read from or written to.
WARNING: [RTGEN 206-101] Setting dangling out port 'reconstruct/m_axi_imageProjs_local_size_ARADDR' to 0.
WARNING: [RTGEN 206-101] Port 'reconstruct/m_axi_imageProjs_local_size_ARID' has no fanin or fanout and is left dangling.
               Please use C simulation to confirm this function argument can be read from or written to.
WARNING: [RTGEN 206-101] Setting dangling out port 'reconstruct/m_axi_imageProjs_local_size_ARID' to 0.
WARNING: [RTGEN 206-101] Port 'reconstruct/m_axi_imageProjs_local_size_ARLEN' has no fanin or fanout and is left dangling.
               Please use C simulation to confirm this function argument can be read from or written to.
WARNING: [RTGEN 206-101] Setting dangling out port 'reconstruct/m_axi_imageProjs_local_size_ARLEN' to 0.
WARNING: [RTGEN 206-101] Port 'reconstruct/m_axi_imageProjs_local_size_ARSIZE' has no fanin or fanout and is left dangling.
               Please use C simulation to confirm this function argument can be read from or written to.
WARNING: [RTGEN 206-101] Setting dangling out port 'reconstruct/m_axi_imageProjs_local_size_ARSIZE' to 0.
WARNING: [RTGEN 206-101] Port 'reconstruct/m_axi_imageProjs_local_size_ARBURST' has no fanin or fanout and is left dangling.
               Please use C simulation to confirm this function argument can be read from or written to.
WARNING: [RTGEN 206-101] Setting dangling out port 'reconstruct/m_axi_imageProjs_local_size_ARBURST' to 0.
WARNING: [RTGEN 206-101] Port 'reconstruct/m_axi_imageProjs_local_size_ARLOCK' has no fanin or fanout and is left dangling.
               Please use C simulation to confirm this function argument can be read from or written to.
WARNING: [RTGEN 206-101] Setting dangling out port 'reconstruct/m_axi_imageProjs_local_size_ARLOCK' to 0.
WARNING: [RTGEN 206-101] Port 'reconstruct/m_axi_imageProjs_local_size_ARCACHE' has no fanin or fanout and is left dangling.
               Please use C simulation to confirm this function argument can be read from or written to.
WARNING: [RTGEN 206-101] Setting dangling out port 'reconstruct/m_axi_imageProjs_local_size_ARCACHE' to 0.
WARNING: [RTGEN 206-101] Port 'reconstruct/m_axi_imageProjs_local_size_ARPROT' has no fanin or fanout and is left dangling.
               Please use C simulation to confirm this function argument can be read from or written to.
WARNING: [RTGEN 206-101] Setting dangling out port 'reconstruct/m_axi_imageProjs_local_size_ARPROT' to 0.
WARNING: [RTGEN 206-101] Port 'reconstruct/m_axi_imageProjs_local_size_ARQOS' has no fanin or fanout and is left dangling.
               Please use C simulation to confirm this function argument can be read from or written to.
WARNING: [RTGEN 206-101] Setting dangling out port 'reconstruct/m_axi_imageProjs_local_size_ARQOS' to 0.
WARNING: [RTGEN 206-101] Port 'reconstruct/m_axi_imageProjs_local_size_ARREGION' has no fanin or fanout and is left dangling.
               Please use C simulation to confirm this function argument can be read from or written to.
WARNING: [RTGEN 206-101] Setting dangling out port 'reconstruct/m_axi_imageProjs_local_size_ARREGION' to 0.
WARNING: [RTGEN 206-101] Port 'reconstruct/m_axi_imageProjs_local_size_ARUSER' has no fanin or fanout and is left dangling.
               Please use C simulation to confirm this function argument can be read from or written to.
WARNING: [RTGEN 206-101] Setting dangling out port 'reconstruct/m_axi_imageProjs_local_size_ARUSER' to 0.
WARNING: [RTGEN 206-101] Port 'reconstruct/m_axi_imageProjs_local_size_RVALID' has no fanin or fanout and is left dangling.
               Please use C simulation to confirm this function argument can be read from or written to.
WARNING: [RTGEN 206-101] Port 'reconstruct/m_axi_imageProjs_local_size_RREADY' has no fanin or fanout and is left dangling.
               Please use C simulation to confirm this function argument can be read from or written to.
WARNING: [RTGEN 206-101] Setting dangling out port 'reconstruct/m_axi_imageProjs_local_size_RREADY' to 0.
WARNING: [RTGEN 206-101] Port 'reconstruct/m_axi_imageProjs_local_size_RDATA' has no fanin or fanout and is left dangling.
               Please use C simulation to confirm this function argument can be read from or written to.
WARNING: [RTGEN 206-101] Port 'reconstruct/m_axi_imageProjs_local_size_RLAST' has no fanin or fanout and is left dangling.
               Please use C simulation to confirm this function argument can be read from or written to.
WARNING: [RTGEN 206-101] Port 'reconstruct/m_axi_imageProjs_local_size_RID' has no fanin or fanout and is left dangling.
               Please use C simulation to confirm this function argument can be read from or written to.
WARNING: [RTGEN 206-101] Port 'reconstruct/m_axi_imageProjs_local_size_RUSER' has no fanin or fanout and is left dangling.
               Please use C simulation to confirm this function argument can be read from or written to.
WARNING: [RTGEN 206-101] Port 'reconstruct/m_axi_imageProjs_local_size_RRESP' has no fanin or fanout and is left dangling.
               Please use C simulation to confirm this function argument can be read from or written to.
WARNING: [RTGEN 206-101] Port 'reconstruct/m_axi_imageProjs_local_size_BVALID' has no fanin or fanout and is left dangling.
               Please use C simulation to confirm this function argument can be read from or written to.
WARNING: [RTGEN 206-101] Port 'reconstruct/m_axi_imageProjs_local_size_BREADY' has no fanin or fanout and is left dangling.
               Please use C simulation to confirm this function argument can be read from or written to.
WARNING: [RTGEN 206-101] Setting dangling out port 'reconstruct/m_axi_imageProjs_local_size_BREADY' to 0.
WARNING: [RTGEN 206-101] Port 'reconstruct/m_axi_imageProjs_local_size_BRESP' has no fanin or fanout and is left dangling.
               Please use C simulation to confirm this function argument can be read from or written to.
WARNING: [RTGEN 206-101] Port 'reconstruct/m_axi_imageProjs_local_size_BID' has no fanin or fanout and is left dangling.
               Please use C simulation to confirm this function argument can be read from or written to.
WARNING: [RTGEN 206-101] Port 'reconstruct/m_axi_imageProjs_local_size_BUSER' has no fanin or fanout and is left dangling.
               Please use C simulation to confirm this function argument can be read from or written to.
INFO: [RTGEN 206-100] Finished creating RTL model for 'reconstruct'.
INFO: [RTMG 210-285] Implementing FIFO 'ap_bound_U(reconstruct_ap_bound)' using Shift Registers.
INFO: [HLS 200-111] Finished Creating RTL model: CPU user time: 2 seconds. CPU system time: 0 seconds. Elapsed time: 8.169 seconds; current allocated memory: 1005.062 MB.
INFO: [HLS 200-111] Finished Generating all RTL models: CPU user time: 1 seconds. CPU system time: 0 seconds. Elapsed time: 1.683 seconds; current allocated memory: 1014.371 MB.
INFO: [HLS 200-1603] Design has inferred MAXI bursts and missed bursts, see Vitis HLS GUI synthesis summary report for detailed information.
INFO: [HLS 200-111] Finished Updating report files: CPU user time: 3 seconds. CPU system time: 1 seconds. Elapsed time: 3.797 seconds; current allocated memory: 1.006 GB.
INFO: [VHDL 208-304] Generating VHDL RTL for reconstruct.
INFO: [VLOG 209-307] Generating Verilog RTL for reconstruct.
INFO: [HLS 200-790] **** Loop Constraint Status: All loop constraints were satisfied.
INFO: [HLS 200-789] **** Estimated Fmax: 129.79 MHz
INFO: [HLS 200-112] Total CPU user time: 79 seconds. Total CPU system time: 6 seconds. Total elapsed time: 127.654 seconds; peak allocated memory: 1.006 GB.
INFO: [v++ 60-791] Total elapsed time: 0h 2m 17s
