  **** HLS Build v2024.2 5238294
INFO: [HLS 200-2005] Using work_dir F:/LMU/quantumMA/opimization/reconstructv1maxi/hls_component/reconstruct 
INFO: [HLS 200-1505] Using default flow_target 'vivado'
Resolution: For help on HLS 200-1505 see docs.xilinx.com/access/sources/dita/topic?Doc_Version=2024.2%20English&url=ug1448-hls-guidance&resourceid=200-1505.html
INFO: [HLS 200-1465] Applying ini 'syn.file=F:/LMU/quantumMA/opimization/reconstructv1maxi/image_analysis.cpp' from F:/LMU/quantumMA/opimization/reconstructv1maxi/hls_component/hls_config.cfg(13)
INFO: [HLS 200-10] Adding design file 'F:/LMU/quantumMA/opimization/reconstructv1maxi/image_analysis.cpp' to the project
INFO: [HLS 200-1465] Applying ini 'syn.file=F:/LMU/quantumMA/opimization/reconstructv1maxi/image_analysis.hpp' from F:/LMU/quantumMA/opimization/reconstructv1maxi/hls_component/hls_config.cfg(14)
INFO: [HLS 200-10] Adding design file 'F:/LMU/quantumMA/opimization/reconstructv1maxi/image_analysis.hpp' to the project
INFO: [HLS 200-1465] Applying ini 'tb.file=F:/LMU/quantumMA/opimization/reconstructv1maxi/test.cpp' from F:/LMU/quantumMA/opimization/reconstructv1maxi/hls_component/hls_config.cfg(10)
INFO: [HLS 200-10] Adding test bench file 'F:/LMU/quantumMA/opimization/reconstructv1maxi/test.cpp' to the project
INFO: [HLS 200-1465] Applying ini 'tb.file=F:/LMU/quantumMA/opimization/reconstructv1maxi/fullImage_output.txt' from F:/LMU/quantumMA/opimization/reconstructv1maxi/hls_component/hls_config.cfg(11)
INFO: [HLS 200-10] Adding test bench file 'F:/LMU/quantumMA/opimization/reconstructv1maxi/fullImage_output.txt' to the project
INFO: [HLS 200-1465] Applying ini 'tb.file=F:/LMU/quantumMA/opimization/reconstructv1maxi/restoutput.txt' from F:/LMU/quantumMA/opimization/reconstructv1maxi/hls_component/hls_config.cfg(12)
INFO: [HLS 200-10] Adding test bench file 'F:/LMU/quantumMA/opimization/reconstructv1maxi/restoutput.txt' to the project
INFO: [HLS 200-1465] Applying ini 'syn.top=reconstruct' from F:/LMU/quantumMA/opimization/reconstructv1maxi/hls_component/hls_config.cfg(7)
INFO: [HLS 200-1465] Applying ini 'flow_target=vivado' from F:/LMU/quantumMA/opimization/reconstructv1maxi/hls_component/hls_config.cfg(4)
INFO: [HLS 200-1505] Using flow_target 'vivado'
Resolution: For help on HLS 200-1505 see docs.xilinx.com/access/sources/dita/topic?Doc_Version=2024.2%20English&url=ug1448-hls-guidance&resourceid=200-1505.html
INFO: [HLS 200-1465] Applying ini 'part=xczu49dr-ffvf1760-2-e' from F:/LMU/quantumMA/opimization/reconstructv1maxi/hls_component/hls_config.cfg(1)
INFO: [HLS 200-1611] Setting target device to 'xczu49dr-ffvf1760-2-e'
INFO: [HLS 200-1465] Applying ini 'csim.clean=1' from F:/LMU/quantumMA/opimization/reconstructv1maxi/hls_component/hls_config.cfg(8)
INFO: [HLS 200-1465] Applying ini 'csim.code_analyzer=1' from F:/LMU/quantumMA/opimization/reconstructv1maxi/hls_component/hls_config.cfg(9)
INFO: [HLS 200-1465] Applying ini 'package.output.format=ip_catalog' from F:/LMU/quantumMA/opimization/reconstructv1maxi/hls_component/hls_config.cfg(5)
INFO: [HLS 200-111] Finished File checks and directory preparation: CPU user time: 9 seconds. CPU system time: 2 seconds. Elapsed time: 10.446 seconds; current allocated memory: 618.879 MB.
INFO: [HLS 200-10] Analyzing design file '../image_analysis.cpp' ... 
INFO: [HLS 200-111] Finished Source Code Analysis and Preprocessing: CPU user time: 0 seconds. CPU system time: 0 seconds. Elapsed time: 6.165 seconds; current allocated memory: 622.031 MB.
INFO: [HLS 200-777] Using interface defaults for 'Vivado' flow target.
INFO: [HLS 200-1995] There were 19,372 instructions in the design after the 'Compile/Link' phase of compilation. See the Design Size Report for more details: F:/LMU/quantumMA/opimization/reconstructv1maxi/hls_component/reconstruct/hls/syn/report/csynth_design_size.rpt
INFO: [HLS 200-1995] There were 23,588 instructions in the design after the 'Unroll/Inline' phase of compilation. See the Design Size Report for more details: F:/LMU/quantumMA/opimization/reconstructv1maxi/hls_component/reconstruct/hls/syn/report/csynth_design_size.rpt
INFO: [HLS 200-1995] There were 17,319 instructions in the design after the 'Unroll/Inline (step 2)' phase of compilation. See the Design Size Report for more details: F:/LMU/quantumMA/opimization/reconstructv1maxi/hls_component/reconstruct/hls/syn/report/csynth_design_size.rpt
INFO: [HLS 200-1995] There were 17,258 instructions in the design after the 'Unroll/Inline (step 3)' phase of compilation. See the Design Size Report for more details: F:/LMU/quantumMA/opimization/reconstructv1maxi/hls_component/reconstruct/hls/syn/report/csynth_design_size.rpt
INFO: [HLS 200-1995] There were 16,770 instructions in the design after the 'Unroll/Inline (step 4)' phase of compilation. See the Design Size Report for more details: F:/LMU/quantumMA/opimization/reconstructv1maxi/hls_component/reconstruct/hls/syn/report/csynth_design_size.rpt
WARNING: [HLS 200-1995] There were 132,395 instructions in the design after the 'Array/Struct' phase of compilation. See the Design Size Report for more details: F:/LMU/quantumMA/opimization/reconstructv1maxi/hls_component/reconstruct/hls/syn/report/csynth_design_size.rpt
INFO: [HLS 200-1995] There were 17,075 instructions in the design after the 'Array/Struct (step 2)' phase of compilation. See the Design Size Report for more details: F:/LMU/quantumMA/opimization/reconstructv1maxi/hls_component/reconstruct/hls/syn/report/csynth_design_size.rpt
INFO: [HLS 200-1995] There were 17,078 instructions in the design after the 'Array/Struct (step 3)' phase of compilation. See the Design Size Report for more details: F:/LMU/quantumMA/opimization/reconstructv1maxi/hls_component/reconstruct/hls/syn/report/csynth_design_size.rpt
INFO: [HLS 200-1995] There were 17,130 instructions in the design after the 'Array/Struct (step 4)' phase of compilation. See the Design Size Report for more details: F:/LMU/quantumMA/opimization/reconstructv1maxi/hls_component/reconstruct/hls/syn/report/csynth_design_size.rpt
INFO: [HLS 200-1995] There were 13,398 instructions in the design after the 'Array/Struct (step 5)' phase of compilation. See the Design Size Report for more details: F:/LMU/quantumMA/opimization/reconstructv1maxi/hls_component/reconstruct/hls/syn/report/csynth_design_size.rpt
INFO: [HLS 200-1995] There were 13,398 instructions in the design after the 'Performance' phase of compilation. See the Design Size Report for more details: F:/LMU/quantumMA/opimization/reconstructv1maxi/hls_component/reconstruct/hls/syn/report/csynth_design_size.rpt
INFO: [HLS 200-1995] There were 11,468 instructions in the design after the 'Performance (step 2)' phase of compilation. See the Design Size Report for more details: F:/LMU/quantumMA/opimization/reconstructv1maxi/hls_component/reconstruct/hls/syn/report/csynth_design_size.rpt
INFO: [HLS 200-1995] There were 16,921 instructions in the design after the 'Performance (step 3)' phase of compilation. See the Design Size Report for more details: F:/LMU/quantumMA/opimization/reconstructv1maxi/hls_component/reconstruct/hls/syn/report/csynth_design_size.rpt
INFO: [HLS 200-1995] There were 5,371 instructions in the design after the 'Performance (step 4)' phase of compilation. See the Design Size Report for more details: F:/LMU/quantumMA/opimization/reconstructv1maxi/hls_component/reconstruct/hls/syn/report/csynth_design_size.rpt
INFO: [HLS 200-1995] There were 7,440 instructions in the design after the 'HW Transforms (step 1)' phase of compilation. See the Design Size Report for more details: F:/LMU/quantumMA/opimization/reconstructv1maxi/hls_component/reconstruct/hls/syn/report/csynth_design_size.rpt
INFO: [HLS 200-1995] There were 7,417 instructions in the design after the 'HW Transforms (step 2)' phase of compilation. See the Design Size Report for more details: F:/LMU/quantumMA/opimization/reconstructv1maxi/hls_component/reconstruct/hls/syn/report/csynth_design_size.rpt
INFO: [HLS 214-291] Loop 'VITIS_LOOP_103_1' is marked as complete unroll implied by the pipeline pragma (../image_analysis.cpp:103:23)
INFO: [HLS 214-291] Loop 'VITIS_LOOP_104_2' is marked as complete unroll implied by the pipeline pragma (../image_analysis.cpp:104:27)
INFO: [HLS 214-291] Loop 'VITIS_LOOP_79_1' is marked as complete unroll implied by the pipeline pragma (../image_analysis.cpp:79:22)
INFO: [HLS 214-291] Loop 'VITIS_LOOP_80_2' is marked as complete unroll implied by the pipeline pragma (../image_analysis.cpp:80:26)
INFO: [HLS 214-186] Unrolling loop 'VITIS_LOOP_103_1' (../image_analysis.cpp:103:23) in function 'conv_kernel' completely with a factor of 31 (../image_analysis.cpp:100:0)
INFO: [HLS 214-186] Unrolling loop 'VITIS_LOOP_104_2' (../image_analysis.cpp:104:27) in function 'conv_kernel' completely with a factor of 31 (../image_analysis.cpp:100:0)
INFO: [HLS 214-186] Unrolling loop 'VITIS_LOOP_79_1' (../image_analysis.cpp:79:22) in function 'Image_extract' completely with a factor of 31 (../image_analysis.cpp:71:0)
INFO: [HLS 214-186] Unrolling loop 'VITIS_LOOP_80_2' (../image_analysis.cpp:80:26) in function 'Image_extract' completely with a factor of 31 (../image_analysis.cpp:71:0)
INFO: [HLS 214-178] Inlining function 'fp_struct<float>::data() const (.7.28.38.47.58)' into 'fp_struct<float>::to_float() const (.25.35.44.55)' (C:\scratch\2024.2\hls_product\495\2024.2\src\shared\hls\clib/src/hls\utils/x_hls_utils.h:322:0)
INFO: [HLS 214-178] Inlining function 'fp_struct<float>::to_float() const (.25.35.44.55)' into 'fp_struct<float>::to_ieee() const' (C:\scratch\2024.2\hls_product\495\2024.2\src\shared\hls\clib/src/hls\utils/x_hls_utils.h:346:0)
INFO: [HLS 214-178] Inlining function 'fp_struct<float>::fp_struct(float)' into 'float generic_copysign<float>(float, float)' (C:\scratch\2024.2\hls_product\495\2024.2\src\shared\hls\clib/hlsmath/include/FloatingPoint/hls_copysign.h:10:0)
INFO: [HLS 214-178] Inlining function 'fp_struct<float>::to_ieee() const' into 'float generic_copysign<float>(float, float)' (C:\scratch\2024.2\hls_product\495\2024.2\src\shared\hls\clib/hlsmath/include/FloatingPoint/hls_copysign.h:10:0)
INFO: [HLS 214-178] Inlining function 'fp_struct<float>::fp_struct(float)' into 'float generic_round<float>(float)' (C:\scratch\2024.2\hls_product\495\2024.2\src\shared\hls\clib/hlsmath/include/FloatingPoint\hls_round.h:160:0)
INFO: [HLS 214-178] Inlining function 'float generic_copysign<float>(float, float)' into 'float generic_round<float>(float)' (C:\scratch\2024.2\hls_product\495\2024.2\src\shared\hls\clib/hlsmath/include/FloatingPoint\hls_round.h:160:0)
INFO: [HLS 214-178] Inlining function 'fp_struct<float>::data() const (.7.28.38.47.58)' into 'float generic_round<float>(float)' (C:\scratch\2024.2\hls_product\495\2024.2\src\shared\hls\clib/hlsmath/include/FloatingPoint\hls_round.h:160:0)
INFO: [HLS 214-178] Inlining function 'fp_struct<float>::fp_struct(ap_uint<32>)' into 'float generic_round<float>(float)' (C:\scratch\2024.2\hls_product\495\2024.2\src\shared\hls\clib/hlsmath/include/FloatingPoint\hls_round.h:160:0)
INFO: [HLS 214-178] Inlining function 'fp_struct<float>::to_ieee() const' into 'float generic_round<float>(float)' (C:\scratch\2024.2\hls_product\495\2024.2\src\shared\hls\clib/hlsmath/include/FloatingPoint\hls_round.h:160:0)
INFO: [HLS 214-178] Inlining function 'roundf' into 'std::round(float)' (F:/Vitis/2024.2/tps/mingw/8.3.0/win64.o/nt\lib\gcc\x86_64-w64-mingw32\8.3.0\include\c++\cmath:1757:0)
INFO: [HLS 214-178] Inlining function 'fp_struct<float>::fp_struct(float)' into 'int generic_cast_IEEE754<int, (ap_q_mode)6, float>(float, bool, hls::enable_if<std::numeric_limits<int>::is_signed, bool>::type)' (C:\scratch\2024.2\hls_product\495\2024.2\src\shared\hls\clib/hlsmath/include/FloatingPoint\hls_case_IEEE754.h:12:0)
INFO: [HLS 214-178] Inlining function 'fp_struct<float>::mantissa() const' into 'int generic_cast_IEEE754<int, (ap_q_mode)6, float>(float, bool, hls::enable_if<std::numeric_limits<int>::is_signed, bool>::type)' (C:\scratch\2024.2\hls_product\495\2024.2\src\shared\hls\clib/hlsmath/include/FloatingPoint\hls_case_IEEE754.h:12:0)
INFO: [HLS 214-178] Inlining function 'fp_struct<float>::expv() const' into 'int generic_cast_IEEE754<int, (ap_q_mode)6, float>(float, bool, hls::enable_if<std::numeric_limits<int>::is_signed, bool>::type)' (C:\scratch\2024.2\hls_product\495\2024.2\src\shared\hls\clib/hlsmath/include/FloatingPoint\hls_case_IEEE754.h:12:0)
INFO: [HLS 214-178] Inlining function 'fp_struct<float>::__signbit() const' into 'int generic_cast_IEEE754<int, (ap_q_mode)6, float>(float, bool, hls::enable_if<std::numeric_limits<int>::is_signed, bool>::type)' (C:\scratch\2024.2\hls_product\495\2024.2\src\shared\hls\clib/hlsmath/include/FloatingPoint\hls_case_IEEE754.h:12:0)
INFO: [HLS 214-178] Inlining function 'int generic_cast_IEEE754<int, (ap_q_mode)6, float>(float, bool, hls::enable_if<std::numeric_limits<int>::is_signed, bool>::type)' into 'int generic_cast_IEEE754<int, float>(float, bool)' (C:\scratch\2024.2\hls_product\495\2024.2\src\shared\hls\clib/hlsmath/include/FloatingPoint\hls_case_IEEE754.h:116:0)
INFO: [HLS 214-178] Inlining function 'int generic_cast_IEEE754<int, float>(float, bool)' into '__hls_fptosi_float_i32' (C:\scratch\2024.2\hls_product\495\2024.2\src\shared\hls\clib\hlsmath\src\lib_floatconversion.cpp:51:0)
INFO: [HLS 214-178] Inlining function 'std::round(float)' into 'getLocalImages_single(int, int, int, int, atom_location*, hls::stream<local_image_info, 0>&)' (../image_analysis.cpp:7:0)
INFO: [HLS 214-178] Inlining function 'getLocalImages_single(int, int, int, int, atom_location*, hls::stream<local_image_info, 0>&)' into 'reconstruct(int, int, int, atom_location*, int, int, float*, float*, int*, float*, int, int, float*)' (../image_analysis.cpp:126:0)
INFO: [HLS 214-248] Applying array_partition to 'curr_fullImage': Complete partitioning on dimension 1. (../image_analysis.cpp:157:15)
INFO: [HLS 214-248] Applying array_partition to 'curr_localImage': Complete partitioning on dimension 1. (../image_analysis.cpp:158:15)
INFO: [HLS 214-241] Aggregating fifo (hls::stream) variable 'localImages' with compact=bit mode in 256-bits (../image_analysis.cpp:156:34)
INFO: [HLS 214-364] Automatically inlining function 'Image_extract(int, hls::stream<local_image_info, 0>&, float*, float (*) [31], float*, float (*) [31], float*, float&)' to improve effectiveness of pipeline pragma in function 'reconstruct(int, int, int, atom_location*, int, int, float*, float*, int*, float*, int, int, float*)' (../image_analysis.cpp:170:9)
INFO: [HLS 214-364] Automatically inlining function 'conv_kernel(float (*) [31], float (*) [31], float&, float&)' to improve effectiveness of pipeline pragma in function 'reconstruct(int, int, int, atom_location*, int, int, float*, float*, int*, float*, int, int, float*)' (../image_analysis.cpp:172:9)
INFO: [HLS 214-449] Automatically partitioning array 'curr_fullImage' dimension 1 completely based on constant index. (../image_analysis.cpp:157:15)
INFO: [HLS 214-449] Automatically partitioning array 'curr_localImage' dimension 1 completely based on constant index. (../image_analysis.cpp:158:15)
INFO: [HLS 214-270] Inferring pragma 'array_partition type=complete dim=1' for array 'curr_fullImage_0' due to pipeline pragma (../image_analysis.cpp:157:15)
INFO: [HLS 214-270] Inferring pragma 'array_partition type=complete dim=1' for array 'curr_fullImage_1' due to pipeline pragma (../image_analysis.cpp:157:15)
INFO: [HLS 214-270] Inferring pragma 'array_partition type=complete dim=1' for array 'curr_fullImage_10' due to pipeline pragma (../image_analysis.cpp:157:15)
INFO: [HLS 214-270] Inferring pragma 'array_partition type=complete dim=1' for array 'curr_fullImage_11' due to pipeline pragma (../image_analysis.cpp:157:15)
INFO: [HLS 214-270] Inferring pragma 'array_partition type=complete dim=1' for array 'curr_fullImage_12' due to pipeline pragma (../image_analysis.cpp:157:15)
INFO: [HLS 214-270] Inferring pragma 'array_partition type=complete dim=1' for array 'curr_fullImage_13' due to pipeline pragma (../image_analysis.cpp:157:15)
INFO: [HLS 214-270] Inferring pragma 'array_partition type=complete dim=1' for array 'curr_fullImage_14' due to pipeline pragma (../image_analysis.cpp:157:15)
INFO: [HLS 214-270] Inferring pragma 'array_partition type=complete dim=1' for array 'curr_fullImage_15' due to pipeline pragma (../image_analysis.cpp:157:15)
INFO: [HLS 214-270] Inferring pragma 'array_partition type=complete dim=1' for array 'curr_fullImage_16' due to pipeline pragma (../image_analysis.cpp:157:15)
INFO: [HLS 214-270] Inferring pragma 'array_partition type=complete dim=1' for array 'curr_fullImage_17' due to pipeline pragma (../image_analysis.cpp:157:15)
INFO: [HLS 214-270] Inferring pragma 'array_partition type=complete dim=1' for array 'curr_fullImage_18' due to pipeline pragma (../image_analysis.cpp:157:15)
INFO: [HLS 214-270] Inferring pragma 'array_partition type=complete dim=1' for array 'curr_fullImage_19' due to pipeline pragma (../image_analysis.cpp:157:15)
INFO: [HLS 214-270] Inferring pragma 'array_partition type=complete dim=1' for array 'curr_fullImage_2' due to pipeline pragma (../image_analysis.cpp:157:15)
INFO: [HLS 214-270] Inferring pragma 'array_partition type=complete dim=1' for array 'curr_fullImage_20' due to pipeline pragma (../image_analysis.cpp:157:15)
INFO: [HLS 214-270] Inferring pragma 'array_partition type=complete dim=1' for array 'curr_fullImage_21' due to pipeline pragma (../image_analysis.cpp:157:15)
INFO: [HLS 214-270] Inferring pragma 'array_partition type=complete dim=1' for array 'curr_fullImage_22' due to pipeline pragma (../image_analysis.cpp:157:15)
INFO: [HLS 214-270] Inferring pragma 'array_partition type=complete dim=1' for array 'curr_fullImage_23' due to pipeline pragma (../image_analysis.cpp:157:15)
INFO: [HLS 214-270] Inferring pragma 'array_partition type=complete dim=1' for array 'curr_fullImage_24' due to pipeline pragma (../image_analysis.cpp:157:15)
INFO: [HLS 214-270] Inferring pragma 'array_partition type=complete dim=1' for array 'curr_fullImage_25' due to pipeline pragma (../image_analysis.cpp:157:15)
INFO: [HLS 214-270] Inferring pragma 'array_partition type=complete dim=1' for array 'curr_fullImage_26' due to pipeline pragma (../image_analysis.cpp:157:15)
INFO: [HLS 214-270] Inferring pragma 'array_partition type=complete dim=1' for array 'curr_fullImage_27' due to pipeline pragma (../image_analysis.cpp:157:15)
INFO: [HLS 214-270] Inferring pragma 'array_partition type=complete dim=1' for array 'curr_fullImage_28' due to pipeline pragma (../image_analysis.cpp:157:15)
INFO: [HLS 214-270] Inferring pragma 'array_partition type=complete dim=1' for array 'curr_fullImage_29' due to pipeline pragma (../image_analysis.cpp:157:15)
INFO: [HLS 214-270] Inferring pragma 'array_partition type=complete dim=1' for array 'curr_fullImage_3' due to pipeline pragma (../image_analysis.cpp:157:15)
INFO: [HLS 214-270] Inferring pragma 'array_partition type=complete dim=1' for array 'curr_fullImage_30' due to pipeline pragma (../image_analysis.cpp:157:15)
INFO: [HLS 214-270] Inferring pragma 'array_partition type=complete dim=1' for array 'curr_fullImage_4' due to pipeline pragma (../image_analysis.cpp:157:15)
INFO: [HLS 214-270] Inferring pragma 'array_partition type=complete dim=1' for array 'curr_fullImage_5' due to pipeline pragma (../image_analysis.cpp:157:15)
INFO: [HLS 214-270] Inferring pragma 'array_partition type=complete dim=1' for array 'curr_fullImage_6' due to pipeline pragma (../image_analysis.cpp:157:15)
INFO: [HLS 214-270] Inferring pragma 'array_partition type=complete dim=1' for array 'curr_fullImage_7' due to pipeline pragma (../image_analysis.cpp:157:15)
INFO: [HLS 214-270] Inferring pragma 'array_partition type=complete dim=1' for array 'curr_fullImage_8' due to pipeline pragma (../image_analysis.cpp:157:15)
INFO: [HLS 214-270] Inferring pragma 'array_partition type=complete dim=1' for array 'curr_fullImage_9' due to pipeline pragma (../image_analysis.cpp:157:15)
INFO: [HLS 214-270] Inferring pragma 'array_partition type=complete dim=1' for array 'curr_localImage_0' due to pipeline pragma (../image_analysis.cpp:158:15)
INFO: [HLS 214-270] Inferring pragma 'array_partition type=complete dim=1' for array 'curr_localImage_1' due to pipeline pragma (../image_analysis.cpp:158:15)
INFO: [HLS 214-270] Inferring pragma 'array_partition type=complete dim=1' for array 'curr_localImage_10' due to pipeline pragma (../image_analysis.cpp:158:15)
INFO: [HLS 214-270] Inferring pragma 'array_partition type=complete dim=1' for array 'curr_localImage_11' due to pipeline pragma (../image_analysis.cpp:158:15)
INFO: [HLS 214-270] Inferring pragma 'array_partition type=complete dim=1' for array 'curr_localImage_12' due to pipeline pragma (../image_analysis.cpp:158:15)
INFO: [HLS 214-270] Inferring pragma 'array_partition type=complete dim=1' for array 'curr_localImage_13' due to pipeline pragma (../image_analysis.cpp:158:15)
INFO: [HLS 214-270] Inferring pragma 'array_partition type=complete dim=1' for array 'curr_localImage_14' due to pipeline pragma (../image_analysis.cpp:158:15)
INFO: [HLS 214-270] Inferring pragma 'array_partition type=complete dim=1' for array 'curr_localImage_15' due to pipeline pragma (../image_analysis.cpp:158:15)
INFO: [HLS 214-270] Inferring pragma 'array_partition type=complete dim=1' for array 'curr_localImage_16' due to pipeline pragma (../image_analysis.cpp:158:15)
INFO: [HLS 214-270] Inferring pragma 'array_partition type=complete dim=1' for array 'curr_localImage_17' due to pipeline pragma (../image_analysis.cpp:158:15)
INFO: [HLS 214-270] Inferring pragma 'array_partition type=complete dim=1' for array 'curr_localImage_18' due to pipeline pragma (../image_analysis.cpp:158:15)
INFO: [HLS 214-270] Inferring pragma 'array_partition type=complete dim=1' for array 'curr_localImage_19' due to pipeline pragma (../image_analysis.cpp:158:15)
INFO: [HLS 214-270] Inferring pragma 'array_partition type=complete dim=1' for array 'curr_localImage_2' due to pipeline pragma (../image_analysis.cpp:158:15)
INFO: [HLS 214-270] Inferring pragma 'array_partition type=complete dim=1' for array 'curr_localImage_20' due to pipeline pragma (../image_analysis.cpp:158:15)
INFO: [HLS 214-270] Inferring pragma 'array_partition type=complete dim=1' for array 'curr_localImage_21' due to pipeline pragma (../image_analysis.cpp:158:15)
INFO: [HLS 214-270] Inferring pragma 'array_partition type=complete dim=1' for array 'curr_localImage_22' due to pipeline pragma (../image_analysis.cpp:158:15)
INFO: [HLS 214-270] Inferring pragma 'array_partition type=complete dim=1' for array 'curr_localImage_23' due to pipeline pragma (../image_analysis.cpp:158:15)
INFO: [HLS 214-270] Inferring pragma 'array_partition type=complete dim=1' for array 'curr_localImage_24' due to pipeline pragma (../image_analysis.cpp:158:15)
INFO: [HLS 214-270] Inferring pragma 'array_partition type=complete dim=1' for array 'curr_localImage_25' due to pipeline pragma (../image_analysis.cpp:158:15)
INFO: [HLS 214-270] Inferring pragma 'array_partition type=complete dim=1' for array 'curr_localImage_26' due to pipeline pragma (../image_analysis.cpp:158:15)
INFO: [HLS 214-270] Inferring pragma 'array_partition type=complete dim=1' for array 'curr_localImage_27' due to pipeline pragma (../image_analysis.cpp:158:15)
INFO: [HLS 214-270] Inferring pragma 'array_partition type=complete dim=1' for array 'curr_localImage_28' due to pipeline pragma (../image_analysis.cpp:158:15)
INFO: [HLS 214-270] Inferring pragma 'array_partition type=complete dim=1' for array 'curr_localImage_29' due to pipeline pragma (../image_analysis.cpp:158:15)
INFO: [HLS 214-270] Inferring pragma 'array_partition type=complete dim=1' for array 'curr_localImage_3' due to pipeline pragma (../image_analysis.cpp:158:15)
INFO: [HLS 214-270] Inferring pragma 'array_partition type=complete dim=1' for array 'curr_localImage_30' due to pipeline pragma (../image_analysis.cpp:158:15)
INFO: [HLS 214-270] Inferring pragma 'array_partition type=complete dim=1' for array 'curr_localImage_4' due to pipeline pragma (../image_analysis.cpp:158:15)
INFO: [HLS 214-270] Inferring pragma 'array_partition type=complete dim=1' for array 'curr_localImage_5' due to pipeline pragma (../image_analysis.cpp:158:15)
INFO: [HLS 214-270] Inferring pragma 'array_partition type=complete dim=1' for array 'curr_localImage_6' due to pipeline pragma (../image_analysis.cpp:158:15)
INFO: [HLS 214-270] Inferring pragma 'array_partition type=complete dim=1' for array 'curr_localImage_7' due to pipeline pragma (../image_analysis.cpp:158:15)
INFO: [HLS 214-270] Inferring pragma 'array_partition type=complete dim=1' for array 'curr_localImage_8' due to pipeline pragma (../image_analysis.cpp:158:15)
INFO: [HLS 214-270] Inferring pragma 'array_partition type=complete dim=1' for array 'curr_localImage_9' due to pipeline pragma (../image_analysis.cpp:158:15)
INFO: [HLS 214-248] Applying array_partition to 'curr_fullImage_0': Complete partitioning on dimension 1. (../image_analysis.cpp:157:15)
INFO: [HLS 214-248] Applying array_partition to 'curr_fullImage_1': Complete partitioning on dimension 1. (../image_analysis.cpp:157:15)
INFO: [HLS 214-248] Applying array_partition to 'curr_fullImage_2': Complete partitioning on dimension 1. (../image_analysis.cpp:157:15)
INFO: [HLS 214-248] Applying array_partition to 'curr_fullImage_3': Complete partitioning on dimension 1. (../image_analysis.cpp:157:15)
INFO: [HLS 214-248] Applying array_partition to 'curr_fullImage_4': Complete partitioning on dimension 1. (../image_analysis.cpp:157:15)
INFO: [HLS 214-248] Applying array_partition to 'curr_fullImage_5': Complete partitioning on dimension 1. (../image_analysis.cpp:157:15)
INFO: [HLS 214-248] Applying array_partition to 'curr_fullImage_6': Complete partitioning on dimension 1. (../image_analysis.cpp:157:15)
INFO: [HLS 214-248] Applying array_partition to 'curr_fullImage_7': Complete partitioning on dimension 1. (../image_analysis.cpp:157:15)
INFO: [HLS 214-248] Applying array_partition to 'curr_fullImage_8': Complete partitioning on dimension 1. (../image_analysis.cpp:157:15)
INFO: [HLS 214-248] Applying array_partition to 'curr_fullImage_9': Complete partitioning on dimension 1. (../image_analysis.cpp:157:15)
INFO: [HLS 214-248] Applying array_partition to 'curr_fullImage_10': Complete partitioning on dimension 1. (../image_analysis.cpp:157:15)
INFO: [HLS 214-248] Applying array_partition to 'curr_fullImage_11': Complete partitioning on dimension 1. (../image_analysis.cpp:157:15)
INFO: [HLS 214-248] Applying array_partition to 'curr_fullImage_12': Complete partitioning on dimension 1. (../image_analysis.cpp:157:15)
INFO: [HLS 214-248] Applying array_partition to 'curr_fullImage_13': Complete partitioning on dimension 1. (../image_analysis.cpp:157:15)
INFO: [HLS 214-248] Applying array_partition to 'curr_fullImage_14': Complete partitioning on dimension 1. (../image_analysis.cpp:157:15)
INFO: [HLS 214-248] Applying array_partition to 'curr_fullImage_15': Complete partitioning on dimension 1. (../image_analysis.cpp:157:15)
INFO: [HLS 214-248] Applying array_partition to 'curr_fullImage_16': Complete partitioning on dimension 1. (../image_analysis.cpp:157:15)
INFO: [HLS 214-248] Applying array_partition to 'curr_fullImage_17': Complete partitioning on dimension 1. (../image_analysis.cpp:157:15)
INFO: [HLS 214-248] Applying array_partition to 'curr_fullImage_18': Complete partitioning on dimension 1. (../image_analysis.cpp:157:15)
INFO: [HLS 214-248] Applying array_partition to 'curr_fullImage_19': Complete partitioning on dimension 1. (../image_analysis.cpp:157:15)
INFO: [HLS 214-248] Applying array_partition to 'curr_fullImage_20': Complete partitioning on dimension 1. (../image_analysis.cpp:157:15)
INFO: [HLS 214-248] Applying array_partition to 'curr_fullImage_21': Complete partitioning on dimension 1. (../image_analysis.cpp:157:15)
INFO: [HLS 214-248] Applying array_partition to 'curr_fullImage_22': Complete partitioning on dimension 1. (../image_analysis.cpp:157:15)
INFO: [HLS 214-248] Applying array_partition to 'curr_fullImage_23': Complete partitioning on dimension 1. (../image_analysis.cpp:157:15)
INFO: [HLS 214-248] Applying array_partition to 'curr_fullImage_24': Complete partitioning on dimension 1. (../image_analysis.cpp:157:15)
INFO: [HLS 214-248] Applying array_partition to 'curr_fullImage_25': Complete partitioning on dimension 1. (../image_analysis.cpp:157:15)
INFO: [HLS 214-248] Applying array_partition to 'curr_fullImage_26': Complete partitioning on dimension 1. (../image_analysis.cpp:157:15)
INFO: [HLS 214-248] Applying array_partition to 'curr_fullImage_27': Complete partitioning on dimension 1. (../image_analysis.cpp:157:15)
INFO: [HLS 214-248] Applying array_partition to 'curr_fullImage_28': Complete partitioning on dimension 1. (../image_analysis.cpp:157:15)
INFO: [HLS 214-248] Applying array_partition to 'curr_fullImage_29': Complete partitioning on dimension 1. (../image_analysis.cpp:157:15)
INFO: [HLS 214-248] Applying array_partition to 'curr_fullImage_30': Complete partitioning on dimension 1. (../image_analysis.cpp:157:15)
INFO: [HLS 214-248] Applying array_partition to 'curr_localImage_0': Complete partitioning on dimension 1. (../image_analysis.cpp:158:15)
INFO: [HLS 214-248] Applying array_partition to 'curr_localImage_1': Complete partitioning on dimension 1. (../image_analysis.cpp:158:15)
INFO: [HLS 214-248] Applying array_partition to 'curr_localImage_2': Complete partitioning on dimension 1. (../image_analysis.cpp:158:15)
INFO: [HLS 214-248] Applying array_partition to 'curr_localImage_3': Complete partitioning on dimension 1. (../image_analysis.cpp:158:15)
INFO: [HLS 214-248] Applying array_partition to 'curr_localImage_4': Complete partitioning on dimension 1. (../image_analysis.cpp:158:15)
INFO: [HLS 214-248] Applying array_partition to 'curr_localImage_5': Complete partitioning on dimension 1. (../image_analysis.cpp:158:15)
INFO: [HLS 214-248] Applying array_partition to 'curr_localImage_6': Complete partitioning on dimension 1. (../image_analysis.cpp:158:15)
INFO: [HLS 214-248] Applying array_partition to 'curr_localImage_7': Complete partitioning on dimension 1. (../image_analysis.cpp:158:15)
INFO: [HLS 214-248] Applying array_partition to 'curr_localImage_8': Complete partitioning on dimension 1. (../image_analysis.cpp:158:15)
INFO: [HLS 214-248] Applying array_partition to 'curr_localImage_9': Complete partitioning on dimension 1. (../image_analysis.cpp:158:15)
INFO: [HLS 214-248] Applying array_partition to 'curr_localImage_10': Complete partitioning on dimension 1. (../image_analysis.cpp:158:15)
INFO: [HLS 214-248] Applying array_partition to 'curr_localImage_11': Complete partitioning on dimension 1. (../image_analysis.cpp:158:15)
INFO: [HLS 214-248] Applying array_partition to 'curr_localImage_12': Complete partitioning on dimension 1. (../image_analysis.cpp:158:15)
INFO: [HLS 214-248] Applying array_partition to 'curr_localImage_13': Complete partitioning on dimension 1. (../image_analysis.cpp:158:15)
INFO: [HLS 214-248] Applying array_partition to 'curr_localImage_14': Complete partitioning on dimension 1. (../image_analysis.cpp:158:15)
INFO: [HLS 214-248] Applying array_partition to 'curr_localImage_15': Complete partitioning on dimension 1. (../image_analysis.cpp:158:15)
INFO: [HLS 214-248] Applying array_partition to 'curr_localImage_16': Complete partitioning on dimension 1. (../image_analysis.cpp:158:15)
INFO: [HLS 214-248] Applying array_partition to 'curr_localImage_17': Complete partitioning on dimension 1. (../image_analysis.cpp:158:15)
INFO: [HLS 214-248] Applying array_partition to 'curr_localImage_18': Complete partitioning on dimension 1. (../image_analysis.cpp:158:15)
INFO: [HLS 214-248] Applying array_partition to 'curr_localImage_19': Complete partitioning on dimension 1. (../image_analysis.cpp:158:15)
INFO: [HLS 214-248] Applying array_partition to 'curr_localImage_20': Complete partitioning on dimension 1. (../image_analysis.cpp:158:15)
INFO: [HLS 214-248] Applying array_partition to 'curr_localImage_21': Complete partitioning on dimension 1. (../image_analysis.cpp:158:15)
INFO: [HLS 214-248] Applying array_partition to 'curr_localImage_22': Complete partitioning on dimension 1. (../image_analysis.cpp:158:15)
INFO: [HLS 214-248] Applying array_partition to 'curr_localImage_23': Complete partitioning on dimension 1. (../image_analysis.cpp:158:15)
INFO: [HLS 214-248] Applying array_partition to 'curr_localImage_24': Complete partitioning on dimension 1. (../image_analysis.cpp:158:15)
INFO: [HLS 214-248] Applying array_partition to 'curr_localImage_25': Complete partitioning on dimension 1. (../image_analysis.cpp:158:15)
INFO: [HLS 214-248] Applying array_partition to 'curr_localImage_26': Complete partitioning on dimension 1. (../image_analysis.cpp:158:15)
INFO: [HLS 214-248] Applying array_partition to 'curr_localImage_27': Complete partitioning on dimension 1. (../image_analysis.cpp:158:15)
INFO: [HLS 214-248] Applying array_partition to 'curr_localImage_28': Complete partitioning on dimension 1. (../image_analysis.cpp:158:15)
INFO: [HLS 214-248] Applying array_partition to 'curr_localImage_29': Complete partitioning on dimension 1. (../image_analysis.cpp:158:15)
INFO: [HLS 214-248] Applying array_partition to 'curr_localImage_30': Complete partitioning on dimension 1. (../image_analysis.cpp:158:15)
INFO: [HLS 214-115] Multiple burst reads of length 961 and bit width 32 has been inferred on bundle 'imageProjs_local'. These burst requests might be further partitioned into multiple requests during RTL generation, based on max_read_burst_length or max_write_burst_length settings. (../image_analysis.cpp:82:37)
INFO: [HLS 214-115] Multiple burst reads of length 31 and bit width 32 has been inferred on bundle 'fullImage'. These burst requests might be further partitioned into multiple requests during RTL generation, based on max_read_burst_length or max_write_burst_length settings. (../image_analysis.cpp:83:36)
INFO: [HLS 200-111] Finished Compiling Optimization and Transform: CPU user time: 12 seconds. CPU system time: 1 seconds. Elapsed time: 230.134 seconds; current allocated memory: 639.133 MB.
INFO: [HLS 200-111] Finished Checking Pragmas: CPU user time: 0 seconds. CPU system time: 0 seconds. Elapsed time: 0.004 seconds; current allocated memory: 639.133 MB.
INFO: [HLS 200-10] Starting code transformations ...
INFO: [HLS 200-111] Finished Standard Transforms: CPU user time: 0 seconds. CPU system time: 0 seconds. Elapsed time: 0.223 seconds; current allocated memory: 652.531 MB.
INFO: [HLS 200-10] Checking synthesizability ...
INFO: [XFORM 203-602] Inlining function '__hls_fptosi_float_i32' into 'reconstruct' (../image_analysis.cpp:11->../image_analysis.cpp:169) automatically.
INFO: [HLS 200-111] Finished Checking Synthesizability: CPU user time: 1 seconds. CPU system time: 0 seconds. Elapsed time: 0.484 seconds; current allocated memory: 662.770 MB.
INFO: [XFORM 203-602] Inlining function '__hls_fptosi_float_i32' into 'reconstruct' (../image_analysis.cpp:11->../image_analysis.cpp:169) automatically.
INFO: [XFORM 203-401] Performing if-conversion on hyperblock from (C:\scratch\2024.2\hls_product\495\2024.2\src\shared\hls\clib/hlsmath/include/FloatingPoint\hls_round.h:159:19) to (C:\scratch\2024.2\hls_product\495\2024.2\src\shared\hls\clib/hlsmath/include/FloatingPoint\hls_round.h:187:1) in function 'generic_round<float>'... converting 5 basic blocks.
INFO: [XFORM 203-602] Inlining function 'generic_round<float>' into 'reconstruct' (C:\scratch\2024.2\hls_product\495\2024.2\src\shared\hls\clib\hlsmath\src\c\roundfloat.cpp:7->F:/Vitis/2024.2/tps/mingw/8.3.0/win64.o/nt\lib\gcc\x86_64-w64-mingw32\8.3.0\include\c++\cmath:1757->../image_analysis.cpp:11->../image_analysis.cpp:169) automatically.
INFO: [HLS 200-111] Finished Loop, function and other optimizations: CPU user time: 1 seconds. CPU system time: 0 seconds. Elapsed time: 1.132 seconds; current allocated memory: 694.734 MB.
INFO: [HLS 200-111] Finished Architecture Synthesis: CPU user time: 2 seconds. CPU system time: 0 seconds. Elapsed time: 2.496 seconds; current allocated memory: 731.605 MB.
INFO: [HLS 200-10] Starting hardware synthesis ...
INFO: [HLS 200-10] Synthesizing 'reconstruct' ...
INFO: [SYN 201-201] Setting up clock 'default' with a period of 10ns.
WARNING: [SYN 201-107] Renaming port name 'reconstruct/imageProjs_local_size' to 'reconstruct/imageProjs_local_size_r' to avoid the conflict with HDL keywords or other object names.
INFO: [HLS 200-10] ----------------------------------------------------------------
INFO: [HLS 200-42] -- Implementing module 'post_process' 
INFO: [HLS 200-10] ----------------------------------------------------------------
INFO: [SCHED 204-11] Starting scheduling ...
INFO: [SCHED 204-61] Pipelining function 'post_process'.
INFO: [HLS 200-1470] Pipelining result : Target II = 1, Final II = 1, Depth = 18, function 'post_process'
INFO: [SCHED 204-11] Finished scheduling.
INFO: [HLS 200-111] Finished Scheduling: CPU user time: 15 seconds. CPU system time: 0 seconds. Elapsed time: 15.477 seconds; current allocated memory: 735.754 MB.
INFO: [BIND 205-100] Starting micro-architecture generation ...
INFO: [BIND 205-101] Performing variable lifetime analysis.
INFO: [BIND 205-101] Exploring resource sharing.
INFO: [BIND 205-101] Binding ...
INFO: [BIND 205-100] Finished micro-architecture generation.
INFO: [HLS 200-111] Finished Binding: CPU user time: 0 seconds. CPU system time: 0 seconds. Elapsed time: 0.117 seconds; current allocated memory: 736.719 MB.
INFO: [HLS 200-10] ----------------------------------------------------------------
INFO: [HLS 200-42] -- Implementing module 'reconstruct_Pipeline_VITIS_LOOP_152_1' 
INFO: [HLS 200-10] ----------------------------------------------------------------
INFO: [SCHED 204-11] Starting scheduling ...
INFO: [SCHED 204-61] Pipelining loop 'VITIS_LOOP_152_1'.
WARNING: [HLS 200-880] The II Violation in module 'reconstruct_Pipeline_VITIS_LOOP_152_1' (loop 'VITIS_LOOP_152_1'): Unable to enforce a carried dependence constraint (II = 1, distance = 1, offset = 1) between bus read operation ('atomLocations_addr_read_1', ../image_analysis.cpp:8->../image_analysis.cpp:169) on port 'atomLocations' (../image_analysis.cpp:8->../image_analysis.cpp:169) and bus read operation ('atomLocations_addr_read', ../image_analysis.cpp:8->../image_analysis.cpp:169) on port 'atomLocations' (../image_analysis.cpp:8->../image_analysis.cpp:169).
Resolution: For help on HLS 200-880 see docs.xilinx.com/access/sources/dita/topic?Doc_Version=2024.2%20English&url=ug1448-hls-guidance&resourceid=200-880.html
WARNING: [HLS 200-880] The II Violation in module 'reconstruct_Pipeline_VITIS_LOOP_152_1' (loop 'VITIS_LOOP_152_1'): Unable to enforce a carried dependence constraint (II = 2, distance = 1, offset = 1) between bus read operation ('imageProjs_local_addr_read_960', ../image_analysis.cpp:82->../image_analysis.cpp:170) on port 'imageProjs_local' (../image_analysis.cpp:82->../image_analysis.cpp:170) and bus read operation ('imageProjs_local_addr_read', ../image_analysis.cpp:82->../image_analysis.cpp:170) on port 'imageProjs_local' (../image_analysis.cpp:82->../image_analysis.cpp:170).
Resolution: For help on HLS 200-880 see docs.xilinx.com/access/sources/dita/topic?Doc_Version=2024.2%20English&url=ug1448-hls-guidance&resourceid=200-880.html
WARNING: [HLS 200-880] The II Violation in module 'reconstruct_Pipeline_VITIS_LOOP_152_1' (loop 'VITIS_LOOP_152_1'): Unable to enforce a carried dependence constraint (II = 3, distance = 1, offset = 1) between bus read operation ('imageProjs_local_addr_read_960', ../image_analysis.cpp:82->../image_analysis.cpp:170) on port 'imageProjs_local' (../image_analysis.cpp:82->../image_analysis.cpp:170) and bus read operation ('imageProjs_local_addr_read', ../image_analysis.cpp:82->../image_analysis.cpp:170) on port 'imageProjs_local' (../image_analysis.cpp:82->../image_analysis.cpp:170).
Resolution: For help on HLS 200-880 see docs.xilinx.com/access/sources/dita/topic?Doc_Version=2024.2%20English&url=ug1448-hls-guidance&resourceid=200-880.html
WARNING: [HLS 200-880] The II Violation in module 'reconstruct_Pipeline_VITIS_LOOP_152_1' (loop 'VITIS_LOOP_152_1'): Unable to enforce a carried dependence constraint (II = 4, distance = 1, offset = 1) between bus read operation ('imageProjs_local_addr_read_960', ../image_analysis.cpp:82->../image_analysis.cpp:170) on port 'imageProjs_local' (../image_analysis.cpp:82->../image_analysis.cpp:170) and bus read operation ('imageProjs_local_addr_read', ../image_analysis.cpp:82->../image_analysis.cpp:170) on port 'imageProjs_local' (../image_analysis.cpp:82->../image_analysis.cpp:170).
Resolution: For help on HLS 200-880 see docs.xilinx.com/access/sources/dita/topic?Doc_Version=2024.2%20English&url=ug1448-hls-guidance&resourceid=200-880.html
WARNING: [HLS 200-880] The II Violation in module 'reconstruct_Pipeline_VITIS_LOOP_152_1' (loop 'VITIS_LOOP_152_1'): Unable to enforce a carried dependence constraint (II = 130, distance = 1, offset = 1) between bus read operation ('imageProjs_local_addr_read_960', ../image_analysis.cpp:82->../image_analysis.cpp:170) on port 'imageProjs_local' (../image_analysis.cpp:82->../image_analysis.cpp:170) and bus read operation ('imageProjs_local_addr_read', ../image_analysis.cpp:82->../image_analysis.cpp:170) on port 'imageProjs_local' (../image_analysis.cpp:82->../image_analysis.cpp:170).
Resolution: For help on HLS 200-880 see docs.xilinx.com/access/sources/dita/topic?Doc_Version=2024.2%20English&url=ug1448-hls-guidance&resourceid=200-880.html
WARNING: [HLS 200-880] The II Violation in module 'reconstruct_Pipeline_VITIS_LOOP_152_1' (loop 'VITIS_LOOP_152_1'): Unable to enforce a carried dependence constraint (II = 193, distance = 1, offset = 1) between bus read operation ('imageProjs_local_addr_read_960', ../image_analysis.cpp:82->../image_analysis.cpp:170) on port 'imageProjs_local' (../image_analysis.cpp:82->../image_analysis.cpp:170) and bus read operation ('imageProjs_local_addr_read', ../image_analysis.cpp:82->../image_analysis.cpp:170) on port 'imageProjs_local' (../image_analysis.cpp:82->../image_analysis.cpp:170).
Resolution: For help on HLS 200-880 see docs.xilinx.com/access/sources/dita/topic?Doc_Version=2024.2%20English&url=ug1448-hls-guidance&resourceid=200-880.html
WARNING: [HLS 200-880] The II Violation in module 'reconstruct_Pipeline_VITIS_LOOP_152_1' (loop 'VITIS_LOOP_152_1'): Unable to enforce a carried dependence constraint (II = 225, distance = 1, offset = 1) between bus read operation ('imageProjs_local_addr_read_960', ../image_analysis.cpp:82->../image_analysis.cpp:170) on port 'imageProjs_local' (../image_analysis.cpp:82->../image_analysis.cpp:170) and bus read operation ('imageProjs_local_addr_read', ../image_analysis.cpp:82->../image_analysis.cpp:170) on port 'imageProjs_local' (../image_analysis.cpp:82->../image_analysis.cpp:170).
Resolution: For help on HLS 200-880 see docs.xilinx.com/access/sources/dita/topic?Doc_Version=2024.2%20English&url=ug1448-hls-guidance&resourceid=200-880.html
WARNING: [HLS 200-880] The II Violation in module 'reconstruct_Pipeline_VITIS_LOOP_152_1' (loop 'VITIS_LOOP_152_1'): Unable to enforce a carried dependence constraint (II = 241, distance = 1, offset = 1) between bus read operation ('imageProjs_local_addr_read_960', ../image_analysis.cpp:82->../image_analysis.cpp:170) on port 'imageProjs_local' (../image_analysis.cpp:82->../image_analysis.cpp:170) and bus read operation ('imageProjs_local_addr_read', ../image_analysis.cpp:82->../image_analysis.cpp:170) on port 'imageProjs_local' (../image_analysis.cpp:82->../image_analysis.cpp:170).
Resolution: For help on HLS 200-880 see docs.xilinx.com/access/sources/dita/topic?Doc_Version=2024.2%20English&url=ug1448-hls-guidance&resourceid=200-880.html
WARNING: [HLS 200-880] The II Violation in module 'reconstruct_Pipeline_VITIS_LOOP_152_1' (loop 'VITIS_LOOP_152_1'): Unable to enforce a carried dependence constraint (II = 249, distance = 1, offset = 1) between bus read operation ('imageProjs_local_addr_read_960', ../image_analysis.cpp:82->../image_analysis.cpp:170) on port 'imageProjs_local' (../image_analysis.cpp:82->../image_analysis.cpp:170) and bus read operation ('imageProjs_local_addr_read', ../image_analysis.cpp:82->../image_analysis.cpp:170) on port 'imageProjs_local' (../image_analysis.cpp:82->../image_analysis.cpp:170).
Resolution: For help on HLS 200-880 see docs.xilinx.com/access/sources/dita/topic?Doc_Version=2024.2%20English&url=ug1448-hls-guidance&resourceid=200-880.html
WARNING: [HLS 200-880] The II Violation in module 'reconstruct_Pipeline_VITIS_LOOP_152_1' (loop 'VITIS_LOOP_152_1'): Unable to enforce a carried dependence constraint (II = 253, distance = 1, offset = 1) between bus read operation ('imageProjs_local_addr_read_960', ../image_analysis.cpp:82->../image_analysis.cpp:170) on port 'imageProjs_local' (../image_analysis.cpp:82->../image_analysis.cpp:170) and bus read operation ('imageProjs_local_addr_read', ../image_analysis.cpp:82->../image_analysis.cpp:170) on port 'imageProjs_local' (../image_analysis.cpp:82->../image_analysis.cpp:170).
Resolution: For help on HLS 200-880 see docs.xilinx.com/access/sources/dita/topic?Doc_Version=2024.2%20English&url=ug1448-hls-guidance&resourceid=200-880.html
WARNING: [HLS 200-880] The II Violation in module 'reconstruct_Pipeline_VITIS_LOOP_152_1' (loop 'VITIS_LOOP_152_1'): Unable to enforce a carried dependence constraint (II = 255, distance = 1, offset = 1) between bus read operation ('imageProjs_local_addr_read_960', ../image_analysis.cpp:82->../image_analysis.cpp:170) on port 'imageProjs_local' (../image_analysis.cpp:82->../image_analysis.cpp:170) and bus read operation ('imageProjs_local_addr_read', ../image_analysis.cpp:82->../image_analysis.cpp:170) on port 'imageProjs_local' (../image_analysis.cpp:82->../image_analysis.cpp:170).
Resolution: For help on HLS 200-880 see docs.xilinx.com/access/sources/dita/topic?Doc_Version=2024.2%20English&url=ug1448-hls-guidance&resourceid=200-880.html
WARNING: [HLS 200-880] The II Violation in module 'reconstruct_Pipeline_VITIS_LOOP_152_1' (loop 'VITIS_LOOP_152_1'): Unable to enforce a carried dependence constraint (II = 256, distance = 1, offset = 1) between bus read operation ('imageProjs_local_addr_read_960', ../image_analysis.cpp:82->../image_analysis.cpp:170) on port 'imageProjs_local' (../image_analysis.cpp:82->../image_analysis.cpp:170) and bus read operation ('imageProjs_local_addr_read', ../image_analysis.cpp:82->../image_analysis.cpp:170) on port 'imageProjs_local' (../image_analysis.cpp:82->../image_analysis.cpp:170).
Resolution: For help on HLS 200-880 see docs.xilinx.com/access/sources/dita/topic?Doc_Version=2024.2%20English&url=ug1448-hls-guidance&resourceid=200-880.html
INFO: [SCHED 204-61] Unable to satisfy pipeline directive for loop 'VITIS_LOOP_152_1': unable to pipeline.
