  **** HLS Build v2024.2 5238294
INFO: [HLS 200-2005] Using work_dir F:/LMU/quantumMA/opimization/reconstructv1maxi/hls_component/reconstruct 
INFO: [HLS 200-1505] Using default flow_target 'vivado'
Resolution: For help on HLS 200-1505 see docs.xilinx.com/access/sources/dita/topic?Doc_Version=2024.2%20English&url=ug1448-hls-guidance&resourceid=200-1505.html
INFO: [HLS 200-1465] Applying ini 'syn.file=F:/LMU/quantumMA/opimization/reconstructv1maxi/image_analysis.cpp' from F:/LMU/quantumMA/opimization/reconstructv1maxi/hls_component/hls_config.cfg(13)
INFO: [HLS 200-10] Adding design file 'F:/LMU/quantumMA/opimization/reconstructv1maxi/image_analysis.cpp' to the project
INFO: [HLS 200-1465] Applying ini 'syn.file=F:/LMU/quantumMA/opimization/reconstructv1maxi/image_analysis.hpp' from F:/LMU/quantumMA/opimization/reconstructv1maxi/hls_component/hls_config.cfg(14)
INFO: [HLS 200-10] Adding design file 'F:/LMU/quantumMA/opimization/reconstructv1maxi/image_analysis.hpp' to the project
INFO: [HLS 200-1465] Applying ini 'tb.file=F:/LMU/quantumMA/opimization/reconstructv1maxi/test.cpp' from F:/LMU/quantumMA/opimization/reconstructv1maxi/hls_component/hls_config.cfg(10)
INFO: [HLS 200-10] Adding test bench file 'F:/LMU/quantumMA/opimization/reconstructv1maxi/test.cpp' to the project
INFO: [HLS 200-1465] Applying ini 'tb.file=F:/LMU/quantumMA/opimization/reconstructv1maxi/fullImage_output.txt' from F:/LMU/quantumMA/opimization/reconstructv1maxi/hls_component/hls_config.cfg(11)
INFO: [HLS 200-10] Adding test bench file 'F:/LMU/quantumMA/opimization/reconstructv1maxi/fullImage_output.txt' to the project
INFO: [HLS 200-1465] Applying ini 'tb.file=F:/LMU/quantumMA/opimization/reconstructv1maxi/restoutput.txt' from F:/LMU/quantumMA/opimization/reconstructv1maxi/hls_component/hls_config.cfg(12)
INFO: [HLS 200-10] Adding test bench file 'F:/LMU/quantumMA/opimization/reconstructv1maxi/restoutput.txt' to the project
INFO: [HLS 200-1465] Applying ini 'syn.top=reconstruct' from F:/LMU/quantumMA/opimization/reconstructv1maxi/hls_component/hls_config.cfg(7)
INFO: [HLS 200-1465] Applying ini 'flow_target=vivado' from F:/LMU/quantumMA/opimization/reconstructv1maxi/hls_component/hls_config.cfg(4)
INFO: [HLS 200-1505] Using flow_target 'vivado'
Resolution: For help on HLS 200-1505 see docs.xilinx.com/access/sources/dita/topic?Doc_Version=2024.2%20English&url=ug1448-hls-guidance&resourceid=200-1505.html
INFO: [HLS 200-1465] Applying ini 'part=xczu49dr-ffvf1760-2-e' from F:/LMU/quantumMA/opimization/reconstructv1maxi/hls_component/hls_config.cfg(1)
INFO: [HLS 200-1611] Setting target device to 'xczu49dr-ffvf1760-2-e'
INFO: [HLS 200-1465] Applying ini 'csim.clean=1' from F:/LMU/quantumMA/opimization/reconstructv1maxi/hls_component/hls_config.cfg(8)
INFO: [HLS 200-1465] Applying ini 'csim.code_analyzer=1' from F:/LMU/quantumMA/opimization/reconstructv1maxi/hls_component/hls_config.cfg(9)
INFO: [HLS 200-1465] Applying ini 'package.output.format=ip_catalog' from F:/LMU/quantumMA/opimization/reconstructv1maxi/hls_component/hls_config.cfg(5)
INFO: [HLS 200-111] Finished File checks and directory preparation: CPU user time: 9 seconds. CPU system time: 2 seconds. Elapsed time: 11.164 seconds; current allocated memory: 620.008 MB.
INFO: [HLS 200-10] Analyzing design file '../image_analysis.cpp' ... 
WARNING: [HLS 207-5541] 'factor' in '#pragma HLS array_partition' is ignored (../image_analysis.cpp:184:55)
WARNING: [HLS 207-5541] 'factor' in '#pragma HLS array_partition' is ignored (../image_analysis.cpp:185:56)
INFO: [HLS 200-111] Finished Source Code Analysis and Preprocessing: CPU user time: 0 seconds. CPU system time: 0 seconds. Elapsed time: 6.025 seconds; current allocated memory: 622.938 MB.
INFO: [HLS 200-777] Using interface defaults for 'Vivado' flow target.
INFO: [HLS 200-1995] There were 19,938 instructions in the design after the 'Compile/Link' phase of compilation. See the Design Size Report for more details: F:/LMU/quantumMA/opimization/reconstructv1maxi/hls_component/reconstruct/hls/syn/report/csynth_design_size.rpt
INFO: [HLS 200-1995] There were 3,194 instructions in the design after the 'Unroll/Inline (step 1)' phase of compilation. See the Design Size Report for more details: F:/LMU/quantumMA/opimization/reconstructv1maxi/hls_component/reconstruct/hls/syn/report/csynth_design_size.rpt
INFO: [HLS 200-1995] There were 1,983 instructions in the design after the 'Unroll/Inline (step 2)' phase of compilation. See the Design Size Report for more details: F:/LMU/quantumMA/opimization/reconstructv1maxi/hls_component/reconstruct/hls/syn/report/csynth_design_size.rpt
INFO: [HLS 200-1995] There were 1,952 instructions in the design after the 'Unroll/Inline (step 3)' phase of compilation. See the Design Size Report for more details: F:/LMU/quantumMA/opimization/reconstructv1maxi/hls_component/reconstruct/hls/syn/report/csynth_design_size.rpt
INFO: [HLS 200-1995] There were 1,464 instructions in the design after the 'Unroll/Inline (step 4)' phase of compilation. See the Design Size Report for more details: F:/LMU/quantumMA/opimization/reconstructv1maxi/hls_component/reconstruct/hls/syn/report/csynth_design_size.rpt
INFO: [HLS 200-1995] There were 27,401 instructions in the design after the 'Array/Struct' phase of compilation. See the Design Size Report for more details: F:/LMU/quantumMA/opimization/reconstructv1maxi/hls_component/reconstruct/hls/syn/report/csynth_design_size.rpt
INFO: [HLS 200-1995] There were 25,203 instructions in the design after the 'Array/Struct (step 2)' phase of compilation. See the Design Size Report for more details: F:/LMU/quantumMA/opimization/reconstructv1maxi/hls_component/reconstruct/hls/syn/report/csynth_design_size.rpt
INFO: [HLS 200-1995] There were 25,206 instructions in the design after the 'Array/Struct (step 3)' phase of compilation. See the Design Size Report for more details: F:/LMU/quantumMA/opimization/reconstructv1maxi/hls_component/reconstruct/hls/syn/report/csynth_design_size.rpt
INFO: [HLS 200-1995] There were 25,258 instructions in the design after the 'Array/Struct (step 4)' phase of compilation. See the Design Size Report for more details: F:/LMU/quantumMA/opimization/reconstructv1maxi/hls_component/reconstruct/hls/syn/report/csynth_design_size.rpt
INFO: [HLS 200-1995] There were 25,182 instructions in the design after the 'Array/Struct (step 5)' phase of compilation. See the Design Size Report for more details: F:/LMU/quantumMA/opimization/reconstructv1maxi/hls_component/reconstruct/hls/syn/report/csynth_design_size.rpt
INFO: [HLS 200-1995] There were 25,181 instructions in the design after the 'Performance' phase of compilation. See the Design Size Report for more details: F:/LMU/quantumMA/opimization/reconstructv1maxi/hls_component/reconstruct/hls/syn/report/csynth_design_size.rpt
INFO: [HLS 200-1995] There were 21,336 instructions in the design after the 'Performance (step 2)' phase of compilation. See the Design Size Report for more details: F:/LMU/quantumMA/opimization/reconstructv1maxi/hls_component/reconstruct/hls/syn/report/csynth_design_size.rpt
INFO: [HLS 200-1995] There were 17,244 instructions in the design after the 'Performance (step 3)' phase of compilation. See the Design Size Report for more details: F:/LMU/quantumMA/opimization/reconstructv1maxi/hls_component/reconstruct/hls/syn/report/csynth_design_size.rpt
INFO: [HLS 200-1995] There were 17,244 instructions in the design after the 'Performance (step 4)' phase of compilation. See the Design Size Report for more details: F:/LMU/quantumMA/opimization/reconstructv1maxi/hls_component/reconstruct/hls/syn/report/csynth_design_size.rpt
INFO: [HLS 200-1995] There were 17,455 instructions in the design after the 'HW Transforms' phase of compilation. See the Design Size Report for more details: F:/LMU/quantumMA/opimization/reconstructv1maxi/hls_component/reconstruct/hls/syn/report/csynth_design_size.rpt
INFO: [HLS 200-1995] There were 11,675 instructions in the design after the 'HW Transforms (step 2)' phase of compilation. See the Design Size Report for more details: F:/LMU/quantumMA/opimization/reconstructv1maxi/hls_component/reconstruct/hls/syn/report/csynth_design_size.rpt
INFO: [HLS 214-291] Loop 'VITIS_LOOP_151_1' is marked as complete unroll implied by the pipeline pragma (../image_analysis.cpp:151:23)
INFO: [HLS 214-291] Loop 'VITIS_LOOP_140_4' is marked as complete unroll implied by the pipeline pragma (../image_analysis.cpp:140:23)
INFO: [HLS 214-291] Loop 'VITIS_LOOP_135_3' is marked as complete unroll implied by the pipeline pragma (../image_analysis.cpp:135:23)
INFO: [HLS 214-291] Loop 'VITIS_LOOP_130_2' is marked as complete unroll implied by the pipeline pragma (../image_analysis.cpp:130:23)
INFO: [HLS 214-291] Loop 'VITIS_LOOP_124_1' is marked as complete unroll implied by the pipeline pragma (../image_analysis.cpp:124:23)
INFO: [HLS 214-186] Unrolling loop 'VITIS_LOOP_151_1' (../image_analysis.cpp:151:23) in function 'vector_sum_prod' completely with a factor of 31 (../image_analysis.cpp:148:0)
INFO: [HLS 214-186] Unrolling loop 'VITIS_LOOP_140_4' (../image_analysis.cpp:140:23) in function 'vector_sum' completely with a factor of 2 (../image_analysis.cpp:118:0)
INFO: [HLS 214-186] Unrolling loop 'VITIS_LOOP_135_3' (../image_analysis.cpp:135:23) in function 'vector_sum' completely with a factor of 4 (../image_analysis.cpp:118:0)
INFO: [HLS 214-186] Unrolling loop 'VITIS_LOOP_130_2' (../image_analysis.cpp:130:23) in function 'vector_sum' completely with a factor of 8 (../image_analysis.cpp:118:0)
INFO: [HLS 214-186] Unrolling loop 'VITIS_LOOP_124_1' (../image_analysis.cpp:124:23) in function 'vector_sum' completely with a factor of 15 (../image_analysis.cpp:118:0)
INFO: [HLS 214-186] Unrolling loop 'VITIS_LOOP_84_2' (../image_analysis.cpp:84:19) in function 'Image_extract' completely with a factor of 31 (../image_analysis.cpp:71:0)
WARNING: [HLS 214-366] Duplicating function 'vector_sum(float*, float&)' as different function signatures were detected between this call site and other call site(s). This may impact the resources used in the design. (../image_analysis.cpp:158:5)
WARNING: [HLS 214-366] Duplicating function 'vector_sum(float*, float&)' as different function signatures were detected between this call site and other call site(s). This may impact the resources used in the design. (../image_analysis.cpp:157:5)
INFO: [HLS 214-178] Inlining function 'fp_struct<float>::data() const (.7.28.38.47.58)' into 'fp_struct<float>::to_float() const (.25.35.44.55)' (C:\scratch\2024.2\hls_product\495\2024.2\src\shared\hls\clib/src/hls\utils/x_hls_utils.h:322:0)
INFO: [HLS 214-178] Inlining function 'fp_struct<float>::to_float() const (.25.35.44.55)' into 'fp_struct<float>::to_ieee() const' (C:\scratch\2024.2\hls_product\495\2024.2\src\shared\hls\clib/src/hls\utils/x_hls_utils.h:346:0)
INFO: [HLS 214-178] Inlining function 'fp_struct<float>::fp_struct(float)' into 'float generic_copysign<float>(float, float)' (C:\scratch\2024.2\hls_product\495\2024.2\src\shared\hls\clib/hlsmath/include/FloatingPoint/hls_copysign.h:10:0)
INFO: [HLS 214-178] Inlining function 'fp_struct<float>::to_ieee() const' into 'float generic_copysign<float>(float, float)' (C:\scratch\2024.2\hls_product\495\2024.2\src\shared\hls\clib/hlsmath/include/FloatingPoint/hls_copysign.h:10:0)
INFO: [HLS 214-178] Inlining function 'fp_struct<float>::fp_struct(float)' into 'float generic_round<float>(float)' (C:\scratch\2024.2\hls_product\495\2024.2\src\shared\hls\clib/hlsmath/include/FloatingPoint\hls_round.h:160:0)
INFO: [HLS 214-178] Inlining function 'float generic_copysign<float>(float, float)' into 'float generic_round<float>(float)' (C:\scratch\2024.2\hls_product\495\2024.2\src\shared\hls\clib/hlsmath/include/FloatingPoint\hls_round.h:160:0)
INFO: [HLS 214-178] Inlining function 'fp_struct<float>::data() const (.7.28.38.47.58)' into 'float generic_round<float>(float)' (C:\scratch\2024.2\hls_product\495\2024.2\src\shared\hls\clib/hlsmath/include/FloatingPoint\hls_round.h:160:0)
INFO: [HLS 214-178] Inlining function 'fp_struct<float>::fp_struct(ap_uint<32>)' into 'float generic_round<float>(float)' (C:\scratch\2024.2\hls_product\495\2024.2\src\shared\hls\clib/hlsmath/include/FloatingPoint\hls_round.h:160:0)
INFO: [HLS 214-178] Inlining function 'fp_struct<float>::to_ieee() const' into 'float generic_round<float>(float)' (C:\scratch\2024.2\hls_product\495\2024.2\src\shared\hls\clib/hlsmath/include/FloatingPoint\hls_round.h:160:0)
INFO: [HLS 214-178] Inlining function 'roundf' into 'std::round(float)' (F:/Vitis/2024.2/tps/mingw/8.3.0/win64.o/nt\lib\gcc\x86_64-w64-mingw32\8.3.0\include\c++\cmath:1757:0)
INFO: [HLS 214-178] Inlining function 'fp_struct<float>::fp_struct(float)' into 'int generic_cast_IEEE754<int, (ap_q_mode)6, float>(float, bool, hls::enable_if<std::numeric_limits<int>::is_signed, bool>::type)' (C:\scratch\2024.2\hls_product\495\2024.2\src\shared\hls\clib/hlsmath/include/FloatingPoint\hls_case_IEEE754.h:12:0)
INFO: [HLS 214-178] Inlining function 'fp_struct<float>::mantissa() const' into 'int generic_cast_IEEE754<int, (ap_q_mode)6, float>(float, bool, hls::enable_if<std::numeric_limits<int>::is_signed, bool>::type)' (C:\scratch\2024.2\hls_product\495\2024.2\src\shared\hls\clib/hlsmath/include/FloatingPoint\hls_case_IEEE754.h:12:0)
INFO: [HLS 214-178] Inlining function 'fp_struct<float>::expv() const' into 'int generic_cast_IEEE754<int, (ap_q_mode)6, float>(float, bool, hls::enable_if<std::numeric_limits<int>::is_signed, bool>::type)' (C:\scratch\2024.2\hls_product\495\2024.2\src\shared\hls\clib/hlsmath/include/FloatingPoint\hls_case_IEEE754.h:12:0)
INFO: [HLS 214-178] Inlining function 'fp_struct<float>::__signbit() const' into 'int generic_cast_IEEE754<int, (ap_q_mode)6, float>(float, bool, hls::enable_if<std::numeric_limits<int>::is_signed, bool>::type)' (C:\scratch\2024.2\hls_product\495\2024.2\src\shared\hls\clib/hlsmath/include/FloatingPoint\hls_case_IEEE754.h:12:0)
INFO: [HLS 214-178] Inlining function 'int generic_cast_IEEE754<int, (ap_q_mode)6, float>(float, bool, hls::enable_if<std::numeric_limits<int>::is_signed, bool>::type)' into 'int generic_cast_IEEE754<int, float>(float, bool)' (C:\scratch\2024.2\hls_product\495\2024.2\src\shared\hls\clib/hlsmath/include/FloatingPoint\hls_case_IEEE754.h:116:0)
INFO: [HLS 214-178] Inlining function 'int generic_cast_IEEE754<int, float>(float, bool)' into '__hls_fptosi_float_i32' (C:\scratch\2024.2\hls_product\495\2024.2\src\shared\hls\clib\hlsmath\src\lib_floatconversion.cpp:51:0)
INFO: [HLS 214-178] Inlining function 'std::round(float)' into 'getLocalImages_single(int, int, int, int, atom_location*, hls::stream<local_image_info, 0>&)' (../image_analysis.cpp:7:0)
INFO: [HLS 214-248] Applying array_partition to 'curr_fullImage': Complete partitioning on dimension 1. Complete partitioning on dimension 2. (../image_analysis.cpp:248:15)
INFO: [HLS 214-248] Applying array_partition to 'curr_localImage': Complete partitioning on dimension 1. Complete partitioning on dimension 2. (../image_analysis.cpp:249:15)
INFO: [HLS 214-241] Aggregating fifo (hls::stream) variable 'localImages' with compact=bit mode in 256-bits (../image_analysis.cpp:247:34)
INFO: [HLS 214-376] automatically set the pipeline for Loop< VITIS_LOOP_81_1> at ../image_analysis.cpp:81:22 
INFO: [HLS 214-364] Automatically inlining function 'vector_sum_prod(float*, float*, float&, float&)' to improve effectiveness of pipeline pragma in function 'matrix_sum_prod(float (*) [31], float (*) [31], float&, float&)' (../image_analysis.cpp:196:2)
INFO: [HLS 214-364] Automatically inlining function 'vector_sum(float*, float&) (.101)' to improve effectiveness of pipeline pragma in function 'matrix_sum_prod(float (*) [31], float (*) [31], float&, float&)' (../image_analysis.cpp:157:5)
INFO: [HLS 214-364] Automatically inlining function 'vector_sum(float*, float&) (.101)' to improve effectiveness of pipeline pragma in function 'matrix_sum_prod(float (*) [31], float (*) [31], float&, float&)' (../image_analysis.cpp:158:5)
INFO: [HLS 214-449] Automatically partitioning array 'res' dimension 1 completely based on constant index. (../image_analysis.cpp:149:11)
INFO: [HLS 214-449] Automatically partitioning array 'res1' dimension 1 completely based on constant index. (../image_analysis.cpp:150:11)
INFO: [HLS 214-270] Inferring pragma 'array_partition type=complete dim=1' for array 'res' due to pipeline pragma (../image_analysis.cpp:149:11)
INFO: [HLS 214-270] Inferring pragma 'array_partition type=complete dim=1' for array 'res1' due to pipeline pragma (../image_analysis.cpp:150:11)
INFO: [HLS 214-115] Multiple burst reads of length 961 and bit width 32 in loop 'VITIS_LOOP_81_1'(../image_analysis.cpp:81:22) has been inferred on bundle 'imageProjs_local'. These burst requests might be further partitioned into multiple requests during RTL generation, based on max_read_burst_length or max_write_burst_length settings. (../image_analysis.cpp:81:22)
INFO: [HLS 200-111] Finished Compiling Optimization and Transform: CPU user time: 3 seconds. CPU system time: 0 seconds. Elapsed time: 252.575 seconds; current allocated memory: 628.020 MB.
INFO: [HLS 200-111] Finished Checking Pragmas: CPU user time: 0 seconds. CPU system time: 0 seconds. Elapsed time: 0.006 seconds; current allocated memory: 628.023 MB.
INFO: [HLS 200-10] Starting code transformations ...
INFO: [HLS 200-111] Finished Standard Transforms: CPU user time: 10 seconds. CPU system time: 0 seconds. Elapsed time: 10.112 seconds; current allocated memory: 655.738 MB.
INFO: [HLS 200-10] Checking synthesizability ...
INFO: [XFORM 203-602] Inlining function '__hls_fptosi_float_i32' into 'getLocalImages_single' (../image_analysis.cpp:11) automatically.
INFO: [HLS 200-111] Finished Checking Synthesizability: CPU user time: 9 seconds. CPU system time: 1 seconds. Elapsed time: 9.609 seconds; current allocated memory: 681.992 MB.
INFO: [XFORM 203-602] Inlining function '__hls_fptosi_float_i32' into 'getLocalImages_single' (../image_analysis.cpp:11) automatically.
INFO: [XFORM 203-712] Applying dataflow to function 'dataflow_in_loop_VITIS_LOOP_243_1.1' (../image_analysis.cpp:249), detected/extracted 5 process function(s): 
	 'dataflow_in_loop_VITIS_LOOP_243_1.1_Block_newFuncRoot_proc'
	 'getLocalImages_single'
	 'Image_extract'
	 'matrix_sum_prod'
	 'post_process'.
INFO: [XFORM 203-401] Performing if-conversion on hyperblock from (C:\scratch\2024.2\hls_product\495\2024.2\src\shared\hls\clib/hlsmath/include/FloatingPoint\hls_round.h:159:19) to (C:\scratch\2024.2\hls_product\495\2024.2\src\shared\hls\clib/hlsmath/include/FloatingPoint\hls_round.h:187:1) in function 'generic_round<float>'... converting 5 basic blocks.
INFO: [XFORM 203-602] Inlining function 'generic_round<float>' into 'getLocalImages_single' (C:\scratch\2024.2\hls_product\495\2024.2\src\shared\hls\clib\hlsmath\src\c\roundfloat.cpp:7->F:/Vitis/2024.2/tps/mingw/8.3.0/win64.o/nt\lib\gcc\x86_64-w64-mingw32\8.3.0\include\c++\cmath:1757->../image_analysis.cpp:11) automatically.
INFO: [HLS 200-111] Finished Loop, function and other optimizations: CPU user time: 54 seconds. CPU system time: 0 seconds. Elapsed time: 54.337 seconds; current allocated memory: 736.719 MB.
WARNING: [HLS 200-960] Cannot flatten loop 'VITIS_LOOP_191_1' (../image_analysis.cpp:191:23) in function 'matrix_sum_prod' the outer loop is not a perfect loop because either the parent loop or the sub loop has no invariant trip count.
Resolution: For help on HLS 200-960 see docs.xilinx.com/access/sources/dita/topic?Doc_Version=2024.2%20English&url=ug1448-hls-guidance&resourceid=200-960.html
WARNING: [ANALYSIS 214-52] Found false inter dependency for variable 'imageProjs_local'.
WARNING: [ANALYSIS 214-52] Found false inter dependency for variable 'fullImage'.
WARNING: [ANALYSIS 214-52] Found false inter dependency for variable 'imageProjs_local'.
WARNING: [ANALYSIS 214-52] Found false inter dependency for variable 'fullImage'.
WARNING: [HLS 200-1449] Process Image_extract has both a predecessor and reads an input from its caller (see the GUI dataflow viewer). This may lead to lower throughput. Consider copying this input via a predecessor process.
WARNING: [HLS 200-1449] Process dataflow_in_loop_VITIS_LOOP_243_1.1 has both a predecessor and reads an input from its caller (see the GUI dataflow viewer). This may lead to lower throughput. Consider copying this input via a predecessor process.
INFO: [HLS 200-111] Finished Architecture Synthesis: CPU user time: 22 seconds. CPU system time: 0 seconds. Elapsed time: 23.706 seconds; current allocated memory: 1.797 GB.
INFO: [HLS 200-10] Starting hardware synthesis ...
INFO: [HLS 200-10] Synthesizing 'reconstruct' ...
WARNING: [SYN 201-103] Legalizing function name 'dataflow_in_loop_VITIS_LOOP_243_1.1_Block_newFuncRoot_proc' to 'dataflow_in_loop_VITIS_LOOP_243_1_1_Block_newFuncRoot_proc'.
WARNING: [SYN 201-103] Legalizing function name 'dataflow_in_loop_VITIS_LOOP_243_1.1' to 'dataflow_in_loop_VITIS_LOOP_243_1_1'.
INFO: [SYN 201-201] Setting up clock 'default' with a period of 10ns.
WARNING: [SYN 201-107] Renaming port name 'reconstruct/imageProjs_local_size' to 'reconstruct/imageProjs_local_size_r' to avoid the conflict with HDL keywords or other object names.
INFO: [HLS 200-10] ----------------------------------------------------------------
INFO: [HLS 200-42] -- Implementing module 'dataflow_in_loop_VITIS_LOOP_243_1_1_Block_newFuncRoot_proc' 
INFO: [HLS 200-10] ----------------------------------------------------------------
INFO: [SCHED 204-11] Starting scheduling ...
INFO: [SCHED 204-11] Finished scheduling.
INFO: [HLS 200-111] Finished Scheduling: CPU user time: 78 seconds. CPU system time: 1 seconds. Elapsed time: 79.35 seconds; current allocated memory: 1.807 GB.
INFO: [BIND 205-100] Starting micro-architecture generation ...
INFO: [BIND 205-101] Performing variable lifetime analysis.
INFO: [BIND 205-101] Exploring resource sharing.
INFO: [BIND 205-101] Binding ...
INFO: [BIND 205-100] Finished micro-architecture generation.
INFO: [HLS 200-111] Finished Binding: CPU user time: 0 seconds. CPU system time: 0 seconds. Elapsed time: 0.12 seconds; current allocated memory: 1.808 GB.
INFO: [HLS 200-10] ----------------------------------------------------------------
INFO: [HLS 200-42] -- Implementing module 'getLocalImages_single' 
INFO: [HLS 200-10] ----------------------------------------------------------------
INFO: [SCHED 204-11] Starting scheduling ...
INFO: [SCHED 204-11] Finished scheduling.
INFO: [HLS 200-111] Finished Scheduling: CPU user time: 1 seconds. CPU system time: 0 seconds. Elapsed time: 0.326 seconds; current allocated memory: 1.810 GB.
INFO: [BIND 205-100] Starting micro-architecture generation ...
INFO: [BIND 205-101] Performing variable lifetime analysis.
INFO: [BIND 205-101] Exploring resource sharing.
INFO: [BIND 205-101] Binding ...
INFO: [BIND 205-100] Finished micro-architecture generation.
INFO: [HLS 200-111] Finished Binding: CPU user time: 0 seconds. CPU system time: 0 seconds. Elapsed time: 0.2 seconds; current allocated memory: 1.810 GB.
INFO: [HLS 200-10] ----------------------------------------------------------------
INFO: [HLS 200-42] -- Implementing module 'Image_extract_Pipeline_VITIS_LOOP_81_1' 
INFO: [HLS 200-10] ----------------------------------------------------------------
INFO: [SCHED 204-11] Starting scheduling ...
INFO: [SCHED 204-61] Pipelining loop 'VITIS_LOOP_81_1'.
WARNING: [HLS 200-880] The II Violation in module 'Image_extract_Pipeline_VITIS_LOOP_81_1' (loop 'VITIS_LOOP_81_1'): Unable to enforce a carried dependence constraint (II = 1, distance = 1, offset = 1) between bus read operation ('imageProjs_local_addr_read_30', ../image_analysis.cpp:86->../image_analysis.cpp:261) on port 'imageProjs_local' (../image_analysis.cpp:86->../image_analysis.cpp:261) and bus read operation ('imageProjs_local_addr_read', ../image_analysis.cpp:86->../image_analysis.cpp:261) on port 'imageProjs_local' (../image_analysis.cpp:86->../image_analysis.cpp:261).
Resolution: For help on HLS 200-880 see docs.xilinx.com/access/sources/dita/topic?Doc_Version=2024.2%20English&url=ug1448-hls-guidance&resourceid=200-880.html
WARNING: [HLS 200-880] The II Violation in module 'Image_extract_Pipeline_VITIS_LOOP_81_1' (loop 'VITIS_LOOP_81_1'): Unable to enforce a carried dependence constraint (II = 2, distance = 1, offset = 1) between bus read operation ('imageProjs_local_addr_read_30', ../image_analysis.cpp:86->../image_analysis.cpp:261) on port 'imageProjs_local' (../image_analysis.cpp:86->../image_analysis.cpp:261) and bus read operation ('imageProjs_local_addr_read', ../image_analysis.cpp:86->../image_analysis.cpp:261) on port 'imageProjs_local' (../image_analysis.cpp:86->../image_analysis.cpp:261).
Resolution: For help on HLS 200-880 see docs.xilinx.com/access/sources/dita/topic?Doc_Version=2024.2%20English&url=ug1448-hls-guidance&resourceid=200-880.html
WARNING: [HLS 200-880] The II Violation in module 'Image_extract_Pipeline_VITIS_LOOP_81_1' (loop 'VITIS_LOOP_81_1'): Unable to enforce a carried dependence constraint (II = 3, distance = 1, offset = 1) between bus read operation ('imageProjs_local_addr_read_30', ../image_analysis.cpp:86->../image_analysis.cpp:261) on port 'imageProjs_local' (../image_analysis.cpp:86->../image_analysis.cpp:261) and bus read operation ('imageProjs_local_addr_read', ../image_analysis.cpp:86->../image_analysis.cpp:261) on port 'imageProjs_local' (../image_analysis.cpp:86->../image_analysis.cpp:261).
Resolution: For help on HLS 200-880 see docs.xilinx.com/access/sources/dita/topic?Doc_Version=2024.2%20English&url=ug1448-hls-guidance&resourceid=200-880.html
WARNING: [HLS 200-880] The II Violation in module 'Image_extract_Pipeline_VITIS_LOOP_81_1' (loop 'VITIS_LOOP_81_1'): Unable to enforce a carried dependence constraint (II = 4, distance = 1, offset = 1) between bus read operation ('imageProjs_local_addr_read_30', ../image_analysis.cpp:86->../image_analysis.cpp:261) on port 'imageProjs_local' (../image_analysis.cpp:86->../image_analysis.cpp:261) and bus read operation ('imageProjs_local_addr_read', ../image_analysis.cpp:86->../image_analysis.cpp:261) on port 'imageProjs_local' (../image_analysis.cpp:86->../image_analysis.cpp:261).
Resolution: For help on HLS 200-880 see docs.xilinx.com/access/sources/dita/topic?Doc_Version=2024.2%20English&url=ug1448-hls-guidance&resourceid=200-880.html
WARNING: [HLS 200-880] The II Violation in module 'Image_extract_Pipeline_VITIS_LOOP_81_1' (loop 'VITIS_LOOP_81_1'): Unable to enforce a carried dependence constraint (II = 19, distance = 1, offset = 1) between bus read operation ('imageProjs_local_addr_read_30', ../image_analysis.cpp:86->../image_analysis.cpp:261) on port 'imageProjs_local' (../image_analysis.cpp:86->../image_analysis.cpp:261) and bus read operation ('imageProjs_local_addr_read', ../image_analysis.cpp:86->../image_analysis.cpp:261) on port 'imageProjs_local' (../image_analysis.cpp:86->../image_analysis.cpp:261).
Resolution: For help on HLS 200-880 see docs.xilinx.com/access/sources/dita/topic?Doc_Version=2024.2%20English&url=ug1448-hls-guidance&resourceid=200-880.html
WARNING: [HLS 200-880] The II Violation in module 'Image_extract_Pipeline_VITIS_LOOP_81_1' (loop 'VITIS_LOOP_81_1'): Unable to enforce a carried dependence constraint (II = 27, distance = 1, offset = 1) between bus read operation ('imageProjs_local_addr_read_30', ../image_analysis.cpp:86->../image_analysis.cpp:261) on port 'imageProjs_local' (../image_analysis.cpp:86->../image_analysis.cpp:261) and bus read operation ('imageProjs_local_addr_read', ../image_analysis.cpp:86->../image_analysis.cpp:261) on port 'imageProjs_local' (../image_analysis.cpp:86->../image_analysis.cpp:261).
Resolution: For help on HLS 200-880 see docs.xilinx.com/access/sources/dita/topic?Doc_Version=2024.2%20English&url=ug1448-hls-guidance&resourceid=200-880.html
WARNING: [HLS 200-880] The II Violation in module 'Image_extract_Pipeline_VITIS_LOOP_81_1' (loop 'VITIS_LOOP_81_1'): Unable to enforce a carried dependence constraint (II = 29, distance = 1, offset = 1) between bus read operation ('imageProjs_local_addr_read_30', ../image_analysis.cpp:86->../image_analysis.cpp:261) on port 'imageProjs_local' (../image_analysis.cpp:86->../image_analysis.cpp:261) and bus read operation ('imageProjs_local_addr_read', ../image_analysis.cpp:86->../image_analysis.cpp:261) on port 'imageProjs_local' (../image_analysis.cpp:86->../image_analysis.cpp:261).
Resolution: For help on HLS 200-880 see docs.xilinx.com/access/sources/dita/topic?Doc_Version=2024.2%20English&url=ug1448-hls-guidance&resourceid=200-880.html
WARNING: [HLS 200-880] The II Violation in module 'Image_extract_Pipeline_VITIS_LOOP_81_1' (loop 'VITIS_LOOP_81_1'): Unable to enforce a carried dependence constraint (II = 30, distance = 1, offset = 1) between bus read operation ('imageProjs_local_addr_read_30', ../image_analysis.cpp:86->../image_analysis.cpp:261) on port 'imageProjs_local' (../image_analysis.cpp:86->../image_analysis.cpp:261) and bus read operation ('imageProjs_local_addr_read', ../image_analysis.cpp:86->../image_analysis.cpp:261) on port 'imageProjs_local' (../image_analysis.cpp:86->../image_analysis.cpp:261).
Resolution: For help on HLS 200-880 see docs.xilinx.com/access/sources/dita/topic?Doc_Version=2024.2%20English&url=ug1448-hls-guidance&resourceid=200-880.html
INFO: [HLS 200-1470] Pipelining result : Target II = NA, Final II = 31, Depth = 38, loop 'VITIS_LOOP_81_1'
INFO: [SCHED 204-11] Finished scheduling.
INFO: [HLS 200-111] Finished Scheduling: CPU user time: 71 seconds. CPU system time: 0 seconds. Elapsed time: 71.937 seconds; current allocated memory: 1.868 GB.
INFO: [BIND 205-100] Starting micro-architecture generation ...
INFO: [BIND 205-101] Performing variable lifetime analysis.
INFO: [BIND 205-101] Exploring resource sharing.
INFO: [BIND 205-101] Binding ...
INFO: [BIND 205-100] Finished micro-architecture generation.
INFO: [HLS 200-111] Finished Binding: CPU user time: 4 seconds. CPU system time: 0 seconds. Elapsed time: 4.152 seconds; current allocated memory: 1.868 GB.
INFO: [HLS 200-10] ----------------------------------------------------------------
INFO: [HLS 200-42] -- Implementing module 'Image_extract' 
INFO: [HLS 200-10] ----------------------------------------------------------------
INFO: [SCHED 204-11] Starting scheduling ...
INFO: [SCHED 204-11] Finished scheduling.
INFO: [HLS 200-111] Finished Scheduling: CPU user time: 9 seconds. CPU system time: 0 seconds. Elapsed time: 9.125 seconds; current allocated memory: 1.895 GB.
INFO: [BIND 205-100] Starting micro-architecture generation ...
INFO: [BIND 205-101] Performing variable lifetime analysis.
INFO: [BIND 205-101] Exploring resource sharing.
INFO: [BIND 205-101] Binding ...
INFO: [BIND 205-100] Finished micro-architecture generation.
INFO: [HLS 200-111] Finished Binding: CPU user time: 5 seconds. CPU system time: 0 seconds. Elapsed time: 5.872 seconds; current allocated memory: 1.895 GB.
INFO: [HLS 200-10] ----------------------------------------------------------------
INFO: [HLS 200-42] -- Implementing module 'matrix_sum_prod_Pipeline_VITIS_LOOP_192_2' 
INFO: [HLS 200-10] ----------------------------------------------------------------
INFO: [SCHED 204-11] Starting scheduling ...
INFO: [SCHED 204-61] Pipelining loop 'VITIS_LOOP_192_2'.
INFO: [HLS 200-1470] Pipelining result : Target II = 1, Final II = 1, Depth = 1, loop 'VITIS_LOOP_192_2'
INFO: [SCHED 204-11] Finished scheduling.
INFO: [HLS 200-111] Finished Scheduling: CPU user time: 3 seconds. CPU system time: 0 seconds. Elapsed time: 2.489 seconds; current allocated memory: 1.896 GB.
INFO: [BIND 205-100] Starting micro-architecture generation ...
INFO: [BIND 205-101] Performing variable lifetime analysis.
INFO: [BIND 205-101] Exploring resource sharing.
INFO: [BIND 205-101] Binding ...
INFO: [BIND 205-100] Finished micro-architecture generation.
INFO: [HLS 200-111] Finished Binding: CPU user time: 0 seconds. CPU system time: 0 seconds. Elapsed time: 0.246 seconds; current allocated memory: 1.896 GB.
INFO: [HLS 200-10] ----------------------------------------------------------------
INFO: [HLS 200-42] -- Implementing module 'vector_sum' 
INFO: [HLS 200-10] ----------------------------------------------------------------
INFO: [SCHED 204-11] Starting scheduling ...
INFO: [SCHED 204-11] Finished scheduling.
INFO: [HLS 200-111] Finished Scheduling: CPU user time: 0 seconds. CPU system time: 0 seconds. Elapsed time: 0.243 seconds; current allocated memory: 1.896 GB.
INFO: [BIND 205-100] Starting micro-architecture generation ...
INFO: [BIND 205-101] Performing variable lifetime analysis.
INFO: [BIND 205-101] Exploring resource sharing.
INFO: [BIND 205-101] Binding ...
INFO: [BIND 205-100] Finished micro-architecture generation.
INFO: [HLS 200-111] Finished Binding: CPU user time: 0 seconds. CPU system time: 0 seconds. Elapsed time: 0.145 seconds; current allocated memory: 1.896 GB.
INFO: [HLS 200-10] ----------------------------------------------------------------
INFO: [HLS 200-42] -- Implementing module 'matrix_sum_prod' 
INFO: [HLS 200-10] ----------------------------------------------------------------
INFO: [SCHED 204-11] Starting scheduling ...
INFO: [SCHED 204-11] Finished scheduling.
INFO: [HLS 200-111] Finished Scheduling: CPU user time: 5 seconds. CPU system time: 0 seconds. Elapsed time: 5.206 seconds; current allocated memory: 1.939 GB.
INFO: [BIND 205-100] Starting micro-architecture generation ...
INFO: [BIND 205-101] Performing variable lifetime analysis.
INFO: [BIND 205-101] Exploring resource sharing.
INFO: [BIND 205-101] Binding ...
INFO: [BIND 205-100] Finished micro-architecture generation.
INFO: [HLS 200-111] Finished Binding: CPU user time: 9 seconds. CPU system time: 0 seconds. Elapsed time: 8.473 seconds; current allocated memory: 1.954 GB.
INFO: [HLS 200-10] ----------------------------------------------------------------
INFO: [HLS 200-42] -- Implementing module 'post_process' 
INFO: [HLS 200-10] ----------------------------------------------------------------
INFO: [SCHED 204-11] Starting scheduling ...
INFO: [SCHED 204-61] Pipelining function 'post_process'.
INFO: [HLS 200-1470] Pipelining result : Target II = 1, Final II = 1, Depth = 19, function 'post_process'
INFO: [SCHED 204-11] Finished scheduling.
INFO: [HLS 200-111] Finished Scheduling: CPU user time: 2 seconds. CPU system time: 0 seconds. Elapsed time: 2.442 seconds; current allocated memory: 1.958 GB.
INFO: [BIND 205-100] Starting micro-architecture generation ...
INFO: [BIND 205-101] Performing variable lifetime analysis.
INFO: [BIND 205-101] Exploring resource sharing.
INFO: [BIND 205-101] Binding ...
INFO: [BIND 205-100] Finished micro-architecture generation.
INFO: [HLS 200-111] Finished Binding: CPU user time: 0 seconds. CPU system time: 0 seconds. Elapsed time: 0.132 seconds; current allocated memory: 1.958 GB.
INFO: [HLS 200-10] ----------------------------------------------------------------
INFO: [HLS 200-42] -- Implementing module 'dataflow_in_loop_VITIS_LOOP_243_1_1' 
INFO: [HLS 200-10] ----------------------------------------------------------------
INFO: [SCHED 204-11] Starting scheduling ...
WARNING: [HLS 200-871] Estimated clock period (8.275 ns) exceeds the target (target clock period: 10.000 ns, clock uncertainty: 2.700 ns, effective delay budget: 7.300 ns).
Resolution: For help on HLS 200-871 see docs.xilinx.com/access/sources/dita/topic?Doc_Version=2024.2%20English&url=ug1448-hls-guidance&resourceid=200-871.html
WARNING: [HLS 200-1016] The critical path in module 'dataflow_in_loop_VITIS_LOOP_243_1_1' consists of the following:
	'call' operation 64 bit ('call_ret', ../image_analysis.cpp:264) to 'matrix_sum_prod' [1964]  (6.437 ns)
	'call' operation 0 bit ('_ln265', ../image_analysis.cpp:265) to 'post_process' [1967]  (1.838 ns)

Resolution: For help on HLS 200-1016 see docs.xilinx.com/access/sources/dita/topic?Doc_Version=2024.2%20English&url=ug1448-hls-guidance&resourceid=200-1016.html
INFO: [SCHED 204-11] Finished scheduling.
WARNING: [HLS 200-1020] Increasing the depth of FIFO p_loc_channel (from dataflow_in_loop_VITIS_LOOP_243_1_1_Block_newFuncRoot_proc_U0 to post_process_U0) to 4 to improve performance and/or avoid deadlocks.
WARNING: [HLS 200-1020] Increasing the depth of FIFO curr_imageProjs (from Image_extract_U0 to post_process_U0) to 3 to improve performance and/or avoid deadlocks.
INFO: [HLS 200-111] Finished Scheduling: CPU user time: 2 seconds. CPU system time: 0 seconds. Elapsed time: 2.685 seconds; current allocated memory: 1.969 GB.
INFO: [BIND 205-100] Starting micro-architecture generation ...
INFO: [BIND 205-101] Performing variable lifetime analysis.
INFO: [BIND 205-101] Exploring resource sharing.
INFO: [BIND 205-101] Binding ...
INFO: [BIND 205-100] Finished micro-architecture generation.
INFO: [HLS 200-111] Finished Binding: CPU user time: 3 seconds. CPU system time: 0 seconds. Elapsed time: 2.63 seconds; current allocated memory: 1.971 GB.
INFO: [HLS 200-10] ----------------------------------------------------------------
INFO: [HLS 200-42] -- Implementing module 'reconstruct' 
INFO: [HLS 200-10] ----------------------------------------------------------------
INFO: [SCHED 204-11] Starting scheduling ...
INFO: [SCHED 204-11] Finished scheduling.
INFO: [HLS 200-111] Finished Scheduling: CPU user time: 2 seconds. CPU system time: 0 seconds. Elapsed time: 2.406 seconds; current allocated memory: 1.973 GB.
INFO: [BIND 205-100] Starting micro-architecture generation ...
INFO: [BIND 205-101] Performing variable lifetime analysis.
INFO: [BIND 205-101] Exploring resource sharing.
INFO: [BIND 205-101] Binding ...
INFO: [BIND 205-100] Finished micro-architecture generation.
INFO: [HLS 200-111] Finished Binding: CPU user time: 0 seconds. CPU system time: 0 seconds. Elapsed time: 0.428 seconds; current allocated memory: 1.973 GB.
INFO: [HLS 200-10] ----------------------------------------------------------------
INFO: [HLS 200-10] -- Generating RTL for module 'dataflow_in_loop_VITIS_LOOP_243_1_1_Block_newFuncRoot_proc' 
INFO: [HLS 200-10] ----------------------------------------------------------------
INFO: [RTGEN 206-100] Finished creating RTL model for 'dataflow_in_loop_VITIS_LOOP_243_1_1_Block_newFuncRoot_proc'.
INFO: [HLS 200-111] Finished Creating RTL model: CPU user time: 1 seconds. CPU system time: 0 seconds. Elapsed time: 0.902 seconds; current allocated memory: 1.974 GB.
INFO: [HLS 200-10] ----------------------------------------------------------------
INFO: [HLS 200-10] -- Generating RTL for module 'getLocalImages_single' 
INFO: [HLS 200-10] ----------------------------------------------------------------
INFO: [RTGEN 206-100] Generating core module 'fmul_32ns_32ns_32_3_max_dsp_1': 2 instance(s).
INFO: [RTGEN 206-100] Generating core module 'fsub_32ns_32ns_32_4_full_dsp_1': 2 instance(s).
INFO: [RTGEN 206-100] Generating core module 'sitofp_32ns_32_4_no_dsp_1': 2 instance(s).
INFO: [RTGEN 206-100] Generating core module 'sparsemux_7_2_32_1_1': 4 instance(s).
INFO: [RTGEN 206-100] Finished creating RTL model for 'getLocalImages_single'.
INFO: [HLS 200-2168] Implementing memory 'reconstruct_getLocalImages_single_mask_table_ROM_AUTO_1R' using auto ROMs with 2 copies to ensure enough ports to satisfy II or latency constraints.
INFO: [HLS 200-2168] Implementing memory 'reconstruct_getLocalImages_single_one_half_table_ROM_AUTO_1R' using auto ROMs with 2 copies to ensure enough ports to satisfy II or latency constraints.
INFO: [HLS 200-111] Finished Creating RTL model: CPU user time: 0 seconds. CPU system time: 0 seconds. Elapsed time: 0.661 seconds; current allocated memory: 1.977 GB.
INFO: [HLS 200-10] ----------------------------------------------------------------
INFO: [HLS 200-10] -- Generating RTL for module 'Image_extract_Pipeline_VITIS_LOOP_81_1' 
INFO: [HLS 200-10] ----------------------------------------------------------------
INFO: [HLS 200-1030] Apply Unified Pipeline Control on module 'Image_extract_Pipeline_VITIS_LOOP_81_1' pipeline 'VITIS_LOOP_81_1' pipeline type 'loop pipeline'
WARNING: [RTGEN 206-101] Setting dangling out port 'Image_extract_Pipeline_VITIS_LOOP_81_1/m_axi_imageProjs_local_0_ARVALID' to 0.
WARNING: [RTGEN 206-101] Setting dangling out port 'Image_extract_Pipeline_VITIS_LOOP_81_1/m_axi_imageProjs_local_0_ARADDR' to 0.
WARNING: [RTGEN 206-101] Setting dangling out port 'Image_extract_Pipeline_VITIS_LOOP_81_1/m_axi_imageProjs_local_0_ARID' to 0.
WARNING: [RTGEN 206-101] Setting dangling out port 'Image_extract_Pipeline_VITIS_LOOP_81_1/m_axi_imageProjs_local_0_ARLEN' to 0.
WARNING: [RTGEN 206-101] Setting dangling out port 'Image_extract_Pipeline_VITIS_LOOP_81_1/m_axi_imageProjs_local_0_ARSIZE' to 0.
WARNING: [RTGEN 206-101] Setting dangling out port 'Image_extract_Pipeline_VITIS_LOOP_81_1/m_axi_imageProjs_local_0_ARBURST' to 0.
WARNING: [RTGEN 206-101] Setting dangling out port 'Image_extract_Pipeline_VITIS_LOOP_81_1/m_axi_imageProjs_local_0_ARLOCK' to 0.
WARNING: [RTGEN 206-101] Setting dangling out port 'Image_extract_Pipeline_VITIS_LOOP_81_1/m_axi_imageProjs_local_0_ARCACHE' to 0.
WARNING: [RTGEN 206-101] Setting dangling out port 'Image_extract_Pipeline_VITIS_LOOP_81_1/m_axi_imageProjs_local_0_ARPROT' to 0.
WARNING: [RTGEN 206-101] Setting dangling out port 'Image_extract_Pipeline_VITIS_LOOP_81_1/m_axi_imageProjs_local_0_ARQOS' to 0.
WARNING: [RTGEN 206-101] Setting dangling out port 'Image_extract_Pipeline_VITIS_LOOP_81_1/m_axi_imageProjs_local_0_ARREGION' to 0.
WARNING: [RTGEN 206-101] Setting dangling out port 'Image_extract_Pipeline_VITIS_LOOP_81_1/m_axi_imageProjs_local_0_ARUSER' to 0.
INFO: [RTGEN 206-104] Estimated max fanout for 'Image_extract_Pipeline_VITIS_LOOP_81_1' is 60512 from HDL expression: ((1'b1 == ap_CS_fsm_pp0_stage6) & (1'b0 == ap_block_pp0_stage6_01001_grp0) & (1'b0 == ap_block_pp0_stage6_subdone_grp0_done_reg) & (ap_loop_exit_ready_pp0_iter1_reg == 1'b1) & (icmp_ln81_reg_56381_pp0_iter1_reg == 1'd1))
INFO: [RTGEN 206-100] Finished creating RTL model for 'Image_extract_Pipeline_VITIS_LOOP_81_1'.
INFO: [HLS 200-111] Finished Creating RTL model: CPU user time: 9 seconds. CPU system time: 0 seconds. Elapsed time: 8.736 seconds; current allocated memory: 2.043 GB.
INFO: [HLS 200-10] ----------------------------------------------------------------
INFO: [HLS 200-10] -- Generating RTL for module 'Image_extract' 
INFO: [HLS 200-10] ----------------------------------------------------------------
