  **** HLS Build v2024.2 5238294
INFO: [HLS 200-2005] Using work_dir F:/LMU/quantumMA/opimization/reconstructv1maxi/hls_component/reconstruct 
INFO: [HLS 200-1505] Using default flow_target 'vivado'
Resolution: For help on HLS 200-1505 see docs.xilinx.com/access/sources/dita/topic?Doc_Version=2024.2%20English&url=ug1448-hls-guidance&resourceid=200-1505.html
INFO: [HLS 200-1465] Applying ini 'syn.file=F:/LMU/quantumMA/opimization/reconstructv1maxi/image_analysis.cpp' from F:/LMU/quantumMA/opimization/reconstructv1maxi/hls_component/hls_config.cfg(13)
INFO: [HLS 200-10] Adding design file 'F:/LMU/quantumMA/opimization/reconstructv1maxi/image_analysis.cpp' to the project
INFO: [HLS 200-1465] Applying ini 'syn.file=F:/LMU/quantumMA/opimization/reconstructv1maxi/image_analysis.hpp' from F:/LMU/quantumMA/opimization/reconstructv1maxi/hls_component/hls_config.cfg(14)
INFO: [HLS 200-10] Adding design file 'F:/LMU/quantumMA/opimization/reconstructv1maxi/image_analysis.hpp' to the project
INFO: [HLS 200-1465] Applying ini 'tb.file=F:/LMU/quantumMA/naia/reconstructv1/imagTransform/restoutput.txt' from F:/LMU/quantumMA/opimization/reconstructv1maxi/hls_component/hls_config.cfg(8)
INFO: [HLS 200-10] Adding test bench file 'F:/LMU/quantumMA/naia/reconstructv1/imagTransform/restoutput.txt' to the project
INFO: [HLS 200-1465] Applying ini 'tb.file=F:/LMU/quantumMA/naia/reconstructv1/imagTransform/fullImage_output.txt' from F:/LMU/quantumMA/opimization/reconstructv1maxi/hls_component/hls_config.cfg(9)
INFO: [HLS 200-10] Adding test bench file 'F:/LMU/quantumMA/naia/reconstructv1/imagTransform/fullImage_output.txt' to the project
INFO: [HLS 200-1465] Applying ini 'tb.file=F:/LMU/quantumMA/opimization/reconstructv1maxi/test.cpp' from F:/LMU/quantumMA/opimization/reconstructv1maxi/hls_component/hls_config.cfg(10)
INFO: [HLS 200-10] Adding test bench file 'F:/LMU/quantumMA/opimization/reconstructv1maxi/test.cpp' to the project
INFO: [HLS 200-1465] Applying ini 'syn.top=reconstruct' from F:/LMU/quantumMA/opimization/reconstructv1maxi/hls_component/hls_config.cfg(7)
INFO: [HLS 200-1465] Applying ini 'flow_target=vivado' from F:/LMU/quantumMA/opimization/reconstructv1maxi/hls_component/hls_config.cfg(4)
INFO: [HLS 200-1505] Using flow_target 'vivado'
Resolution: For help on HLS 200-1505 see docs.xilinx.com/access/sources/dita/topic?Doc_Version=2024.2%20English&url=ug1448-hls-guidance&resourceid=200-1505.html
INFO: [HLS 200-1465] Applying ini 'part=xczu7ev-ffvc1156-2-e' from F:/LMU/quantumMA/opimization/reconstructv1maxi/hls_component/hls_config.cfg(1)
INFO: [HLS 200-1611] Setting target device to 'xczu7ev-ffvc1156-2-e'
INFO: [HLS 200-1465] Applying ini 'csim.clean=1' from F:/LMU/quantumMA/opimization/reconstructv1maxi/hls_component/hls_config.cfg(11)
INFO: [HLS 200-1465] Applying ini 'csim.code_analyzer=1' from F:/LMU/quantumMA/opimization/reconstructv1maxi/hls_component/hls_config.cfg(12)
INFO: [HLS 200-1465] Applying ini 'package.output.format=ip_catalog' from F:/LMU/quantumMA/opimization/reconstructv1maxi/hls_component/hls_config.cfg(5)
INFO: [SIM 211-200] Executing Code Analyzer instead of classic HLS C simulation
INFO: [SIM 211-200] Cleaning
slxcmd:0:0: info: [ Cleaned build and execution files ]
INFO: [HLS 211-200] Compiling source code ../image_analysis.cpp as hardware code with instrumentation
INFO: [HLS 211-200] Compiling source code F:/LMU/quantumMA/opimization/reconstructv1maxi/test.cpp as test bench code with instrumentation
INFO: [HLS 211-200] Compiling source code ../image_analysis.cpp as test bench code with instrumentation
../image_analysis.cpp:251:39: warning: The 'enable_flush' option of the 'HLS pipeline' directive or pragma is deprecated, use style=flp instead [-Wignored-hls-pragmas]
#pragma HLS PIPELINE II=1 enable_flush
                                      ^
../image_analysis.cpp:391:98: warning: unexpected pragma parameter 'storage_type' [-Winvalid-hls-pragmas]
#pragma HLS INTERFACE port=atomLocations mode=m_axi bundle=atomLocations depth=1000 storage_type=RAM_2P // 
                                                                                                 ^
2 warnings generated.
../image_analysis.cpp:251:39: warning: The 'enable_flush' option of the 'HLS pipeline' directive or pragma is deprecated, use style=flp instead [-Wignored-hls-pragmas]
#pragma HLS PIPELINE II=1 enable_flush
                                      ^
../image_analysis.cpp:391:98: warning: unexpected pragma parameter 'storage_type' [-Winvalid-hls-pragmas]
#pragma HLS INTERFACE port=atomLocations mode=m_axi bundle=atomLocations depth=1000 storage_type=RAM_2P // 
                                                                                                 ^
2 warnings generated.
INFO: [HLS 211-200] Linking hardware code
INFO: [HLS 211-200] Transforming hardware bitcode
INFO: [HLS 211-200] Linking executable
INFO: [HLS 211-200] Computing HLS IR Information
INFO: [HLS 211-200] Determining source code dependencies
INFO: [SIM 211-200] Running executable
sum 22412.6 projSumUsed 112.119
sum 23723.3 projSumUsed 112.119
sum 23655.2 projSumUsed 112.119
sum 22505 projSumUsed 112.119
sum 22475.2 projSumUsed 112.119
sum 23620.4 projSumUsed 112.119
sum 24036 projSumUsed 112.119
sum 22500.6 projSumUsed 112.119
sum 23844.3 projSumUsed 112.119
sum 22389.7 projSumUsed 112.119
sum 23729.2 projSumUsed 112.119
sum 22538.5 projSumUsed 112.119
sum 22511.8 projSumUsed 112.119
sum 23726.1 projSumUsed 112.119
sum 22535.4 projSumUsed 112.119
sum 22506.3 projSumUsed 112.119
sum 22618.2 projSumUsed 112.119
sum 23830.8 projSumUsed 112.119
sum 22542 projSumUsed 112.119
sum 23485.8 projSumUsed 112.119
sum 23887.4 projSumUsed 112.119
sum 22479 projSumUsed 112.119
sum 22601.9 projSumUsed 112.119
sum 23802.4 projSumUsed 112.119
sum 22513.5 projSumUsed 112.119
sum 22438.9 projSumUsed 112.119
sum 22508.8 projSumUsed 112.119
sum 23985 projSumUsed 112.119
sum 23749.4 projSumUsed 112.119
sum 24145.9 projSumUsed 112.119
sum 22507.7 projSumUsed 112.119
sum 23786.7 projSumUsed 112.119
sum 23870.3 projSumUsed 112.119
sum 23508.4 projSumUsed 112.119
sum 23894.8 projSumUsed 112.119
sum 22542.4 projSumUsed 112.119
sum 23740.4 projSumUsed 112.119
sum 22609.3 projSumUsed 112.119
sum 23763.4 projSumUsed 112.119
sum 22619.6 projSumUsed 112.119
sum 22471.3 projSumUsed 112.119
sum 22564.9 projSumUsed 112.119
sum 23694.3 projSumUsed 112.119
sum 22635.3 projSumUsed 112.119
sum 23486.4 projSumUsed 112.119
sum 22538.6 projSumUsed 112.119
sum 23859.1 projSumUsed 112.119
sum 22587.6 projSumUsed 112.119
sum 23648.5 projSumUsed 112.119
sum 23826.5 projSumUsed 112.119
sum 22507.8 projSumUsed 112.119
sum 23772.4 projSumUsed 112.119
sum 23535.8 projSumUsed 112.119
sum 23998.5 projSumUsed 112.119
sum 23787.1 projSumUsed 112.119
sum 23663.9 projSumUsed 112.119
sum 22544.5 projSumUsed 112.119
sum 24008.7 projSumUsed 112.119
sum 22513.7 projSumUsed 112.119
sum 22490.9 projSumUsed 112.119
sum 23785.6 projSumUsed 112.119
sum 22628.8 projSumUsed 112.119
sum 24016.2 projSumUsed 112.119
sum 24044 projSumUsed 112.119
sum 23727 projSumUsed 112.119
sum 22671 projSumUsed 112.119
sum 23893.7 projSumUsed 112.119
sum 22482.3 projSumUsed 112.119
sum 23806.4 projSumUsed 112.119
sum 23932.3 projSumUsed 112.119
sum 23883.8 projSumUsed 112.119
sum 22566.8 projSumUsed 112.119
sum 23864.3 projSumUsed 112.119
sum 23954.7 projSumUsed 112.119
sum 23666.5 projSumUsed 112.119
sum 23731.3 projSumUsed 112.119
sum 22471.8 projSumUsed 112.119
sum 22512.8 projSumUsed 112.119
sum 23659.3 projSumUsed 112.119
sum 23742 projSumUsed 112.119
sum 22430.6 projSumUsed 112.119
sum 22507 projSumUsed 112.119
sum 22531.5 projSumUsed 112.119
sum 23747.8 projSumUsed 112.119
sum 22572.4 projSumUsed 112.119
sum 22505.7 projSumUsed 112.119
sum 23920.7 projSumUsed 112.119
sum 23634.6 projSumUsed 112.119
sum 22479.7 projSumUsed 112.119
sum 22367.8 projSumUsed 112.119
sum 24044.8 projSumUsed 112.119
sum 23735.5 projSumUsed 112.119
sum 22464.5 projSumUsed 112.119
sum 22476.8 projSumUsed 112.119
sum 23903.6 projSumUsed 112.119
sum 23616.5 projSumUsed 112.119
sum 23743.9 projSumUsed 112.119
sum 22570.8 projSumUsed 112.119
sum 23468.5 projSumUsed 112.119
sum 22435.2 projSumUsed 112.119
emissions: 22412.6|23723.3|23655.3|22505.1|22475.3|23620.5|24036.1|22500.7|23844.4|22389.7|23729.3|22538.6|22511.9|23726.1|22535.5|22506.3|22618.2|23830.8|22542|23485.8|23887.5|22479|22601.9|23802.4|22513.6|22439|22508.8|23985.1|23749.4|24145.9|22507.8|23786.8|23870.3|23508.4|23894.9|22542.5|23740.5|22609.4|23763.5|22619.6|22471.4|22565|23694.3|22635.4|23486.5|22538.7|23859.1|22587.7|23648.5|23826.5|22507.8|23772.5|23535.9|23998.6|23787.2|23663.9|22544.6|24008.8|22513.8|22490.9|23785.7|22628.9|24016.3|24044|23727.1|22671.1|23893.7|22482.3|23806.5|23932.4|23883.9|22566.8|23864.4|23954.7|23666.6|23731.4|22471.9|22512.8|23659.4|23742.1|22430.6|22507.1|22531.6|23747.9|22572.5|22505.7|23920.7|23634.7|22479.8|22367.9|24044.9|23735.6|22464.6|22476.9|23903.7|23616.6|23744|22570.8|23468.5|22435.2|
INFO: [SIM 211-200] Analyzing trace data
INFO: [SIM 211-208] Running Code Analyzer
WARNING: [HLS 211-200] Code Analyzer will not display the impact of 'pipeline' (F:\LMU\quantumMA\opimization\reconstructv1maxi\image_analysis.cpp:251:1) as the pipelined function is not the top-level hardware function
WARNING: [SIM 211-200] F:/LMU/quantumMA/opimization/reconstructv1maxi/hls_component\../image_analysis.cpp:276:13: the dynamic loop had a trip count of min=31 max=31 during C simulation. (#pragma HLS loop_tripcount min=31 max=31)
WARNING: [SIM 211-200] F:/LMU/quantumMA/opimization/reconstructv1maxi/hls_component\../image_analysis.cpp:278:17: the dynamic loop had a trip count of min=31 max=31 during C simulation. (#pragma HLS loop_tripcount min=31 max=31)
INFO: [SIM 211-210] Code Analyzer finished
INFO: [HLS 200-112] Total CPU user time: 10 seconds. Total CPU system time: 2 seconds. Total elapsed time: 42.228 seconds; peak allocated memory: 619.402 MB.
INFO: [vitis-run 60-791] Total elapsed time: 0h 0m 51s
