  **** HLS Build v2024.2 5238294
INFO: [HLS 200-2005] Using work_dir F:/LMU/quantumMA/opimization/reconstructv1maxi/hls_component/reconstruct 
INFO: [HLS 200-1505] Using default flow_target 'vivado'
Resolution: For help on HLS 200-1505 see docs.xilinx.com/access/sources/dita/topic?Doc_Version=2024.2%20English&url=ug1448-hls-guidance&resourceid=200-1505.html
INFO: [HLS 200-1465] Applying ini 'syn.file=F:/LMU/quantumMA/opimization/reconstructv1maxi/image_analysis.cpp' from F:/LMU/quantumMA/opimization/reconstructv1maxi/hls_component/hls_config.cfg(13)
INFO: [HLS 200-10] Adding design file 'F:/LMU/quantumMA/opimization/reconstructv1maxi/image_analysis.cpp' to the project
INFO: [HLS 200-1465] Applying ini 'syn.file=F:/LMU/quantumMA/opimization/reconstructv1maxi/image_analysis.hpp' from F:/LMU/quantumMA/opimization/reconstructv1maxi/hls_component/hls_config.cfg(14)
INFO: [HLS 200-10] Adding design file 'F:/LMU/quantumMA/opimization/reconstructv1maxi/image_analysis.hpp' to the project
INFO: [HLS 200-1465] Applying ini 'tb.file=F:/LMU/quantumMA/naia/reconstructv1/imagTransform/restoutput.txt' from F:/LMU/quantumMA/opimization/reconstructv1maxi/hls_component/hls_config.cfg(8)
INFO: [HLS 200-10] Adding test bench file 'F:/LMU/quantumMA/naia/reconstructv1/imagTransform/restoutput.txt' to the project
INFO: [HLS 200-1465] Applying ini 'tb.file=F:/LMU/quantumMA/naia/reconstructv1/imagTransform/fullImage_output.txt' from F:/LMU/quantumMA/opimization/reconstructv1maxi/hls_component/hls_config.cfg(9)
INFO: [HLS 200-10] Adding test bench file 'F:/LMU/quantumMA/naia/reconstructv1/imagTransform/fullImage_output.txt' to the project
INFO: [HLS 200-1465] Applying ini 'tb.file=F:/LMU/quantumMA/opimization/reconstructv1maxi/test.cpp' from F:/LMU/quantumMA/opimization/reconstructv1maxi/hls_component/hls_config.cfg(10)
INFO: [HLS 200-10] Adding test bench file 'F:/LMU/quantumMA/opimization/reconstructv1maxi/test.cpp' to the project
INFO: [HLS 200-1465] Applying ini 'syn.top=reconstruct' from F:/LMU/quantumMA/opimization/reconstructv1maxi/hls_component/hls_config.cfg(7)
INFO: [HLS 200-1465] Applying ini 'flow_target=vivado' from F:/LMU/quantumMA/opimization/reconstructv1maxi/hls_component/hls_config.cfg(4)
INFO: [HLS 200-1505] Using flow_target 'vivado'
Resolution: For help on HLS 200-1505 see docs.xilinx.com/access/sources/dita/topic?Doc_Version=2024.2%20English&url=ug1448-hls-guidance&resourceid=200-1505.html
INFO: [HLS 200-1465] Applying ini 'part=xc7z020clg400-1' from F:/LMU/quantumMA/opimization/reconstructv1maxi/hls_component/hls_config.cfg(1)
INFO: [HLS 200-1611] Setting target device to 'xc7z020-clg400-1'
INFO: [HLS 200-1465] Applying ini 'csim.clean=1' from F:/LMU/quantumMA/opimization/reconstructv1maxi/hls_component/hls_config.cfg(11)
INFO: [HLS 200-1465] Applying ini 'csim.code_analyzer=1' from F:/LMU/quantumMA/opimization/reconstructv1maxi/hls_component/hls_config.cfg(12)
INFO: [HLS 200-1465] Applying ini 'package.output.format=ip_catalog' from F:/LMU/quantumMA/opimization/reconstructv1maxi/hls_component/hls_config.cfg(5)
INFO: [HLS 200-111] Finished File checks and directory preparation: CPU user time: 5 seconds. CPU system time: 1 seconds. Elapsed time: 5.885 seconds; current allocated memory: 620.250 MB.
INFO: [HLS 200-10] Analyzing design file '../image_analysis.cpp' ... 
WARNING: [HLS 207-5569] unexpected pragma parameter 'storage_type' (../image_analysis.cpp:193:98)
INFO: [HLS 200-111] Finished Source Code Analysis and Preprocessing: CPU user time: 1 seconds. CPU system time: 0 seconds. Elapsed time: 4.659 seconds; current allocated memory: 622.832 MB.
INFO: [HLS 200-777] Using interface defaults for 'Vivado' flow target.
INFO: [HLS 200-1995] There were 19,357 instructions in the design after the 'Compile/Link' phase of compilation. See the Design Size Report for more details: F:/LMU/quantumMA/opimization/reconstructv1maxi/hls_component/reconstruct/hls/syn/report/csynth_design_size.rpt
INFO: [HLS 200-1995] There were 5,569 instructions in the design after the 'Unroll/Inline (step 1)' phase of compilation. See the Design Size Report for more details: F:/LMU/quantumMA/opimization/reconstructv1maxi/hls_component/reconstruct/hls/syn/report/csynth_design_size.rpt
INFO: [HLS 200-1995] There were 3,566 instructions in the design after the 'Unroll/Inline (step 2)' phase of compilation. See the Design Size Report for more details: F:/LMU/quantumMA/opimization/reconstructv1maxi/hls_component/reconstruct/hls/syn/report/csynth_design_size.rpt
INFO: [HLS 200-1995] There were 3,571 instructions in the design after the 'Unroll/Inline (step 3)' phase of compilation. See the Design Size Report for more details: F:/LMU/quantumMA/opimization/reconstructv1maxi/hls_component/reconstruct/hls/syn/report/csynth_design_size.rpt
INFO: [HLS 200-1995] There were 1,502 instructions in the design after the 'Unroll/Inline (step 4)' phase of compilation. See the Design Size Report for more details: F:/LMU/quantumMA/opimization/reconstructv1maxi/hls_component/reconstruct/hls/syn/report/csynth_design_size.rpt
INFO: [HLS 200-1995] There were 5,544 instructions in the design after the 'Array/Struct' phase of compilation. See the Design Size Report for more details: F:/LMU/quantumMA/opimization/reconstructv1maxi/hls_component/reconstruct/hls/syn/report/csynth_design_size.rpt
INFO: [HLS 200-1995] There were 4,578 instructions in the design after the 'Array/Struct (step 2)' phase of compilation. See the Design Size Report for more details: F:/LMU/quantumMA/opimization/reconstructv1maxi/hls_component/reconstruct/hls/syn/report/csynth_design_size.rpt
INFO: [HLS 200-1995] There were 4,607 instructions in the design after the 'Array/Struct (step 3)' phase of compilation. See the Design Size Report for more details: F:/LMU/quantumMA/opimization/reconstructv1maxi/hls_component/reconstruct/hls/syn/report/csynth_design_size.rpt
INFO: [HLS 200-1995] There were 4,757 instructions in the design after the 'Array/Struct (step 4)' phase of compilation. See the Design Size Report for more details: F:/LMU/quantumMA/opimization/reconstructv1maxi/hls_component/reconstruct/hls/syn/report/csynth_design_size.rpt
INFO: [HLS 200-1995] There were 5,762 instructions in the design after the 'Array/Struct (step 5)' phase of compilation. See the Design Size Report for more details: F:/LMU/quantumMA/opimization/reconstructv1maxi/hls_component/reconstruct/hls/syn/report/csynth_design_size.rpt
INFO: [HLS 200-1995] There were 5,762 instructions in the design after the 'Performance (step 1)' phase of compilation. See the Design Size Report for more details: F:/LMU/quantumMA/opimization/reconstructv1maxi/hls_component/reconstruct/hls/syn/report/csynth_design_size.rpt
INFO: [HLS 200-1995] There were 5,507 instructions in the design after the 'Performance (step 2)' phase of compilation. See the Design Size Report for more details: F:/LMU/quantumMA/opimization/reconstructv1maxi/hls_component/reconstruct/hls/syn/report/csynth_design_size.rpt
INFO: [HLS 200-1995] There were 4,752 instructions in the design after the 'Performance (step 3)' phase of compilation. See the Design Size Report for more details: F:/LMU/quantumMA/opimization/reconstructv1maxi/hls_component/reconstruct/hls/syn/report/csynth_design_size.rpt
INFO: [HLS 200-1995] There were 4,752 instructions in the design after the 'Performance (step 4)' phase of compilation. See the Design Size Report for more details: F:/LMU/quantumMA/opimization/reconstructv1maxi/hls_component/reconstruct/hls/syn/report/csynth_design_size.rpt
INFO: [HLS 200-1995] There were 4,800 instructions in the design after the 'HW Transforms (step 1)' phase of compilation. See the Design Size Report for more details: F:/LMU/quantumMA/opimization/reconstructv1maxi/hls_component/reconstruct/hls/syn/report/csynth_design_size.rpt
INFO: [HLS 200-1995] There were 4,598 instructions in the design after the 'HW Transforms (step 2)' phase of compilation. See the Design Size Report for more details: F:/LMU/quantumMA/opimization/reconstructv1maxi/hls_component/reconstruct/hls/syn/report/csynth_design_size.rpt
INFO: [HLS 214-291] Loop 'VITIS_LOOP_148_2' is marked as complete unroll implied by the pipeline pragma (../image_analysis.cpp:148:27)
INFO: [HLS 214-291] Loop 'VITIS_LOOP_155_3' is marked as complete unroll implied by the pipeline pragma (../image_analysis.cpp:155:31)
INFO: [HLS 214-188] Unrolling loop 'write_loop' (../image_analysis.cpp:91:17) in function 'getLocalImages' partially with a factor of 4 (../image_analysis.cpp:52:0)
INFO: [HLS 214-188] Unrolling loop 'process_loop' (../image_analysis.cpp:68:19) in function 'getLocalImages' partially with a factor of 4 (../image_analysis.cpp:52:0)
INFO: [HLS 214-188] Unrolling loop 'copy_loop' (../image_analysis.cpp:61:13) in function 'getLocalImages' partially with a factor of 4 (../image_analysis.cpp:52:0)
INFO: [HLS 214-178] Inlining function 'fp_struct<double>::data() const (.7.28.38.47.58)' into 'fp_struct<double>::to_double() const (.25.35.44.55)' (C:\scratch\2024.2\hls_product\495\2024.2\src\shared\hls\clib/src/hls\utils/x_hls_utils.h:494:0)
INFO: [HLS 214-178] Inlining function 'fp_struct<double>::to_double() const (.25.35.44.55)' into 'fp_struct<double>::to_ieee() const' (C:\scratch\2024.2\hls_product\495\2024.2\src\shared\hls\clib/src/hls\utils/x_hls_utils.h:509:0)
INFO: [HLS 214-178] Inlining function 'fp_struct<double>::fp_struct(double)' into 'double generic_copysign<double>(double, double)' (C:\scratch\2024.2\hls_product\495\2024.2\src\shared\hls\clib/hlsmath/include/FloatingPoint/hls_copysign.h:10:0)
INFO: [HLS 214-178] Inlining function 'fp_struct<double>::to_ieee() const' into 'double generic_copysign<double>(double, double)' (C:\scratch\2024.2\hls_product\495\2024.2\src\shared\hls\clib/hlsmath/include/FloatingPoint/hls_copysign.h:10:0)
INFO: [HLS 214-178] Inlining function 'fp_struct<double>::fp_struct(double)' into 'double generic_round<double>(double)' (C:\scratch\2024.2\hls_product\495\2024.2\src\shared\hls\clib/hlsmath/include/FloatingPoint\hls_round.h:160:0)
INFO: [HLS 214-178] Inlining function 'double generic_copysign<double>(double, double)' into 'double generic_round<double>(double)' (C:\scratch\2024.2\hls_product\495\2024.2\src\shared\hls\clib/hlsmath/include/FloatingPoint\hls_round.h:160:0)
INFO: [HLS 214-178] Inlining function 'fp_struct<double>::data() const (.7.28.38.47.58)' into 'double generic_round<double>(double)' (C:\scratch\2024.2\hls_product\495\2024.2\src\shared\hls\clib/hlsmath/include/FloatingPoint\hls_round.h:160:0)
INFO: [HLS 214-178] Inlining function 'fp_struct<double>::fp_struct(ap_uint<64>)' into 'double generic_round<double>(double)' (C:\scratch\2024.2\hls_product\495\2024.2\src\shared\hls\clib/hlsmath/include/FloatingPoint\hls_round.h:160:0)
INFO: [HLS 214-178] Inlining function 'fp_struct<double>::to_ieee() const' into 'double generic_round<double>(double)' (C:\scratch\2024.2\hls_product\495\2024.2\src\shared\hls\clib/hlsmath/include/FloatingPoint\hls_round.h:160:0)
INFO: [HLS 214-178] Inlining function 'fp_struct<double>::fp_struct(double)' into 'int generic_cast_IEEE754<int, (ap_q_mode)6, double>(double, bool, hls::enable_if<std::numeric_limits<int>::is_signed, bool>::type)' (C:\scratch\2024.2\hls_product\495\2024.2\src\shared\hls\clib/hlsmath/include/FloatingPoint\hls_case_IEEE754.h:12:0)
INFO: [HLS 214-178] Inlining function 'fp_struct<double>::mantissa() const' into 'int generic_cast_IEEE754<int, (ap_q_mode)6, double>(double, bool, hls::enable_if<std::numeric_limits<int>::is_signed, bool>::type)' (C:\scratch\2024.2\hls_product\495\2024.2\src\shared\hls\clib/hlsmath/include/FloatingPoint\hls_case_IEEE754.h:12:0)
INFO: [HLS 214-178] Inlining function 'fp_struct<double>::expv() const' into 'int generic_cast_IEEE754<int, (ap_q_mode)6, double>(double, bool, hls::enable_if<std::numeric_limits<int>::is_signed, bool>::type)' (C:\scratch\2024.2\hls_product\495\2024.2\src\shared\hls\clib/hlsmath/include/FloatingPoint\hls_case_IEEE754.h:12:0)
INFO: [HLS 214-178] Inlining function 'fp_struct<double>::__signbit() const' into 'int generic_cast_IEEE754<int, (ap_q_mode)6, double>(double, bool, hls::enable_if<std::numeric_limits<int>::is_signed, bool>::type)' (C:\scratch\2024.2\hls_product\495\2024.2\src\shared\hls\clib/hlsmath/include/FloatingPoint\hls_case_IEEE754.h:12:0)
INFO: [HLS 214-178] Inlining function 'int generic_cast_IEEE754<int, (ap_q_mode)6, double>(double, bool, hls::enable_if<std::numeric_limits<int>::is_signed, bool>::type)' into 'int generic_cast_IEEE754<int, double>(double, bool)' (C:\scratch\2024.2\hls_product\495\2024.2\src\shared\hls\clib/hlsmath/include/FloatingPoint\hls_case_IEEE754.h:116:0)
INFO: [HLS 214-178] Inlining function 'int generic_cast_IEEE754<int, double>(double, bool)' into '__hls_fptosi_double_i32' (C:\scratch\2024.2\hls_product\495\2024.2\src\shared\hls\clib\hlsmath\src\lib_floatconversion.cpp:55:0)
INFO: [HLS 214-178] Inlining function 'round' into 'getLocalImages(int, int, int, int, atom_location*, hls::stream<local_image_info, 0>&)' (../image_analysis.cpp:52:0)
INFO: [HLS 214-248] Applying array_partition to 'local_atomLocations.x': Complete partitioning on dimension 1. (../image_analysis.cpp:54:19)
INFO: [HLS 214-248] Applying array_partition to 'local_atomLocations.y': Complete partitioning on dimension 1. (../image_analysis.cpp:54:19)
INFO: [HLS 214-248] Applying array_partition to 'local_image_infos.X_int': Complete partitioning on dimension 1. (../image_analysis.cpp:55:22)
INFO: [HLS 214-248] Applying array_partition to 'local_image_infos.Y_int': Complete partitioning on dimension 1. (../image_analysis.cpp:55:22)
INFO: [HLS 214-248] Applying array_partition to 'local_image_infos.X_min': Complete partitioning on dimension 1. (../image_analysis.cpp:55:22)
INFO: [HLS 214-248] Applying array_partition to 'local_image_infos.Y_min': Complete partitioning on dimension 1. (../image_analysis.cpp:55:22)
INFO: [HLS 214-248] Applying array_partition to 'local_image_infos.X_max': Complete partitioning on dimension 1. (../image_analysis.cpp:55:22)
INFO: [HLS 214-248] Applying array_partition to 'local_image_infos.Y_max': Complete partitioning on dimension 1. (../image_analysis.cpp:55:22)
INFO: [HLS 214-248] Applying array_partition to 'local_image_infos.dx': Complete partitioning on dimension 1. (../image_analysis.cpp:55:22)
INFO: [HLS 214-248] Applying array_partition to 'local_image_infos.dy': Complete partitioning on dimension 1. (../image_analysis.cpp:55:22)
INFO: [HLS 214-241] Aggregating fifo (hls::stream) variable 'localImages' with compact=bit mode in 256-bits (../image_analysis.cpp:214:32)
INFO: [HLS 214-241] Aggregating bram variable 'atomLocations' with compact=bit mode in 128-bits (../image_analysis.cpp:184:0)
INFO: [HLS 214-376] automatically set the pipeline for Loop< copy_loop> at ../image_analysis.cpp:61:13 
INFO: [HLS 214-376] automatically set the pipeline for Loop< process_loop> at ../image_analysis.cpp:68:19 
INFO: [HLS 214-376] automatically set the pipeline for Loop< write_loop> at ../image_analysis.cpp:91:17 
WARNING: [HLS 214-187] Cannot unroll loop 'VITIS_LOOP_148_2' (../image_analysis.cpp:148:27) in function 'applyProjectors' as it has a variable trip count (../image_analysis.cpp:148:27)
WARNING: [HLS 214-187] Cannot unroll loop 'VITIS_LOOP_155_3' (../image_analysis.cpp:155:31) in function 'applyProjectors' as it has a variable trip count (../image_analysis.cpp:155:31)
INFO: [HLS 200-111] Finished Compiling Optimization and Transform: CPU user time: 0 seconds. CPU system time: 0 seconds. Elapsed time: 17.642 seconds; current allocated memory: 626.359 MB.
INFO: [HLS 200-111] Finished Checking Pragmas: CPU user time: 0 seconds. CPU system time: 0 seconds. Elapsed time: 0.002 seconds; current allocated memory: 626.359 MB.
INFO: [HLS 200-10] Starting code transformations ...
INFO: [HLS 200-111] Finished Standard Transforms: CPU user time: 1 seconds. CPU system time: 0 seconds. Elapsed time: 0.754 seconds; current allocated memory: 641.031 MB.
INFO: [HLS 200-10] Checking synthesizability ...
INFO: [HLS 200-111] Finished Checking Synthesizability: CPU user time: 1 seconds. CPU system time: 0 seconds. Elapsed time: 0.789 seconds; current allocated memory: 651.598 MB.
WARNING: [HLS 200-805] An internal stream 'localImages' with default size can result in deadlock. Please consider resizing the stream using the directive 'set_directive_stream' or the 'HLS stream' pragma.
INFO: [XFORM 203-712] Applying dataflow to function 'reconstruct' (../image_analysis.cpp:177:1), detected/extracted 2 process function(s): 
	 'getLocalImages'
	 'applyProjectors'.
INFO: [XFORM 203-401] Performing if-conversion on hyperblock from (C:\scratch\2024.2\hls_product\495\2024.2\src\shared\hls\clib/hlsmath/include/FloatingPoint\hls_round.h:159:19) to (C:\scratch\2024.2\hls_product\495\2024.2\src\shared\hls\clib/hlsmath/include/FloatingPoint\hls_round.h:187:1) in function 'generic_round<double>'... converting 5 basic blocks.
INFO: [HLS 200-111] Finished Loop, function and other optimizations: CPU user time: 2 seconds. CPU system time: 0 seconds. Elapsed time: 2.811 seconds; current allocated memory: 684.074 MB.
WARNING: [HLS 200-1449] Process applyProjectors has both a predecessor and reads an input from its caller (see the GUI dataflow viewer). This may lead to lower throughput. Consider copying this input via a predecessor process.
INFO: [HLS 200-111] Finished Architecture Synthesis: CPU user time: 4 seconds. CPU system time: 1 seconds. Elapsed time: 3.294 seconds; current allocated memory: 783.719 MB.
INFO: [HLS 200-10] Starting hardware synthesis ...
INFO: [HLS 200-10] Synthesizing 'reconstruct' ...
WARNING: [SYN 201-103] Legalizing function name 'generic_round<double>' to 'generic_round_double_s'.
WARNING: [SYN 201-103] Legalizing function name '__hls_fptosi_double_i32' to 'p_hls_fptosi_double_i32'.
INFO: [SYN 201-201] Setting up clock 'default' with a period of 10ns.
WARNING: [SYN 201-107] Renaming port name 'reconstruct/imageProjs_local_size' to 'reconstruct/imageProjs_local_size_r' to avoid the conflict with HDL keywords or other object names.
INFO: [HLS 200-10] ----------------------------------------------------------------
INFO: [HLS 200-42] -- Implementing module 'getLocalImages_Pipeline_copy_loop' 
INFO: [HLS 200-10] ----------------------------------------------------------------
INFO: [SCHED 204-11] Starting scheduling ...
INFO: [SCHED 204-61] Pipelining loop 'copy_loop'.
WARNING: [HLS 200-885] The II Violation in module 'getLocalImages_Pipeline_copy_loop' (loop 'copy_loop'): Unable to schedule 'load' operation 128 bit ('atomLocations_load_1', ../image_analysis.cpp:64) on array 'atomLocations' due to limited memory ports (II = 1). Please consider using a memory core with more ports or partitioning the array 'atomLocations'.
Resolution: For help on HLS 200-885 see docs.xilinx.com/access/sources/dita/topic?Doc_Version=2024.2%20English&url=ug1448-hls-guidance&resourceid=200-885.html
INFO: [HLS 200-1470] Pipelining result : Target II = NA, Final II = 2, Depth = 4, loop 'copy_loop'
INFO: [SCHED 204-11] Finished scheduling.
INFO: [HLS 200-111] Finished Scheduling: CPU user time: 11 seconds. CPU system time: 0 seconds. Elapsed time: 11.646 seconds; current allocated memory: 804.605 MB.
INFO: [BIND 205-100] Starting micro-architecture generation ...
INFO: [BIND 205-101] Performing variable lifetime analysis.
INFO: [BIND 205-101] Exploring resource sharing.
INFO: [BIND 205-101] Binding ...
INFO: [BIND 205-100] Finished micro-architecture generation.
INFO: [HLS 200-111] Finished Binding: CPU user time: 0 seconds. CPU system time: 0 seconds. Elapsed time: 0.355 seconds; current allocated memory: 805.629 MB.
INFO: [HLS 200-10] ----------------------------------------------------------------
INFO: [HLS 200-42] -- Implementing module 'generic_round_double_s' 
INFO: [HLS 200-10] ----------------------------------------------------------------
INFO: [SCHED 204-11] Starting scheduling ...
INFO: [SCHED 204-61] Pipelining function 'generic_round<double>'.
INFO: [HLS 200-1470] Pipelining result : Target II = NA, Final II = 1, Depth = 3, function 'generic_round<double>'
INFO: [SCHED 204-11] Finished scheduling.
INFO: [HLS 200-111] Finished Scheduling: CPU user time: 0 seconds. CPU system time: 0 seconds. Elapsed time: 0.38 seconds; current allocated memory: 805.711 MB.
INFO: [BIND 205-100] Starting micro-architecture generation ...
INFO: [BIND 205-101] Performing variable lifetime analysis.
INFO: [BIND 205-101] Exploring resource sharing.
INFO: [BIND 205-101] Binding ...
INFO: [BIND 205-100] Finished micro-architecture generation.
INFO: [HLS 200-111] Finished Binding: CPU user time: 0 seconds. CPU system time: 0 seconds. Elapsed time: 0.069 seconds; current allocated memory: 805.754 MB.
INFO: [HLS 200-10] ----------------------------------------------------------------
INFO: [HLS 200-42] -- Implementing module 'p_hls_fptosi_double_i32' 
INFO: [HLS 200-10] ----------------------------------------------------------------
INFO: [SCHED 204-11] Starting scheduling ...
INFO: [SCHED 204-61] Pipelining function '__hls_fptosi_double_i32'.
INFO: [HLS 200-1470] Pipelining result : Target II = NA, Final II = 1, Depth = 2, function '__hls_fptosi_double_i32'
INFO: [SCHED 204-11] Finished scheduling.
INFO: [HLS 200-111] Finished Scheduling: CPU user time: 0 seconds. CPU system time: 0 seconds. Elapsed time: 0.095 seconds; current allocated memory: 805.758 MB.
INFO: [BIND 205-100] Starting micro-architecture generation ...
INFO: [BIND 205-101] Performing variable lifetime analysis.
INFO: [BIND 205-101] Exploring resource sharing.
INFO: [BIND 205-101] Binding ...
INFO: [BIND 205-100] Finished micro-architecture generation.
INFO: [HLS 200-111] Finished Binding: CPU user time: 0 seconds. CPU system time: 0 seconds. Elapsed time: 0.078 seconds; current allocated memory: 805.762 MB.
INFO: [HLS 200-10] ----------------------------------------------------------------
INFO: [HLS 200-42] -- Implementing module 'getLocalImages_Pipeline_process_loop' 
INFO: [HLS 200-10] ----------------------------------------------------------------
INFO: [SCHED 204-11] Starting scheduling ...
INFO: [SCHED 204-61] Pipelining loop 'process_loop'.
INFO: [HLS 200-1470] Pipelining result : Target II = NA, Final II = 1, Depth = 32, loop 'process_loop'
INFO: [SCHED 204-11] Finished scheduling.
INFO: [HLS 200-111] Finished Scheduling: CPU user time: 6 seconds. CPU system time: 0 seconds. Elapsed time: 5.428 seconds; current allocated memory: 849.754 MB.
INFO: [BIND 205-100] Starting micro-architecture generation ...
INFO: [BIND 205-101] Performing variable lifetime analysis.
INFO: [BIND 205-101] Exploring resource sharing.
INFO: [BIND 205-101] Binding ...
INFO: [BIND 205-100] Finished micro-architecture generation.
INFO: [HLS 200-111] Finished Binding: CPU user time: 1 seconds. CPU system time: 0 seconds. Elapsed time: 1.922 seconds; current allocated memory: 849.754 MB.
INFO: [HLS 200-10] ----------------------------------------------------------------
INFO: [HLS 200-42] -- Implementing module 'getLocalImages_Pipeline_write_loop' 
INFO: [HLS 200-10] ----------------------------------------------------------------
INFO: [SCHED 204-11] Starting scheduling ...
INFO: [SCHED 204-61] Pipelining loop 'write_loop'.
WARNING: [HLS 200-880] The II Violation in module 'getLocalImages_Pipeline_write_loop' (loop 'write_loop'): Unable to enforce a carried dependence constraint (II = 1, distance = 1, offset = 1) between fifo write operation ('localImages_write_ln94', ../image_analysis.cpp:94) on port 'localImages' (../image_analysis.cpp:94) and fifo write operation ('localImages_write_ln94', ../image_analysis.cpp:94) on port 'localImages' (../image_analysis.cpp:94).
Resolution: For help on HLS 200-880 see docs.xilinx.com/access/sources/dita/topic?Doc_Version=2024.2%20English&url=ug1448-hls-guidance&resourceid=200-880.html
WARNING: [HLS 200-880] The II Violation in module 'getLocalImages_Pipeline_write_loop' (loop 'write_loop'): Unable to enforce a carried dependence constraint (II = 2, distance = 1, offset = 1) between fifo write operation ('localImages_write_ln94', ../image_analysis.cpp:94) on port 'localImages' (../image_analysis.cpp:94) and fifo write operation ('localImages_write_ln94', ../image_analysis.cpp:94) on port 'localImages' (../image_analysis.cpp:94).
Resolution: For help on HLS 200-880 see docs.xilinx.com/access/sources/dita/topic?Doc_Version=2024.2%20English&url=ug1448-hls-guidance&resourceid=200-880.html
WARNING: [HLS 200-880] The II Violation in module 'getLocalImages_Pipeline_write_loop' (loop 'write_loop'): Unable to enforce a carried dependence constraint (II = 3, distance = 1, offset = 1) between fifo write operation ('localImages_write_ln94', ../image_analysis.cpp:94) on port 'localImages' (../image_analysis.cpp:94) and fifo write operation ('localImages_write_ln94', ../image_analysis.cpp:94) on port 'localImages' (../image_analysis.cpp:94).
Resolution: For help on HLS 200-880 see docs.xilinx.com/access/sources/dita/topic?Doc_Version=2024.2%20English&url=ug1448-hls-guidance&resourceid=200-880.html
INFO: [HLS 200-1470] Pipelining result : Target II = NA, Final II = 4, Depth = 5, loop 'write_loop'
INFO: [SCHED 204-11] Finished scheduling.
INFO: [HLS 200-111] Finished Scheduling: CPU user time: 3 seconds. CPU system time: 0 seconds. Elapsed time: 2.521 seconds; current allocated memory: 849.754 MB.
INFO: [BIND 205-100] Starting micro-architecture generation ...
INFO: [BIND 205-101] Performing variable lifetime analysis.
INFO: [BIND 205-101] Exploring resource sharing.
INFO: [BIND 205-101] Binding ...
INFO: [BIND 205-100] Finished micro-architecture generation.
INFO: [HLS 200-111] Finished Binding: CPU user time: 0 seconds. CPU system time: 0 seconds. Elapsed time: 0.365 seconds; current allocated memory: 849.754 MB.
INFO: [HLS 200-10] ----------------------------------------------------------------
INFO: [HLS 200-42] -- Implementing module 'getLocalImages' 
INFO: [HLS 200-10] ----------------------------------------------------------------
INFO: [SCHED 204-11] Starting scheduling ...
INFO: [SCHED 204-11] Finished scheduling.
INFO: [HLS 200-111] Finished Scheduling: CPU user time: 1 seconds. CPU system time: 0 seconds. Elapsed time: 1.011 seconds; current allocated memory: 856.371 MB.
INFO: [BIND 205-100] Starting micro-architecture generation ...
INFO: [BIND 205-101] Performing variable lifetime analysis.
INFO: [BIND 205-101] Exploring resource sharing.
INFO: [BIND 205-101] Binding ...
INFO: [BIND 205-100] Finished micro-architecture generation.
INFO: [HLS 200-111] Finished Binding: CPU user time: 1 seconds. CPU system time: 0 seconds. Elapsed time: 1.05 seconds; current allocated memory: 856.457 MB.
INFO: [HLS 200-10] ----------------------------------------------------------------
INFO: [HLS 200-42] -- Implementing module 'applyProjectors' 
INFO: [HLS 200-10] ----------------------------------------------------------------
INFO: [SCHED 204-11] Starting scheduling ...
WARNING: [SCHED 204-65] Unable to satisfy pipeline directive for loop 'VITIS_LOOP_129_1': contains subloop(s) that are not unrolled or flattened.
INFO: [SCHED 204-11] Finished scheduling.
INFO: [HLS 200-111] Finished Scheduling: CPU user time: 0 seconds. CPU system time: 0 seconds. Elapsed time: 0.775 seconds; current allocated memory: 858.652 MB.
INFO: [BIND 205-100] Starting micro-architecture generation ...
INFO: [BIND 205-101] Performing variable lifetime analysis.
INFO: [BIND 205-101] Exploring resource sharing.
INFO: [BIND 205-101] Binding ...
INFO: [BIND 205-100] Finished micro-architecture generation.
INFO: [HLS 200-111] Finished Binding: CPU user time: 1 seconds. CPU system time: 0 seconds. Elapsed time: 0.128 seconds; current allocated memory: 859.207 MB.
INFO: [HLS 200-10] ----------------------------------------------------------------
INFO: [HLS 200-42] -- Implementing module 'reconstruct' 
INFO: [HLS 200-10] ----------------------------------------------------------------
INFO: [SCHED 204-11] Starting scheduling ...
INFO: [SCHED 204-11] Finished scheduling.
INFO: [HLS 200-111] Finished Scheduling: CPU user time: 0 seconds. CPU system time: 0 seconds. Elapsed time: 0.142 seconds; current allocated memory: 859.355 MB.
INFO: [BIND 205-100] Starting micro-architecture generation ...
INFO: [BIND 205-101] Performing variable lifetime analysis.
INFO: [BIND 205-101] Exploring resource sharing.
INFO: [BIND 205-101] Binding ...
INFO: [BIND 205-100] Finished micro-architecture generation.
INFO: [HLS 200-111] Finished Binding: CPU user time: 0 seconds. CPU system time: 0 seconds. Elapsed time: 0.108 seconds; current allocated memory: 859.977 MB.
INFO: [HLS 200-10] ----------------------------------------------------------------
INFO: [HLS 200-10] -- Generating RTL for module 'getLocalImages_Pipeline_copy_loop' 
INFO: [HLS 200-10] ----------------------------------------------------------------
INFO: [HLS 200-1030] Apply Unified Pipeline Control on module 'getLocalImages_Pipeline_copy_loop' pipeline 'copy_loop' pipeline type 'loop pipeline'
INFO: [RTGEN 206-104] Estimated max fanout for 'getLocalImages_Pipeline_copy_loop' is 12800 from HDL expression: ((1'b0 == ap_block_pp0_stage1_01001) & (ap_loop_exit_ready_pp0_iter1_reg == 1'b1) & (1'b1 == ap_CS_fsm_pp0_stage1) & ((icmp_ln61_reg_8113_pp0_iter1_reg == 1'd0) | ((icmp_ln61_1_reg_8122_pp0_iter1_reg == 1'd0) | ((icmp_ln61_3_reg_8256 == 1'd0) | (icmp_ln61_2_reg_8247 == 1'd0)))))
INFO: [RTGEN 206-100] Finished creating RTL model for 'getLocalImages_Pipeline_copy_loop'.
INFO: [HLS 200-111] Finished Creating RTL model: CPU user time: 1 seconds. CPU system time: 0 seconds. Elapsed time: 1.037 seconds; current allocated memory: 868.395 MB.
INFO: [HLS 200-10] ----------------------------------------------------------------
INFO: [HLS 200-10] -- Generating RTL for module 'generic_round_double_s' 
INFO: [HLS 200-10] ----------------------------------------------------------------
INFO: [HLS 200-1030] Apply Unified Pipeline Control on module 'generic_round_double_s' pipeline 'generic_round<double>' pipeline type 'function pipeline'
INFO: [RTGEN 206-100] Generating core module 'sparsemux_7_2_64_1_1': 1 instance(s).
INFO: [RTGEN 206-100] Finished creating RTL model for 'generic_round_double_s'.
INFO: [RTMG 210-279] Implementing memory 'reconstruct_generic_round_double_s_mask_table_ROM_AUTO_1R' using auto ROMs.
INFO: [RTMG 210-279] Implementing memory 'reconstruct_generic_round_double_s_one_half_table_ROM_AUTO_1R' using auto ROMs.
INFO: [HLS 200-111] Finished Creating RTL model: CPU user time: 1 seconds. CPU system time: 1 seconds. Elapsed time: 1.354 seconds; current allocated memory: 889.453 MB.
INFO: [HLS 200-10] ----------------------------------------------------------------
INFO: [HLS 200-10] -- Generating RTL for module 'p_hls_fptosi_double_i32' 
INFO: [HLS 200-10] ----------------------------------------------------------------
INFO: [HLS 200-1030] Apply Unified Pipeline Control on module 'p_hls_fptosi_double_i32' pipeline '__hls_fptosi_double_i32' pipeline type 'function pipeline'
INFO: [RTGEN 206-100] Finished creating RTL model for 'p_hls_fptosi_double_i32'.
INFO: [HLS 200-111] Finished Creating RTL model: CPU user time: 0 seconds. CPU system time: 0 seconds. Elapsed time: 0.141 seconds; current allocated memory: 889.453 MB.
INFO: [HLS 200-10] ----------------------------------------------------------------
INFO: [HLS 200-10] -- Generating RTL for module 'getLocalImages_Pipeline_process_loop' 
INFO: [HLS 200-10] ----------------------------------------------------------------
INFO: [HLS 200-1030] Apply Unified Pipeline Control on module 'getLocalImages_Pipeline_process_loop' pipeline 'process_loop' pipeline type 'loop pipeline'
INFO: [RTGEN 206-104] Estimated max fanout for 'getLocalImages_Pipeline_process_loop' is 26059 from HDL expression: (1'b0 == ap_block_pp0_stage0_11001)
INFO: [RTGEN 206-100] Generating core module 'dmul_64ns_64ns_64_7_max_dsp_1': 8 instance(s).
INFO: [RTGEN 206-100] Generating core module 'dsub_64ns_64ns_64_7_full_dsp_1': 8 instance(s).
INFO: [RTGEN 206-100] Generating core module 'sitodp_32ns_64_6_no_dsp_1': 8 instance(s).
INFO: [RTGEN 206-100] Generating core module 'sparsemux_51_7_64_1_1': 8 instance(s).
INFO: [RTGEN 206-100] Finished creating RTL model for 'getLocalImages_Pipeline_process_loop'.
INFO: [HLS 200-111] Finished Creating RTL model: CPU user time: 9 seconds. CPU system time: 0 seconds. Elapsed time: 9.543 seconds; current allocated memory: 972.570 MB.
INFO: [HLS 200-10] ----------------------------------------------------------------
INFO: [HLS 200-10] -- Generating RTL for module 'getLocalImages_Pipeline_write_loop' 
INFO: [HLS 200-10] ----------------------------------------------------------------
INFO: [HLS 200-1030] Apply Unified Pipeline Control on module 'getLocalImages_Pipeline_write_loop' pipeline 'write_loop' pipeline type 'loop pipeline'
INFO: [RTGEN 206-100] Generating core module 'sparsemux_51_7_32_1_1': 32 instance(s).
INFO: [RTGEN 206-100] Finished creating RTL model for 'getLocalImages_Pipeline_write_loop'.
INFO: [HLS 200-111] Finished Creating RTL model: CPU user time: 6 seconds. CPU system time: 1 seconds. Elapsed time: 7.575 seconds; current allocated memory: 1.025 GB.
INFO: [HLS 200-10] ----------------------------------------------------------------
INFO: [HLS 200-10] -- Generating RTL for module 'getLocalImages' 
INFO: [HLS 200-10] ----------------------------------------------------------------
INFO: [RTGEN 206-100] Generating core module 'sitodp_32ns_64_6_no_dsp_1': 1 instance(s).
INFO: [RTGEN 206-100] Finished creating RTL model for 'getLocalImages'.
INFO: [HLS 200-111] Finished Creating RTL model: CPU user time: 1 seconds. CPU system time: 1 seconds. Elapsed time: 1.922 seconds; current allocated memory: 1.049 GB.
INFO: [HLS 200-10] ----------------------------------------------------------------
INFO: [HLS 200-10] -- Generating RTL for module 'applyProjectors' 
INFO: [HLS 200-10] ----------------------------------------------------------------
INFO: [RTGEN 206-100] Generating core module 'dadd_64ns_64ns_64_7_full_dsp_1': 2 instance(s).
INFO: [RTGEN 206-100] Generating core module 'dcmp_64ns_64ns_1_2_no_dsp_1': 1 instance(s).
INFO: [RTGEN 206-100] Generating core module 'ddiv_64ns_64ns_64_59_no_dsp_1': 1 instance(s).
INFO: [RTGEN 206-100] Generating core module 'dmul_64ns_64ns_64_7_max_dsp_1': 1 instance(s).
INFO: [RTGEN 206-100] Generating core module 'mul_32s_32s_32_2_1': 1 instance(s).
INFO: [RTGEN 206-100] Generating core module 'mul_61s_32s_61_5_1': 1 instance(s).
INFO: [RTGEN 206-100] Generating core module 'srem_32ns_32s_32_36_1': 2 instance(s).
INFO: [RTGEN 206-100] Finished creating RTL model for 'applyProjectors'.
INFO: [HLS 200-111] Finished Creating RTL model: CPU user time: 2 seconds. CPU system time: 0 seconds. Elapsed time: 1.739 seconds; current allocated memory: 1.073 GB.
INFO: [HLS 200-10] ----------------------------------------------------------------
INFO: [HLS 200-10] -- Generating RTL for module 'reconstruct' 
INFO: [HLS 200-10] ----------------------------------------------------------------
WARNING: [RTGEN 206-101] Design contains AXI ports. Reset is fixed to synchronous and active low.
INFO: [RTGEN 206-500] Setting interface mode on port 'reconstruct/imageProjs_local' to 'm_axi'.
INFO: [RTGEN 206-500] Setting interface mode on port 'reconstruct/imageProjs' to 'm_axi'.
INFO: [RTGEN 206-500] Setting interface mode on port 'reconstruct/imageProjs_local_size_r' to 'm_axi'.
INFO: [RTGEN 206-500] Setting interface mode on port 'reconstruct/fullImage' to 'm_axi'.
INFO: [RTGEN 206-500] Setting interface mode on port 'reconstruct/emissions' to 'm_axi'.
INFO: [RTGEN 206-500] Setting interface mode on port 'reconstruct/atomLocationsSize' to 's_axilite & ap_none'.
INFO: [RTGEN 206-500] Setting interface mode on port 'reconstruct/projShape0' to 's_axilite & ap_none'.
INFO: [RTGEN 206-500] Setting interface mode on port 'reconstruct/projShape1' to 's_axilite & ap_none'.
INFO: [RTGEN 206-500] Setting interface mode on port 'reconstruct/atomLocations' to 'ap_memory'.
INFO: [RTGEN 206-500] Setting interface mode on port 'reconstruct/psfSupersample' to 's_axilite & ap_none'.
INFO: [RTGEN 206-500] Setting interface mode on port 'reconstruct/imageProjectionSize' to 's_axilite & ap_none'.
INFO: [RTGEN 206-500] Setting interface mode on port 'reconstruct/imageProjs_local_offset' to 's_axilite & ap_none'.
INFO: [RTGEN 206-500] Setting interface mode on port 'reconstruct/imageProjs_offset' to 's_axilite & ap_none'.
INFO: [RTGEN 206-500] Setting interface mode on port 'reconstruct/imageProjs_local_size_offset' to 's_axilite & ap_none'.
INFO: [RTGEN 206-500] Setting interface mode on port 'reconstruct/fullImage_offset' to 's_axilite & ap_none'.
INFO: [RTGEN 206-500] Setting interface mode on port 'reconstruct/fullImage_rows' to 's_axilite & ap_none'.
INFO: [RTGEN 206-500] Setting interface mode on port 'reconstruct/fullImage_cols' to 's_axilite & ap_none'.
INFO: [RTGEN 206-500] Setting interface mode on port 'reconstruct/emissions_offset' to 's_axilite & ap_none'.
INFO: [RTGEN 206-500] Setting interface mode on port 'reconstruct/emission_cnt' to 's_axilite & ap_vld'.
INFO: [RTGEN 206-500] Setting interface mode on function 'reconstruct' to 's_axilite & ap_ctrl_hs'.
INFO: [RTGEN 206-100] Bundling port 'imageProjs_local_offset', 'imageProjs_offset', 'imageProjs_local_size_offset', 'fullImage_offset', 'emissions_offset' and 'return' to AXI-Lite port control.
INFO: [RTGEN 206-100] Bundling port 'atomLocationsSize', 'projShape0', 'projShape1', 'psfSupersample', 'imageProjectionSize', 'fullImage_rows', 'fullImage_cols' and 'emission_cnt' to AXI-Lite port scalar_data.
INFO: [RTGEN 206-100] Finished creating RTL model for 'reconstruct'.
INFO: [RTMG 210-285] Implementing FIFO 'localImages_U(reconstruct_fifo_w256_d2_S)' using Shift Registers.
INFO: [HLS 200-111] Finished Creating RTL model: CPU user time: 0 seconds. CPU system time: 0 seconds. Elapsed time: 1.22 seconds; current allocated memory: 1.078 GB.
INFO: [HLS 200-111] Finished Generating all RTL models: CPU user time: 1 seconds. CPU system time: 0 seconds. Elapsed time: 1.894 seconds; current allocated memory: 1.087 GB.
INFO: [HLS 200-111] Finished Updating report files: CPU user time: 3 seconds. CPU system time: 0 seconds. Elapsed time: 3.599 seconds; current allocated memory: 1.100 GB.
INFO: [VHDL 208-304] Generating VHDL RTL for reconstruct.
INFO: [VLOG 209-307] Generating Verilog RTL for reconstruct.
INFO: [HLS 200-790] **** Loop Constraint Status: All loop constraints were satisfied.
INFO: [HLS 200-789] **** Estimated Fmax: 136.99 MHz
INFO: [HLS 200-112] Total CPU user time: 62 seconds. Total CPU system time: 5 seconds. Total elapsed time: 92.581 seconds; peak allocated memory: 1.100 GB.
INFO: [v++ 60-791] Total elapsed time: 0h 1m 38s
