  **** HLS Build v2024.2 5238294
INFO: [HLS 200-2005] Using work_dir F:/LMU/quantumMA/opimization/reconstructv1maxi/hls_component/reconstruct 
INFO: [HLS 200-1505] Using default flow_target 'vivado'
Resolution: For help on HLS 200-1505 see docs.xilinx.com/access/sources/dita/topic?Doc_Version=2024.2%20English&url=ug1448-hls-guidance&resourceid=200-1505.html
INFO: [HLS 200-1465] Applying ini 'syn.file=F:/LMU/quantumMA/opimization/reconstructv1maxi/image_analysis.cpp' from F:/LMU/quantumMA/opimization/reconstructv1maxi/hls_component/hls_config.cfg(10)
INFO: [HLS 200-10] Adding design file 'F:/LMU/quantumMA/opimization/reconstructv1maxi/image_analysis.cpp' to the project
INFO: [HLS 200-1465] Applying ini 'syn.file=F:/LMU/quantumMA/opimization/reconstructv1maxi/image_analysis.hpp' from F:/LMU/quantumMA/opimization/reconstructv1maxi/hls_component/hls_config.cfg(11)
INFO: [HLS 200-10] Adding design file 'F:/LMU/quantumMA/opimization/reconstructv1maxi/image_analysis.hpp' to the project
INFO: [HLS 200-1465] Applying ini 'tb.file=F:/LMU/quantumMA/opimization/reconstructv1maxi/test.cpp' from F:/LMU/quantumMA/opimization/reconstructv1maxi/hls_component/hls_config.cfg(12)
INFO: [HLS 200-10] Adding test bench file 'F:/LMU/quantumMA/opimization/reconstructv1maxi/test.cpp' to the project
INFO: [HLS 200-1465] Applying ini 'tb.file=F:/LMU/quantumMA/naia/reconstructv1/sf25fram/fullImage_output.txt' from F:/LMU/quantumMA/opimization/reconstructv1maxi/hls_component/hls_config.cfg(13)
INFO: [HLS 200-10] Adding test bench file 'F:/LMU/quantumMA/naia/reconstructv1/sf25fram/fullImage_output.txt' to the project
INFO: [HLS 200-1465] Applying ini 'tb.file=F:/LMU/quantumMA/naia/reconstructv1/sf25fram/restoutput.txt' from F:/LMU/quantumMA/opimization/reconstructv1maxi/hls_component/hls_config.cfg(14)
INFO: [HLS 200-10] Adding test bench file 'F:/LMU/quantumMA/naia/reconstructv1/sf25fram/restoutput.txt' to the project
INFO: [HLS 200-1465] Applying ini 'syn.top=reconstruct' from F:/LMU/quantumMA/opimization/reconstructv1maxi/hls_component/hls_config.cfg(7)
INFO: [HLS 200-1465] Applying ini 'flow_target=vivado' from F:/LMU/quantumMA/opimization/reconstructv1maxi/hls_component/hls_config.cfg(4)
INFO: [HLS 200-1505] Using flow_target 'vivado'
Resolution: For help on HLS 200-1505 see docs.xilinx.com/access/sources/dita/topic?Doc_Version=2024.2%20English&url=ug1448-hls-guidance&resourceid=200-1505.html
INFO: [HLS 200-1465] Applying ini 'part=xczu7ev-ffvc1156-2-e' from F:/LMU/quantumMA/opimization/reconstructv1maxi/hls_component/hls_config.cfg(1)
INFO: [HLS 200-1611] Setting target device to 'xczu7ev-ffvc1156-2-e'
INFO: [HLS 200-1465] Applying ini 'csim.clean=1' from F:/LMU/quantumMA/opimization/reconstructv1maxi/hls_component/hls_config.cfg(8)
INFO: [HLS 200-1465] Applying ini 'csim.code_analyzer=1' from F:/LMU/quantumMA/opimization/reconstructv1maxi/hls_component/hls_config.cfg(9)
INFO: [HLS 200-1465] Applying ini 'package.output.format=ip_catalog' from F:/LMU/quantumMA/opimization/reconstructv1maxi/hls_component/hls_config.cfg(5)
INFO: [SIM 211-200] Executing Code Analyzer instead of classic HLS C simulation
INFO: [SIM 211-200] Cleaning
slxcmd:0:0: info: [ Cleaned build and execution files ]
INFO: [HLS 211-200] Compiling source code ../image_analysis.cpp as hardware code with instrumentation
INFO: [HLS 211-200] Compiling source code F:/LMU/quantumMA/opimization/reconstructv1maxi/test.cpp as test bench code with instrumentation
INFO: [HLS 211-200] Compiling source code ../image_analysis.cpp as test bench code with instrumentation
../image_analysis.cpp:61:39: warning: The 'enable_flush' option of the 'HLS pipeline' directive or pragma is deprecated, use style=flp instead [-Wignored-hls-pragmas]
#pragma HLS PIPELINE II=1 enable_flush
                                      ^
../image_analysis.cpp:318:98: warning: unexpected pragma parameter 'storage_type' [-Winvalid-hls-pragmas]
#pragma HLS INTERFACE port=atomLocations mode=m_axi bundle=atomLocations depth=1024 storage_type=RAM_2P // 
                                                                                                 ^
2 warnings generated.
../image_analysis.cpp:61:39: warning: The 'enable_flush' option of the 'HLS pipeline' directive or pragma is deprecated, use style=flp instead [-Wignored-hls-pragmas]
#pragma HLS PIPELINE II=1 enable_flush
                                      ^
../image_analysis.cpp:318:98: warning: unexpected pragma parameter 'storage_type' [-Winvalid-hls-pragmas]
#pragma HLS INTERFACE port=atomLocations mode=m_axi bundle=atomLocations depth=1024 storage_type=RAM_2P // 
                                                                                                 ^
2 warnings generated.
INFO: [HLS 211-200] Linking hardware code
INFO: [HLS 211-200] Transforming hardware bitcode
INFO: [HLS 211-200] Linking executable
INFO: [HLS 211-200] Computing HLS IR Information
INFO: [HLS 211-200] Determining source code dependencies
INFO: [SIM 211-200] Running executable
emissions: 24529.7|23430.3|24513.7|24834.6|23442.2|24562.5|24710.6|23309.9|23360.1|24631.9|23423.3|24844.1|24651.9|24533.2|23444.3|24596.3|23339.8|24526|23324.8|24578.4|24525|24543|23367.4|24560.4|24623.1|23343.3|23292.5|23355.4|24804.4|24516.4|23510.6|24755.4|23393.2|23388.5|24510.8|24536.3|24735.3|23505.1|24572.2|23560.1|24582.2|24794.8|23446.7|24625.5|24627.6|24724.4|23406.2|24751.8|23437.8|24796.9|23414.9|23388.1|24801|24526|24647.2|23520.1|24604.3|24576.1|23429.2|24830|24567.2|23591.6|24618.8|23339|23324.1|24752.8|23461.6|24887.7|23453.2|23542.6|24604.3|23489.7|23381.5|24726.2|24688.6|23422.8|23418.1|24646.5|24789.9|23425.9|24693.5|23469.4|23469.1|24507.1|23400|23457.8|23388.1|23549.7|24674.5|24739.8|23459.3|24842.4|24604.9|24752.2|23459.7|24528.7|24669.1|23417.2|23359.3|23462|24671.2|24633.8|23595.9|24345|24534|23318.9|24785.4|23421.3|24578.2|23343.2|23507.7|24749.6|23534.9|24709.6|24579.5|24537.4|24765.1|24653.7|24648.8|24584.1|23482|24698.3|24884.2|23404.1|23483.2|24614.6|23371|24530.2|23371|23366.9|23265.8|23474.7|24584.5|23364.4|24488.4|24400|23468.4|23390.8|24650|24872.3|23526.7|24560.3|24746.7|24663.7|24783.6|24934.1|24753.2|23482.8|23380.1|24465.6|24625.7|24634.8|24890.2|24919.7|24401.1|23448.8|24600.1|23417.1|23438.4|23315.2|24507.5|23503.5|24422.7|24583|24736.6|24587.4|23370.3|23361.4|23399.2|23420.9|24573.9|24838.4|23453.8|23426|24800.3|24600.7|23332.3|23318.2|23473.9|24764.1|23443.8|23454.8|23392.7|23430.4|23473.4|24616.9|24756.8|23384.9|23439.1|23395.6|23387.3|23288.1|24682.5|24645.5|23355.5|23491.9|24602.2|23422|23373.9|23358.2|24777|23434.2|24686.9|23401.8|24488.6|23410.8|24535.5|23347.8|23442.8|23397.1|23492.1|24910.5|23383.8|23309.1|23330.7|23399.6|24712.5|24780.3|23466|23432.4|24563.1|24711.3|23422.6|23297.6|23346.4|24619.1|23395.1|24631.8|24373.4|23419.6|23391.9|24253.6|23315.1|24474.1|23444.9|24454|23396.5|23373.8|23427.6|23412.7|24791|24808.4|24637.9|24573.2|24843.6|23367.7|23216.8|23307.2|23476|24688.4|24781.4|24905.1|24486.6|24649.7|23399.4|24691.5|24584.9|23396.7|24815.7|24623.1|23408.8|24509|24495.5|24570.2|23392.4|23335.9|23445.6|24908.5|23395.6|24658.8|24928.2|24784.2|24646.7|23425.6|24692.6|23457.7|23484.6|24642|23476.8|23350.1|24892.5|23599.9|24428.5|24723.9|24915.4|24899.2|24504.7|24699.5|23278.8|23435.2|24785.1|24838.1|23408|23336.3|24862.2|24723|23347.1|23407.5|24646.1|24887.2|23458|24676.2|23419.1|23422|24546.7|23371.5|24908.8|24764.3|24764.4|24724.6|24775.3|24846.9|24825.6|23408|24877.8|24805.6|24970.3|24696.2|23449.5|23210.6|23331|24521.5|23350.5|23340.9|23398.6|23316.7|23430.8|23360.4|24651.9|23386.7|24773.2|23418.1|24952.4|24599.6|24717.3|24648.1|23341.4|23448.4|24783.5|23451.8|23372.1|24669.9|23443.2|23325.7|23440.8|24738.2|23542.1|24634.8|24774.6|24755.3|23485.8|24549.3|24493.2|23377.1|23368.4|24611.3|23473.3|23318.5|23315.5|23335.7|24754.4|23465.3|24672.5|23409.3|24849.8|24761.6|23361.1|23434.1|23348.8|23414.9|23462.6|24620.4|23430|23451.4|24451.4|23384.2|24743|24492|23431.4|23392.7|23481.9|24745.4|24824|23308.5|24626.6|23376.2|24416.7|24762.1|24544.3|24734.7|23453.6|23379|24689.7|24876|23351.6|24846.8|23517.2|23325|24743.7|25225.3|24921.2|24706.1|24675.9|24672.1|24562.3|24656.5|24896.8|23402.7|23448.1|23403.6|24872.9|23403.4|23381.4|24771.7|23297.1|23242.8|23403.6|23366.4|23365.8|23417.6|24509.9|24670|23502.4|24725.7|23444.1|23427.5|23330|23402.8|24761.6|24920.2|24618.2|23456.8|23431.3|23362.8|24575.1|24620.8|23323.5|23341.5|23406.3|24593.6|23323|23492.4|24591.9|24656.7|24413.9|24643.7|24522.9|23309.6|23309.4|24473.2|24676.3|24470.3|23414.2|24698.9|23587.6|24554.5|24523.3|23456.9|24523.9|24779.8|24746.6|24837.1|24628.9|24627.4|23486.5|23349.4|23459.8|24642.6|24587.6|23366.8|23399.7|23389.9|24592.8|24853.6|23374.3|24956|24806.2|24734.5|23504.1|24810.7|24559.8|23354.6|23401.3|24689.1|23446|23303.2|23338.9|24730.9|24627.5|23401.2|23308.9|23378.5|24666.3|24775.4|24791.9|23501.6|24807.2|24720.1|24528.3|24955|23449.2|23456.2|23436|24818.9|23396.5|23454.2|24929.8|23496.7|23572.6|24545.5|23488.1|24309.2|23251.1|23286.1|23234.6|23458|24722.5|24867.1|23488.3|23429.1|23387.7|23433|24432.5|23428|23317.6|24897.6|24624.5|24833.8|23425|23438.7|24808|24687.4|24536.3|24813.6|23370.2|24533|23424|23376.7|23376.6|24853.8|24589.7|24708.2|23396.1|23328|23388.8|23280.5|23414.4|23505.8|24690.5|24705|24734.4|24740.7|24673|23366.9|23324.1|23284|23358.9|23385.3|24640.9|23478.1|23351|24572.1|24781.2|23386.6|23470.2|24798.5|24838.5|25033.2|24738.1|23404.4|24573.3|23467.9|24822|23507.2|24700.4|23291.2|24694.4|24607.7|24696.7|24563.7|24699.7|24816.7|24970.6|24824.5|23491.9|23407.2|24758.8|23407.1|24735.3|24669.3|24653.2|23430|23393.3|23404.3|24678.6|23390.1|24561.2|24685.4|23396|24669.9|23391.9|23376.7|23347.7|23397|24710.6|24584.9|23313|23252|23332.3|23332.9|24659.7|24476.5|24512.8|24894.6|24880.5|24890.8|24800.7|23480.1|24582.5|23252.6|23404.3|24896.1|23385.8|23297.8|23267.5|24615.2|23544.6|24725.3|23346.1|24773.8|23301.1|24545.8|24628.4|23325.9|23382.2|24618.5|24503.7|23390.9|23375.4|23338.8|24737.7|24768.5|24700.3|23485.1|23468.5|24834.1|23444.2|23493.9|24946.8|24826.4|23389.4|24666.7|23419.2|23422.6|23429.3|23321.5|23344.2|24662.5|23480.9|24743.9|23372|24715.7|24687.1|23376.8|24597|24542.8|23408.7|23489.2|24423.3|24494.4|23351|23304.9|24796.7|23342.1|23340.6|24488|24780|24774.1|24596.1|24590.9|23470.3|23368.7|24669.6|24546.1|24879.5|23489.3|24622.9|23386.1|24637.1|23468.1|24730.1|23425.2|24797.8|23352.2|23447.7|23383.4|23408.6|23355.5|24689.7|24708.3|24615.3|23439.7|23254.1|23272.6|23344.2|23361.1|23323|23381.3|24462.3|23419.5|23316.8|23450.8|23281.6|23430.6|24749.4|24842.4|24603|24742.9|24597.3|24610.9|24670.7|23439.7|23414.1|23378.5|24606.7|24565.6|24577.8|24552.3|24719.5|24749.8|24690.4|24584|24659.8|23451.3|23323.7|23283.6|24610.1|24809.2|23477.3|23343.7|24750.3|23426.8|23341|23320.8|23447.9|24661.3|24593.2|23387.5|23484.4|24661.2|23391.8|23465.3|25138.5|24492.7|24826|24818.3|24990.4|23473.8|23508.3|24514.8|23437.3|23386.5|23409.4|23504.5|24885.5|24805.5|23419.8|24410.9|23377.3|24846.4|23330.3|24664.9|24741.5|23378.6|23427|24541.8|23429.3|24751.8|24938.1|24522.2|23375.8|23515.8|24845.8|24854.9|24772.5|23435.4|24738.5|23362.3|23429.2|24815.7|24750.5|23411.8|24609.3|24540.3|23328.5|24609.9|24898.8|24602.9|24895.4|23319.5|23351.4|23334.9|23429.7|23396|23386.3|24823.8|24820.7|24765.8|23393.3|23366.6|23294|24639.7|23434.6|23493|24717.4|23478.6|24651.6|23421.9|23436.2|24713.5|24808.7|24719.3|23379.7|23325.6|23446.2|23411.5|23386.2|25034.9|24623.8|25040.8|24795.9|24582.4|24522.6|24827.1|24636.2|24747|24721|24639.9|24657.3|24565.1|23406.4|24560.2|23315.2|24623.3|23450.7|24714.7|23397.3|24861.5|23357.8|23461.4|23497.1|24580.8|23429.8|24641.6|24466.4|23477.8|23351.1|23454.6|24698.2|24462.8|23486.3|24697.5|24983.9|23444.2|24596.3|23527.2|24877.5|24594|23428.3|23367.4|23483.1|24548.8|23368.4|23320.2|23403.1|24417.7|23531.9|24847.1|23488|24721.4|24597.2|24818.3|24686|23292.2|24634.9|23457.4|23342.8|24578|23446.2|24553.7|23485.3|24668.5|23553.5|23562.1|24825|24527.1|24642.6|24708.9|24674.4|24625.3|23502|24638.8|23351.9|23330.1|23272.9|24471.3|23421.3|24625|24735.2|23465|23241.9|23466.1|23404.5|24502.3|23365.9|23397.7|24820|23296.8|23432.6|24626.9|23404.1|24517.2|23329.3|24647.4|24833.5|24708.7|24657.1|23423.3|24507.7|24815.1|24329.9|23440.9|24688.5|23368.4|23364|24439.4|23416.7|23302.5|24845.9|24529|24462.9|24646.7|24850.7|24735.9|24921.3|23371.1|24587.2|23359.4|24828.1|24504.5|24704.4|23382.5|24496.8|23471.5|23416.5|24556.9|23412.2|24843.5|23512.6|23252.8|24674.2|23426.8|23540.8|23459.4|24547.4|24444.1|23344.4|24448.4|24378.5|24674.6|24661.5|24758.3|24676.7|23375|23251.5|23401.3|23429.3|23291.7|23439.2|23371.5|23378.8|24597.2|23413.1|24426.9|23589.5|24864|24933.4|23473.4|24854.8|23392|24799.5|24700.6|24529.7|24500.3|24666.2|24477.9|23400.1|23353|23334.4|23287.7|23326.8|24501.8|25023.5|23254.8|23335.4|24477.3|23327.7|23331.5|24817.1|24631.4|24417.4|24612.7|23371.4|23348.4|24376.1|23300.9|23313|23441.8|24401.6|23459|24397.2|24335.1|24840.1|23273.5|
INFO: [SIM 211-200] Analyzing trace data
INFO: [SIM 211-208] Running Code Analyzer
WARNING: [HLS 211-200] Code Analyzer will not display the impact of 'pipeline' (F:\LMU\quantumMA\opimization\reconstructv1maxi\image_analysis.cpp:61:1) as the pipelined function is not the top-level hardware function
WARNING: [HLS 211-200] F:\LMU\quantumMA\opimization\reconstructv1maxi\image_analysis.cpp:25:9: Pragma 'tripcount' has been kept but may be incorrect: The maximum tripcount in the pragma (100) is less than the maximum dynamic tripcount computed for the loop (1024)
WARNING: [HLS 211-200] F:\LMU\quantumMA\opimization\reconstructv1maxi\image_analysis.cpp:17:9: Pragma 'tripcount' has been kept but may be incorrect: The maximum tripcount in the pragma (100) is less than the maximum dynamic tripcount computed for the loop (1024)
WARNING: [HLS 211-200] F:\LMU\quantumMA\opimization\reconstructv1maxi\image_analysis.cpp:63:1: Pragma 'tripcount' has been kept but may be incorrect: The maximum tripcount in the pragma (103) is less than the maximum dynamic tripcount computed for the loop (1027)
WARNING: [HLS 211-200] Invalid pragma detected: Code Analyzer will not display the impact of 'unroll' (F:\LMU\quantumMA\opimization\reconstructv1maxi\image_analysis.cpp:168:1) as at least one inner loop is partially unrolled
INFO: [SIM 211-210] Code Analyzer finished
INFO: [HLS 200-112] Total CPU user time: 6 seconds. Total CPU system time: 2 seconds. Total elapsed time: 44.066 seconds; peak allocated memory: 619.586 MB.
INFO: [vitis-run 60-791] Total elapsed time: 0h 0m 51s
