  **** HLS Build v2024.2 5238294
INFO: [HLS 200-2005] Using work_dir F:/LMU/quantumMA/opimization/reconstructv1maxi/hls_component/reconstruct 
INFO: [HLS 200-1505] Using default flow_target 'vivado'
Resolution: For help on HLS 200-1505 see docs.xilinx.com/access/sources/dita/topic?Doc_Version=2024.2%20English&url=ug1448-hls-guidance&resourceid=200-1505.html
INFO: [HLS 200-1465] Applying ini 'syn.file=F:/LMU/quantumMA/opimization/reconstructv1maxi/image_analysis.cpp' from F:/LMU/quantumMA/opimization/reconstructv1maxi/hls_component/hls_config.cfg(10)
INFO: [HLS 200-10] Adding design file 'F:/LMU/quantumMA/opimization/reconstructv1maxi/image_analysis.cpp' to the project
INFO: [HLS 200-1465] Applying ini 'syn.file=F:/LMU/quantumMA/opimization/reconstructv1maxi/image_analysis.hpp' from F:/LMU/quantumMA/opimization/reconstructv1maxi/hls_component/hls_config.cfg(11)
INFO: [HLS 200-10] Adding design file 'F:/LMU/quantumMA/opimization/reconstructv1maxi/image_analysis.hpp' to the project
INFO: [HLS 200-1465] Applying ini 'tb.file=F:/LMU/quantumMA/opimization/reconstructv1maxi/test.cpp' from F:/LMU/quantumMA/opimization/reconstructv1maxi/hls_component/hls_config.cfg(12)
INFO: [HLS 200-10] Adding test bench file 'F:/LMU/quantumMA/opimization/reconstructv1maxi/test.cpp' to the project
INFO: [HLS 200-1465] Applying ini 'tb.file=F:/LMU/quantumMA/naia/reconstructv1/sf25fram/fullImage_output.txt' from F:/LMU/quantumMA/opimization/reconstructv1maxi/hls_component/hls_config.cfg(13)
INFO: [HLS 200-10] Adding test bench file 'F:/LMU/quantumMA/naia/reconstructv1/sf25fram/fullImage_output.txt' to the project
INFO: [HLS 200-1465] Applying ini 'tb.file=F:/LMU/quantumMA/naia/reconstructv1/sf25fram/restoutput.txt' from F:/LMU/quantumMA/opimization/reconstructv1maxi/hls_component/hls_config.cfg(14)
INFO: [HLS 200-10] Adding test bench file 'F:/LMU/quantumMA/naia/reconstructv1/sf25fram/restoutput.txt' to the project
INFO: [HLS 200-1465] Applying ini 'syn.top=reconstruct' from F:/LMU/quantumMA/opimization/reconstructv1maxi/hls_component/hls_config.cfg(7)
INFO: [HLS 200-1465] Applying ini 'flow_target=vivado' from F:/LMU/quantumMA/opimization/reconstructv1maxi/hls_component/hls_config.cfg(4)
INFO: [HLS 200-1505] Using flow_target 'vivado'
Resolution: For help on HLS 200-1505 see docs.xilinx.com/access/sources/dita/topic?Doc_Version=2024.2%20English&url=ug1448-hls-guidance&resourceid=200-1505.html
INFO: [HLS 200-1465] Applying ini 'part=xczu7ev-ffvc1156-2-e' from F:/LMU/quantumMA/opimization/reconstructv1maxi/hls_component/hls_config.cfg(1)
INFO: [HLS 200-1611] Setting target device to 'xczu7ev-ffvc1156-2-e'
INFO: [HLS 200-1465] Applying ini 'csim.clean=1' from F:/LMU/quantumMA/opimization/reconstructv1maxi/hls_component/hls_config.cfg(8)
INFO: [HLS 200-1465] Applying ini 'csim.code_analyzer=1' from F:/LMU/quantumMA/opimization/reconstructv1maxi/hls_component/hls_config.cfg(9)
INFO: [HLS 200-1465] Applying ini 'package.output.format=ip_catalog' from F:/LMU/quantumMA/opimization/reconstructv1maxi/hls_component/hls_config.cfg(5)
INFO: [SIM 211-200] Executing Code Analyzer instead of classic HLS C simulation
INFO: [SIM 211-200] Cleaning
slxcmd:0:0: info: [ Cleaned build and execution files ]
INFO: [HLS 211-200] Compiling source code ../image_analysis.cpp as hardware code with instrumentation
INFO: [HLS 211-200] Compiling source code F:/LMU/quantumMA/opimization/reconstructv1maxi/test.cpp as test bench code with instrumentation
INFO: [HLS 211-200] Compiling source code ../image_analysis.cpp as test bench code with instrumentation
../image_analysis.cpp:319:98: warning: unexpected pragma parameter 'storage_type' [-Winvalid-hls-pragmas]
#pragma HLS INTERFACE port=atomLocations mode=m_axi bundle=atomLocations depth=1024 storage_type=RAM_2P // 
                                                                                                 ^
1 warning generated.
../image_analysis.cpp:319:98: warning: unexpected pragma parameter 'storage_type' [-Winvalid-hls-pragmas]
#pragma HLS INTERFACE port=atomLocations mode=m_axi bundle=atomLocations depth=1024 storage_type=RAM_2P // 
                                                                                                 ^
1 warning generated.
INFO: [HLS 211-200] Linking hardware code
INFO: [HLS 211-200] Transforming hardware bitcode
INFO: [HLS 211-200] Linking executable
INFO: [HLS 211-200] Computing HLS IR Information
INFO: [HLS 211-200] Determining source code dependencies
INFO: [SIM 211-200] Running executable
About to call getLocalImages...
=== getLocalImages FINISHED ===
About to call applyProjectors...
Atom 0: Region(680,60) to (710,90)
Atom 0 emission: 0

Atom 1: Region(680,79) to (710,109)
Atom 1 emission: 0

Atom 2: Region(681,98) to (711,128)
Atom 2 emission: 0

Atom 3: Region(681,118) to (711,148)
Atom 3 emission: 0

Atom 4: Region(682,137) to (712,167)
Atom 4 emission: 0

Atom 5: Region(682,157) to (712,187)
Atom 5 emission: 0

Atom 6: Region(683,176) to (713,206)
Atom 6 emission: 0

Atom 7: Region(683,195) to (713,225)
Atom 7 emission: 0

Atom 8: Region(683,215) to (713,245)
Atom 8 emission: 0

Atom 9: Region(684,234) to (714,264)
Atom 9 emission: 0

Atom 10: Region(684,254) to (714,284)
Atom 10 emission: 0

Atom 11: Region(685,273) to (715,303)
Atom 11 emission: 0

Atom 12: Region(685,292) to (715,322)
Atom 12 emission: 0

Atom 13: Region(686,312) to (716,342)
Atom 13 emission: 0

Atom 14: Region(686,331) to (716,361)
Atom 14 emission: 0

Atom 15: Region(687,351) to (717,381)
Atom 15 emission: 0

Atom 16: Region(687,370) to (717,400)
Atom 16 emission: 0

Atom 17: Region(687,389) to (717,419)
Atom 17 emission: 0

Atom 18: Region(688,409) to (718,439)
Atom 18 emission: 0

Atom 19: Region(688,428) to (718,458)
Atom 19 emission: 0

Atom 20: Region(689,448) to (719,478)
Atom 20 emission: 0

Atom 21: Region(689,467) to (719,497)
Atom 21 emission: 0

Atom 22: Region(690,486) to (720,516)
Atom 22 emission: 0

Atom 23: Region(690,506) to (720,536)
Atom 23 emission: 0

Atom 24: Region(691,525) to (721,555)
Atom 24 emission: 0

Atom 25: Region(691,545) to (721,575)
Atom 25 emission: 0

Atom 26: Region(691,564) to (721,594)
Atom 26 emission: 0

Atom 27: Region(692,583) to (722,613)
Atom 27 emission: 0

Atom 28: Region(692,603) to (722,633)
Atom 28 emission: 0

Atom 29: Region(693,622) to (723,652)
Atom 29 emission: 0

Atom 30: Region(693,642) to (723,672)
Atom 30 emission: 0

Atom 31: Region(694,661) to (724,691)
Atom 31 emission: 0

Atom 32: Region(660,60) to (690,90)
Atom 32 emission: 0

Atom 33: Region(660,79) to (690,109)
Atom 33 emission: 0

Atom 34: Region(661,99) to (691,129)
Atom 34 emission: 0

Atom 35: Region(661,118) to (691,148)
Atom 35 emission: 0

Atom 36: Region(662,138) to (692,168)
Atom 36 emission: 0

Atom 37: Region(662,157) to (692,187)
Atom 37 emission: 0

Atom 38: Region(662,176) to (692,206)
Atom 38 emission: 0

Atom 39: Region(663,196) to (693,226)
Atom 39 emission: 0

Atom 40: Region(663,215) to (693,245)
Atom 40 emission: 0

Atom 41: Region(664,235) to (694,265)
Atom 41 emission: 0

Atom 42: Region(664,254) to (694,284)
Atom 42 emission: 0

Atom 43: Region(665,273) to (695,303)
Atom 43 emission: 0

Atom 44: Region(665,293) to (695,323)
Atom 44 emission: 0

Atom 45: Region(666,312) to (696,342)
Atom 45 emission: 0

Atom 46: Region(666,332) to (696,362)
Atom 46 emission: 0

Atom 47: Region(666,351) to (696,381)
Atom 47 emission: 0

Atom 48: Region(667,370) to (697,400)
Atom 48 emission: 0

Atom 49: Region(667,390) to (697,420)
Atom 49 emission: 0

Atom 50: Region(668,409) to (698,439)
Atom 50 emission: 0

Atom 51: Region(668,429) to (698,459)
Atom 51 emission: 0

Atom 52: Region(669,448) to (699,478)
Atom 52 emission: 0

Atom 53: Region(669,467) to (699,497)
Atom 53 emission: 0

Atom 54: Region(670,487) to (700,517)
Atom 54 emission: 0

Atom 55: Region(670,506) to (700,536)
Atom 55 emission: 0

Atom 56: Region(670,526) to (700,556)
Atom 56 emission: 0

Atom 57: Region(671,545) to (701,575)
Atom 57 emission: 0

Atom 58: Region(671,564) to (701,594)
Atom 58 emission: 0

Atom 59: Region(672,584) to (702,614)
Atom 59 emission: 0

Atom 60: Region(672,603) to (702,633)
Atom 60 emission: 0

Atom 61: Region(673,623) to (703,653)
Atom 61 emission: 0

Atom 62: Region(673,642) to (703,672)
Atom 62 emission: 0

Atom 63: Region(674,661) to (704,691)
Atom 63 emission: 0

Atom 64: Region(640,60) to (670,90)
Atom 64 emission: 0

Atom 65: Region(640,80) to (670,110)
Atom 65 emission: 0

Atom 66: Region(641,99) to (671,129)
Atom 66 emission: 0

Atom 67: Region(641,118) to (671,148)
Atom 67 emission: 0

Atom 68: Region(641,138) to (671,168)
Atom 68 emission: 0

Atom 69: Region(642,157) to (672,187)
Atom 69 emission: 0

Atom 70: Region(642,177) to (672,207)
Atom 70 emission: 0

Atom 71: Region(643,196) to (673,226)
Atom 71 emission: 0

Atom 72: Region(643,215) to (673,245)
Atom 72 emission: 0

Atom 73: Region(644,235) to (674,265)
Atom 73 emission: 0

Atom 74: Region(644,254) to (674,284)
Atom 74 emission: 0

Atom 75: Region(645,274) to (675,304)
Atom 75 emission: 0

Atom 76: Region(645,293) to (675,323)
Atom 76 emission: 0

Atom 77: Region(645,312) to (675,342)
Atom 77 emission: 0

Atom 78: Region(646,332) to (676,362)
Atom 78 emission: 0

Atom 79: Region(646,351) to (676,381)
Atom 79 emission: 0

Atom 80: Region(647,371) to (677,401)
Atom 80 emission: 0

Atom 81: Region(647,390) to (677,420)
Atom 81 emission: 0

Atom 82: Region(648,409) to (678,439)
Atom 82 emission: 0

Atom 83: Region(648,429) to (678,459)
Atom 83 emission: 0

Atom 84: Region(649,448) to (679,478)
Atom 84 emission: 0

Atom 85: Region(649,468) to (679,498)
Atom 85 emission: 0

Atom 86: Region(649,487) to (679,517)
Atom 86 emission: 0

Atom 87: Region(650,506) to (680,536)
Atom 87 emission: 0

Atom 88: Region(650,526) to (680,556)
Atom 88 emission: 0

Atom 89: Region(651,545) to (681,575)
Atom 89 emission: 0

Atom 90: Region(651,565) to (681,595)
Atom 90 emission: 0

Atom 91: Region(652,584) to (682,614)
Atom 91 emission: 0

Atom 92: Region(652,603) to (682,633)
Atom 92 emission: 0

Atom 93: Region(653,623) to (683,653)
Atom 93 emission: 0

Atom 94: Region(653,642) to (683,672)
Atom 94 emission: 0

Atom 95: Region(653,662) to (683,692)
Atom 95 emission: 0

Atom 96: Region(620,61) to (650,91)
Atom 96 emission: 0

Atom 97: Region(620,80) to (650,110)
Atom 97 emission: 0

Atom 98: Region(620,99) to (650,129)
Atom 98 emission: 0

Atom 99: Region(621,119) to (651,149)
Atom 99 emission: 0

Atom 100: Region(621,138) to (651,168)
Atom 100 emission: 0

Atom 101: Region(622,158) to (652,188)
Atom 101 emission: 0

Atom 102: Region(622,177) to (652,207)
Atom 102 emission: 0

Atom 103: Region(623,196) to (653,226)
Atom 103 emission: 0

Atom 104: Region(623,216) to (653,246)
Atom 104 emission: 0

Atom 105: Region(624,235) to (654,265)
Atom 105 emission: 0

Atom 106: Region(624,255) to (654,285)
Atom 106 emission: 0

Atom 107: Region(624,274) to (654,304)
Atom 107 emission: 0

Atom 108: Region(625,293) to (655,323)
Atom 108 emission: 0

Atom 109: Region(625,313) to (655,343)
Atom 109 emission: 0

Atom 110: Region(626,332) to (656,362)
Atom 110 emission: 0

Atom 111: Region(626,352) to (656,382)
Atom 111 emission: 0

Atom 112: Region(627,371) to (657,401)
Atom 112 emission: 0

Atom 113: Region(627,390) to (657,420)
Atom 113 emission: 0

Atom 114: Region(628,410) to (658,440)
Atom 114 emission: 0

Atom 115: Region(628,429) to (658,459)
Atom 115 emission: 0

Atom 116: Region(628,449) to (658,479)
Atom 116 emission: 0

Atom 117: Region(629,468) to (659,498)
Atom 117 emission: 0

Atom 118: Region(629,487) to (659,517)
Atom 118 emission: 0

Atom 119: Region(630,507) to (660,537)
Atom 119 emission: 0

Atom 120: Region(630,526) to (660,556)
Atom 120 emission: 0

Atom 121: Region(631,546) to (661,576)
Atom 121 emission: 0

Atom 122: Region(631,565) to (661,595)
Atom 122 emission: 0

Atom 123: Region(632,584) to (662,614)
Atom 123 emission: 0

Atom 124: Region(632,604) to (662,634)
Atom 124 emission: 0

Atom 125: Region(632,623) to (662,653)
Atom 125 emission: 0

Atom 126: Region(633,643) to (663,673)
Atom 126 emission: 0

Atom 127: Region(633,662) to (663,692)
Atom 127 emission: 0

Atom 128: Region(599,61) to (629,91)
Atom 128 emission: 0

Atom 129: Region(600,80) to (630,110)
Atom 129 emission: 0

Atom 130: Region(600,100) to (630,130)
Atom 130 emission: 0

Atom 131: Region(601,119) to (631,149)
Atom 131 emission: 0

Atom 132: Region(601,138) to (631,168)
Atom 132 emission: 0

Atom 133: Region(602,158) to (632,188)
Atom 133 emission: 0

Atom 134: Region(602,177) to (632,207)
Atom 134 emission: 0

Atom 135: Region(603,197) to (633,227)
Atom 135 emission: 0

Atom 136: Region(603,216) to (633,246)
Atom 136 emission: 0

Atom 137: Region(603,235) to (633,265)
Atom 137 emission: 0

Atom 138: Region(604,255) to (634,285)
Atom 138 emission: 0

Atom 139: Region(604,274) to (634,304)
Atom 139 emission: 0

Atom 140: Region(605,294) to (635,324)
Atom 140 emission: 0

Atom 141: Region(605,313) to (635,343)
Atom 141 emission: 0

Atom 142: Region(606,332) to (636,362)
Atom 142 emission: 0

Atom 143: Region(606,352) to (636,382)
Atom 143 emission: 0

Atom 144: Region(607,371) to (637,401)
Atom 144 emission: 0

Atom 145: Region(607,391) to (637,421)
Atom 145 emission: 0

Atom 146: Region(607,410) to (637,440)
Atom 146 emission: 0

Atom 147: Region(608,429) to (638,459)
Atom 147 emission: 0

Atom 148: Region(608,449) to (638,479)
Atom 148 emission: 0

Atom 149: Region(609,468) to (639,498)
Atom 149 emission: 0

Atom 150: Region(609,488) to (639,518)
Atom 150 emission: 0

Atom 151: Region(610,507) to (640,537)
Atom 151 emission: 0

Atom 152: Region(610,526) to (640,556)
Atom 152 emission: 0

Atom 153: Region(611,546) to (641,576)
Atom 153 emission: 0

Atom 154: Region(611,565) to (641,595)
Atom 154 emission: 0

Atom 155: Region(611,585) to (641,615)
Atom 155 emission: 0

Atom 156: Region(612,604) to (642,634)
Atom 156 emission: 0

Atom 157: Region(612,623) to (642,653)
Atom 157 emission: 0

Atom 158: Region(613,643) to (643,673)
Atom 158 emission: 0

Atom 159: Region(613,662) to (643,692)
Atom 159 emission: 0

Atom 160: Region(579,61) to (609,91)
Atom 160 emission: 0

Atom 161: Region(580,81) to (610,111)
Atom 161 emission: 0

Atom 162: Region(580,100) to (610,130)
Atom 162 emission: 0

Atom 163: Region(581,119) to (611,149)
Atom 163 emission: 0

Atom 164: Region(581,139) to (611,169)
Atom 164 emission: 0

Atom 165: Region(582,158) to (612,188)
Atom 165 emission: 0

Atom 166: Region(582,178) to (612,208)
Atom 166 emission: 0

Atom 167: Region(582,197) to (612,227)
Atom 167 emission: 0

Atom 168: Region(583,216) to (613,246)
Atom 168 emission: 0

Atom 169: Region(583,236) to (613,266)
Atom 169 emission: 0

Atom 170: Region(584,255) to (614,285)
Atom 170 emission: 0

Atom 171: Region(584,275) to (614,305)
Atom 171 emission: 0

Atom 172: Region(585,294) to (615,324)
Atom 172 emission: 0

Atom 173: Region(585,313) to (615,343)
Atom 173 emission: 0

Atom 174: Region(586,333) to (616,363)
Atom 174 emission: 0

Atom 175: Region(586,352) to (616,382)
Atom 175 emission: 0

Atom 176: Region(586,372) to (616,402)
Atom 176 emission: 0

Atom 177: Region(587,391) to (617,421)
Atom 177 emission: 0

Atom 178: Region(587,410) to (617,440)
Atom 178 emission: 0

Atom 179: Region(588,430) to (618,460)
Atom 179 emission: 0

Atom 180: Region(588,449) to (618,479)
Atom 180 emission: 0

Atom 181: Region(589,469) to (619,499)
Atom 181 emission: 0

Atom 182: Region(589,488) to (619,518)
Atom 182 emission: 0

Atom 183: Region(590,507) to (620,537)
Atom 183 emission: 0

Atom 184: Region(590,527) to (620,557)
Atom 184 emission: 0

Atom 185: Region(590,546) to (620,576)
Atom 185 emission: 0

Atom 186: Region(591,566) to (621,596)
Atom 186 emission: 0

Atom 187: Region(591,585) to (621,615)
Atom 187 emission: 0

Atom 188: Region(592,604) to (622,634)
Atom 188 emission: 0

Atom 189: Region(592,624) to (622,654)
Atom 189 emission: 0

Atom 190: Region(593,643) to (623,673)
Atom 190 emission: 0

Atom 191: Region(593,663) to (623,693)
Atom 191 emission: 0

Atom 192: Region(559,61) to (589,91)
Atom 192 emission: 0

Atom 193: Region(560,81) to (590,111)
Atom 193 emission: 0

Atom 194: Region(560,100) to (590,130)
Atom 194 emission: 0

Atom 195: Region(561,120) to (591,150)
Atom 195 emission: 0

Atom 196: Region(561,139) to (591,169)
Atom 196 emission: 0

Atom 197: Region(561,159) to (591,189)
Atom 197 emission: 0

Atom 198: Region(562,178) to (592,208)
Atom 198 emission: 0

Atom 199: Region(562,197) to (592,227)
Atom 199 emission: 0

Atom 200: Region(563,217) to (593,247)
Atom 200 emission: 0

Atom 201: Region(563,236) to (593,266)
Atom 201 emission: 0

Atom 202: Region(564,256) to (594,286)
Atom 202 emission: 0

Atom 203: Region(564,275) to (594,305)
Atom 203 emission: 0

Atom 204: Region(565,294) to (595,324)
Atom 204 emission: 0

Atom 205: Region(565,314) to (595,344)
Atom 205 emission: 0

Atom 206: Region(565,333) to (595,363)
Atom 206 emission: 0

Atom 207: Region(566,353) to (596,383)
Atom 207 emission: 0

Atom 208: Region(566,372) to (596,402)
Atom 208 emission: 0

Atom 209: Region(567,391) to (597,421)
Atom 209 emission: 0

Atom 210: Region(567,411) to (597,441)
Atom 210 emission: 0

Atom 211: Region(568,430) to (598,460)
Atom 211 emission: 0

Atom 212: Region(568,450) to (598,480)
Atom 212 emission: 0

Atom 213: Region(569,469) to (599,499)
Atom 213 emission: 0

Atom 214: Region(569,488) to (599,518)
Atom 214 emission: 0

Atom 215: Region(569,508) to (599,538)
Atom 215 emission: 0

Atom 216: Region(570,527) to (600,557)
Atom 216 emission: 0

Atom 217: Region(570,547) to (600,577)
Atom 217 emission: 0

Atom 218: Region(571,566) to (601,596)
Atom 218 emission: 0

Atom 219: Region(571,585) to (601,615)
Atom 219 emission: 0

Atom 220: Region(572,605) to (602,635)
Atom 220 emission: 0

Atom 221: Region(572,624) to (602,654)
Atom 221 emission: 0

Atom 222: Region(573,644) to (603,674)
Atom 222 emission: 0

Atom 223: Region(573,663) to (603,693)
Atom 223 emission: 0

Atom 224: Region(539,62) to (569,92)
Atom 224 emission: 0

Atom 225: Region(540,81) to (570,111)
Atom 225 emission: 0

Atom 226: Region(540,101) to (570,131)
Atom 226 emission: 0

Atom 227: Region(540,120) to (570,150)
Atom 227 emission: 0

Atom 228: Region(541,139) to (571,169)
Atom 228 emission: 0

Atom 229: Region(541,159) to (571,189)
Atom 229 emission: 0

Atom 230: Region(542,178) to (572,208)
Atom 230 emission: 0

Atom 231: Region(542,198) to (572,228)
Atom 231 emission: 0

Atom 232: Region(543,217) to (573,247)
Atom 232 emission: 0

Atom 233: Region(543,236) to (573,266)
Atom 233 emission: 0

Atom 234: Region(544,256) to (574,286)
Atom 234 emission: 0

Atom 235: Region(544,275) to (574,305)
Atom 235 emission: 0

Atom 236: Region(544,295) to (574,325)
Atom 236 emission: 0

Atom 237: Region(545,314) to (575,344)
Atom 237 emission: 0

Atom 238: Region(545,333) to (575,363)
Atom 238 emission: 0

Atom 239: Region(546,353) to (576,383)
Atom 239 emission: 0

Atom 240: Region(546,372) to (576,402)
Atom 240 emission: 0

Atom 241: Region(547,392) to (577,422)
Atom 241 emission: 0

Atom 242: Region(547,411) to (577,441)
Atom 242 emission: 0

Atom 243: Region(548,430) to (578,460)
Atom 243 emission: 0

Atom 244: Region(548,450) to (578,480)
Atom 244 emission: 0

Atom 245: Region(548,469) to (578,499)
Atom 245 emission: 0

Atom 246: Region(549,489) to (579,519)
Atom 246 emission: 0

Atom 247: Region(549,508) to (579,538)
Atom 247 emission: 0

Atom 248: Region(550,527) to (580,557)
Atom 248 emission: 0

Atom 249: Region(550,547) to (580,577)
Atom 249 emission: 0

Atom 250: Region(551,566) to (581,596)
Atom 250 emission: 0

Atom 251: Region(551,586) to (581,616)
Atom 251 emission: 0

Atom 252: Region(552,605) to (582,635)
Atom 252 emission: 0

Atom 253: Region(552,624) to (582,654)
Atom 253 emission: 0

Atom 254: Region(552,644) to (582,674)
Atom 254 emission: 0

Atom 255: Region(553,663) to (583,693)
Atom 255 emission: 0

Atom 256: Region(519,62) to (549,92)
Atom 256 emission: 0

Atom 257: Region(519,82) to (549,112)
Atom 257 emission: 0

Atom 258: Region(520,101) to (550,131)
Atom 258 emission: 0

Atom 259: Region(520,120) to (550,150)
Atom 259 emission: 0

Atom 260: Region(521,140) to (551,170)
Atom 260 emission: 0

Atom 261: Region(521,159) to (551,189)
Atom 261 emission: 0

Atom 262: Region(522,179) to (552,209)
Atom 262 emission: 0

Atom 263: Region(522,198) to (552,228)
Atom 263 emission: 0

Atom 264: Region(523,217) to (553,247)
Atom 264 emission: 0

Atom 265: Region(523,237) to (553,267)
Atom 265 emission: 0

Atom 266: Region(523,256) to (553,286)
Atom 266 emission: 0

Atom 267: Region(524,276) to (554,306)
Atom 267 emission: 0

Atom 268: Region(524,295) to (554,325)
Atom 268 emission: 0

Atom 269: Region(525,314) to (555,344)
Atom 269 emission: 0

Atom 270: Region(525,334) to (555,364)
Atom 270 emission: 0

Atom 271: Region(526,353) to (556,383)
Atom 271 emission: 0

Atom 272: Region(526,373) to (556,403)
Atom 272 emission: 0

Atom 273: Region(527,392) to (557,422)
Atom 273 emission: 0

Atom 274: Region(527,411) to (557,441)
Atom 274 emission: 0

Atom 275: Region(527,431) to (557,461)
Atom 275 emission: 0

Atom 276: Region(528,450) to (558,480)
Atom 276 emission: 0

Atom 277: Region(528,470) to (558,500)
Atom 277 emission: 0

Atom 278: Region(529,489) to (559,519)
Atom 278 emission: 0

Atom 279: Region(529,508) to (559,538)
Atom 279 emission: 0

Atom 280: Region(530,528) to (560,558)
Atom 280 emission: 0

Atom 281: Region(530,547) to (560,577)
Atom 281 emission: 0

Atom 282: Region(531,567) to (561,597)
Atom 282 emission: 0

Atom 283: Region(531,586) to (561,616)
Atom 283 emission: 0

Atom 284: Region(531,605) to (561,635)
Atom 284 emission: 0

Atom 285: Region(532,625) to (562,655)
Atom 285 emission: 0

Atom 286: Region(532,644) to (562,674)
Atom 286 emission: 0

Atom 287: Region(533,664) to (563,694)
Atom 287 emission: 0

Atom 288: Region(499,62) to (529,92)
Atom 288 emission: 0

Atom 289: Region(499,82) to (529,112)
Atom 289 emission: 0

Atom 290: Region(500,101) to (530,131)
Atom 290 emission: 0

Atom 291: Region(500,121) to (530,151)
Atom 291 emission: 0

Atom 292: Region(501,140) to (531,170)
Atom 292 emission: 0

Atom 293: Region(501,159) to (531,189)
Atom 293 emission: 0

Atom 294: Region(502,179) to (532,209)
Atom 294 emission: 0

Atom 295: Region(502,198) to (532,228)
Atom 295 emission: 0

Atom 296: Region(502,218) to (532,248)
Atom 296 emission: 0

Atom 297: Region(503,237) to (533,267)
Atom 297 emission: 0

Atom 298: Region(503,256) to (533,286)
Atom 298 emission: 0

Atom 299: Region(504,276) to (534,306)
Atom 299 emission: 0

Atom 300: Region(504,295) to (534,325)
Atom 300 emission: 0

Atom 301: Region(505,315) to (535,345)
Atom 301 emission: 0

Atom 302: Region(505,334) to (535,364)
Atom 302 emission: 0

Atom 303: Region(506,353) to (536,383)
Atom 303 emission: 0

Atom 304: Region(506,373) to (536,403)
Atom 304 emission: 0

Atom 305: Region(506,392) to (536,422)
Atom 305 emission: 0

Atom 306: Region(507,412) to (537,442)
Atom 306 emission: 0

Atom 307: Region(507,431) to (537,461)
Atom 307 emission: 0

Atom 308: Region(508,450) to (538,480)
Atom 308 emission: 0

Atom 309: Region(508,470) to (538,500)
Atom 309 emission: 0

Atom 310: Region(509,489) to (539,519)
Atom 310 emission: 0

Atom 311: Region(509,509) to (539,539)
Atom 311 emission: 0

Atom 312: Region(510,528) to (540,558)
Atom 312 emission: 0

Atom 313: Region(510,547) to (540,577)
Atom 313 emission: 0

Atom 314: Region(510,567) to (540,597)
Atom 314 emission: 0

Atom 315: Region(511,586) to (541,616)
Atom 315 emission: 0

Atom 316: Region(511,606) to (541,636)
Atom 316 emission: 0

Atom 317: Region(512,625) to (542,655)
Atom 317 emission: 0

Atom 318: Region(512,644) to (542,674)
Atom 318 emission: 0

Atom 319: Region(513,664) to (543,694)
Atom 319 emission: 0

Atom 320: Region(479,63) to (509,93)
Atom 320 emission: 0

Atom 321: Region(479,82) to (509,112)
Atom 321 emission: 0

Atom 322: Region(480,102) to (510,132)
Atom 322 emission: 0

Atom 323: Region(480,121) to (510,151)
Atom 323 emission: 0

Atom 324: Region(480,140) to (510,170)
Atom 324 emission: 0

Atom 325: Region(481,160) to (511,190)
Atom 325 emission: 0

Atom 326: Region(481,179) to (511,209)
Atom 326 emission: 0

Atom 327: Region(482,199) to (512,229)
Atom 327 emission: 0

Atom 328: Region(482,218) to (512,248)
Atom 328 emission: 0

Atom 329: Region(483,237) to (513,267)
Atom 329 emission: 0

Atom 330: Region(483,257) to (513,287)
Atom 330 emission: 0

Atom 331: Region(484,276) to (514,306)
Atom 331 emission: 0

Atom 332: Region(484,296) to (514,326)
Atom 332 emission: 0

Atom 333: Region(485,315) to (515,345)
Atom 333 emission: 0

Atom 334: Region(485,334) to (515,364)
Atom 334 emission: 0

Atom 335: Region(485,354) to (515,384)
Atom 335 emission: 0

Atom 336: Region(486,373) to (516,403)
Atom 336 emission: 0

Atom 337: Region(486,393) to (516,423)
Atom 337 emission: 0

Atom 338: Region(487,412) to (517,442)
Atom 338 emission: 0

Atom 339: Region(487,431) to (517,461)
Atom 339 emission: 0

Atom 340: Region(488,451) to (518,481)
Atom 340 emission: 0

Atom 341: Region(488,470) to (518,500)
Atom 341 emission: 0

Atom 342: Region(489,490) to (519,520)
Atom 342 emission: 0

Atom 343: Region(489,509) to (519,539)
Atom 343 emission: 0

Atom 344: Region(489,528) to (519,558)
Atom 344 emission: 0

Atom 345: Region(490,548) to (520,578)
Atom 345 emission: 0

Atom 346: Region(490,567) to (520,597)
Atom 346 emission: 0

Atom 347: Region(491,587) to (521,617)
Atom 347 emission: 0

Atom 348: Region(491,606) to (521,636)
Atom 348 emission: 0

Atom 349: Region(492,625) to (522,655)
Atom 349 emission: 0

Atom 350: Region(492,645) to (522,675)
Atom 350 emission: 0

Atom 351: Region(493,664) to (523,694)
Atom 351 emission: 0

Atom 352: Region(459,63) to (489,93)
Atom 352 emission: 0

Atom 353: Region(459,82) to (489,112)
Atom 353 emission: 0

Atom 354: Region(459,102) to (489,132)
Atom 354 emission: 0

Atom 355: Region(460,121) to (490,151)
Atom 355 emission: 0

Atom 356: Region(460,141) to (490,171)
Atom 356 emission: 0

Atom 357: Region(461,160) to (491,190)
Atom 357 emission: 0

Atom 358: Region(461,179) to (491,209)
Atom 358 emission: 0

Atom 359: Region(462,199) to (492,229)
Atom 359 emission: 0

Atom 360: Region(462,218) to (492,248)
Atom 360 emission: 0

Atom 361: Region(463,238) to (493,268)
Atom 361 emission: 0

Atom 362: Region(463,257) to (493,287)
Atom 362 emission: 0

Atom 363: Region(464,276) to (494,306)
Atom 363 emission: 0

Atom 364: Region(464,296) to (494,326)
Atom 364 emission: 0

Atom 365: Region(464,315) to (494,345)
Atom 365 emission: 0

Atom 366: Region(465,335) to (495,365)
Atom 366 emission: 0

Atom 367: Region(465,354) to (495,384)
Atom 367 emission: 0

Atom 368: Region(466,373) to (496,403)
Atom 368 emission: 0

Atom 369: Region(466,393) to (496,423)
Atom 369 emission: 0

Atom 370: Region(467,412) to (497,442)
Atom 370 emission: 0

Atom 371: Region(467,432) to (497,462)
Atom 371 emission: 0

Atom 372: Region(468,451) to (498,481)
Atom 372 emission: 0

Atom 373: Region(468,470) to (498,500)
Atom 373 emission: 0

Atom 374: Region(468,490) to (498,520)
Atom 374 emission: 0

Atom 375: Region(469,509) to (499,539)
Atom 375 emission: 0

Atom 376: Region(469,529) to (499,559)
Atom 376 emission: 0

Atom 377: Region(470,548) to (500,578)
Atom 377 emission: 0

Atom 378: Region(470,567) to (500,597)
Atom 378 emission: 0

Atom 379: Region(471,587) to (501,617)
Atom 379 emission: 0

Atom 380: Region(471,606) to (501,636)
Atom 380 emission: 0

Atom 381: Region(472,626) to (502,656)
Atom 381 emission: 0

Atom 382: Region(472,645) to (502,675)
Atom 382 emission: 0

Atom 383: Region(472,664) to (502,694)
Atom 383 emission: 0

Atom 384: Region(438,63) to (468,93)
Atom 384 emission: 0

Atom 385: Region(439,83) to (469,113)
Atom 385 emission: 0

Atom 386: Region(439,102) to (469,132)
Atom 386 emission: 0

Atom 387: Region(440,122) to (470,152)
Atom 387 emission: 0

Atom 388: Region(440,141) to (470,171)
Atom 388 emission: 0

Atom 389: Region(441,160) to (471,190)
Atom 389 emission: 0

Atom 390: Region(441,180) to (471,210)
Atom 390 emission: 0

Atom 391: Region(442,199) to (472,229)
Atom 391 emission: 0

Atom 392: Region(442,219) to (472,249)
Atom 392 emission: 0

Atom 393: Region(443,238) to (473,268)
Atom 393 emission: 0

Atom 394: Region(443,257) to (473,287)
Atom 394 emission: 0

Atom 395: Region(443,277) to (473,307)
Atom 395 emission: 0

Atom 396: Region(444,296) to (474,326)
Atom 396 emission: 0

Atom 397: Region(444,316) to (474,346)
Atom 397 emission: 0

Atom 398: Region(445,335) to (475,365)
Atom 398 emission: 0

Atom 399: Region(445,354) to (475,384)
Atom 399 emission: 0

Atom 400: Region(446,374) to (476,404)
Atom 400 emission: 0

Atom 401: Region(446,393) to (476,423)
Atom 401 emission: 0

Atom 402: Region(447,413) to (477,443)
Atom 402 emission: 0

Atom 403: Region(447,432) to (477,462)
Atom 403 emission: 0

Atom 404: Region(447,451) to (477,481)
Atom 404 emission: 0

Atom 405: Region(448,471) to (478,501)
Atom 405 emission: 0

Atom 406: Region(448,490) to (478,520)
Atom 406 emission: 0

Atom 407: Region(449,510) to (479,540)
Atom 407 emission: 0

Atom 408: Region(449,529) to (479,559)
Atom 408 emission: 0

Atom 409: Region(450,548) to (480,578)
Atom 409 emission: 0

Atom 410: Region(450,568) to (480,598)
Atom 410 emission: 0

Atom 411: Region(451,587) to (481,617)
Atom 411 emission: 0

Atom 412: Region(451,607) to (481,637)
Atom 412 emission: 0

Atom 413: Region(451,626) to (481,656)
Atom 413 emission: 0

Atom 414: Region(452,645) to (482,675)
Atom 414 emission: 0

Atom 415: Region(452,665) to (482,695)
Atom 415 emission: 0

Atom 416: Region(418,64) to (448,94)
Atom 416 emission: 0

Atom 417: Region(419,83) to (449,113)
Atom 417 emission: 0

Atom 418: Region(419,103) to (449,133)
Atom 418 emission: 0

Atom 419: Region(420,122) to (450,152)
Atom 419 emission: 0

Atom 420: Region(420,141) to (450,171)
Atom 420 emission: 0

Atom 421: Region(421,161) to (451,191)
Atom 421 emission: 0

Atom 422: Region(421,180) to (451,210)
Atom 422 emission: 0

Atom 423: Region(421,200) to (451,230)
Atom 423 emission: 0

Atom 424: Region(422,219) to (452,249)
Atom 424 emission: 0

Atom 425: Region(422,238) to (452,268)
Atom 425 emission: 0

Atom 426: Region(423,258) to (453,288)
Atom 426 emission: 0

Atom 427: Region(423,277) to (453,307)
Atom 427 emission: 0

Atom 428: Region(424,297) to (454,327)
Atom 428 emission: 0

Atom 429: Region(424,316) to (454,346)
Atom 429 emission: 0

Atom 430: Region(425,335) to (455,365)
Atom 430 emission: 0

Atom 431: Region(425,355) to (455,385)
Atom 431 emission: 0

Atom 432: Region(426,374) to (456,404)
Atom 432 emission: 0

Atom 433: Region(426,394) to (456,424)
Atom 433 emission: 0

Atom 434: Region(426,413) to (456,443)
Atom 434 emission: 0

Atom 435: Region(427,432) to (457,462)
Atom 435 emission: 0

Atom 436: Region(427,452) to (457,482)
Atom 436 emission: 0

Atom 437: Region(428,471) to (458,501)
Atom 437 emission: 0

Atom 438: Region(428,491) to (458,521)
Atom 438 emission: 0

Atom 439: Region(429,510) to (459,540)
Atom 439 emission: 0

Atom 440: Region(429,529) to (459,559)
Atom 440 emission: 0

Atom 441: Region(430,549) to (460,579)
Atom 441 emission: 0

Atom 442: Region(430,568) to (460,598)
Atom 442 emission: 0

Atom 443: Region(430,588) to (460,618)
Atom 443 emission: 0

Atom 444: Region(431,607) to (461,637)
Atom 444 emission: 0

Atom 445: Region(431,626) to (461,656)
Atom 445 emission: 0

Atom 446: Region(432,646) to (462,676)
Atom 446 emission: 0

Atom 447: Region(432,665) to (462,695)
Atom 447 emission: 0

Atom 448: Region(398,64) to (428,94)
Atom 448 emission: 0

Atom 449: Region(399,83) to (429,113)
Atom 449 emission: 0

Atom 450: Region(399,103) to (429,133)
Atom 450 emission: 0

Atom 451: Region(400,122) to (430,152)
Atom 451 emission: 0

Atom 452: Region(400,142) to (430,172)
Atom 452 emission: 0

Atom 453: Region(400,161) to (430,191)
Atom 453 emission: 0

Atom 454: Region(401,180) to (431,210)
Atom 454 emission: 0

Atom 455: Region(401,200) to (431,230)
Atom 455 emission: 0

Atom 456: Region(402,219) to (432,249)
Atom 456 emission: 0

Atom 457: Region(402,239) to (432,269)
Atom 457 emission: 0

Atom 458: Region(403,258) to (433,288)
Atom 458 emission: 0

Atom 459: Region(403,277) to (433,307)
Atom 459 emission: 0

Atom 460: Region(404,297) to (434,327)
Atom 460 emission: 0

Atom 461: Region(404,316) to (434,346)
Atom 461 emission: 0

Atom 462: Region(405,336) to (435,366)
Atom 462 emission: 0

Atom 463: Region(405,355) to (435,385)
Atom 463 emission: 0

Atom 464: Region(405,374) to (435,404)
Atom 464 emission: 0

Atom 465: Region(406,394) to (436,424)
Atom 465 emission: 0

Atom 466: Region(406,413) to (436,443)
Atom 466 emission: 0

Atom 467: Region(407,433) to (437,463)
Atom 467 emission: 0

Atom 468: Region(407,452) to (437,482)
Atom 468 emission: 0

Atom 469: Region(408,471) to (438,501)
Atom 469 emission: 0

Atom 470: Region(408,491) to (438,521)
Atom 470 emission: 0

Atom 471: Region(409,510) to (439,540)
Atom 471 emission: 0

Atom 472: Region(409,530) to (439,560)
Atom 472 emission: 0

Atom 473: Region(409,549) to (439,579)
Atom 473 emission: 0

Atom 474: Region(410,568) to (440,598)
Atom 474 emission: 0

Atom 475: Region(410,588) to (440,618)
Atom 475 emission: 0

Atom 476: Region(411,607) to (441,637)
Atom 476 emission: 0

Atom 477: Region(411,627) to (441,657)
Atom 477 emission: 0

Atom 478: Region(412,646) to (442,676)
Atom 478 emission: 0

Atom 479: Region(412,665) to (442,695)
Atom 479 emission: 0

Atom 480: Region(378,64) to (408,94)
Atom 480 emission: 0

Atom 481: Region(379,84) to (409,114)
Atom 481 emission: 0

Atom 482: Region(379,103) to (409,133)
Atom 482 emission: 0

Atom 483: Region(379,123) to (409,153)
Atom 483 emission: 0

Atom 484: Region(380,142) to (410,172)
Atom 484 emission: 0

Atom 485: Region(380,161) to (410,191)
Atom 485 emission: 0

Atom 486: Region(381,181) to (411,211)
Atom 486 emission: 0

Atom 487: Region(381,200) to (411,230)
Atom 487 emission: 0

Atom 488: Region(382,220) to (412,250)
Atom 488 emission: 0

Atom 489: Region(382,239) to (412,269)
Atom 489 emission: 0

Atom 490: Region(383,258) to (413,288)
Atom 490 emission: 0

Atom 491: Region(383,278) to (413,308)
Atom 491 emission: 0

Atom 492: Region(383,297) to (413,327)
Atom 492 emission: 0

Atom 493: Region(384,317) to (414,347)
Atom 493 emission: 0

Atom 494: Region(384,336) to (414,366)
Atom 494 emission: 0

Atom 495: Region(385,355) to (415,385)
Atom 495 emission: 0

Atom 496: Region(385,375) to (415,405)
Atom 496 emission: 0

Atom 497: Region(386,394) to (416,424)
Atom 497 emission: 0

Atom 498: Region(386,414) to (416,444)
Atom 498 emission: 0

Atom 499: Region(387,433) to (417,463)
Atom 499 emission: 0

Atom 500: Region(387,452) to (417,482)
Atom 500 emission: 0

Atom 501: Region(388,472) to (418,502)
Atom 501 emission: 0

Atom 502: Region(388,491) to (418,521)
Atom 502 emission: 0

Atom 503: Region(388,511) to (418,541)
Atom 503 emission: 0

Atom 504: Region(389,530) to (419,560)
Atom 504 emission: 0

Atom 505: Region(389,549) to (419,579)
Atom 505 emission: 0

Atom 506: Region(390,569) to (420,599)
Atom 506 emission: 0

Atom 507: Region(390,588) to (420,618)
Atom 507 emission: 0

Atom 508: Region(391,608) to (421,638)
Atom 508 emission: 0

Atom 509: Region(391,627) to (421,657)
Atom 509 emission: 0

Atom 510: Region(392,646) to (422,676)
Atom 510 emission: 0

Atom 511: Region(392,666) to (422,696)
Atom 511 emission: 0

Atom 512: Region(358,65) to (388,95)
Atom 512 emission: 0

Atom 513: Region(358,84) to (388,114)
Atom 513 emission: 0

Atom 514: Region(359,103) to (389,133)
Atom 514 emission: 0

Atom 515: Region(359,123) to (389,153)
Atom 515 emission: 0

Atom 516: Region(360,142) to (390,172)
Atom 516 emission: 0

Atom 517: Region(360,162) to (390,192)
Atom 517 emission: 0

Atom 518: Region(361,181) to (391,211)
Atom 518 emission: 0

Atom 519: Region(361,200) to (391,230)
Atom 519 emission: 0

Atom 520: Region(362,220) to (392,250)
Atom 520 emission: 0

Atom 521: Region(362,239) to (392,269)
Atom 521 emission: 0

Atom 522: Region(362,259) to (392,289)
Atom 522 emission: 0

Atom 523: Region(363,278) to (393,308)
Atom 523 emission: 0

Atom 524: Region(363,297) to (393,327)
Atom 524 emission: 0

Atom 525: Region(364,317) to (394,347)
Atom 525 emission: 0

Atom 526: Region(364,336) to (394,366)
Atom 526 emission: 0

Atom 527: Region(365,356) to (395,386)
Atom 527 emission: 0

Atom 528: Region(365,375) to (395,405)
Atom 528 emission: 0

Atom 529: Region(366,394) to (396,424)
Atom 529 emission: 0

Atom 530: Region(366,414) to (396,444)
Atom 530 emission: 0

Atom 531: Region(367,433) to (397,463)
Atom 531 emission: 0

Atom 532: Region(367,453) to (397,483)
Atom 532 emission: 0

Atom 533: Region(367,472) to (397,502)
Atom 533 emission: 0

Atom 534: Region(368,491) to (398,521)
Atom 534 emission: 0

Atom 535: Region(368,511) to (398,541)
Atom 535 emission: 0

Atom 536: Region(369,530) to (399,560)
Atom 536 emission: 0

Atom 537: Region(369,550) to (399,580)
Atom 537 emission: 0

Atom 538: Region(370,569) to (400,599)
Atom 538 emission: 0

Atom 539: Region(370,588) to (400,618)
Atom 539 emission: 0

Atom 540: Region(371,608) to (401,638)
Atom 540 emission: 0

Atom 541: Region(371,627) to (401,657)
Atom 541 emission: 0

Atom 542: Region(371,647) to (401,677)
Atom 542 emission: 0

Atom 543: Region(372,666) to (402,696)
Atom 543 emission: 0

Atom 544: Region(338,65) to (368,95)
Atom 544 emission: 0

Atom 545: Region(338,84) to (368,114)
Atom 545 emission: 0

Atom 546: Region(339,104) to (369,134)
Atom 546 emission: 0

Atom 547: Region(339,123) to (369,153)
Atom 547 emission: 0

Atom 548: Region(340,143) to (370,173)
Atom 548 emission: 0

Atom 549: Region(340,162) to (370,192)
Atom 549 emission: 0

Atom 550: Region(341,181) to (371,211)
Atom 550 emission: 0

Atom 551: Region(341,201) to (371,231)
Atom 551 emission: 0

Atom 552: Region(341,220) to (371,250)
Atom 552 emission: 0

Atom 553: Region(342,240) to (372,270)
Atom 553 emission: 0

Atom 554: Region(342,259) to (372,289)
Atom 554 emission: 0

Atom 555: Region(343,278) to (373,308)
Atom 555 emission: 0

Atom 556: Region(343,298) to (373,328)
Atom 556 emission: 0

Atom 557: Region(344,317) to (374,347)
Atom 557 emission: 0

Atom 558: Region(344,337) to (374,367)
Atom 558 emission: 0

Atom 559: Region(345,356) to (375,386)
Atom 559 emission: 0

Atom 560: Region(345,375) to (375,405)
Atom 560 emission: 0

Atom 561: Region(346,395) to (376,425)
Atom 561 emission: 0

Atom 562: Region(346,414) to (376,444)
Atom 562 emission: 0

Atom 563: Region(346,434) to (376,464)
Atom 563 emission: 0

Atom 564: Region(347,453) to (377,483)
Atom 564 emission: 0

Atom 565: Region(347,472) to (377,502)
Atom 565 emission: 0

Atom 566: Region(348,492) to (378,522)
Atom 566 emission: 0

Atom 567: Region(348,511) to (378,541)
Atom 567 emission: 0

Atom 568: Region(349,531) to (379,561)
Atom 568 emission: 0

Atom 569: Region(349,550) to (379,580)
Atom 569 emission: 0

Atom 570: Region(350,569) to (380,599)
Atom 570 emission: 0

Atom 571: Region(350,589) to (380,619)
Atom 571 emission: 0

Atom 572: Region(350,608) to (380,638)
Atom 572 emission: 0

Atom 573: Region(351,628) to (381,658)
Atom 573 emission: 0

Atom 574: Region(351,647) to (381,677)
Atom 574 emission: 0

Atom 575: Region(352,666) to (382,696)
Atom 575 emission: 0

Atom 576: Region(318,65) to (348,95)
Atom 576 emission: 0

Atom 577: Region(318,85) to (348,115)
Atom 577 emission: 0

Atom 578: Region(319,104) to (349,134)
Atom 578 emission: 0

Atom 579: Region(319,123) to (349,153)
Atom 579 emission: 0

Atom 580: Region(320,143) to (350,173)
Atom 580 emission: 0

Atom 581: Region(320,162) to (350,192)
Atom 581 emission: 0

Atom 582: Region(320,182) to (350,212)
Atom 582 emission: 0

Atom 583: Region(321,201) to (351,231)
Atom 583 emission: 0

Atom 584: Region(321,220) to (351,250)
Atom 584 emission: 0

Atom 585: Region(322,240) to (352,270)
Atom 585 emission: 0

Atom 586: Region(322,259) to (352,289)
Atom 586 emission: 0

Atom 587: Region(323,279) to (353,309)
Atom 587 emission: 0

Atom 588: Region(323,298) to (353,328)
Atom 588 emission: 0

Atom 589: Region(324,317) to (354,347)
Atom 589 emission: 0

Atom 590: Region(324,337) to (354,367)
Atom 590 emission: 0

Atom 591: Region(324,356) to (354,386)
Atom 591 emission: 0

Atom 592: Region(325,376) to (355,406)
Atom 592 emission: 0

Atom 593: Region(325,395) to (355,425)
Atom 593 emission: 0

Atom 594: Region(326,415) to (356,445)
Atom 594 emission: 0

Atom 595: Region(326,434) to (356,464)
Atom 595 emission: 0

Atom 596: Region(327,453) to (357,483)
Atom 596 emission: 0

Atom 597: Region(327,473) to (357,503)
Atom 597 emission: 0

Atom 598: Region(328,492) to (358,522)
Atom 598 emission: 0

Atom 599: Region(328,512) to (358,542)
Atom 599 emission: 0

Atom 600: Region(329,531) to (359,561)
Atom 600 emission: 0

Atom 601: Region(329,550) to (359,580)
Atom 601 emission: 0

Atom 602: Region(329,570) to (359,600)
Atom 602 emission: 0

Atom 603: Region(330,589) to (360,619)
Atom 603 emission: 0

Atom 604: Region(330,609) to (360,639)
Atom 604 emission: 0

Atom 605: Region(331,628) to (361,658)
Atom 605 emission: 0

Atom 606: Region(331,647) to (361,677)
Atom 606 emission: 0

Atom 607: Region(332,667) to (362,697)
Atom 607 emission: 0

Atom 608: Region(298,66) to (328,96)
Atom 608 emission: 0

Atom 609: Region(298,85) to (328,115)
Atom 609 emission: 0

Atom 610: Region(299,104) to (329,134)
Atom 610 emission: 0

Atom 611: Region(299,124) to (329,154)
Atom 611 emission: 0

Atom 612: Region(299,143) to (329,173)
Atom 612 emission: 0

Atom 613: Region(300,163) to (330,193)
Atom 613 emission: 0

Atom 614: Region(300,182) to (330,212)
Atom 614 emission: 0

Atom 615: Region(301,201) to (331,231)
Atom 615 emission: 0

Atom 616: Region(301,221) to (331,251)
Atom 616 emission: 0

Atom 617: Region(302,240) to (332,270)
Atom 617 emission: 0

Atom 618: Region(302,260) to (332,290)
Atom 618 emission: 0

Atom 619: Region(303,279) to (333,309)
Atom 619 emission: 0

Atom 620: Region(303,298) to (333,328)
Atom 620 emission: 0

Atom 621: Region(303,318) to (333,348)
Atom 621 emission: 0

Atom 622: Region(304,337) to (334,367)
Atom 622 emission: 0

Atom 623: Region(304,357) to (334,387)
Atom 623 emission: 0

Atom 624: Region(305,376) to (335,406)
Atom 624 emission: 0

Atom 625: Region(305,395) to (335,425)
Atom 625 emission: 0

Atom 626: Region(306,415) to (336,445)
Atom 626 emission: 0

Atom 627: Region(306,434) to (336,464)
Atom 627 emission: 0

Atom 628: Region(307,454) to (337,484)
Atom 628 emission: 0

Atom 629: Region(307,473) to (337,503)
Atom 629 emission: 0

Atom 630: Region(308,492) to (338,522)
Atom 630 emission: 0

Atom 631: Region(308,512) to (338,542)
Atom 631 emission: 0

Atom 632: Region(308,531) to (338,561)
Atom 632 emission: 0

Atom 633: Region(309,551) to (339,581)
Atom 633 emission: 0

Atom 634: Region(309,570) to (339,600)
Atom 634 emission: 0

Atom 635: Region(310,589) to (340,619)
Atom 635 emission: 0

Atom 636: Region(310,609) to (340,639)
Atom 636 emission: 0

Atom 637: Region(311,628) to (341,658)
Atom 637 emission: 0

Atom 638: Region(311,648) to (341,678)
Atom 638 emission: 0

Atom 639: Region(312,667) to (342,697)
Atom 639 emission: 0

Atom 640: Region(278,66) to (308,96)
Atom 640 emission: 0

Atom 641: Region(278,85) to (308,115)
Atom 641 emission: 0

Atom 642: Region(278,105) to (308,135)
Atom 642 emission: 0

Atom 643: Region(279,124) to (309,154)
Atom 643 emission: 0

Atom 644: Region(279,144) to (309,174)
Atom 644 emission: 0

Atom 645: Region(280,163) to (310,193)
Atom 645 emission: 0

Atom 646: Region(280,182) to (310,212)
Atom 646 emission: 0

Atom 647: Region(281,202) to (311,232)
Atom 647 emission: 0

Atom 648: Region(281,221) to (311,251)
Atom 648 emission: 0

Atom 649: Region(282,241) to (312,271)
Atom 649 emission: 0

Atom 650: Region(282,260) to (312,290)
Atom 650 emission: 0

Atom 651: Region(282,279) to (312,309)
Atom 651 emission: 0

Atom 652: Region(283,299) to (313,329)
Atom 652 emission: 0

Atom 653: Region(283,318) to (313,348)
Atom 653 emission: 0

Atom 654: Region(284,338) to (314,368)
Atom 654 emission: 0

Atom 655: Region(284,357) to (314,387)
Atom 655 emission: 0

Atom 656: Region(285,376) to (315,406)
Atom 656 emission: 0

Atom 657: Region(285,396) to (315,426)
Atom 657 emission: 0

Atom 658: Region(286,415) to (316,445)
Atom 658 emission: 0

Atom 659: Region(286,435) to (316,465)
Atom 659 emission: 0

Atom 660: Region(287,454) to (317,484)
Atom 660 emission: 0

Atom 661: Region(287,473) to (317,503)
Atom 661 emission: 0

Atom 662: Region(287,493) to (317,523)
Atom 662 emission: 0

Atom 663: Region(288,512) to (318,542)
Atom 663 emission: 0

Atom 664: Region(288,532) to (318,562)
Atom 664 emission: 0

Atom 665: Region(289,551) to (319,581)
Atom 665 emission: 0

Atom 666: Region(289,570) to (319,600)
Atom 666 emission: 0

Atom 667: Region(290,590) to (320,620)
Atom 667 emission: 0

Atom 668: Region(290,609) to (320,639)
Atom 668 emission: 0

Atom 669: Region(291,629) to (321,659)
Atom 669 emission: 0

Atom 670: Region(291,648) to (321,678)
Atom 670 emission: 0

Atom 671: Region(291,667) to (321,697)
Atom 671 emission: 0

Atom 672: Region(257,66) to (287,96)
Atom 672 emission: 0

Atom 673: Region(258,86) to (288,116)
Atom 673 emission: 0

Atom 674: Region(258,105) to (288,135)
Atom 674 emission: 0

Atom 675: Region(259,124) to (289,154)
Atom 675 emission: 0

Atom 676: Region(259,144) to (289,174)
Atom 676 emission: 0

Atom 677: Region(260,163) to (290,193)
Atom 677 emission: 0

Atom 678: Region(260,183) to (290,213)
Atom 678 emission: 0

Atom 679: Region(261,202) to (291,232)
Atom 679 emission: 0

Atom 680: Region(261,221) to (291,251)
Atom 680 emission: 0

Atom 681: Region(261,241) to (291,271)
Atom 681 emission: 0

Atom 682: Region(262,260) to (292,290)
Atom 682 emission: 0

Atom 683: Region(262,280) to (292,310)
Atom 683 emission: 0

Atom 684: Region(263,299) to (293,329)
Atom 684 emission: 0

Atom 685: Region(263,318) to (293,348)
Atom 685 emission: 0

Atom 686: Region(264,338) to (294,368)
Atom 686 emission: 0

Atom 687: Region(264,357) to (294,387)
Atom 687 emission: 0

Atom 688: Region(265,377) to (295,407)
Atom 688 emission: 0

Atom 689: Region(265,396) to (295,426)
Atom 689 emission: 0

Atom 690: Region(265,415) to (295,445)
Atom 690 emission: 0

Atom 691: Region(266,435) to (296,465)
Atom 691 emission: 0

Atom 692: Region(266,454) to (296,484)
Atom 692 emission: 0

Atom 693: Region(267,474) to (297,504)
Atom 693 emission: 0

Atom 694: Region(267,493) to (297,523)
Atom 694 emission: 0

Atom 695: Region(268,512) to (298,542)
Atom 695 emission: 0

Atom 696: Region(268,532) to (298,562)
Atom 696 emission: 0

Atom 697: Region(269,551) to (299,581)
Atom 697 emission: 0

Atom 698: Region(269,571) to (299,601)
Atom 698 emission: 0

Atom 699: Region(270,590) to (300,620)
Atom 699 emission: 0

Atom 700: Region(270,609) to (300,639)
Atom 700 emission: 0

Atom 701: Region(270,629) to (300,659)
Atom 701 emission: 0

Atom 702: Region(271,648) to (301,678)
Atom 702 emission: 0

Atom 703: Region(271,668) to (301,698)
Atom 703 emission: 0

Atom 704: Region(237,67) to (267,97)
Atom 704 emission: 0

Atom 705: Region(238,86) to (268,116)
Atom 705 emission: 0

Atom 706: Region(238,105) to (268,135)
Atom 706 emission: 0

Atom 707: Region(239,125) to (269,155)
Atom 707 emission: 0

Atom 708: Region(239,144) to (269,174)
Atom 708 emission: 0

Atom 709: Region(240,164) to (270,194)
Atom 709 emission: 0

Atom 710: Region(240,183) to (270,213)
Atom 710 emission: 0

Atom 711: Region(240,202) to (270,232)
Atom 711 emission: 0

Atom 712: Region(241,222) to (271,252)
Atom 712 emission: 0

Atom 713: Region(241,241) to (271,271)
Atom 713 emission: 0

Atom 714: Region(242,261) to (272,291)
Atom 714 emission: 0

Atom 715: Region(242,280) to (272,310)
Atom 715 emission: 0

Atom 716: Region(243,299) to (273,329)
Atom 716 emission: 0

Atom 717: Region(243,319) to (273,349)
Atom 717 emission: 0

Atom 718: Region(244,338) to (274,368)
Atom 718 emission: 0

Atom 719: Region(244,358) to (274,388)
Atom 719 emission: 0

Atom 720: Region(244,377) to (274,407)
Atom 720 emission: 0

Atom 721: Region(245,396) to (275,426)
Atom 721 emission: 0

Atom 722: Region(245,416) to (275,446)
Atom 722 emission: 0

Atom 723: Region(246,435) to (276,465)
Atom 723 emission: 0

Atom 724: Region(246,455) to (276,485)
Atom 724 emission: 0

Atom 725: Region(247,474) to (277,504)
Atom 725 emission: 0

Atom 726: Region(247,493) to (277,523)
Atom 726 emission: 0

Atom 727: Region(248,513) to (278,543)
Atom 727 emission: 0

Atom 728: Region(248,532) to (278,562)
Atom 728 emission: 0

Atom 729: Region(249,552) to (279,582)
Atom 729 emission: 0

Atom 730: Region(249,571) to (279,601)
Atom 730 emission: 0

Atom 731: Region(249,590) to (279,620)
Atom 731 emission: 0

Atom 732: Region(250,610) to (280,640)
Atom 732 emission: 0

Atom 733: Region(250,629) to (280,659)
Atom 733 emission: 0

Atom 734: Region(251,649) to (281,679)
Atom 734 emission: 0

Atom 735: Region(251,668) to (281,698)
Atom 735 emission: 0

Atom 736: Region(217,67) to (247,97)
Atom 736 emission: 0

Atom 737: Region(218,86) to (248,116)
Atom 737 emission: 0

Atom 738: Region(218,106) to (248,136)
Atom 738 emission: 0

Atom 739: Region(219,125) to (249,155)
Atom 739 emission: 0

Atom 740: Region(219,144) to (249,174)
Atom 740 emission: 0

Atom 741: Region(219,164) to (249,194)
Atom 741 emission: 0

Atom 742: Region(220,183) to (250,213)
Atom 742 emission: 0

Atom 743: Region(220,203) to (250,233)
Atom 743 emission: 0

Atom 744: Region(221,222) to (251,252)
Atom 744 emission: 0

Atom 745: Region(221,241) to (251,271)
Atom 745 emission: 0

Atom 746: Region(222,261) to (252,291)
Atom 746 emission: 0

Atom 747: Region(222,280) to (252,310)
Atom 747 emission: 0

Atom 748: Region(223,300) to (253,330)
Atom 748 emission: 0

Atom 749: Region(223,319) to (253,349)
Atom 749 emission: 0

Atom 750: Region(223,338) to (253,368)
Atom 750 emission: 0

Atom 751: Region(224,358) to (254,388)
Atom 751 emission: 0

Atom 752: Region(224,377) to (254,407)
Atom 752 emission: 0

Atom 753: Region(225,397) to (255,427)
Atom 753 emission: 0

Atom 754: Region(225,416) to (255,446)
Atom 754 emission: 0

Atom 755: Region(226,435) to (256,465)
Atom 755 emission: 0

Atom 756: Region(226,455) to (256,485)
Atom 756 emission: 0

Atom 757: Region(227,474) to (257,504)
Atom 757 emission: 0

Atom 758: Region(227,494) to (257,524)
Atom 758 emission: 0

Atom 759: Region(227,513) to (257,543)
Atom 759 emission: 0

Atom 760: Region(228,532) to (258,562)
Atom 760 emission: 0

Atom 761: Region(228,552) to (258,582)
Atom 761 emission: 0

Atom 762: Region(229,571) to (259,601)
Atom 762 emission: 0

Atom 763: Region(229,591) to (259,621)
Atom 763 emission: 0

Atom 764: Region(230,610) to (260,640)
Atom 764 emission: 0

Atom 765: Region(230,629) to (260,659)
Atom 765 emission: 0

Atom 766: Region(231,649) to (261,679)
Atom 766 emission: 0

Atom 767: Region(231,668) to (261,698)
Atom 767 emission: 0

Atom 768: Region(197,67) to (227,97)
Atom 768 emission: 0

Atom 769: Region(198,87) to (228,117)
Atom 769 emission: 0

Atom 770: Region(198,106) to (228,136)
Atom 770 emission: 0

Atom 771: Region(198,125) to (228,155)
Atom 771 emission: 0

Atom 772: Region(199,145) to (229,175)
Atom 772 emission: 0

Atom 773: Region(199,164) to (229,194)
Atom 773 emission: 0

Atom 774: Region(200,184) to (230,214)
Atom 774 emission: 0

Atom 775: Region(200,203) to (230,233)
Atom 775 emission: 0

Atom 776: Region(201,222) to (231,252)
Atom 776 emission: 0

Atom 777: Region(201,242) to (231,272)
Atom 777 emission: 0

Atom 778: Region(202,261) to (232,291)
Atom 778 emission: 0

Atom 779: Region(202,281) to (232,311)
Atom 779 emission: 0

Atom 780: Region(202,300) to (232,330)
Atom 780 emission: 0

Atom 781: Region(203,319) to (233,349)
Atom 781 emission: 0

Atom 782: Region(203,339) to (233,369)
Atom 782 emission: 0

Atom 783: Region(204,358) to (234,388)
Atom 783 emission: 0

Atom 784: Region(204,378) to (234,408)
Atom 784 emission: 0

Atom 785: Region(205,397) to (235,427)
Atom 785 emission: 0

Atom 786: Region(205,416) to (235,446)
Atom 786 emission: 0

Atom 787: Region(206,436) to (236,466)
Atom 787 emission: 0

Atom 788: Region(206,455) to (236,485)
Atom 788 emission: 0

Atom 789: Region(206,475) to (236,505)
Atom 789 emission: 0

Atom 790: Region(207,494) to (237,524)
Atom 790 emission: 0

Atom 791: Region(207,513) to (237,543)
Atom 791 emission: 0

Atom 792: Region(208,533) to (238,563)
Atom 792 emission: 0

Atom 793: Region(208,552) to (238,582)
Atom 793 emission: 0

Atom 794: Region(209,572) to (239,602)
Atom 794 emission: 0

Atom 795: Region(209,591) to (239,621)
Atom 795 emission: 0

Atom 796: Region(210,610) to (240,640)
Atom 796 emission: 0

Atom 797: Region(210,630) to (240,660)
Atom 797 emission: 0

Atom 798: Region(211,649) to (241,679)
Atom 798 emission: 0

Atom 799: Region(211,669) to (241,699)
Atom 799 emission: 0

Atom 800: Region(177,67) to (207,97)
Atom 800 emission: 0

Atom 801: Region(177,87) to (207,117)
Atom 801 emission: 0

Atom 802: Region(178,106) to (208,136)
Atom 802 emission: 0

Atom 803: Region(178,126) to (208,156)
Atom 803 emission: 0

Atom 804: Region(179,145) to (209,175)
Atom 804 emission: 0

Atom 805: Region(179,165) to (209,195)
Atom 805 emission: 0

Atom 806: Region(180,184) to (210,214)
Atom 806 emission: 0

Atom 807: Region(180,203) to (210,233)
Atom 807 emission: 0

Atom 808: Region(181,223) to (211,253)
Atom 808 emission: 0

Atom 809: Region(181,242) to (211,272)
Atom 809 emission: 0

Atom 810: Region(181,262) to (211,292)
Atom 810 emission: 0

Atom 811: Region(182,281) to (212,311)
Atom 811 emission: 0

Atom 812: Region(182,300) to (212,330)
Atom 812 emission: 0

Atom 813: Region(183,320) to (213,350)
Atom 813 emission: 0

Atom 814: Region(183,339) to (213,369)
Atom 814 emission: 0

Atom 815: Region(184,359) to (214,389)
Atom 815 emission: 0

Atom 816: Region(184,378) to (214,408)
Atom 816 emission: 0

Atom 817: Region(185,397) to (215,427)
Atom 817 emission: 0

Atom 818: Region(185,417) to (215,447)
Atom 818 emission: 0

Atom 819: Region(185,436) to (215,466)
Atom 819 emission: 0

Atom 820: Region(186,456) to (216,486)
Atom 820 emission: 0

Atom 821: Region(186,475) to (216,505)
Atom 821 emission: 0

Atom 822: Region(187,494) to (217,524)
Atom 822 emission: 0

Atom 823: Region(187,514) to (217,544)
Atom 823 emission: 0

Atom 824: Region(188,533) to (218,563)
Atom 824 emission: 0

Atom 825: Region(188,553) to (218,583)
Atom 825 emission: 0

Atom 826: Region(189,572) to (219,602)
Atom 826 emission: 0

Atom 827: Region(189,591) to (219,621)
Atom 827 emission: 0

Atom 828: Region(190,611) to (220,641)
Atom 828 emission: 0

Atom 829: Region(190,630) to (220,660)
Atom 829 emission: 0

Atom 830: Region(190,650) to (220,680)
Atom 830 emission: 0

Atom 831: Region(191,669) to (221,699)
Atom 831 emission: 0

Atom 832: Region(157,68) to (187,98)
Atom 832 emission: 0

Atom 833: Region(157,87) to (187,117)
Atom 833 emission: 0

Atom 834: Region(158,107) to (188,137)
Atom 834 emission: 0

Atom 835: Region(158,126) to (188,156)
Atom 835 emission: 0

Atom 836: Region(159,145) to (189,175)
Atom 836 emission: 0

Atom 837: Region(159,165) to (189,195)
Atom 837 emission: 0

Atom 838: Region(160,184) to (190,214)
Atom 838 emission: 0

Atom 839: Region(160,204) to (190,234)
Atom 839 emission: 0

Atom 840: Region(160,223) to (190,253)
Atom 840 emission: 0

Atom 841: Region(161,242) to (191,272)
Atom 841 emission: 0

Atom 842: Region(161,262) to (191,292)
Atom 842 emission: 0

Atom 843: Region(162,281) to (192,311)
Atom 843 emission: 0

Atom 844: Region(162,301) to (192,331)
Atom 844 emission: 0

Atom 845: Region(163,320) to (193,350)
Atom 845 emission: 0

Atom 846: Region(163,339) to (193,369)
Atom 846 emission: 0

Atom 847: Region(164,359) to (194,389)
Atom 847 emission: 0

Atom 848: Region(164,378) to (194,408)
Atom 848 emission: 0

Atom 849: Region(164,398) to (194,428)
Atom 849 emission: 0

Atom 850: Region(165,417) to (195,447)
Atom 850 emission: 0

Atom 851: Region(165,436) to (195,466)
Atom 851 emission: 0

Atom 852: Region(166,456) to (196,486)
Atom 852 emission: 0

Atom 853: Region(166,475) to (196,505)
Atom 853 emission: 0

Atom 854: Region(167,495) to (197,525)
Atom 854 emission: 0

Atom 855: Region(167,514) to (197,544)
Atom 855 emission: 0

Atom 856: Region(168,533) to (198,563)
Atom 856 emission: 0

Atom 857: Region(168,553) to (198,583)
Atom 857 emission: 0

Atom 858: Region(168,572) to (198,602)
Atom 858 emission: 0

Atom 859: Region(169,592) to (199,622)
Atom 859 emission: 0

Atom 860: Region(169,611) to (199,641)
Atom 860 emission: 0

Atom 861: Region(170,630) to (200,660)
Atom 861 emission: 0

Atom 862: Region(170,650) to (200,680)
Atom 862 emission: 0

Atom 863: Region(171,669) to (201,699)
Atom 863 emission: 0

Atom 864: Region(137,68) to (167,98)
Atom 864 emission: 0

Atom 865: Region(137,88) to (167,118)
Atom 865 emission: 0

Atom 866: Region(138,107) to (168,137)
Atom 866 emission: 0

Atom 867: Region(138,126) to (168,156)
Atom 867 emission: 0

Atom 868: Region(139,146) to (169,176)
Atom 868 emission: 0

Atom 869: Region(139,165) to (169,195)
Atom 869 emission: 0

Atom 870: Region(139,185) to (169,215)
Atom 870 emission: 0

Atom 871: Region(140,204) to (170,234)
Atom 871 emission: 0

Atom 872: Region(140,223) to (170,253)
Atom 872 emission: 0

Atom 873: Region(141,243) to (171,273)
Atom 873 emission: 0

Atom 874: Region(141,262) to (171,292)
Atom 874 emission: 0

Atom 875: Region(142,282) to (172,312)
Atom 875 emission: 0

Atom 876: Region(142,301) to (172,331)
Atom 876 emission: 0

Atom 877: Region(143,320) to (173,350)
Atom 877 emission: 0

Atom 878: Region(143,340) to (173,370)
Atom 878 emission: 0

Atom 879: Region(143,359) to (173,389)
Atom 879 emission: 0

Atom 880: Region(144,379) to (174,409)
Atom 880 emission: 0

Atom 881: Region(144,398) to (174,428)
Atom 881 emission: 0

Atom 882: Region(145,417) to (175,447)
Atom 882 emission: 0

Atom 883: Region(145,437) to (175,467)
Atom 883 emission: 0

Atom 884: Region(146,456) to (176,486)
Atom 884 emission: 0

Atom 885: Region(146,476) to (176,506)
Atom 885 emission: 0

Atom 886: Region(147,495) to (177,525)
Atom 886 emission: 0

Atom 887: Region(147,514) to (177,544)
Atom 887 emission: 0

Atom 888: Region(147,534) to (177,564)
Atom 888 emission: 0

Atom 889: Region(148,553) to (178,583)
Atom 889 emission: 0

Atom 890: Region(148,573) to (178,603)
Atom 890 emission: 0

Atom 891: Region(149,592) to (179,622)
Atom 891 emission: 0

Atom 892: Region(149,611) to (179,641)
Atom 892 emission: 0

Atom 893: Region(150,631) to (180,661)
Atom 893 emission: 0

Atom 894: Region(150,650) to (180,680)
Atom 894 emission: 0

Atom 895: Region(151,670) to (181,700)
Atom 895 emission: 0

Atom 896: Region(117,68) to (147,98)
Atom 896 emission: 0

Atom 897: Region(117,88) to (147,118)
Atom 897 emission: 0

Atom 898: Region(118,107) to (148,137)
Atom 898 emission: 0

Atom 899: Region(118,127) to (148,157)
Atom 899 emission: 0

Atom 900: Region(118,146) to (148,176)
Atom 900 emission: 0

Atom 901: Region(119,165) to (149,195)
Atom 901 emission: 0

Atom 902: Region(119,185) to (149,215)
Atom 902 emission: 0

Atom 903: Region(120,204) to (150,234)
Atom 903 emission: 0

Atom 904: Region(120,224) to (150,254)
Atom 904 emission: 0

Atom 905: Region(121,243) to (151,273)
Atom 905 emission: 0

Atom 906: Region(121,262) to (151,292)
Atom 906 emission: 0

Atom 907: Region(122,282) to (152,312)
Atom 907 emission: 0

Atom 908: Region(122,301) to (152,331)
Atom 908 emission: 0

Atom 909: Region(122,321) to (152,351)
Atom 909 emission: 0

Atom 910: Region(123,340) to (153,370)
Atom 910 emission: 0

Atom 911: Region(123,359) to (153,389)
Atom 911 emission: 0

Atom 912: Region(124,379) to (154,409)
Atom 912 emission: 0

Atom 913: Region(124,398) to (154,428)
Atom 913 emission: 0

Atom 914: Region(125,418) to (155,448)
Atom 914 emission: 0

Atom 915: Region(125,437) to (155,467)
Atom 915 emission: 0

Atom 916: Region(126,456) to (156,486)
Atom 916 emission: 0

Atom 917: Region(126,476) to (156,506)
Atom 917 emission: 0

Atom 918: Region(126,495) to (156,525)
Atom 918 emission: 0

Atom 919: Region(127,515) to (157,545)
Atom 919 emission: 0

Atom 920: Region(127,534) to (157,564)
Atom 920 emission: 0

Atom 921: Region(128,553) to (158,583)
Atom 921 emission: 0

Atom 922: Region(128,573) to (158,603)
Atom 922 emission: 0

Atom 923: Region(129,592) to (159,622)
Atom 923 emission: 0

Atom 924: Region(129,612) to (159,642)
Atom 924 emission: 0

Atom 925: Region(130,631) to (160,661)
Atom 925 emission: 0

Atom 926: Region(130,650) to (160,680)
Atom 926 emission: 0

Atom 927: Region(130,670) to (160,700)
Atom 927 emission: 0

Atom 928: Region(97,69) to (127,99)
Atom 928 emission: 0

Atom 929: Region(97,88) to (127,118)
Atom 929 emission: 0

Atom 930: Region(97,108) to (127,138)
Atom 930 emission: 0

Atom 931: Region(98,127) to (128,157)
Atom 931 emission: 0

Atom 932: Region(98,146) to (128,176)
Atom 932 emission: 0

Atom 933: Region(99,166) to (129,196)
Atom 933 emission: 0

Atom 934: Region(99,185) to (129,215)
Atom 934 emission: 0

Atom 935: Region(100,205) to (130,235)
Atom 935 emission: 0

Atom 936: Region(100,224) to (130,254)
Atom 936 emission: 0

Atom 937: Region(101,243) to (131,273)
Atom 937 emission: 0

Atom 938: Region(101,263) to (131,293)
Atom 938 emission: 0

Atom 939: Region(101,282) to (131,312)
Atom 939 emission: 0

Atom 940: Region(102,302) to (132,332)
Atom 940 emission: 0

Atom 941: Region(102,321) to (132,351)
Atom 941 emission: 0

Atom 942: Region(103,340) to (133,370)
Atom 942 emission: 0

Atom 943: Region(103,360) to (133,390)
Atom 943 emission: 0

Atom 944: Region(104,379) to (134,409)
Atom 944 emission: 0

Atom 945: Region(104,399) to (134,429)
Atom 945 emission: 0

Atom 946: Region(105,418) to (135,448)
Atom 946 emission: 0

Atom 947: Region(105,437) to (135,467)
Atom 947 emission: 0

Atom 948: Region(105,457) to (135,487)
Atom 948 emission: 0

Atom 949: Region(106,476) to (136,506)
Atom 949 emission: 0

Atom 950: Region(106,496) to (136,526)
Atom 950 emission: 0

Atom 951: Region(107,515) to (137,545)
Atom 951 emission: 0

Atom 952: Region(107,534) to (137,564)
Atom 952 emission: 0

Atom 953: Region(108,554) to (138,584)
Atom 953 emission: 0

Atom 954: Region(108,573) to (138,603)
Atom 954 emission: 0

Atom 955: Region(109,593) to (139,623)
Atom 955 emission: 0

Atom 956: Region(109,612) to (139,642)
Atom 956 emission: 0

Atom 957: Region(109,631) to (139,661)
Atom 957 emission: 0

Atom 958: Region(110,651) to (140,681)
Atom 958 emission: 0

Atom 959: Region(110,670) to (140,700)
Atom 959 emission: 0

Atom 960: Region(76,69) to (106,99)
Atom 960 emission: 0

Atom 961: Region(77,88) to (107,118)
Atom 961 emission: 0

Atom 962: Region(77,108) to (107,138)
Atom 962 emission: 0

Atom 963: Region(78,127) to (108,157)
Atom 963 emission: 0

Atom 964: Region(78,147) to (108,177)
Atom 964 emission: 0

Atom 965: Region(79,166) to (109,196)
Atom 965 emission: 0

Atom 966: Region(79,185) to (109,215)
Atom 966 emission: 0

Atom 967: Region(80,205) to (110,235)
Atom 967 emission: 0

Atom 968: Region(80,224) to (110,254)
Atom 968 emission: 0

Atom 969: Region(80,244) to (110,274)
Atom 969 emission: 0

Atom 970: Region(81,263) to (111,293)
Atom 970 emission: 0

Atom 971: Region(81,282) to (111,312)
Atom 971 emission: 0

Atom 972: Region(82,302) to (112,332)
Atom 972 emission: 0

Atom 973: Region(82,321) to (112,351)
Atom 973 emission: 0

Atom 974: Region(83,341) to (113,371)
Atom 974 emission: 0

Atom 975: Region(83,360) to (113,390)
Atom 975 emission: 0

Atom 976: Region(84,379) to (114,409)
Atom 976 emission: 0

Atom 977: Region(84,399) to (114,429)
Atom 977 emission: 0

Atom 978: Region(84,418) to (114,448)
Atom 978 emission: 0

Atom 979: Region(85,438) to (115,468)
Atom 979 emission: 0

Atom 980: Region(85,457) to (115,487)
Atom 980 emission: 0

Atom 981: Region(86,476) to (116,506)
Atom 981 emission: 0

Atom 982: Region(86,496) to (116,526)
Atom 982 emission: 0

Atom 983: Region(87,515) to (117,545)
Atom 983 emission: 0

Atom 984: Region(87,535) to (117,565)
Atom 984 emission: 0

Atom 985: Region(88,554) to (118,584)
Atom 985 emission: 0

Atom 986: Region(88,573) to (118,603)
Atom 986 emission: 0

Atom 987: Region(88,593) to (118,623)
Atom 987 emission: 0

Atom 988: Region(89,612) to (119,642)
Atom 988 emission: 0

Atom 989: Region(89,632) to (119,662)
Atom 989 emission: 0

Atom 990: Region(90,651) to (120,681)
Atom 990 emission: 0

Atom 991: Region(90,671) to (120,701)
Atom 991 emission: 0

Atom 992: Region(56,69) to (86,99)
Atom 992 emission: 0

Atom 993: Region(57,89) to (87,119)
Atom 993 emission: 0

Atom 994: Region(57,108) to (87,138)
Atom 994 emission: 0

Atom 995: Region(58,128) to (88,158)
Atom 995 emission: 0

Atom 996: Region(58,147) to (88,177)
Atom 996 emission: 0

Atom 997: Region(59,166) to (89,196)
Atom 997 emission: 0

Atom 998: Region(59,186) to (89,216)
Atom 998 emission: 0

Atom 999: Region(59,205) to (89,235)
Atom 999 emission: 0

Atom 1000: Region(60,225) to (90,255)
Atom 1000 emission: 0

Atom 1001: Region(60,244) to (90,274)
Atom 1001 emission: 0

Atom 1002: Region(61,263) to (91,293)
Atom 1002 emission: 0

Atom 1003: Region(61,283) to (91,313)
Atom 1003 emission: 0

Atom 1004: Region(62,302) to (92,332)
Atom 1004 emission: 0

Atom 1005: Region(62,322) to (92,352)
Atom 1005 emission: 0

Atom 1006: Region(63,341) to (93,371)
Atom 1006 emission: 0

Atom 1007: Region(63,360) to (93,390)
Atom 1007 emission: 0

Atom 1008: Region(63,380) to (93,410)
Atom 1008 emission: 0

Atom 1009: Region(64,399) to (94,429)
Atom 1009 emission: 0

Atom 1010: Region(64,419) to (94,449)
Atom 1010 emission: 0

Atom 1011: Region(65,438) to (95,468)
Atom 1011 emission: 0

Atom 1012: Region(65,457) to (95,487)
Atom 1012 emission: 0

Atom 1013: Region(66,477) to (96,507)
Atom 1013 emission: 0

Atom 1014: Region(66,496) to (96,526)
Atom 1014 emission: 0

Atom 1015: Region(67,516) to (97,546)
Atom 1015 emission: 0

Atom 1016: Region(67,535) to (97,565)
Atom 1016 emission: 0

Atom 1017: Region(67,554) to (97,584)
Atom 1017 emission: 0

Atom 1018: Region(68,574) to (98,604)
Atom 1018 emission: 0

Atom 1019: Region(68,593) to (98,623)
Atom 1019 emission: 0

Atom 1020: Region(69,613) to (99,643)
Atom 1020 emission: 0

Atom 1021: Region(69,632) to (99,662)
Atom 1021 emission: 0

Atom 1022: Region(70,651) to (100,681)
Atom 1022 emission: 0

Atom 1023: Region(70,671) to (100,701)
Atom 1023 emission: 0

emissions: 0|0|0|0|0|0|0|0|0|0|0|0|0|0|0|0|0|0|0|0|0|0|0|0|0|0|0|0|0|0|0|0|0|0|0|0|0|0|0|0|0|0|0|0|0|0|0|0|0|0|0|0|0|0|0|0|0|0|0|0|0|0|0|0|0|0|0|0|0|0|0|0|0|0|0|0|0|0|0|0|0|0|0|0|0|0|0|0|0|0|0|0|0|0|0|0|0|0|0|0|0|0|0|0|0|0|0|0|0|0|0|0|0|0|0|0|0|0|0|0|0|0|0|0|0|0|0|0|0|0|0|0|0|0|0|0|0|0|0|0|0|0|0|0|0|0|0|0|0|0|0|0|0|0|0|0|0|0|0|0|0|0|0|0|0|0|0|0|0|0|0|0|0|0|0|0|0|0|0|0|0|0|0|0|0|0|0|0|0|0|0|0|0|0|0|0|0|0|0|0|0|0|0|0|0|0|0|0|0|0|0|0|0|0|0|0|0|0|0|0|0|0|0|0|0|0|0|0|0|0|0|0|0|0|0|0|0|0|0|0|0|0|0|0|0|0|0|0|0|0|0|0|0|0|0|0|0|0|0|0|0|0|0|0|0|0|0|0|0|0|0|0|0|0|0|0|0|0|0|0|0|0|0|0|0|0|0|0|0|0|0|0|0|0|0|0|0|0|0|0|0|0|0|0|0|0|0|0|0|0|0|0|0|0|0|0|0|0|0|0|0|0|0|0|0|0|0|0|0|0|0|0|0|0|0|0|0|0|0|0|0|0|0|0|0|0|0|0|0|0|0|0|0|0|0|0|0|0|0|0|0|0|0|0|0|0|0|0|0|0|0|0|0|0|0|0|0|0|0|0|0|0|0|0|0|0|0|0|0|0|0|0|0|0|0|0|0|0|0|0|0|0|0|0|0|0|0|0|0|0|0|0|0|0|0|0|0|0|0|0|0|0|0|0|0|0|0|0|0|0|0|0|0|0|0|0|0|0|0|0|0|0|0|0|0|0|0|0|0|0|0|0|0|0|0|0|0|0|0|0|0|0|0|0|0|0|0|0|0|0|0|0|0|0|0|0|0|0|0|0|0|0|0|0|0|0|0|0|0|0|0|0|0|0|0|0|0|0|0|0|0|0|0|0|0|0|0|0|0|0|0|0|0|0|0|0|0|0|0|0|0|0|0|0|0|0|0|0|0|0|0|0|0|0|0|0|0|0|0|0|0|0|0|0|0|0|0|0|0|0|0|0|0|0|0|0|0|0|0|0|0|0|0|0|0|0|0|0|0|0|0|0|0|0|0|0|0|0|0|0|0|0|0|0|0|0|0|0|0|0|0|0|0|0|0|0|0|0|0|0|0|0|0|0|0|0|0|0|0|0|0|0|0|0|0|0|0|0|0|0|0|0|0|0|0|0|0|0|0|0|0|0|0|0|0|0|0|0|0|0|0|0|0|0|0|0|0|0|0|0|0|0|0|0|0|0|0|0|0|0|0|0|0|0|0|0|0|0|0|0|0|0|0|0|0|0|0|0|0|0|0|0|0|0|0|0|0|0|0|0|0|0|0|0|0|0|0|0|0|0|0|0|0|0|0|0|0|0|0|0|0|0|0|0|0|0|0|0|0|0|0|0|0|0|0|0|0|0|0|0|0|0|0|0|0|0|0|0|0|0|0|0|0|0|0|0|0|0|0|0|0|0|0|0|0|0|0|0|0|0|0|0|0|0|0|0|0|0|0|0|0|0|0|0|0|0|0|0|0|0|0|0|0|0|0|0|0|0|0|0|0|0|0|0|0|0|0|0|0|0|0|0|0|0|0|0|0|0|0|0|0|0|0|0|0|0|0|0|0|0|0|0|0|0|0|0|0|0|0|0|0|0|0|0|0|0|0|0|0|0|0|0|0|0|0|0|0|0|0|0|0|0|0|0|0|0|0|0|0|0|0|0|0|0|0|0|0|0|0|0|0|0|0|0|0|0|0|0|0|0|0|0|0|0|0|0|0|0|0|0|0|0|0|0|0|0|0|0|0|0|0|0|0|0|0|0|0|0|0|0|0|0|0|0|0|0|0|0|0|0|0|0|0|0|0|0|0|0|0|0|0|0|0|0|0|0|0|0|0|0|0|0|0|0|0|0|0|0|0|0|0|0|0|0|0|0|0|0|0|0|0|0|0|0|0|0|0|0|0|0|0|0|0|0|0|0|0|0|0|0|0|0|0|0|0|0|0|0|0|0|0|0|0|0|0|0|0|0|0|0|0|0|0|0|0|0|0|0|0|0|0|0|0|0|0|0|0|0|0|0|0|0|0|0|
INFO: [SIM 211-200] Analyzing trace data
