# 
# Steps log generated by v++
# This log file contains a collection of steps that describe the kernel compilation flow
# Note: Some steps are tagged as internal, these steps are for debugging purposes and 
#       are not expected to be able to run independently.
# 

# The following environment variables are set when running vitis-run
Environment variables :
------------------------------------------
ALLUSERSPROFILE=C:\ProgramData
APPDATA=C:\Users\AnnaYu\AppData\Roaming
arr.length=0
arr.Ubound=-1
CHARPOP=1
CLASSPATH=.;C:\Program Files\Java\jdk-11\lib\dt.jar;C:\Program Files\Java\jdk-11\lib\tools.jar
CMAKE_OBJECT_PATH_MAX=4096
CommonProgramFiles=C:\Program Files\Common Files
CommonProgramFiles(x86)=C:\Program Files (x86)\Common Files
CommonProgramW6432=C:\Program Files\Common Files
COMPUTERNAME=DESKTOP-F34142K
ComSpec=C:\WINDOWS\system32\cmd.exe
CONDA_BAT=C:\Users\AnnaYu\anaconda3\condabin\conda.bat
CONDA_EXE=C:\Users\AnnaYu\anaconda3\Scripts\conda.exe
CONDA_SHLVL=0
CUDA_PATH=C:\Program Files\NVIDIA GPU Computing Toolkit\CUDA\v11.8
CUDA_PATH_V11_8=C:\Program Files\NVIDIA GPU Computing Toolkit\CUDA\v11.8
DriverData=C:\Windows\System32\Drivers\DriverData
EFC_7516_1592913036=1
EFC_7516_2283032206=1
FPS_BROWSER_APP_PROFILE_STRING=Internet Explorer
FPS_BROWSER_USER_PROFILE_STRING=Default
HDI_APPROOT=F:/Vitis/2024.2
HDI_PROCESSOR=i686
HOMEDRIVE=C:
HOMEPATH=\Users\AnnaYu
HW_SERVER_DJTG_DISABLE=1
HW_SERVER_FTDIMGR_DISABLE=1
IDE_SKIP_SERVER_LICENSE=1
INT_VARIABLE_NAME=XILINX_PATH
ISL_IOSTREAMS_RSA=F:/Vitis/2024.2/tps/isl
JAVA_EXE=F:\Vitis\2024.2\tps\win64\jre11.0.16_1\bin\java.exe
JAVA_HOME=F:\Vitis\2024.2\tps\win64\jre11.0.16_1
LC_NUMERIC=C
LOCALAPPDATA=C:\Users\AnnaYu\AppData\Local
LOGONSERVER=\\DESKTOP-F34142K
LOPPER_DTC_FLAGS=-b 0 -@
MAVEN_HOME=C:\Program Files\apache-maven-3.8.8
NOSPLASH=false
NUMBER_OF_PROCESSORS=12
NVTOOLSEXT_PATH=C:\Program Files\NVIDIA Corporation\NvToolsExt\
OneDrive=C:\Users\AnnaYu\OneDrive
OneDriveConsumer=C:\Users\AnnaYu\OneDrive
ORIGINAL_XDG_CURRENT_DESKTOP=undefined
OS=Windows_NT
PATH=F:/Vivado/2024.2/tps/win64/binutils-2.26/bin;F:/Vitis/2024.2/bin/../gnu/aarch64/nt/aarch64-linux/bin;F:/Vitis/2024.2/bin/../gnu/ppc64le/4.9.3/win64/bin;F:/Vitis/2024.2/bin/../gnu/aarch32/nt/gcc-arm-linux-gnueabi/bin;F:/Vitis/2024.2/tps/mingw/6.2.0/win64.o/nt/bin;F:/Vivado/2024.2\gnuwin\bin;F:/Vivado/2024.2\gnu\microblaze\nt\bin;F:/Vitis/2024.2/bin;F:/Vitis/2024.2/tps/win64/javafx-sdk-11.0.2/lib;F:/Vitis/2024.2/tps/win64/javafx-sdk-11.0.2/bin;F:/Vitis/2024.2/lib/win64.o;F:/Vitis/2024.2/tps/win64/jre11.0.16_1/bin/server;F:/Vitis/2024.2/tps/win64/jre11.0.16_1/bin;F:\Vitis\2024.2\tps\win64\lopper-1.1.0-packages\min_sdk\\usr\bin;F:\Vitis\2024.2\tps\win64\cmake-3.24.2\bin;F:\Vitis\2024.2\gnu\microblaze\nt\bin;F:\Vitis\2024.2\gnu\microblaze\linux_toolchain\nt64_le\bin;F:\Vitis\2024.2\gnu\aarch32\nt\gcc-arm-linux-gnueabi\bin;F:\Vitis\2024.2\gnu\aarch32\nt\gcc-arm-none-eabi\bin;F:\Vitis\2024.2\gnu\aarch64\nt\aarch64-linux\bin;F:\Vitis\2024.2\gnu\aarch64\nt\aarch64-none\bin;F:\Vitis\2024.2\gnu\armr5\nt\gcc-arm-none-eabi\bin;F:\Vitis\2024.2\gnuwin\bin;F:\Vitis\2024.2\tps\win64\python-3.8.3;F:\Vitis\2024.2\tps\win64\libxslt\bin;F:/Vivado/2024.2\bin;F:/Vitis/2024.2\gnu\arm\nt\bin;F:/Vitis/2024.2\gnu\microblaze\linux_toolchain\nt64_be\bin;F:/Vitis/2024.2\gnu\riscv\nt\riscv64-unknown-elf\bin;F:/Vivado/2024.2\tps\win64\python-3.8.3;F:/Vivado/2024.2\tps\win64\git-2.45.0\bin;F:/Vivado/2024.2\tps\win64\cmake-3.24.2\bin;F:/Vitis/2024.2\win64\tools\clang\bin;C:\Users\AnnaYu\anaconda3\condabin;C:\Program Files\NVIDIA GPU Computing Toolkit\CUDA\v11.8\bin;C:\Program Files\NVIDIA GPU Computing Toolkit\CUDA\v11.8\libnvvp;C:\WINDOWS\system32;C:\WINDOWS;C:\WINDOWS\System32\Wbem;C:\WINDOWS\System32\WindowsPowerShell\v1.0\;C:\WINDOWS\System32\OpenSSH\;C:\Program Files\Git\cmd;C:\Program Files\Microsoft SQL Server\150\Tools\Binn\;C:\Program Files (x86)\NVIDIA Corporation\PhysX\Common;C:\Program Files\NVIDIA Corporation\NVIDIA NvDLISR;C:\Program Files\NVIDIA Corporation\Nsight Compute 2022.3.0\;C:\Users\AnnaYu\anaconda3\envs\test;C:\Program Files\apache-maven-3.8.8\bin;C:\Program Files\Java\jdk-11\bin;C:\Program Files\CMake\bin;C:\Users\AnnaYu\AppData\Roaming\Python\Python310\Scripts;C:\Program Files\Oracle\VirtualBox;F:\LMU\2sem\VR\ffmpeg-2023-09-07-git-9c9f48e7f2-full_build\ffmpeg-2023-09-07-git-9c9f48e7f2-full_build\bin;C:\Program Files (x86)\Windows Kits\10\Windows Performance Toolkit\;C:\Program Files\dotnet\;C:\Program Files\TightVNC;C:\Users\AnnaYu\.cargo\bin;C:\Users\AnnaYu\.pyenv\pyenv-win\bin;C:\Users\AnnaYu\.pyenv\pyenv-win\shims;C:\Users\AnnaYu\AppData\Local\Microsoft\WindowsApps;C:\Users\AnnaYu\.dotnet\tools;C:\Users\AnnaYu\AppData\Local\Pandoc\;C:\texlive\2023\bin\windows;C:\Users\AnnaYu\anaconda3\Scripts;C:\Users\AnnaYu\anaconda3;C:\Users\AnnaYu\anaconda3\Library\bin;;C:\Users\AnnaYu\AppData\Local\Programs\Microsoft VS Code\bin;F:/Vitis/2024.2\tps\mingw\6.2.0\win64.o\nt\bin;F:/Vitis/2024.2\tps\mingw\6.2.0\win64.o\nt\libexec\gcc\x86_64-w64-mingw32\6.2.0
PATHEXT=.COM;.EXE;.BAT;.CMD;.VBS;.VBE;.JS;.JSE;.WSF;.WSH;.MSC
PROCESSOR_ARCHITECTURE=AMD64
PROCESSOR_IDENTIFIER=Intel64 Family 6 Model 158 Stepping 10, GenuineIntel
PROCESSOR_LEVEL=6
PROCESSOR_REVISION=9e0a
PRODVERSION_EXE=F:/Vitis/2024.2/bin/unwrapped/win64.o/prodversion.exe
ProgramData=C:\ProgramData
ProgramFiles=C:\Program Files
ProgramFiles(x86)=C:\Program Files (x86)
ProgramW6432=C:\Program Files
PROMPT=$P$G
PSModulePath=C:\Program Files\WindowsPowerShell\Modules;C:\WINDOWS\system32\WindowsPowerShell\v1.0\Modules
PUBLIC=C:\Users\Public
PYENV=C:\Users\AnnaYu\.pyenv\pyenv-win\
PYENV_HOME=C:\Users\AnnaYu\.pyenv\pyenv-win\
PYENV_ROOT=C:\Users\AnnaYu\.pyenv\pyenv-win\
PYTHONPATH=;F:/Vitis/2024.2\cli;F:/Vitis/2024.2\cli\python-packages\win64;F:/Vitis/2024.2\cli\python-packages\site-packages;F:/Vitis/2024.2\cli\proto;F:/Vitis/2024.2\scripts\python_pkg;
python_path=;F:/Vitis/2024.2\cli;F:/Vitis/2024.2\cli\python-packages\win64;F:/Vitis/2024.2\cli\python-packages\site-packages;F:/Vitis/2024.2\cli\proto;F:/Vitis/2024.2\scripts\python_pkg;
RDI_APPROOT=F:/Vitis/2024.2
RDI_ARGS= --mode hls --csim --config F:\LMU\quantumMA\opimization\reconstructv1maxi\hls_component\hls_config.cfg --work_dir reconstruct
RDI_ARGS_FUNCTION=RDI_EXEC_DEFAULT
RDI_BASEROOT=F:/Vitis
RDI_BINDIR=F:/Vitis/2024.2/bin
RDI_BINROOT=F:/Vitis/2024.2/bin
RDI_BUILD=yes
RDI_CHECK_PROG=True
RDI_DATADIR=F:/SharedData/2024.2/data;F:/Vitis/2024.2/data
RDI_INSTALLROOT=F:
RDI_INSTALLVER=2024.2
RDI_INSTALLVERSION=2024.2
RDI_JAVACEFROOT=F:/Vitis/2024.2/tps/win64/java-cef-95.0.4638.69
RDI_JAVAFXROOT=F:/Vitis/2024.2/tps/win64/javafx-sdk-11.0.2
RDI_JAVAROOT=F:/Vitis/2024.2/tps/win64/jre11.0.16_1
RDI_JAVA_VERSION=11.0.16_1
RDI_LIBDIR=F:/Vitis/2024.2/lib/win64.o
RDI_MINGW_LIB=F:/Vitis/2024.2\tps\mingw\6.2.0\win64.o\nt\bin;F:/Vitis/2024.2\tps\mingw\6.2.0\win64.o\nt\libexec\gcc\x86_64-w64-mingw32\6.2.0
RDI_OPT_EXT=.o
RDI_OS_ARCH=64
RDI_PLATFORM=win64
RDI_PREPEND_PATH=F:/Vitis/2024.2/bin
RDI_PROG=F:/Vitis/2024.2/bin/unwrapped/win64.o/vitis-run.exe
RDI_PROGNAME=vitis-run.exe
RDI_SESSION_INFO=F:\Vitis\2024.2\bin:DESKTOP-F34142K-2025-05-16周五_10-34-36.84
RDI_SHARED_DATA=F:/SharedData/2024.2/data
RDI_TPS_ROOT=F:/Vivado/2024.2/tps/win64
RDI_USE_JDK11=1
RDI_VERBOSE=False
RT_LIBPATH=F:/Vitis/2024.2/scripts/rt/data
RT_TCL_PATH=F:/Vitis/2024.2/scripts/rt/base_tcl/tcl
SDKROOT=F:\Vitis\2024.2\tps\win64\lopper-1.1.0-packages\min_sdk\
SESSIONNAME=Console
session_string=F:\LMU\quantumMA\opimization\reconstructv1maxi\hls_component:DESKTOP-F34142K-2025-05-16周五_10-39-46.83
SHARED_DATA_HOME="F:/SharedData/2024.2"
supports_classic_ide=true
SWIG_LIB=F:\Vitis\2024.2\tps\win64\lopper-1.1.0-packages\min_sdk\\usr\lib\swig\4.2.1
SYNTH_COMMON=F:/Vitis/2024.2/scripts/rt/data
SystemDrive=C:
SystemRoot=C:\WINDOWS
TCL_LIBRARY=F:/Vitis/2024.2/tps/tcl/tcl8.6
TCMALLOC_LARGE_ALLOC_REPORT_THRESHOLD=4294967296
TEMP=C:\Users\AnnaYu\AppData\Local\Temp
THEIA_APP_PROJECT_PATH=F:\Vitis\2024.2\ide\electron-app\win64\resources\app
THEIA_DEFAULT_PLUGINS=local-dir:F:\Vitis\2024.2\ide\electron-app\win64\resources\app\plugins
THEIA_ELECTRON_TOKEN={"value":"b4cb857b-12a4-4dd3-9cb1-31dd6d347f56"}
THEIA_ELECTRON_VERSION=15.5.7
THEIA_PLUGINS=local-dir:C:\Users\AnnaYu\.theia\plugins
TMP=C:\Users\AnnaYu\AppData\Local\Temp
tooldir=tps\win64\git-2.41.0
TOOLS_CLANG=F:/Vitis/2024.2\win64\tools\clang
TPS_CMAKE=F:/Vivado/2024.2\tps\win64\cmake-3.24.2
TPS_GIT=F:/Vivado/2024.2\tps\win64\git-2.45.0
TPS_LIBXSLT=F:/Vitis/2024.2\tps\win64\libxslt
TPS_PYTHON=F:/Vivado/2024.2\tps\win64\python-3.8.3
USERDOMAIN=DESKTOP-F34142K
USERDOMAIN_ROAMINGPROFILE=DESKTOP-F34142K
USERNAME=Yian Yu
USERPROFILE=C:\Users\AnnaYu
VBOX_MSI_INSTALL_PATH=C:\Program Files\Oracle\VirtualBox\
VITISNEW=true
VSCODE_API_VERSION=1.53.2
windir=C:\WINDOWS
XILINX_HLS=F:/Vitis/2024.2
XILINX_PLANAHEAD=F:/Vitis/2024.2
XILINX_SDK=F:/Vitis/2024.2
XILINX_VCXX=F:/Vitis/2024.2/vcxx
XILINX_VERSION_DEFAULT=2024.2
XILINX_VERSION_VITIS=2024.2
XILINX_VITIS=F:\Vitis\2024.2
XILINX_VITIS_GIT=F:/Vivado/2024.2\tps\win64\git-2.45.0\bin
XILINX_VITIS_HLS_ENCAPSULATED=1
XILINX_VITIS_VERSION=Vitis v2024.2 (64-bit)
XILINX_VIVADO=F:/Vivado/2024.2
XILINX_VIVADO_HLS=F:/Vivado/2024.2
XIL_CHECK_TCL_DEBUG=False
XIL_NO_OVERRIDE=0
XIL_SUPPRESS_OVERRIDE_WARNINGS=1
XVREDIST=F:/Vitis/2024.2\tps\win64\xvcredist.exe
ZES_ENABLE_SYSMAN=1
_RDI_BINROOT=F:\Vitis\2024.2\bin
_RDI_CWD=F:\LMU\quantumMA\opimization\reconstructv1maxi\hls_component
_RDI_DONT_SET_XILINX_AS_PATH=True
_RDI_VERSION_PROG=vitis-run
_valid=False
XILINX_CD_CONNECT_ID=58232
XILINX_CD_SESSION=e21ef08f-f1b0-47ed-a1ed-376f9057b835


VITIS-RUN command line:
------------------------------------------
F:/Vitis/2024.2/bin/unwrapped/win64.o/vitis-run.exe --mode hls --csim --config F:\LMU\quantumMA\opimization\reconstructv1maxi\hls_component\hls_config.cfg --work_dir reconstruct 

FINAL PROGRAM OPTIONS
--config F:\LMU\quantumMA\opimization\reconstructv1maxi\hls_component\hls_config.cfg
--csim
--hls.csim.clean 1
--hls.csim.code_analyzer 1
--hls.flow_target vivado
--hls.package.output.format ip_catalog
--hls.package.output.syn false
--hls.syn.file F:/LMU/quantumMA/naia/reconstructv1/imagTransform/hls_component/image_analysis.cpp
--hls.syn.file F:/LMU/quantumMA/naia/reconstructv1/imagTransform/hls_component/image_analysis.hpp
--hls.syn.top reconstruct
--hls.tb.file F:/LMU/quantumMA/naia/reconstructv1/imagTransform/hls_component/test.cpp
--hls.tb.file F:/LMU/quantumMA/naia/reconstructv1/imagTransform/restoutput.txt
--hls.tb.file F:/LMU/quantumMA/naia/reconstructv1/imagTransform/fullImage_output.txt
--mode hls
--part xc7z020clg400-1
--work_dir reconstruct

PARSED COMMAND LINE OPTIONS
--mode hls 
--csim 
--config F:\LMU\quantumMA\opimization\reconstructv1maxi\hls_component\hls_config.cfg 
--work_dir reconstruct 

PARSED CONFIG FILE (1) OPTIONS
file: F:\LMU\quantumMA\opimization\reconstructv1maxi\hls_component\hls_config.cfg
part xc7z020clg400-1 
hls.flow_target vivado 
hls.package.output.format ip_catalog 
hls.package.output.syn false 
hls.syn.top reconstruct 
hls.syn.file F:/LMU/quantumMA/naia/reconstructv1/imagTransform/hls_component/image_analysis.cpp 
hls.syn.file F:/LMU/quantumMA/naia/reconstructv1/imagTransform/hls_component/image_analysis.hpp 
hls.tb.file F:/LMU/quantumMA/naia/reconstructv1/imagTransform/hls_component/test.cpp 
hls.tb.file F:/LMU/quantumMA/naia/reconstructv1/imagTransform/restoutput.txt 
hls.tb.file F:/LMU/quantumMA/naia/reconstructv1/imagTransform/fullImage_output.txt 
hls.csim.clean 1 
hls.csim.code_analyzer 1 


==========================================
new:  steps log generated by v++ for new launch 
timestamp: 16 May 2025 10:39:53

------------------------------------------
VITIS-RUN command line :
------------------------------------------
F:/Vitis/2024.2/bin/unwrapped/win64.o/vitis-run.exe --mode hls --csim --config F:\LMU\quantumMA\opimization\reconstructv1maxi\hls_component\hls_config.cfg --work_dir reconstruct 
  Options from -O    : 
  Options from *.ini : 
  Options from Hw Platform : 

==========================================
new:  steps log generated by v++ for new launch 
timestamp: 16 May 2025 11:21:42

------------------------------------------
V++ command line :
------------------------------------------
F:/Vitis/2024.2/bin/unwrapped/win64.o/v++.exe -c --mode hls --config F:\LMU\quantumMA\opimization\reconstructv1maxi\hls_component\hls_config.cfg --work_dir reconstruct 
  Options from -O    : 
  Options from *.ini : 
  Options from Hw Platform : 

==========================================
new:  steps log generated by v++ for new launch 
timestamp: 16 May 2025 11:49:17

------------------------------------------
VITIS-RUN command line :
------------------------------------------
F:/Vitis/2024.2/bin/unwrapped/win64.o/vitis-run.exe --mode hls --csim --config F:\LMU\quantumMA\opimization\reconstructv1maxi\hls_component\hls_config.cfg --work_dir reconstruct 
  Options from -O    : 
  Options from *.ini : 
  Options from Hw Platform : 

==========================================
new:  steps log generated by v++ for new launch 
timestamp: 16 May 2025 11:50:10

------------------------------------------
VITIS-RUN command line :
------------------------------------------
F:/Vitis/2024.2/bin/unwrapped/win64.o/vitis-run.exe --mode hls --csim --config F:\LMU\quantumMA\opimization\reconstructv1maxi\hls_component\hls_config.cfg --work_dir reconstruct 
  Options from -O    : 
  Options from *.ini : 
  Options from Hw Platform : 

==========================================
new:  steps log generated by v++ for new launch 
timestamp: 16 May 2025 11:56:38

------------------------------------------
V++ command line :
------------------------------------------
F:/Vitis/2024.2/bin/unwrapped/win64.o/v++.exe -c --mode hls --config F:\LMU\quantumMA\opimization\reconstructv1maxi\hls_component\hls_config.cfg --work_dir reconstruct 
  Options from -O    : 
  Options from *.ini : 
  Options from Hw Platform : 

==========================================
new:  steps log generated by v++ for new launch 
timestamp: 16 May 2025 11:57:12

------------------------------------------
V++ command line :
------------------------------------------
F:/Vitis/2024.2/bin/unwrapped/win64.o/v++.exe -c --mode hls --config F:\LMU\quantumMA\opimization\reconstructv1maxi\hls_component\hls_config.cfg --work_dir reconstruct 
  Options from -O    : 
  Options from *.ini : 
  Options from Hw Platform : 

==========================================
new:  steps log generated by v++ for new launch 
timestamp: 16 May 2025 11:59:06

------------------------------------------
V++ command line :
------------------------------------------
F:/Vitis/2024.2/bin/unwrapped/win64.o/v++.exe -c --mode hls --config F:\LMU\quantumMA\opimization\reconstructv1maxi\hls_component\hls_config.cfg --work_dir reconstruct 
  Options from -O    : 
  Options from *.ini : 
  Options from Hw Platform : 

==========================================
new:  steps log generated by v++ for new launch 
timestamp: 16 May 2025 12:00:41

------------------------------------------
V++ command line :
------------------------------------------
F:/Vitis/2024.2/bin/unwrapped/win64.o/v++.exe -c --mode hls --config F:\LMU\quantumMA\opimization\reconstructv1maxi\hls_component\hls_config.cfg --work_dir reconstruct 
  Options from -O    : 
  Options from *.ini : 
  Options from Hw Platform : 

==========================================
new:  steps log generated by v++ for new launch 
timestamp: 16 May 2025 12:02:49

------------------------------------------
VITIS-RUN command line :
------------------------------------------
F:/Vitis/2024.2/bin/unwrapped/win64.o/vitis-run.exe --mode hls --csim --config F:\LMU\quantumMA\opimization\reconstructv1maxi\hls_component\hls_config.cfg --work_dir reconstruct 
  Options from -O    : 
  Options from *.ini : 
  Options from Hw Platform : 

==========================================
new:  steps log generated by v++ for new launch 
timestamp: 16 May 2025 12:04:03

------------------------------------------
V++ command line :
------------------------------------------
F:/Vitis/2024.2/bin/unwrapped/win64.o/v++.exe -c --mode hls --config F:\LMU\quantumMA\opimization\reconstructv1maxi\hls_component\hls_config.cfg --work_dir reconstruct 
  Options from -O    : 
  Options from *.ini : 
  Options from Hw Platform : 

==========================================
new:  steps log generated by v++ for new launch 
timestamp: 16 May 2025 12:04:56

------------------------------------------
V++ command line :
------------------------------------------
F:/Vitis/2024.2/bin/unwrapped/win64.o/v++.exe -c --mode hls --config F:\LMU\quantumMA\opimization\reconstructv1maxi\hls_component\hls_config.cfg --work_dir reconstruct 
  Options from -O    : 
  Options from *.ini : 
  Options from Hw Platform : 

==========================================
new:  steps log generated by v++ for new launch 
timestamp: 16 May 2025 12:06:29

------------------------------------------
V++ command line :
------------------------------------------
F:/Vitis/2024.2/bin/unwrapped/win64.o/v++.exe -c --mode hls --config F:\LMU\quantumMA\opimization\reconstructv1maxi\hls_component\hls_config.cfg --work_dir reconstruct 
  Options from -O    : 
  Options from *.ini : 
  Options from Hw Platform : 

==========================================
new:  steps log generated by v++ for new launch 
timestamp: 16 May 2025 12:29:06

------------------------------------------
V++ command line :
------------------------------------------
F:/Vitis/2024.2/bin/unwrapped/win64.o/v++.exe -c --mode hls --config F:\LMU\quantumMA\opimization\reconstructv1maxi\hls_component\hls_config.cfg --work_dir reconstruct 
  Options from -O    : 
  Options from *.ini : 
  Options from Hw Platform : 

==========================================
new:  steps log generated by v++ for new launch 
timestamp: 16 May 2025 12:29:56

------------------------------------------
V++ command line :
------------------------------------------
F:/Vitis/2024.2/bin/unwrapped/win64.o/v++.exe -c --mode hls --config F:\LMU\quantumMA\opimization\reconstructv1maxi\hls_component\hls_config.cfg --work_dir reconstruct 
  Options from -O    : 
  Options from *.ini : 
  Options from Hw Platform : 

==========================================
new:  steps log generated by v++ for new launch 
timestamp: 17 May 2025 13:50:36

------------------------------------------
VITIS-RUN command line :
------------------------------------------
F:/Vitis/2024.2/bin/unwrapped/win64.o/vitis-run.exe --mode hls --csim --config F:\LMU\quantumMA\opimization\reconstructv1maxi\hls_component\hls_config.cfg --work_dir reconstruct 
  Options from -O    : 
  Options from *.ini : 
  Options from Hw Platform : 

==========================================
new:  steps log generated by v++ for new launch 
timestamp: 19 May 2025 21:45:38

------------------------------------------
V++ command line :
------------------------------------------
F:/Vitis/2024.2/bin/unwrapped/win64.o/v++.exe -c --mode hls --config F:\LMU\quantumMA\opimization\reconstructv1maxi\hls_component\hls_config.cfg --work_dir reconstruct 
  Options from -O    : 
  Options from *.ini : 
  Options from Hw Platform : 

==========================================
new:  steps log generated by v++ for new launch 
timestamp: 19 May 2025 22:25:01

------------------------------------------
V++ command line :
------------------------------------------
F:/Vitis/2024.2/bin/unwrapped/win64.o/v++.exe -c --mode hls --config F:\LMU\quantumMA\opimization\reconstructv1maxi\hls_component\hls_config.cfg --work_dir reconstruct 
  Options from -O    : 
  Options from *.ini : 
  Options from Hw Platform : 

==========================================
new:  steps log generated by v++ for new launch 
timestamp: 19 May 2025 22:56:40

------------------------------------------
V++ command line :
------------------------------------------
F:/Vitis/2024.2/bin/unwrapped/win64.o/v++.exe -c --mode hls --config F:\LMU\quantumMA\opimization\reconstructv1maxi\hls_component\hls_config.cfg --work_dir reconstruct 
  Options from -O    : 
  Options from *.ini : 
  Options from Hw Platform : 

==========================================
new:  steps log generated by v++ for new launch 
timestamp: 19 May 2025 23:37:21

------------------------------------------
V++ command line :
------------------------------------------
F:/Vitis/2024.2/bin/unwrapped/win64.o/v++.exe -c --mode hls --config F:\LMU\quantumMA\opimization\reconstructv1maxi\hls_component\hls_config.cfg --work_dir reconstruct 
  Options from -O    : 
  Options from *.ini : 
  Options from Hw Platform : 

==========================================
new:  steps log generated by v++ for new launch 
timestamp: 19 May 2025 23:54:54

------------------------------------------
V++ command line :
------------------------------------------
F:/Vitis/2024.2/bin/unwrapped/win64.o/v++.exe -c --mode hls --config F:\LMU\quantumMA\opimization\reconstructv1maxi\hls_component\hls_config.cfg --work_dir reconstruct 
  Options from -O    : 
  Options from *.ini : 
  Options from Hw Platform : 

==========================================
new:  steps log generated by v++ for new launch 
timestamp: 20 May 2025 23:29:09

------------------------------------------
V++ command line :
------------------------------------------
F:/Vitis/2024.2/bin/unwrapped/win64.o/v++.exe -c --mode hls --config F:\LMU\quantumMA\opimization\reconstructv1maxi\hls_component\hls_config.cfg --work_dir reconstruct 
  Options from -O    : 
  Options from *.ini : 
  Options from Hw Platform : 

==========================================
new:  steps log generated by v++ for new launch 
timestamp: 20 May 2025 23:47:58

------------------------------------------
VITIS-RUN command line :
------------------------------------------
F:/Vitis/2024.2/bin/unwrapped/win64.o/vitis-run.exe --mode hls --csim --config F:\LMU\quantumMA\opimization\reconstructv1maxi\hls_component\hls_config.cfg --work_dir reconstruct 
  Options from -O    : 
  Options from *.ini : 
  Options from Hw Platform : 

==========================================
new:  steps log generated by v++ for new launch 
timestamp: 21 May 2025 09:46:59

------------------------------------------
V++ command line :
------------------------------------------
F:/Vitis/2024.2/bin/unwrapped/win64.o/v++.exe -c --mode hls --config F:\LMU\quantumMA\opimization\reconstructv1maxi\hls_component\hls_config.cfg --work_dir reconstruct 
  Options from -O    : 
  Options from *.ini : 
  Options from Hw Platform : 

==========================================
new:  steps log generated by v++ for new launch 
timestamp: 21 May 2025 09:48:15

------------------------------------------
V++ command line :
------------------------------------------
F:/Vitis/2024.2/bin/unwrapped/win64.o/v++.exe -c --mode hls --config F:\LMU\quantumMA\opimization\reconstructv1maxi\hls_component\hls_config.cfg --work_dir reconstruct 
  Options from -O    : 
  Options from *.ini : 
  Options from Hw Platform : 

==========================================
new:  steps log generated by v++ for new launch 
timestamp: 21 May 2025 15:19:54

------------------------------------------
VITIS-RUN command line :
------------------------------------------
F:/Vitis/2024.2/bin/unwrapped/win64.o/vitis-run.exe --mode hls --csim --config F:\LMU\quantumMA\opimization\reconstructv1maxi\hls_component\hls_config.cfg --work_dir reconstruct 
  Options from -O    : 
  Options from *.ini : 
  Options from Hw Platform : 

==========================================
new:  steps log generated by v++ for new launch 
timestamp: 21 May 2025 15:43:27

------------------------------------------
V++ command line :
------------------------------------------
F:/Vitis/2024.2/bin/unwrapped/win64.o/v++.exe -c --mode hls --config F:\LMU\quantumMA\opimization\reconstructv1maxi\hls_component\hls_config.cfg --work_dir reconstruct 
  Options from -O    : 
  Options from *.ini : 
  Options from Hw Platform : 

==========================================
new:  steps log generated by v++ for new launch 
timestamp: 21 May 2025 15:44:48

------------------------------------------
V++ command line :
------------------------------------------
F:/Vitis/2024.2/bin/unwrapped/win64.o/v++.exe -c --mode hls --config F:\LMU\quantumMA\opimization\reconstructv1maxi\hls_component\hls_config.cfg --work_dir reconstruct 
  Options from -O    : 
  Options from *.ini : 
  Options from Hw Platform : 

==========================================
new:  steps log generated by v++ for new launch 
timestamp: 21 May 2025 15:49:09

------------------------------------------
V++ command line :
------------------------------------------
F:/Vitis/2024.2/bin/unwrapped/win64.o/v++.exe -c --mode hls --config F:\LMU\quantumMA\opimization\reconstructv1maxi\hls_component\hls_config.cfg --work_dir reconstruct 
  Options from -O    : 
  Options from *.ini : 
  Options from Hw Platform : 

==========================================
new:  steps log generated by v++ for new launch 
timestamp: 21 May 2025 15:51:43

------------------------------------------
V++ command line :
------------------------------------------
F:/Vitis/2024.2/bin/unwrapped/win64.o/v++.exe -c --mode hls --config F:\LMU\quantumMA\opimization\reconstructv1maxi\hls_component\hls_config.cfg --work_dir reconstruct 
  Options from -O    : 
  Options from *.ini : 
  Options from Hw Platform : 

==========================================
new:  steps log generated by v++ for new launch 
timestamp: 21 May 2025 16:00:36

------------------------------------------
V++ command line :
------------------------------------------
F:/Vitis/2024.2/bin/unwrapped/win64.o/v++.exe -c --mode hls --config F:\LMU\quantumMA\opimization\reconstructv1maxi\hls_component\hls_config.cfg --work_dir reconstruct 
  Options from -O    : 
  Options from *.ini : 
  Options from Hw Platform : 

==========================================
new:  steps log generated by v++ for new launch 
timestamp: 21 May 2025 17:02:58

------------------------------------------
VITIS-RUN command line :
------------------------------------------
F:/Vitis/2024.2/bin/unwrapped/win64.o/vitis-run.exe --mode hls --csim --config F:\LMU\quantumMA\opimization\reconstructv1maxi\hls_component\hls_config.cfg --work_dir reconstruct 
  Options from -O    : 
  Options from *.ini : 
  Options from Hw Platform : 

==========================================
new:  steps log generated by v++ for new launch 
timestamp: 21 May 2025 17:05:37

------------------------------------------
V++ command line :
------------------------------------------
F:/Vitis/2024.2/bin/unwrapped/win64.o/v++.exe -c --mode hls --config F:\LMU\quantumMA\opimization\reconstructv1maxi\hls_component\hls_config.cfg --work_dir reconstruct 
  Options from -O    : 
  Options from *.ini : 
  Options from Hw Platform : 

==========================================
new:  steps log generated by v++ for new launch 
timestamp: 21 May 2025 17:06:40

------------------------------------------
V++ command line :
------------------------------------------
F:/Vitis/2024.2/bin/unwrapped/win64.o/v++.exe -c --mode hls --config F:\LMU\quantumMA\opimization\reconstructv1maxi\hls_component\hls_config.cfg --work_dir reconstruct 
  Options from -O    : 
  Options from *.ini : 
  Options from Hw Platform : 

==========================================
new:  steps log generated by v++ for new launch 
timestamp: 21 May 2025 17:09:12

------------------------------------------
V++ command line :
------------------------------------------
F:/Vitis/2024.2/bin/unwrapped/win64.o/v++.exe -c --mode hls --config F:\LMU\quantumMA\opimization\reconstructv1maxi\hls_component\hls_config.cfg --work_dir reconstruct 
  Options from -O    : 
  Options from *.ini : 
  Options from Hw Platform : 

==========================================
new:  steps log generated by v++ for new launch 
timestamp: 21 May 2025 17:11:58

------------------------------------------
V++ command line :
------------------------------------------
F:/Vitis/2024.2/bin/unwrapped/win64.o/v++.exe -c --mode hls --config F:\LMU\quantumMA\opimization\reconstructv1maxi\hls_component\hls_config.cfg --work_dir reconstruct 
  Options from -O    : 
  Options from *.ini : 
  Options from Hw Platform : 

==========================================
new:  steps log generated by v++ for new launch 
timestamp: 21 May 2025 17:13:24

------------------------------------------
V++ command line :
------------------------------------------
F:/Vitis/2024.2/bin/unwrapped/win64.o/v++.exe -c --mode hls --config F:\LMU\quantumMA\opimization\reconstructv1maxi\hls_component\hls_config.cfg --work_dir reconstruct 
  Options from -O    : 
  Options from *.ini : 
  Options from Hw Platform : 

==========================================
new:  steps log generated by v++ for new launch 
timestamp: 21 May 2025 17:31:46

------------------------------------------
V++ command line :
------------------------------------------
F:/Vitis/2024.2/bin/unwrapped/win64.o/v++.exe -c --mode hls --config F:\LMU\quantumMA\opimization\reconstructv1maxi\hls_component\hls_config.cfg --work_dir reconstruct 
  Options from -O    : 
  Options from *.ini : 
  Options from Hw Platform : 

==========================================
new:  steps log generated by v++ for new launch 
timestamp: 21 May 2025 17:36:59

------------------------------------------
VITIS-RUN command line :
------------------------------------------
F:/Vitis/2024.2/bin/unwrapped/win64.o/vitis-run.exe --mode hls --csim --config F:\LMU\quantumMA\opimization\reconstructv1maxi\hls_component\hls_config.cfg --work_dir reconstruct 
  Options from -O    : 
  Options from *.ini : 
  Options from Hw Platform : 

==========================================
new:  steps log generated by v++ for new launch 
timestamp: 21 May 2025 23:40:13
