#-----------------------------------------------------------
# Vivado v2024.2 (64-bit)
# SW Build 5239630 on Fri Nov 08 22:35:27 MST 2024
# IP Build 5239520 on Sun Nov 10 16:12:51 MST 2024
# SharedData Build 5239561 on Fri Nov 08 14:39:27 MST 2024
# Start of session at: Sat Jul 26 19:05:20 2025
# Process ID         : 29028
# Current directory  : F:/LMU/quantumMA/opimization/reconstructv1maxi/hls_component/reconstruct/hls/impl/ip
# Command line       : vivado.exe -notrace -mode batch -source run_ippack.tcl
# Log file           : F:/LMU/quantumMA/opimization/reconstructv1maxi/hls_component/reconstruct/hls/impl/ip/vivado.log
# Journal file       : F:/LMU/quantumMA/opimization/reconstructv1maxi/hls_component/reconstruct/hls/impl/ip\vivado.jou
# Running On         : DESKTOP-F34142K
# Platform           : Windows Server 2016 or Windows 10
# Operating System   : 26100
# Processor Detail   : Intel(R) Core(TM) i7-9750H CPU @ 2.60GHz
# CPU Frequency      : 2592 MHz
# CPU Physical cores : 6
# CPU Logical cores  : 12
# Host memory        : 16893 MB
# Swap memory        : 40802 MB
# Total Virtual      : 57696 MB
# Available Virtual  : 30355 MB
#-----------------------------------------------------------
source run_ippack.tcl -notrace
INFO: calling package_hls_ip ip_types=vitis sysgen json_file=F:/LMU/quantumMA/opimization/reconstructv1maxi/hls_component/reconstruct/hls/hls_data.json outdir=F:/LMU/quantumMA/opimization/reconstructv1maxi/hls_component/reconstruct/hls/impl/ip srcdir=F:/LMU/quantumMA/opimization/reconstructv1maxi/hls_component/reconstruct/hls sort_interfaces_ports=false
INFO: Copied 1 ipmisc file(s) to F:/LMU/quantumMA/opimization/reconstructv1maxi/hls_component/reconstruct/hls/impl/ip/misc
INFO: Copied 35 verilog file(s) to F:/LMU/quantumMA/opimization/reconstructv1maxi/hls_component/reconstruct/hls/impl/ip/hdl/verilog
INFO: Copied 30 vhdl file(s) to F:/LMU/quantumMA/opimization/reconstructv1maxi/hls_component/reconstruct/hls/impl/ip/hdl/vhdl
INFO: Copied 10 swdriver file(s) to F:/LMU/quantumMA/opimization/reconstructv1maxi/hls_component/reconstruct/hls/impl/ip/drivers
Generating 5 subcores in F:/LMU/quantumMA/opimization/reconstructv1maxi/hls_component/reconstruct/hls/impl/ip/hdl/ip.tmp:
impl/misc/reconstruct_fadd_32ns_32ns_32_4_full_dsp_1_ip.tcl
impl/misc/reconstruct_fdiv_32ns_32ns_32_9_no_dsp_1_ip.tcl
impl/misc/reconstruct_fmul_32ns_32ns_32_3_max_dsp_1_ip.tcl
impl/misc/reconstruct_fsub_32ns_32ns_32_4_full_dsp_1_ip.tcl
impl/misc/reconstruct_sitofp_32ns_32_4_no_dsp_1_ip.tcl
INFO: [ProjectBase 1-489] The host OS only allows 260 characters in a normal path. The project is stored in a path with more than 80 characters. If you experience issues with IP, Block Designs, or files not being found, please consider moving the project to a location with a shorter path. Alternately consider using the OS subst command to map part of the path to a drive letter.
Current project path is 'F:/LMU/quantumMA/opimization/reconstructv1maxi/hls_component/reconstruct/hls/impl/ip/hdl/ip.tmp'
create_project: Time (s): cpu = 00:00:10 ; elapsed = 00:00:12 . Memory (MB): peak = 618.281 ; gain = 188.262
INFO: Using COE_DIR=F:/LMU/quantumMA/opimization/reconstructv1maxi/hls_component/reconstruct/hls/impl/ip/hdl/verilog
INFO: Generating reconstruct_fadd_32ns_32ns_32_4_full_dsp_1_ip via file impl/misc/reconstruct_fadd_32ns_32ns_32_4_full_dsp_1_ip.tcl
INFO: [IP_Flow 19-234] Refreshing IP repositories
INFO: [IP_Flow 19-1704] No user IP repositories specified
INFO: [IP_Flow 19-2313] Loaded Vivado IP repository 'F:/Vivado/2024.2/data/ip'.
WARNING: [IP_Flow 19-4832] The IP name 'reconstruct_fadd_32ns_32ns_32_4_full_dsp_1_ip' you have specified is long. The Windows operating system has path length limitations. It is recommended you use shorter names to reduce the likelihood of issues.
INFO: [IP_Flow 19-1686] Generating 'Synthesis' target for IP 'reconstruct_fadd_32ns_32ns_32_4_full_dsp_1_ip'...
INFO: [IP_Flow 19-1686] Generating 'Simulation' target for IP 'reconstruct_fadd_32ns_32ns_32_4_full_dsp_1_ip'...
INFO: Done generating reconstruct_fadd_32ns_32ns_32_4_full_dsp_1_ip via file impl/misc/reconstruct_fadd_32ns_32ns_32_4_full_dsp_1_ip.tcl
INFO: Generating reconstruct_fdiv_32ns_32ns_32_9_no_dsp_1_ip via file impl/misc/reconstruct_fdiv_32ns_32ns_32_9_no_dsp_1_ip.tcl
WARNING: [IP_Flow 19-4832] The IP name 'reconstruct_fdiv_32ns_32ns_32_9_no_dsp_1_ip' you have specified is long. The Windows operating system has path length limitations. It is recommended you use shorter names to reduce the likelihood of issues.
INFO: [IP_Flow 19-1686] Generating 'Synthesis' target for IP 'reconstruct_fdiv_32ns_32ns_32_9_no_dsp_1_ip'...
INFO: [IP_Flow 19-1686] Generating 'Simulation' target for IP 'reconstruct_fdiv_32ns_32ns_32_9_no_dsp_1_ip'...
INFO: Done generating reconstruct_fdiv_32ns_32ns_32_9_no_dsp_1_ip via file impl/misc/reconstruct_fdiv_32ns_32ns_32_9_no_dsp_1_ip.tcl
INFO: Generating reconstruct_fmul_32ns_32ns_32_3_max_dsp_1_ip via file impl/misc/reconstruct_fmul_32ns_32ns_32_3_max_dsp_1_ip.tcl
WARNING: [IP_Flow 19-4832] The IP name 'reconstruct_fmul_32ns_32ns_32_3_max_dsp_1_ip' you have specified is long. The Windows operating system has path length limitations. It is recommended you use shorter names to reduce the likelihood of issues.
INFO: [IP_Flow 19-1686] Generating 'Synthesis' target for IP 'reconstruct_fmul_32ns_32ns_32_3_max_dsp_1_ip'...
INFO: [IP_Flow 19-1686] Generating 'Simulation' target for IP 'reconstruct_fmul_32ns_32ns_32_3_max_dsp_1_ip'...
INFO: Done generating reconstruct_fmul_32ns_32ns_32_3_max_dsp_1_ip via file impl/misc/reconstruct_fmul_32ns_32ns_32_3_max_dsp_1_ip.tcl
INFO: Generating reconstruct_fsub_32ns_32ns_32_4_full_dsp_1_ip via file impl/misc/reconstruct_fsub_32ns_32ns_32_4_full_dsp_1_ip.tcl
WARNING: [IP_Flow 19-4832] The IP name 'reconstruct_fsub_32ns_32ns_32_4_full_dsp_1_ip' you have specified is long. The Windows operating system has path length limitations. It is recommended you use shorter names to reduce the likelihood of issues.
INFO: [IP_Flow 19-1686] Generating 'Synthesis' target for IP 'reconstruct_fsub_32ns_32ns_32_4_full_dsp_1_ip'...
INFO: [IP_Flow 19-1686] Generating 'Simulation' target for IP 'reconstruct_fsub_32ns_32ns_32_4_full_dsp_1_ip'...
INFO: Done generating reconstruct_fsub_32ns_32ns_32_4_full_dsp_1_ip via file impl/misc/reconstruct_fsub_32ns_32ns_32_4_full_dsp_1_ip.tcl
INFO: Generating reconstruct_sitofp_32ns_32_4_no_dsp_1_ip via file impl/misc/reconstruct_sitofp_32ns_32_4_no_dsp_1_ip.tcl
WARNING: [IP_Flow 19-4832] The IP name 'reconstruct_sitofp_32ns_32_4_no_dsp_1_ip' you have specified is long. The Windows operating system has path length limitations. It is recommended you use shorter names to reduce the likelihood of issues.
INFO: [IP_Flow 19-1686] Generating 'Synthesis' target for IP 'reconstruct_sitofp_32ns_32_4_no_dsp_1_ip'...
INFO: [IP_Flow 19-1686] Generating 'Simulation' target for IP 'reconstruct_sitofp_32ns_32_4_no_dsp_1_ip'...
INFO: Done generating reconstruct_sitofp_32ns_32_4_no_dsp_1_ip via file impl/misc/reconstruct_sitofp_32ns_32_4_no_dsp_1_ip.tcl
INFO: Import ports from HDL: F:/LMU/quantumMA/opimization/reconstructv1maxi/hls_component/reconstruct/hls/impl/ip/hdl/vhdl/reconstruct.vhd (reconstruct)
INFO: Add axi4lite interface s_axi_control
INFO: Add axi4lite interface s_axi_scalar_data
INFO: Add clock interface ap_clk
INFO: Add reset interface ap_rst_n
INFO: Add interrupt interface interrupt
INFO: [IP_Flow 19-234] Refreshing IP repositories
INFO: [IP_Flow 19-1704] No user IP repositories specified
INFO: [IP_Flow 19-2313] Loaded Vivado IP repository 'F:/Vivado/2024.2/data/ip'.
INFO: Add axi4full interface m_axi_atomLocations
INFO: Add axi4full interface m_axi_emissions
INFO: Add axi4full interface m_axi_fullImage
INFO: Add axi4full interface m_axi_imageProjs
INFO: Add axi4full interface m_axi_imageProjs_local
INFO: Add axi4full interface m_axi_imageProjs_local_size
INFO: Calling post_process_vitis to specialize IP
INFO: Calling post_process_sysgen to specialize IP
Generating sysgen info xml from json file
INFO: Created IP F:/LMU/quantumMA/opimization/reconstructv1maxi/hls_component/reconstruct/hls/impl/ip/component.xml
INFO: Created IP archive F:/LMU/quantumMA/opimization/reconstructv1maxi/hls_component/reconstruct/hls/impl/ip/xilinx_com_hls_reconstruct_1_0.zip
INFO: [Common 17-206] Exiting Vivado at Sat Jul 26 19:06:18 2025...
