================================================================
== Vivado Place & Route Results
================================================================
+ General Information:
    * Date:            Fri Jun 27 14:47:10 +0200 2025
    * Version:         2024.2 (Build 5238294 on Nov  8 2024)
    * Project:         reconstruct
    * Solution:        hls (Vivado IP Flow Target)
    * Product family:  zynquplusRFSOC
    * Target device:   xczu49dr-ffvf1760-2-e


================================================================
== Run Constraints & Options
================================================================
+ Design Constraints & Options:
    * Place & Route target clock:  10 ns
    * C-Synthesis uncertainty:     27%

+ RTL Synthesis Options:
    * config_export -vivado_synth_strategy:     default
    * config_export -vivado_synth_design_args:  -directive sdx_optimization_effort_high

+ Place & Route Options:
    * config_export -vivado_impl_strategy:  default
    * config_export -vivado_phys_opt:       auto

+ Reporting Options:
    * config_export -vivado_report_level:      2
    * config_export -vivado_max_timing_paths:  10


================================================================
== Place & Route Resource Summary
================================================================
LUT:              47802
FF:               85336
DSP:              18
BRAM:             6
URAM:             0
SRL:              393


================================================================
== Place & Route Timing Summary
================================================================
* Timing was met
+----------------+-------------+
| Timing         | Period (ns) |
+----------------+-------------+
| Target         | 10.000      |
| Post-Synthesis | 3.822       |
| Post-Route     | 8.463       |
+----------------+-------------+


================================================================
== Place & Route Resources
================================================================
+-------------------------------------------------------------------+-------+-------+-----+------+------+-----+--------+------+---------+----------+--------+
| Name                                                              | LUT   | FF    | DSP | BRAM | URAM | SRL | Pragma | Impl | Latency | Variable | Source |
+-------------------------------------------------------------------+-------+-------+-----+------+------+-----+--------+------+---------+----------+--------+
| inst                                                              | 47802 | 85336 | 18  | 6    |      |     |        |      |         |          |        |
|   (inst)                                                          | 6     | 65    |     |      |      |     |        |      |         |          |        |
|   ap_bound_U                                                      | 103   | 13    |     |      |      |     |        |      |         |          |        |
|     (ap_bound_U)                                                  | 7     | 13    |     |      |      |     |        |      |         |          |        |
|   atomLocations_m_axi_U                                           | 496   | 870   |     | 2    |      |     |        |      |         |          |        |
|   control_s_axi_U                                                 | 493   | 438   |     |      |      |     |        |      |         |          |        |
|   dataflow_in_loop_VITIS_LOOP_149_1_1_U0                          | 44425 | 80178 | 18  |      |      |     |        |      |         |          |        |
|     (dataflow_in_loop_VITIS_LOOP_149_1_1_U0)                      | 132   | 8     |     |      |      |     |        |      |         |          |        |
|     call_ret_U                                                    | 40    | 7     |     |      |      |     |        |      |         |          |        |
|     conv_kernel_U0                                                | 20290 | 64979 | 5   |      |      |     |        |      |         |          |        |
|       (conv_kernel_U0)                                            | 76    | 61663 |     |      |      |     |        |      |         |          |        |
|         fadd_32ns_32ns_32_4_full_dsp_1_U163                       | 1161  | 199   | 2   |      |      |     |        |      |         |          |        |
|         flow_control_loop_pipe_sequential_init_U                  | 17958 | 2     |     |      |      |     |        |      |         |          |        |
|         fmul_32ns_32ns_32_3_max_dsp_1_U164                        | 1046  | 96    | 3   |      |      |     |        |      |         |          |        |
|     curr_fullImage_10_122_U                                       | 340   | 199   |     |      |      |     |        |      |         |          |        |
|     curr_fullImage_10_U                                           | 340   | 199   |     |      |      |     |        |      |         |          |        |
|     curr_fullImage_11_123_U                                       | 340   | 199   |     |      |      |     |        |      |         |          |        |
|     curr_fullImage_11_U                                           | 339   | 199   |     |      |      |     |        |      |         |          |        |
|     curr_fullImage_12_124_U                                       | 340   | 199   |     |      |      |     |        |      |         |          |        |
|     curr_fullImage_12_U                                           | 340   | 199   |     |      |      |     |        |      |         |          |        |
|     curr_fullImage_13_125_U                                       | 340   | 199   |     |      |      |     |        |      |         |          |        |
|     curr_fullImage_13_U                                           | 341   | 199   |     |      |      |     |        |      |         |          |        |
|     curr_fullImage_14_126_U                                       | 341   | 199   |     |      |      |     |        |      |         |          |        |
|     curr_fullImage_14_U                                           | 340   | 199   |     |      |      |     |        |      |         |          |        |
|     curr_fullImage_15_U                                           | 341   | 199   |     |      |      |     |        |      |         |          |        |
|     curr_fullImage_16_U                                           | 339   | 199   |     |      |      |     |        |      |         |          |        |
|     curr_fullImage_1_113_U                                        | 340   | 199   |     |      |      |     |        |      |         |          |        |
|     curr_fullImage_1_U                                            | 339   | 199   |     |      |      |     |        |      |         |          |        |
|     curr_fullImage_2_114_U                                        | 341   | 199   |     |      |      |     |        |      |         |          |        |
|     curr_fullImage_2_U                                            | 341   | 199   |     |      |      |     |        |      |         |          |        |
|     curr_fullImage_3_115_U                                        | 340   | 199   |     |      |      |     |        |      |         |          |        |
|     curr_fullImage_3_U                                            | 339   | 199   |     |      |      |     |        |      |         |          |        |
|     curr_fullImage_4_116_U                                        | 341   | 199   |     |      |      |     |        |      |         |          |        |
|     curr_fullImage_4_U                                            | 338   | 199   |     |      |      |     |        |      |         |          |        |
|     curr_fullImage_5_117_U                                        | 339   | 199   |     |      |      |     |        |      |         |          |        |
|     curr_fullImage_5_U                                            | 340   | 199   |     |      |      |     |        |      |         |          |        |
|     curr_fullImage_6_118_U                                        | 340   | 199   |     |      |      |     |        |      |         |          |        |
|     curr_fullImage_6_U                                            | 340   | 199   |     |      |      |     |        |      |         |          |        |
|     curr_fullImage_7_119_U                                        | 340   | 199   |     |      |      |     |        |      |         |          |        |
|     curr_fullImage_7_U                                            | 340   | 199   |     |      |      |     |        |      |         |          |        |
|     curr_fullImage_8_120_U                                        | 340   | 199   |     |      |      |     |        |      |         |          |        |
|     curr_fullImage_8_U                                            | 338   | 199   |     |      |      |     |        |      |         |          |        |
|     curr_fullImage_9_121_U                                        | 340   | 199   |     |      |      |     |        |      |         |          |        |
|     curr_fullImage_9_U                                            | 341   | 199   |     |      |      |     |        |      |         |          |        |
|     curr_fullImage_U                                              | 339   | 199   |     |      |      |     |        |      |         |          |        |
|     curr_imageProjs_U                                             | 23    | 7     |     |      |      |     |        |      |         |          |        |
|     curr_localImage_10_108_U                                      | 339   | 199   |     |      |      |     |        |      |         |          |        |
|     curr_localImage_10_U                                          | 339   | 199   |     |      |      |     |        |      |         |          |        |
|     curr_localImage_11_109_U                                      | 339   | 199   |     |      |      |     |        |      |         |          |        |
|     curr_localImage_11_U                                          | 339   | 199   |     |      |      |     |        |      |         |          |        |
|     curr_localImage_12_110_U                                      | 339   | 199   |     |      |      |     |        |      |         |          |        |
|     curr_localImage_12_U                                          | 340   | 199   |     |      |      |     |        |      |         |          |        |
|     curr_localImage_13_111_U                                      | 340   | 199   |     |      |      |     |        |      |         |          |        |
|     curr_localImage_13_U                                          | 340   | 199   |     |      |      |     |        |      |         |          |        |
|     curr_localImage_14_112_U                                      | 339   | 199   |     |      |      |     |        |      |         |          |        |
|     curr_localImage_14_U                                          | 339   | 199   |     |      |      |     |        |      |         |          |        |
|     curr_localImage_15_U                                          | 339   | 199   |     |      |      |     |        |      |         |          |        |
|     curr_localImage_16_U                                          | 338   | 199   |     |      |      |     |        |      |         |          |        |
|     curr_localImage_1_99_U                                        | 340   | 199   |     |      |      |     |        |      |         |          |        |
|     curr_localImage_1_U                                           | 339   | 199   |     |      |      |     |        |      |         |          |        |
|     curr_localImage_2_100_U                                       | 339   | 199   |     |      |      |     |        |      |         |          |        |
|     curr_localImage_2_U                                           | 339   | 199   |     |      |      |     |        |      |         |          |        |
|     curr_localImage_3_101_U                                       | 339   | 199   |     |      |      |     |        |      |         |          |        |
|     curr_localImage_3_U                                           | 339   | 201   |     |      |      |     |        |      |         |          |        |
|     curr_localImage_4_102_U                                       | 338   | 199   |     |      |      |     |        |      |         |          |        |
|     curr_localImage_4_U                                           | 340   | 199   |     |      |      |     |        |      |         |          |        |
|     curr_localImage_5_103_U                                       | 338   | 199   |     |      |      |     |        |      |         |          |        |
|     curr_localImage_5_U                                           | 339   | 199   |     |      |      |     |        |      |         |          |        |
|     curr_localImage_6_104_U                                       | 338   | 199   |     |      |      |     |        |      |         |          |        |
|     curr_localImage_6_U                                           | 340   | 199   |     |      |      |     |        |      |         |          |        |
|     curr_localImage_7_105_U                                       | 339   | 199   |     |      |      |     |        |      |         |          |        |
|     curr_localImage_7_U                                           | 340   | 199   |     |      |      |     |        |      |         |          |        |
|     curr_localImage_8_106_U                                       | 339   | 199   |     |      |      |     |        |      |         |          |        |
|     curr_localImage_8_U                                           | 338   | 199   |     |      |      |     |        |      |         |          |        |
|     curr_localImage_9_107_U                                       | 339   | 199   |     |      |      |     |        |      |         |          |        |
|     curr_localImage_9_U                                           | 339   | 199   |     |      |      |     |        |      |         |          |        |
|     curr_localImage_U                                             | 342   | 199   |     |      |      |     |        |      |         |          |        |
|     dataflow_in_loop_VITIS_LOOP_149_1_1_Block_newFuncRoot_proc_U0 | 136   | 66    |     |      |      |     |        |      |         |          |        |
|     getLocalImages_single_U0                                      | 1588  | 1426  | 10  |      |      |     |        |      |         |          |        |
|       (getLocalImages_single_U0)                                  | 274   | 642   |     |      |      |     |        |      |         |          |        |
|       fmul_32ns_32ns_32_3_max_dsp_1_U5                            | 41    | 36    | 3   |      |      |     |        |      |         |          |        |
|       fmul_32ns_32ns_32_3_max_dsp_1_U6                            | 41    | 36    | 3   |      |      |     |        |      |         |          |        |
|       fsub_32ns_32ns_32_4_full_dsp_1_U3                           | 169   | 198   | 2   |      |      |     |        |      |         |          |        |
|       fsub_32ns_32ns_32_4_full_dsp_1_U4                           | 170   | 198   | 2   |      |      |     |        |      |         |          |        |
|       mask_table_U                                                | 82    | 46    |     |      |      |     |        |      |         |          |        |
|       one_half_table_U                                            | 500   | 48    |     |      |      |     |        |      |         |          |        |
|       sitofp_32ns_32_4_no_dsp_1_U7                                | 165   | 111   |     |      |      |     |        |      |         |          |        |
|       sitofp_32ns_32_4_no_dsp_1_U8                                | 149   | 111   |     |      |      |     |        |      |         |          |        |
|     localImages_U                                                 | 41    | 7     |     |      |      |     |        |      |         |          |        |
|     post_process_U0                                               | 882   | 752   | 3   |      |      |     |        |      |         |          |        |
|       (post_process_U0)                                           | 8     | 241   |     |      |      |     |        |      |         |          |        |
|       fdiv_32ns_32ns_32_9_no_dsp_1_U2216                          | 779   | 382   |     |      |      |     |        |      |         |          |        |
|       fmul_32ns_32ns_32_3_max_dsp_1_U2215                         | 95    | 129   | 3   |      |      |     |        |      |         |          |        |
|     projSumUsed_U                                                 | 24    | 70    |     |      |      |     |        |      |         |          |        |
|     sum_U                                                         | 22    | 70    |     |      |      |     |        |      |         |          |        |
|   emissions_m_axi_U                                               | 625   | 1041  |     | 1    |      |     |        |      |         |          |        |
|   fullImage_m_axi_U                                               | 478   | 823   |     | 1    |      |     |        |      |         |          |        |
|   imageProjs_local_m_axi_U                                        | 468   | 823   |     | 1    |      |     |        |      |         |          |        |
|   imageProjs_m_axi_U                                              | 467   | 819   |     | 1    |      |     |        |      |         |          |        |
|   scalar_data_s_axi_U                                             | 248   | 266   |     |      |      |     |        |      |         |          |        |
+-------------------------------------------------------------------+-------+-------+-----+------+------+-----+--------+------+---------+----------+--------+


================================================================
== Place & Route Fail Fast
================================================================
+-----------------------------------------------------------+-----------+--------+--------+
| Criteria                                                  | Guideline | Actual | Status |
+-----------------------------------------------------------+-----------+--------+--------+
| LUT                                                       | 70%       | 11.24% | OK     |
| FD                                                        | 50%       | 10.03% | OK     |
| LUTRAM+SRL                                                | 25%       | 3.90%  | OK     |
| CARRY8                                                    | 25%       | 0.77%  | OK     |
| MUXF7                                                     | 15%       | 1.88%  | OK     |
| DSP                                                       | 80%       | 0.42%  | OK     |
| RAMB/FIFO                                                 | 80%       | 0.28%  | OK     |
| URAM                                                      | 80%       | 0.00%  | OK     |
| DSP+RAMB+URAM (Avg)                                       | 70%       | 0.35%  | OK     |
| BUFGCE* + BUFGCTRL                                        | 24        | 0      | OK     |
| DONT_TOUCH (cells/nets)                                   | 0         | 0      | OK     |
| MARK_DEBUG (nets)                                         | 0         | 0      | OK     |
| Control Sets                                              | 7974      | 912    | OK     |
| Average Fanout for modules > 100k cells                   | 4         | 2.76   | OK     |
| Max Average Fanout for modules > 100k cells               | 4         | 2.78   | OK     |
| Non-FD high fanout nets > 10k loads                       | 0         | 0      | OK     |
+-----------------------------------------------------------+-----------+--------+--------+
| TIMING-6 (No common primary clock between related clocks) | 0         | 0      | OK     |
| TIMING-7 (No common node between related clocks)          | 0         | 0      | OK     |
| TIMING-8 (No common period between related clocks)        | 0         | 0      | OK     |
| TIMING-14 (LUT on the clock tree)                         | 0         | 0      | OK     |
| TIMING-35 (No common node in paths with the same clock)   | 0         | 0      | OK     |
+-----------------------------------------------------------+-----------+--------+--------+
| Number of paths above max LUT budgeting (0.300ns)         | 0         | 0      | OK     |
| Number of paths above max Net budgeting (0.208ns)         | 0         | 0      | OK     |
+-----------------------------------------------------------+-----------+--------+--------+


================================================================
== Place & Route Timing Paths
================================================================
* Timing was met
+-------+-------+-------------------------------------------------------------------------------------------------------------------------------------+-----------------------------------------------------------------------------------------------------------------------------------------------------------------+--------------+------------+----------------+----------------+--------------+
| Path  | SLACK | STARTPOINT PIN                                                                                                                      | ENDPOINT PIN                                                                                                                                                    | LOGIC LEVELS | MAX FANOUT | DATAPATH DELAY | DATAPATH LOGIC | DATAPATH NET |
|       |       |                                                                                                                                     |                                                                                                                                                                 |              |            |                |          DELAY |        DELAY |
+-------+-------+-------------------------------------------------------------------------------------------------------------------------------------+-----------------------------------------------------------------------------------------------------------------------------------------------------------------+--------------+------------+----------------+----------------+--------------+
| Path1 | 1.537 | dataflow_in_loop_VITIS_LOOP_149_1_1_U0/conv_kernel_U0/grp_conv_kernel_Pipeline_VITIS_LOOP_101_1_fu_18054/ap_CS_fsm_reg[4]/C         | dataflow_in_loop_VITIS_LOOP_149_1_1_U0/conv_kernel_U0/grp_conv_kernel_Pipeline_VITIS_LOOP_101_1_fu_18054/fmul_32ns_32ns_32_3_max_dsp_1_U164/din0_buf1_reg[14]/D |            4 |        134 |          8.442 |          0.378 |        8.064 |
| Path2 | 1.726 | dataflow_in_loop_VITIS_LOOP_149_1_1_U0/conv_kernel_U0/grp_conv_kernel_Pipeline_VITIS_LOOP_101_1_fu_18054/ap_CS_fsm_reg[0]_replica/C | dataflow_in_loop_VITIS_LOOP_149_1_1_U0/conv_kernel_U0/grp_conv_kernel_Pipeline_VITIS_LOOP_101_1_fu_18054/tmp_47_reg_24072_reg[17]/D                             |            5 |        864 |          8.253 |          0.483 |        7.770 |
| Path3 | 1.773 | dataflow_in_loop_VITIS_LOOP_149_1_1_U0/conv_kernel_U0/grp_conv_kernel_Pipeline_VITIS_LOOP_101_1_fu_18054/ap_CS_fsm_reg[0]_replica/C | dataflow_in_loop_VITIS_LOOP_149_1_1_U0/conv_kernel_U0/grp_conv_kernel_Pipeline_VITIS_LOOP_101_1_fu_18054/tmp_51_reg_24094_reg[14]/D                             |            5 |        864 |          8.207 |          0.418 |        7.789 |
| Path4 | 1.815 | dataflow_in_loop_VITIS_LOOP_149_1_1_U0/conv_kernel_U0/grp_conv_kernel_Pipeline_VITIS_LOOP_101_1_fu_18054/ap_CS_fsm_reg[0]_replica/C | dataflow_in_loop_VITIS_LOOP_149_1_1_U0/conv_kernel_U0/grp_conv_kernel_Pipeline_VITIS_LOOP_101_1_fu_18054/tmp_49_reg_24083_reg[17]/D                             |            5 |        864 |          8.165 |          0.435 |        7.730 |
| Path5 | 1.856 | dataflow_in_loop_VITIS_LOOP_149_1_1_U0/conv_kernel_U0/grp_conv_kernel_Pipeline_VITIS_LOOP_101_1_fu_18054/ap_CS_fsm_reg[0]_replica/C | dataflow_in_loop_VITIS_LOOP_149_1_1_U0/conv_kernel_U0/grp_conv_kernel_Pipeline_VITIS_LOOP_101_1_fu_18054/tmp_19_reg_23918_reg[14]/D                             |            5 |        959 |          8.125 |          0.476 |        7.649 |
+-------+-------+-------------------------------------------------------------------------------------------------------------------------------------+-----------------------------------------------------------------------------------------------------------------------------------------------------------------+--------------+------------+----------------+----------------+--------------+

    +--------------------------------------------------------------------------------------------------------------------------------------------------------------------------------+-------------------+
    | Path1 Cells                                                                                                                                                                    | Primitive Type    |
    +--------------------------------------------------------------------------------------------------------------------------------------------------------------------------------+-------------------+
    | dataflow_in_loop_VITIS_LOOP_149_1_1_U0/conv_kernel_U0/grp_conv_kernel_Pipeline_VITIS_LOOP_101_1_fu_18054/ap_CS_fsm_reg[4]                                                      | REGISTER.SDR.FDRE |
    | dataflow_in_loop_VITIS_LOOP_149_1_1_U0/conv_kernel_U0/grp_conv_kernel_Pipeline_VITIS_LOOP_101_1_fu_18054/fmul_32ns_32ns_32_3_max_dsp_1_U164/din0_buf1[14]_i_13                 | CLB.LUT.LUT6      |
    | dataflow_in_loop_VITIS_LOOP_149_1_1_U0/conv_kernel_U0/grp_conv_kernel_Pipeline_VITIS_LOOP_101_1_fu_18054/fmul_32ns_32ns_32_3_max_dsp_1_U164/din0_buf1[14]_i_6                  | CLB.LUT.LUT6      |
    | dataflow_in_loop_VITIS_LOOP_149_1_1_U0/conv_kernel_U0/grp_conv_kernel_Pipeline_VITIS_LOOP_101_1_fu_18054/fmul_32ns_32ns_32_3_max_dsp_1_U164/din0_buf1[14]_i_2__0               | CLB.LUT.LUT6      |
    | dataflow_in_loop_VITIS_LOOP_149_1_1_U0/conv_kernel_U0/grp_conv_kernel_Pipeline_VITIS_LOOP_101_1_fu_18054/fmul_32ns_32ns_32_3_max_dsp_1_U164/din0_buf1[14]_i_1__0               | CLB.LUT.LUT6      |
    | dataflow_in_loop_VITIS_LOOP_149_1_1_U0/conv_kernel_U0/grp_conv_kernel_Pipeline_VITIS_LOOP_101_1_fu_18054/fmul_32ns_32ns_32_3_max_dsp_1_U164/din0_buf1_reg[14]                  | REGISTER.SDR.FDRE |
    | dataflow_in_loop_VITIS_LOOP_149_1_1_U0/conv_kernel_U0/grp_conv_kernel_Pipeline_VITIS_LOOP_101_1_fu_18054/ap_CS_fsm_reg[0]_replica                                              | REGISTER.SDR.FDSE |
    | dataflow_in_loop_VITIS_LOOP_149_1_1_U0/conv_kernel_U0/grp_conv_kernel_Pipeline_VITIS_LOOP_101_1_fu_18054/flow_control_loop_pipe_sequential_init_U/tmp_51_reg_24094[31]_i_9     | CLB.LUT.LUT4      |
    | dataflow_in_loop_VITIS_LOOP_149_1_1_U0/conv_kernel_U0/grp_conv_kernel_Pipeline_VITIS_LOOP_101_1_fu_18054/flow_control_loop_pipe_sequential_init_U/tmp_47_reg_24072[17]_i_11    | CLB.LUT.LUT6      |
    | dataflow_in_loop_VITIS_LOOP_149_1_1_U0/conv_kernel_U0/grp_conv_kernel_Pipeline_VITIS_LOOP_101_1_fu_18054/flow_control_loop_pipe_sequential_init_U/tmp_47_reg_24072_reg[17]_i_7 | CLB.MUXF.MUXF7    |
    | dataflow_in_loop_VITIS_LOOP_149_1_1_U0/conv_kernel_U0/grp_conv_kernel_Pipeline_VITIS_LOOP_101_1_fu_18054/flow_control_loop_pipe_sequential_init_U/tmp_47_reg_24072_reg[17]_i_2 | CLB.MUXF.MUXF8    |
    | dataflow_in_loop_VITIS_LOOP_149_1_1_U0/conv_kernel_U0/grp_conv_kernel_Pipeline_VITIS_LOOP_101_1_fu_18054/flow_control_loop_pipe_sequential_init_U/tmp_47_reg_24072[17]_i_1     | CLB.LUT.LUT6      |
    | dataflow_in_loop_VITIS_LOOP_149_1_1_U0/conv_kernel_U0/grp_conv_kernel_Pipeline_VITIS_LOOP_101_1_fu_18054/tmp_47_reg_24072_reg[17]                                              | REGISTER.SDR.FDRE |
    | dataflow_in_loop_VITIS_LOOP_149_1_1_U0/conv_kernel_U0/grp_conv_kernel_Pipeline_VITIS_LOOP_101_1_fu_18054/ap_CS_fsm_reg[0]_replica                                              | REGISTER.SDR.FDSE |
    | dataflow_in_loop_VITIS_LOOP_149_1_1_U0/conv_kernel_U0/grp_conv_kernel_Pipeline_VITIS_LOOP_101_1_fu_18054/flow_control_loop_pipe_sequential_init_U/tmp_51_reg_24094[31]_i_9     | CLB.LUT.LUT4      |
    | dataflow_in_loop_VITIS_LOOP_149_1_1_U0/conv_kernel_U0/grp_conv_kernel_Pipeline_VITIS_LOOP_101_1_fu_18054/flow_control_loop_pipe_sequential_init_U/tmp_51_reg_24094[14]_i_11    | CLB.LUT.LUT6      |
    | dataflow_in_loop_VITIS_LOOP_149_1_1_U0/conv_kernel_U0/grp_conv_kernel_Pipeline_VITIS_LOOP_101_1_fu_18054/flow_control_loop_pipe_sequential_init_U/tmp_51_reg_24094_reg[14]_i_7 | CLB.MUXF.MUXF7    |
    | dataflow_in_loop_VITIS_LOOP_149_1_1_U0/conv_kernel_U0/grp_conv_kernel_Pipeline_VITIS_LOOP_101_1_fu_18054/flow_control_loop_pipe_sequential_init_U/tmp_51_reg_24094_reg[14]_i_2 | CLB.MUXF.MUXF8    |
    | dataflow_in_loop_VITIS_LOOP_149_1_1_U0/conv_kernel_U0/grp_conv_kernel_Pipeline_VITIS_LOOP_101_1_fu_18054/flow_control_loop_pipe_sequential_init_U/tmp_51_reg_24094[14]_i_1     | CLB.LUT.LUT6      |
    | dataflow_in_loop_VITIS_LOOP_149_1_1_U0/conv_kernel_U0/grp_conv_kernel_Pipeline_VITIS_LOOP_101_1_fu_18054/tmp_51_reg_24094_reg[14]                                              | REGISTER.SDR.FDRE |
    | dataflow_in_loop_VITIS_LOOP_149_1_1_U0/conv_kernel_U0/grp_conv_kernel_Pipeline_VITIS_LOOP_101_1_fu_18054/ap_CS_fsm_reg[0]_replica                                              | REGISTER.SDR.FDSE |
    | dataflow_in_loop_VITIS_LOOP_149_1_1_U0/conv_kernel_U0/grp_conv_kernel_Pipeline_VITIS_LOOP_101_1_fu_18054/flow_control_loop_pipe_sequential_init_U/tmp_51_reg_24094[31]_i_9     | CLB.LUT.LUT4      |
    | dataflow_in_loop_VITIS_LOOP_149_1_1_U0/conv_kernel_U0/grp_conv_kernel_Pipeline_VITIS_LOOP_101_1_fu_18054/flow_control_loop_pipe_sequential_init_U/tmp_49_reg_24083[17]_i_11    | CLB.LUT.LUT6      |
    | dataflow_in_loop_VITIS_LOOP_149_1_1_U0/conv_kernel_U0/grp_conv_kernel_Pipeline_VITIS_LOOP_101_1_fu_18054/flow_control_loop_pipe_sequential_init_U/tmp_49_reg_24083_reg[17]_i_7 | CLB.MUXF.MUXF7    |
    | dataflow_in_loop_VITIS_LOOP_149_1_1_U0/conv_kernel_U0/grp_conv_kernel_Pipeline_VITIS_LOOP_101_1_fu_18054/flow_control_loop_pipe_sequential_init_U/tmp_49_reg_24083_reg[17]_i_2 | CLB.MUXF.MUXF8    |
    | dataflow_in_loop_VITIS_LOOP_149_1_1_U0/conv_kernel_U0/grp_conv_kernel_Pipeline_VITIS_LOOP_101_1_fu_18054/flow_control_loop_pipe_sequential_init_U/tmp_49_reg_24083[17]_i_1     | CLB.LUT.LUT6      |
    | dataflow_in_loop_VITIS_LOOP_149_1_1_U0/conv_kernel_U0/grp_conv_kernel_Pipeline_VITIS_LOOP_101_1_fu_18054/tmp_49_reg_24083_reg[17]                                              | REGISTER.SDR.FDRE |
    | dataflow_in_loop_VITIS_LOOP_149_1_1_U0/conv_kernel_U0/grp_conv_kernel_Pipeline_VITIS_LOOP_101_1_fu_18054/ap_CS_fsm_reg[0]_replica                                              | REGISTER.SDR.FDSE |
    | dataflow_in_loop_VITIS_LOOP_149_1_1_U0/conv_kernel_U0/grp_conv_kernel_Pipeline_VITIS_LOOP_101_1_fu_18054/flow_control_loop_pipe_sequential_init_U/tmp_25_reg_23951[31]_i_9     | CLB.LUT.LUT4      |
    | dataflow_in_loop_VITIS_LOOP_149_1_1_U0/conv_kernel_U0/grp_conv_kernel_Pipeline_VITIS_LOOP_101_1_fu_18054/flow_control_loop_pipe_sequential_init_U/tmp_19_reg_23918[14]_i_9     | CLB.LUT.LUT6      |
    | dataflow_in_loop_VITIS_LOOP_149_1_1_U0/conv_kernel_U0/grp_conv_kernel_Pipeline_VITIS_LOOP_101_1_fu_18054/flow_control_loop_pipe_sequential_init_U/tmp_19_reg_23918_reg[14]_i_6 | CLB.MUXF.MUXF7    |
    | dataflow_in_loop_VITIS_LOOP_149_1_1_U0/conv_kernel_U0/grp_conv_kernel_Pipeline_VITIS_LOOP_101_1_fu_18054/flow_control_loop_pipe_sequential_init_U/tmp_19_reg_23918_reg[14]_i_2 | CLB.MUXF.MUXF8    |
    | dataflow_in_loop_VITIS_LOOP_149_1_1_U0/conv_kernel_U0/grp_conv_kernel_Pipeline_VITIS_LOOP_101_1_fu_18054/flow_control_loop_pipe_sequential_init_U/tmp_19_reg_23918[14]_i_1     | CLB.LUT.LUT6      |
    | dataflow_in_loop_VITIS_LOOP_149_1_1_U0/conv_kernel_U0/grp_conv_kernel_Pipeline_VITIS_LOOP_101_1_fu_18054/tmp_19_reg_23918_reg[14]                                              | REGISTER.SDR.FDRE |
    +--------------------------------------------------------------------------------------------------------------------------------------------------------------------------------+-------------------+

    +--------------------------------------------------------------------------------------------------------------------------------------------------------------------------------+-------------------+
    | Path2 Cells                                                                                                                                                                    | Primitive Type    |
    +--------------------------------------------------------------------------------------------------------------------------------------------------------------------------------+-------------------+
    | dataflow_in_loop_VITIS_LOOP_149_1_1_U0/conv_kernel_U0/grp_conv_kernel_Pipeline_VITIS_LOOP_101_1_fu_18054/ap_CS_fsm_reg[4]                                                      | REGISTER.SDR.FDRE |
    | dataflow_in_loop_VITIS_LOOP_149_1_1_U0/conv_kernel_U0/grp_conv_kernel_Pipeline_VITIS_LOOP_101_1_fu_18054/fmul_32ns_32ns_32_3_max_dsp_1_U164/din0_buf1[14]_i_13                 | CLB.LUT.LUT6      |
    | dataflow_in_loop_VITIS_LOOP_149_1_1_U0/conv_kernel_U0/grp_conv_kernel_Pipeline_VITIS_LOOP_101_1_fu_18054/fmul_32ns_32ns_32_3_max_dsp_1_U164/din0_buf1[14]_i_6                  | CLB.LUT.LUT6      |
    | dataflow_in_loop_VITIS_LOOP_149_1_1_U0/conv_kernel_U0/grp_conv_kernel_Pipeline_VITIS_LOOP_101_1_fu_18054/fmul_32ns_32ns_32_3_max_dsp_1_U164/din0_buf1[14]_i_2__0               | CLB.LUT.LUT6      |
    | dataflow_in_loop_VITIS_LOOP_149_1_1_U0/conv_kernel_U0/grp_conv_kernel_Pipeline_VITIS_LOOP_101_1_fu_18054/fmul_32ns_32ns_32_3_max_dsp_1_U164/din0_buf1[14]_i_1__0               | CLB.LUT.LUT6      |
    | dataflow_in_loop_VITIS_LOOP_149_1_1_U0/conv_kernel_U0/grp_conv_kernel_Pipeline_VITIS_LOOP_101_1_fu_18054/fmul_32ns_32ns_32_3_max_dsp_1_U164/din0_buf1_reg[14]                  | REGISTER.SDR.FDRE |
    | dataflow_in_loop_VITIS_LOOP_149_1_1_U0/conv_kernel_U0/grp_conv_kernel_Pipeline_VITIS_LOOP_101_1_fu_18054/ap_CS_fsm_reg[0]_replica                                              | REGISTER.SDR.FDSE |
    | dataflow_in_loop_VITIS_LOOP_149_1_1_U0/conv_kernel_U0/grp_conv_kernel_Pipeline_VITIS_LOOP_101_1_fu_18054/flow_control_loop_pipe_sequential_init_U/tmp_51_reg_24094[31]_i_9     | CLB.LUT.LUT4      |
    | dataflow_in_loop_VITIS_LOOP_149_1_1_U0/conv_kernel_U0/grp_conv_kernel_Pipeline_VITIS_LOOP_101_1_fu_18054/flow_control_loop_pipe_sequential_init_U/tmp_47_reg_24072[17]_i_11    | CLB.LUT.LUT6      |
    | dataflow_in_loop_VITIS_LOOP_149_1_1_U0/conv_kernel_U0/grp_conv_kernel_Pipeline_VITIS_LOOP_101_1_fu_18054/flow_control_loop_pipe_sequential_init_U/tmp_47_reg_24072_reg[17]_i_7 | CLB.MUXF.MUXF7    |
    | dataflow_in_loop_VITIS_LOOP_149_1_1_U0/conv_kernel_U0/grp_conv_kernel_Pipeline_VITIS_LOOP_101_1_fu_18054/flow_control_loop_pipe_sequential_init_U/tmp_47_reg_24072_reg[17]_i_2 | CLB.MUXF.MUXF8    |
    | dataflow_in_loop_VITIS_LOOP_149_1_1_U0/conv_kernel_U0/grp_conv_kernel_Pipeline_VITIS_LOOP_101_1_fu_18054/flow_control_loop_pipe_sequential_init_U/tmp_47_reg_24072[17]_i_1     | CLB.LUT.LUT6      |
    | dataflow_in_loop_VITIS_LOOP_149_1_1_U0/conv_kernel_U0/grp_conv_kernel_Pipeline_VITIS_LOOP_101_1_fu_18054/tmp_47_reg_24072_reg[17]                                              | REGISTER.SDR.FDRE |
    | dataflow_in_loop_VITIS_LOOP_149_1_1_U0/conv_kernel_U0/grp_conv_kernel_Pipeline_VITIS_LOOP_101_1_fu_18054/ap_CS_fsm_reg[0]_replica                                              | REGISTER.SDR.FDSE |
    | dataflow_in_loop_VITIS_LOOP_149_1_1_U0/conv_kernel_U0/grp_conv_kernel_Pipeline_VITIS_LOOP_101_1_fu_18054/flow_control_loop_pipe_sequential_init_U/tmp_51_reg_24094[31]_i_9     | CLB.LUT.LUT4      |
    | dataflow_in_loop_VITIS_LOOP_149_1_1_U0/conv_kernel_U0/grp_conv_kernel_Pipeline_VITIS_LOOP_101_1_fu_18054/flow_control_loop_pipe_sequential_init_U/tmp_51_reg_24094[14]_i_11    | CLB.LUT.LUT6      |
    | dataflow_in_loop_VITIS_LOOP_149_1_1_U0/conv_kernel_U0/grp_conv_kernel_Pipeline_VITIS_LOOP_101_1_fu_18054/flow_control_loop_pipe_sequential_init_U/tmp_51_reg_24094_reg[14]_i_7 | CLB.MUXF.MUXF7    |
    | dataflow_in_loop_VITIS_LOOP_149_1_1_U0/conv_kernel_U0/grp_conv_kernel_Pipeline_VITIS_LOOP_101_1_fu_18054/flow_control_loop_pipe_sequential_init_U/tmp_51_reg_24094_reg[14]_i_2 | CLB.MUXF.MUXF8    |
    | dataflow_in_loop_VITIS_LOOP_149_1_1_U0/conv_kernel_U0/grp_conv_kernel_Pipeline_VITIS_LOOP_101_1_fu_18054/flow_control_loop_pipe_sequential_init_U/tmp_51_reg_24094[14]_i_1     | CLB.LUT.LUT6      |
    | dataflow_in_loop_VITIS_LOOP_149_1_1_U0/conv_kernel_U0/grp_conv_kernel_Pipeline_VITIS_LOOP_101_1_fu_18054/tmp_51_reg_24094_reg[14]                                              | REGISTER.SDR.FDRE |
    | dataflow_in_loop_VITIS_LOOP_149_1_1_U0/conv_kernel_U0/grp_conv_kernel_Pipeline_VITIS_LOOP_101_1_fu_18054/ap_CS_fsm_reg[0]_replica                                              | REGISTER.SDR.FDSE |
    | dataflow_in_loop_VITIS_LOOP_149_1_1_U0/conv_kernel_U0/grp_conv_kernel_Pipeline_VITIS_LOOP_101_1_fu_18054/flow_control_loop_pipe_sequential_init_U/tmp_51_reg_24094[31]_i_9     | CLB.LUT.LUT4      |
    | dataflow_in_loop_VITIS_LOOP_149_1_1_U0/conv_kernel_U0/grp_conv_kernel_Pipeline_VITIS_LOOP_101_1_fu_18054/flow_control_loop_pipe_sequential_init_U/tmp_49_reg_24083[17]_i_11    | CLB.LUT.LUT6      |
    | dataflow_in_loop_VITIS_LOOP_149_1_1_U0/conv_kernel_U0/grp_conv_kernel_Pipeline_VITIS_LOOP_101_1_fu_18054/flow_control_loop_pipe_sequential_init_U/tmp_49_reg_24083_reg[17]_i_7 | CLB.MUXF.MUXF7    |
    | dataflow_in_loop_VITIS_LOOP_149_1_1_U0/conv_kernel_U0/grp_conv_kernel_Pipeline_VITIS_LOOP_101_1_fu_18054/flow_control_loop_pipe_sequential_init_U/tmp_49_reg_24083_reg[17]_i_2 | CLB.MUXF.MUXF8    |
    | dataflow_in_loop_VITIS_LOOP_149_1_1_U0/conv_kernel_U0/grp_conv_kernel_Pipeline_VITIS_LOOP_101_1_fu_18054/flow_control_loop_pipe_sequential_init_U/tmp_49_reg_24083[17]_i_1     | CLB.LUT.LUT6      |
    | dataflow_in_loop_VITIS_LOOP_149_1_1_U0/conv_kernel_U0/grp_conv_kernel_Pipeline_VITIS_LOOP_101_1_fu_18054/tmp_49_reg_24083_reg[17]                                              | REGISTER.SDR.FDRE |
    | dataflow_in_loop_VITIS_LOOP_149_1_1_U0/conv_kernel_U0/grp_conv_kernel_Pipeline_VITIS_LOOP_101_1_fu_18054/ap_CS_fsm_reg[0]_replica                                              | REGISTER.SDR.FDSE |
    | dataflow_in_loop_VITIS_LOOP_149_1_1_U0/conv_kernel_U0/grp_conv_kernel_Pipeline_VITIS_LOOP_101_1_fu_18054/flow_control_loop_pipe_sequential_init_U/tmp_25_reg_23951[31]_i_9     | CLB.LUT.LUT4      |
    | dataflow_in_loop_VITIS_LOOP_149_1_1_U0/conv_kernel_U0/grp_conv_kernel_Pipeline_VITIS_LOOP_101_1_fu_18054/flow_control_loop_pipe_sequential_init_U/tmp_19_reg_23918[14]_i_9     | CLB.LUT.LUT6      |
    | dataflow_in_loop_VITIS_LOOP_149_1_1_U0/conv_kernel_U0/grp_conv_kernel_Pipeline_VITIS_LOOP_101_1_fu_18054/flow_control_loop_pipe_sequential_init_U/tmp_19_reg_23918_reg[14]_i_6 | CLB.MUXF.MUXF7    |
    | dataflow_in_loop_VITIS_LOOP_149_1_1_U0/conv_kernel_U0/grp_conv_kernel_Pipeline_VITIS_LOOP_101_1_fu_18054/flow_control_loop_pipe_sequential_init_U/tmp_19_reg_23918_reg[14]_i_2 | CLB.MUXF.MUXF8    |
    | dataflow_in_loop_VITIS_LOOP_149_1_1_U0/conv_kernel_U0/grp_conv_kernel_Pipeline_VITIS_LOOP_101_1_fu_18054/flow_control_loop_pipe_sequential_init_U/tmp_19_reg_23918[14]_i_1     | CLB.LUT.LUT6      |
    | dataflow_in_loop_VITIS_LOOP_149_1_1_U0/conv_kernel_U0/grp_conv_kernel_Pipeline_VITIS_LOOP_101_1_fu_18054/tmp_19_reg_23918_reg[14]                                              | REGISTER.SDR.FDRE |
    +--------------------------------------------------------------------------------------------------------------------------------------------------------------------------------+-------------------+

    +--------------------------------------------------------------------------------------------------------------------------------------------------------------------------------+-------------------+
    | Path3 Cells                                                                                                                                                                    | Primitive Type    |
    +--------------------------------------------------------------------------------------------------------------------------------------------------------------------------------+-------------------+
    | dataflow_in_loop_VITIS_LOOP_149_1_1_U0/conv_kernel_U0/grp_conv_kernel_Pipeline_VITIS_LOOP_101_1_fu_18054/ap_CS_fsm_reg[4]                                                      | REGISTER.SDR.FDRE |
    | dataflow_in_loop_VITIS_LOOP_149_1_1_U0/conv_kernel_U0/grp_conv_kernel_Pipeline_VITIS_LOOP_101_1_fu_18054/fmul_32ns_32ns_32_3_max_dsp_1_U164/din0_buf1[14]_i_13                 | CLB.LUT.LUT6      |
    | dataflow_in_loop_VITIS_LOOP_149_1_1_U0/conv_kernel_U0/grp_conv_kernel_Pipeline_VITIS_LOOP_101_1_fu_18054/fmul_32ns_32ns_32_3_max_dsp_1_U164/din0_buf1[14]_i_6                  | CLB.LUT.LUT6      |
    | dataflow_in_loop_VITIS_LOOP_149_1_1_U0/conv_kernel_U0/grp_conv_kernel_Pipeline_VITIS_LOOP_101_1_fu_18054/fmul_32ns_32ns_32_3_max_dsp_1_U164/din0_buf1[14]_i_2__0               | CLB.LUT.LUT6      |
    | dataflow_in_loop_VITIS_LOOP_149_1_1_U0/conv_kernel_U0/grp_conv_kernel_Pipeline_VITIS_LOOP_101_1_fu_18054/fmul_32ns_32ns_32_3_max_dsp_1_U164/din0_buf1[14]_i_1__0               | CLB.LUT.LUT6      |
    | dataflow_in_loop_VITIS_LOOP_149_1_1_U0/conv_kernel_U0/grp_conv_kernel_Pipeline_VITIS_LOOP_101_1_fu_18054/fmul_32ns_32ns_32_3_max_dsp_1_U164/din0_buf1_reg[14]                  | REGISTER.SDR.FDRE |
    | dataflow_in_loop_VITIS_LOOP_149_1_1_U0/conv_kernel_U0/grp_conv_kernel_Pipeline_VITIS_LOOP_101_1_fu_18054/ap_CS_fsm_reg[0]_replica                                              | REGISTER.SDR.FDSE |
    | dataflow_in_loop_VITIS_LOOP_149_1_1_U0/conv_kernel_U0/grp_conv_kernel_Pipeline_VITIS_LOOP_101_1_fu_18054/flow_control_loop_pipe_sequential_init_U/tmp_51_reg_24094[31]_i_9     | CLB.LUT.LUT4      |
    | dataflow_in_loop_VITIS_LOOP_149_1_1_U0/conv_kernel_U0/grp_conv_kernel_Pipeline_VITIS_LOOP_101_1_fu_18054/flow_control_loop_pipe_sequential_init_U/tmp_47_reg_24072[17]_i_11    | CLB.LUT.LUT6      |
    | dataflow_in_loop_VITIS_LOOP_149_1_1_U0/conv_kernel_U0/grp_conv_kernel_Pipeline_VITIS_LOOP_101_1_fu_18054/flow_control_loop_pipe_sequential_init_U/tmp_47_reg_24072_reg[17]_i_7 | CLB.MUXF.MUXF7    |
    | dataflow_in_loop_VITIS_LOOP_149_1_1_U0/conv_kernel_U0/grp_conv_kernel_Pipeline_VITIS_LOOP_101_1_fu_18054/flow_control_loop_pipe_sequential_init_U/tmp_47_reg_24072_reg[17]_i_2 | CLB.MUXF.MUXF8    |
    | dataflow_in_loop_VITIS_LOOP_149_1_1_U0/conv_kernel_U0/grp_conv_kernel_Pipeline_VITIS_LOOP_101_1_fu_18054/flow_control_loop_pipe_sequential_init_U/tmp_47_reg_24072[17]_i_1     | CLB.LUT.LUT6      |
    | dataflow_in_loop_VITIS_LOOP_149_1_1_U0/conv_kernel_U0/grp_conv_kernel_Pipeline_VITIS_LOOP_101_1_fu_18054/tmp_47_reg_24072_reg[17]                                              | REGISTER.SDR.FDRE |
    | dataflow_in_loop_VITIS_LOOP_149_1_1_U0/conv_kernel_U0/grp_conv_kernel_Pipeline_VITIS_LOOP_101_1_fu_18054/ap_CS_fsm_reg[0]_replica                                              | REGISTER.SDR.FDSE |
    | dataflow_in_loop_VITIS_LOOP_149_1_1_U0/conv_kernel_U0/grp_conv_kernel_Pipeline_VITIS_LOOP_101_1_fu_18054/flow_control_loop_pipe_sequential_init_U/tmp_51_reg_24094[31]_i_9     | CLB.LUT.LUT4      |
    | dataflow_in_loop_VITIS_LOOP_149_1_1_U0/conv_kernel_U0/grp_conv_kernel_Pipeline_VITIS_LOOP_101_1_fu_18054/flow_control_loop_pipe_sequential_init_U/tmp_51_reg_24094[14]_i_11    | CLB.LUT.LUT6      |
    | dataflow_in_loop_VITIS_LOOP_149_1_1_U0/conv_kernel_U0/grp_conv_kernel_Pipeline_VITIS_LOOP_101_1_fu_18054/flow_control_loop_pipe_sequential_init_U/tmp_51_reg_24094_reg[14]_i_7 | CLB.MUXF.MUXF7    |
    | dataflow_in_loop_VITIS_LOOP_149_1_1_U0/conv_kernel_U0/grp_conv_kernel_Pipeline_VITIS_LOOP_101_1_fu_18054/flow_control_loop_pipe_sequential_init_U/tmp_51_reg_24094_reg[14]_i_2 | CLB.MUXF.MUXF8    |
    | dataflow_in_loop_VITIS_LOOP_149_1_1_U0/conv_kernel_U0/grp_conv_kernel_Pipeline_VITIS_LOOP_101_1_fu_18054/flow_control_loop_pipe_sequential_init_U/tmp_51_reg_24094[14]_i_1     | CLB.LUT.LUT6      |
    | dataflow_in_loop_VITIS_LOOP_149_1_1_U0/conv_kernel_U0/grp_conv_kernel_Pipeline_VITIS_LOOP_101_1_fu_18054/tmp_51_reg_24094_reg[14]                                              | REGISTER.SDR.FDRE |
    | dataflow_in_loop_VITIS_LOOP_149_1_1_U0/conv_kernel_U0/grp_conv_kernel_Pipeline_VITIS_LOOP_101_1_fu_18054/ap_CS_fsm_reg[0]_replica                                              | REGISTER.SDR.FDSE |
    | dataflow_in_loop_VITIS_LOOP_149_1_1_U0/conv_kernel_U0/grp_conv_kernel_Pipeline_VITIS_LOOP_101_1_fu_18054/flow_control_loop_pipe_sequential_init_U/tmp_51_reg_24094[31]_i_9     | CLB.LUT.LUT4      |
    | dataflow_in_loop_VITIS_LOOP_149_1_1_U0/conv_kernel_U0/grp_conv_kernel_Pipeline_VITIS_LOOP_101_1_fu_18054/flow_control_loop_pipe_sequential_init_U/tmp_49_reg_24083[17]_i_11    | CLB.LUT.LUT6      |
    | dataflow_in_loop_VITIS_LOOP_149_1_1_U0/conv_kernel_U0/grp_conv_kernel_Pipeline_VITIS_LOOP_101_1_fu_18054/flow_control_loop_pipe_sequential_init_U/tmp_49_reg_24083_reg[17]_i_7 | CLB.MUXF.MUXF7    |
    | dataflow_in_loop_VITIS_LOOP_149_1_1_U0/conv_kernel_U0/grp_conv_kernel_Pipeline_VITIS_LOOP_101_1_fu_18054/flow_control_loop_pipe_sequential_init_U/tmp_49_reg_24083_reg[17]_i_2 | CLB.MUXF.MUXF8    |
    | dataflow_in_loop_VITIS_LOOP_149_1_1_U0/conv_kernel_U0/grp_conv_kernel_Pipeline_VITIS_LOOP_101_1_fu_18054/flow_control_loop_pipe_sequential_init_U/tmp_49_reg_24083[17]_i_1     | CLB.LUT.LUT6      |
    | dataflow_in_loop_VITIS_LOOP_149_1_1_U0/conv_kernel_U0/grp_conv_kernel_Pipeline_VITIS_LOOP_101_1_fu_18054/tmp_49_reg_24083_reg[17]                                              | REGISTER.SDR.FDRE |
    | dataflow_in_loop_VITIS_LOOP_149_1_1_U0/conv_kernel_U0/grp_conv_kernel_Pipeline_VITIS_LOOP_101_1_fu_18054/ap_CS_fsm_reg[0]_replica                                              | REGISTER.SDR.FDSE |
    | dataflow_in_loop_VITIS_LOOP_149_1_1_U0/conv_kernel_U0/grp_conv_kernel_Pipeline_VITIS_LOOP_101_1_fu_18054/flow_control_loop_pipe_sequential_init_U/tmp_25_reg_23951[31]_i_9     | CLB.LUT.LUT4      |
    | dataflow_in_loop_VITIS_LOOP_149_1_1_U0/conv_kernel_U0/grp_conv_kernel_Pipeline_VITIS_LOOP_101_1_fu_18054/flow_control_loop_pipe_sequential_init_U/tmp_19_reg_23918[14]_i_9     | CLB.LUT.LUT6      |
    | dataflow_in_loop_VITIS_LOOP_149_1_1_U0/conv_kernel_U0/grp_conv_kernel_Pipeline_VITIS_LOOP_101_1_fu_18054/flow_control_loop_pipe_sequential_init_U/tmp_19_reg_23918_reg[14]_i_6 | CLB.MUXF.MUXF7    |
    | dataflow_in_loop_VITIS_LOOP_149_1_1_U0/conv_kernel_U0/grp_conv_kernel_Pipeline_VITIS_LOOP_101_1_fu_18054/flow_control_loop_pipe_sequential_init_U/tmp_19_reg_23918_reg[14]_i_2 | CLB.MUXF.MUXF8    |
    | dataflow_in_loop_VITIS_LOOP_149_1_1_U0/conv_kernel_U0/grp_conv_kernel_Pipeline_VITIS_LOOP_101_1_fu_18054/flow_control_loop_pipe_sequential_init_U/tmp_19_reg_23918[14]_i_1     | CLB.LUT.LUT6      |
    | dataflow_in_loop_VITIS_LOOP_149_1_1_U0/conv_kernel_U0/grp_conv_kernel_Pipeline_VITIS_LOOP_101_1_fu_18054/tmp_19_reg_23918_reg[14]                                              | REGISTER.SDR.FDRE |
    +--------------------------------------------------------------------------------------------------------------------------------------------------------------------------------+-------------------+

    +--------------------------------------------------------------------------------------------------------------------------------------------------------------------------------+-------------------+
    | Path4 Cells                                                                                                                                                                    | Primitive Type    |
    +--------------------------------------------------------------------------------------------------------------------------------------------------------------------------------+-------------------+
    | dataflow_in_loop_VITIS_LOOP_149_1_1_U0/conv_kernel_U0/grp_conv_kernel_Pipeline_VITIS_LOOP_101_1_fu_18054/ap_CS_fsm_reg[4]                                                      | REGISTER.SDR.FDRE |
    | dataflow_in_loop_VITIS_LOOP_149_1_1_U0/conv_kernel_U0/grp_conv_kernel_Pipeline_VITIS_LOOP_101_1_fu_18054/fmul_32ns_32ns_32_3_max_dsp_1_U164/din0_buf1[14]_i_13                 | CLB.LUT.LUT6      |
    | dataflow_in_loop_VITIS_LOOP_149_1_1_U0/conv_kernel_U0/grp_conv_kernel_Pipeline_VITIS_LOOP_101_1_fu_18054/fmul_32ns_32ns_32_3_max_dsp_1_U164/din0_buf1[14]_i_6                  | CLB.LUT.LUT6      |
    | dataflow_in_loop_VITIS_LOOP_149_1_1_U0/conv_kernel_U0/grp_conv_kernel_Pipeline_VITIS_LOOP_101_1_fu_18054/fmul_32ns_32ns_32_3_max_dsp_1_U164/din0_buf1[14]_i_2__0               | CLB.LUT.LUT6      |
    | dataflow_in_loop_VITIS_LOOP_149_1_1_U0/conv_kernel_U0/grp_conv_kernel_Pipeline_VITIS_LOOP_101_1_fu_18054/fmul_32ns_32ns_32_3_max_dsp_1_U164/din0_buf1[14]_i_1__0               | CLB.LUT.LUT6      |
    | dataflow_in_loop_VITIS_LOOP_149_1_1_U0/conv_kernel_U0/grp_conv_kernel_Pipeline_VITIS_LOOP_101_1_fu_18054/fmul_32ns_32ns_32_3_max_dsp_1_U164/din0_buf1_reg[14]                  | REGISTER.SDR.FDRE |
    | dataflow_in_loop_VITIS_LOOP_149_1_1_U0/conv_kernel_U0/grp_conv_kernel_Pipeline_VITIS_LOOP_101_1_fu_18054/ap_CS_fsm_reg[0]_replica                                              | REGISTER.SDR.FDSE |
    | dataflow_in_loop_VITIS_LOOP_149_1_1_U0/conv_kernel_U0/grp_conv_kernel_Pipeline_VITIS_LOOP_101_1_fu_18054/flow_control_loop_pipe_sequential_init_U/tmp_51_reg_24094[31]_i_9     | CLB.LUT.LUT4      |
    | dataflow_in_loop_VITIS_LOOP_149_1_1_U0/conv_kernel_U0/grp_conv_kernel_Pipeline_VITIS_LOOP_101_1_fu_18054/flow_control_loop_pipe_sequential_init_U/tmp_47_reg_24072[17]_i_11    | CLB.LUT.LUT6      |
    | dataflow_in_loop_VITIS_LOOP_149_1_1_U0/conv_kernel_U0/grp_conv_kernel_Pipeline_VITIS_LOOP_101_1_fu_18054/flow_control_loop_pipe_sequential_init_U/tmp_47_reg_24072_reg[17]_i_7 | CLB.MUXF.MUXF7    |
    | dataflow_in_loop_VITIS_LOOP_149_1_1_U0/conv_kernel_U0/grp_conv_kernel_Pipeline_VITIS_LOOP_101_1_fu_18054/flow_control_loop_pipe_sequential_init_U/tmp_47_reg_24072_reg[17]_i_2 | CLB.MUXF.MUXF8    |
    | dataflow_in_loop_VITIS_LOOP_149_1_1_U0/conv_kernel_U0/grp_conv_kernel_Pipeline_VITIS_LOOP_101_1_fu_18054/flow_control_loop_pipe_sequential_init_U/tmp_47_reg_24072[17]_i_1     | CLB.LUT.LUT6      |
    | dataflow_in_loop_VITIS_LOOP_149_1_1_U0/conv_kernel_U0/grp_conv_kernel_Pipeline_VITIS_LOOP_101_1_fu_18054/tmp_47_reg_24072_reg[17]                                              | REGISTER.SDR.FDRE |
    | dataflow_in_loop_VITIS_LOOP_149_1_1_U0/conv_kernel_U0/grp_conv_kernel_Pipeline_VITIS_LOOP_101_1_fu_18054/ap_CS_fsm_reg[0]_replica                                              | REGISTER.SDR.FDSE |
    | dataflow_in_loop_VITIS_LOOP_149_1_1_U0/conv_kernel_U0/grp_conv_kernel_Pipeline_VITIS_LOOP_101_1_fu_18054/flow_control_loop_pipe_sequential_init_U/tmp_51_reg_24094[31]_i_9     | CLB.LUT.LUT4      |
    | dataflow_in_loop_VITIS_LOOP_149_1_1_U0/conv_kernel_U0/grp_conv_kernel_Pipeline_VITIS_LOOP_101_1_fu_18054/flow_control_loop_pipe_sequential_init_U/tmp_51_reg_24094[14]_i_11    | CLB.LUT.LUT6      |
    | dataflow_in_loop_VITIS_LOOP_149_1_1_U0/conv_kernel_U0/grp_conv_kernel_Pipeline_VITIS_LOOP_101_1_fu_18054/flow_control_loop_pipe_sequential_init_U/tmp_51_reg_24094_reg[14]_i_7 | CLB.MUXF.MUXF7    |
    | dataflow_in_loop_VITIS_LOOP_149_1_1_U0/conv_kernel_U0/grp_conv_kernel_Pipeline_VITIS_LOOP_101_1_fu_18054/flow_control_loop_pipe_sequential_init_U/tmp_51_reg_24094_reg[14]_i_2 | CLB.MUXF.MUXF8    |
    | dataflow_in_loop_VITIS_LOOP_149_1_1_U0/conv_kernel_U0/grp_conv_kernel_Pipeline_VITIS_LOOP_101_1_fu_18054/flow_control_loop_pipe_sequential_init_U/tmp_51_reg_24094[14]_i_1     | CLB.LUT.LUT6      |
    | dataflow_in_loop_VITIS_LOOP_149_1_1_U0/conv_kernel_U0/grp_conv_kernel_Pipeline_VITIS_LOOP_101_1_fu_18054/tmp_51_reg_24094_reg[14]                                              | REGISTER.SDR.FDRE |
    | dataflow_in_loop_VITIS_LOOP_149_1_1_U0/conv_kernel_U0/grp_conv_kernel_Pipeline_VITIS_LOOP_101_1_fu_18054/ap_CS_fsm_reg[0]_replica                                              | REGISTER.SDR.FDSE |
    | dataflow_in_loop_VITIS_LOOP_149_1_1_U0/conv_kernel_U0/grp_conv_kernel_Pipeline_VITIS_LOOP_101_1_fu_18054/flow_control_loop_pipe_sequential_init_U/tmp_51_reg_24094[31]_i_9     | CLB.LUT.LUT4      |
    | dataflow_in_loop_VITIS_LOOP_149_1_1_U0/conv_kernel_U0/grp_conv_kernel_Pipeline_VITIS_LOOP_101_1_fu_18054/flow_control_loop_pipe_sequential_init_U/tmp_49_reg_24083[17]_i_11    | CLB.LUT.LUT6      |
    | dataflow_in_loop_VITIS_LOOP_149_1_1_U0/conv_kernel_U0/grp_conv_kernel_Pipeline_VITIS_LOOP_101_1_fu_18054/flow_control_loop_pipe_sequential_init_U/tmp_49_reg_24083_reg[17]_i_7 | CLB.MUXF.MUXF7    |
    | dataflow_in_loop_VITIS_LOOP_149_1_1_U0/conv_kernel_U0/grp_conv_kernel_Pipeline_VITIS_LOOP_101_1_fu_18054/flow_control_loop_pipe_sequential_init_U/tmp_49_reg_24083_reg[17]_i_2 | CLB.MUXF.MUXF8    |
    | dataflow_in_loop_VITIS_LOOP_149_1_1_U0/conv_kernel_U0/grp_conv_kernel_Pipeline_VITIS_LOOP_101_1_fu_18054/flow_control_loop_pipe_sequential_init_U/tmp_49_reg_24083[17]_i_1     | CLB.LUT.LUT6      |
    | dataflow_in_loop_VITIS_LOOP_149_1_1_U0/conv_kernel_U0/grp_conv_kernel_Pipeline_VITIS_LOOP_101_1_fu_18054/tmp_49_reg_24083_reg[17]                                              | REGISTER.SDR.FDRE |
    | dataflow_in_loop_VITIS_LOOP_149_1_1_U0/conv_kernel_U0/grp_conv_kernel_Pipeline_VITIS_LOOP_101_1_fu_18054/ap_CS_fsm_reg[0]_replica                                              | REGISTER.SDR.FDSE |
    | dataflow_in_loop_VITIS_LOOP_149_1_1_U0/conv_kernel_U0/grp_conv_kernel_Pipeline_VITIS_LOOP_101_1_fu_18054/flow_control_loop_pipe_sequential_init_U/tmp_25_reg_23951[31]_i_9     | CLB.LUT.LUT4      |
    | dataflow_in_loop_VITIS_LOOP_149_1_1_U0/conv_kernel_U0/grp_conv_kernel_Pipeline_VITIS_LOOP_101_1_fu_18054/flow_control_loop_pipe_sequential_init_U/tmp_19_reg_23918[14]_i_9     | CLB.LUT.LUT6      |
    | dataflow_in_loop_VITIS_LOOP_149_1_1_U0/conv_kernel_U0/grp_conv_kernel_Pipeline_VITIS_LOOP_101_1_fu_18054/flow_control_loop_pipe_sequential_init_U/tmp_19_reg_23918_reg[14]_i_6 | CLB.MUXF.MUXF7    |
    | dataflow_in_loop_VITIS_LOOP_149_1_1_U0/conv_kernel_U0/grp_conv_kernel_Pipeline_VITIS_LOOP_101_1_fu_18054/flow_control_loop_pipe_sequential_init_U/tmp_19_reg_23918_reg[14]_i_2 | CLB.MUXF.MUXF8    |
    | dataflow_in_loop_VITIS_LOOP_149_1_1_U0/conv_kernel_U0/grp_conv_kernel_Pipeline_VITIS_LOOP_101_1_fu_18054/flow_control_loop_pipe_sequential_init_U/tmp_19_reg_23918[14]_i_1     | CLB.LUT.LUT6      |
    | dataflow_in_loop_VITIS_LOOP_149_1_1_U0/conv_kernel_U0/grp_conv_kernel_Pipeline_VITIS_LOOP_101_1_fu_18054/tmp_19_reg_23918_reg[14]                                              | REGISTER.SDR.FDRE |
    +--------------------------------------------------------------------------------------------------------------------------------------------------------------------------------+-------------------+

    +--------------------------------------------------------------------------------------------------------------------------------------------------------------------------------+-------------------+
    | Path5 Cells                                                                                                                                                                    | Primitive Type    |
    +--------------------------------------------------------------------------------------------------------------------------------------------------------------------------------+-------------------+
    | dataflow_in_loop_VITIS_LOOP_149_1_1_U0/conv_kernel_U0/grp_conv_kernel_Pipeline_VITIS_LOOP_101_1_fu_18054/ap_CS_fsm_reg[4]                                                      | REGISTER.SDR.FDRE |
    | dataflow_in_loop_VITIS_LOOP_149_1_1_U0/conv_kernel_U0/grp_conv_kernel_Pipeline_VITIS_LOOP_101_1_fu_18054/fmul_32ns_32ns_32_3_max_dsp_1_U164/din0_buf1[14]_i_13                 | CLB.LUT.LUT6      |
    | dataflow_in_loop_VITIS_LOOP_149_1_1_U0/conv_kernel_U0/grp_conv_kernel_Pipeline_VITIS_LOOP_101_1_fu_18054/fmul_32ns_32ns_32_3_max_dsp_1_U164/din0_buf1[14]_i_6                  | CLB.LUT.LUT6      |
    | dataflow_in_loop_VITIS_LOOP_149_1_1_U0/conv_kernel_U0/grp_conv_kernel_Pipeline_VITIS_LOOP_101_1_fu_18054/fmul_32ns_32ns_32_3_max_dsp_1_U164/din0_buf1[14]_i_2__0               | CLB.LUT.LUT6      |
    | dataflow_in_loop_VITIS_LOOP_149_1_1_U0/conv_kernel_U0/grp_conv_kernel_Pipeline_VITIS_LOOP_101_1_fu_18054/fmul_32ns_32ns_32_3_max_dsp_1_U164/din0_buf1[14]_i_1__0               | CLB.LUT.LUT6      |
    | dataflow_in_loop_VITIS_LOOP_149_1_1_U0/conv_kernel_U0/grp_conv_kernel_Pipeline_VITIS_LOOP_101_1_fu_18054/fmul_32ns_32ns_32_3_max_dsp_1_U164/din0_buf1_reg[14]                  | REGISTER.SDR.FDRE |
    | dataflow_in_loop_VITIS_LOOP_149_1_1_U0/conv_kernel_U0/grp_conv_kernel_Pipeline_VITIS_LOOP_101_1_fu_18054/ap_CS_fsm_reg[0]_replica                                              | REGISTER.SDR.FDSE |
    | dataflow_in_loop_VITIS_LOOP_149_1_1_U0/conv_kernel_U0/grp_conv_kernel_Pipeline_VITIS_LOOP_101_1_fu_18054/flow_control_loop_pipe_sequential_init_U/tmp_51_reg_24094[31]_i_9     | CLB.LUT.LUT4      |
    | dataflow_in_loop_VITIS_LOOP_149_1_1_U0/conv_kernel_U0/grp_conv_kernel_Pipeline_VITIS_LOOP_101_1_fu_18054/flow_control_loop_pipe_sequential_init_U/tmp_47_reg_24072[17]_i_11    | CLB.LUT.LUT6      |
    | dataflow_in_loop_VITIS_LOOP_149_1_1_U0/conv_kernel_U0/grp_conv_kernel_Pipeline_VITIS_LOOP_101_1_fu_18054/flow_control_loop_pipe_sequential_init_U/tmp_47_reg_24072_reg[17]_i_7 | CLB.MUXF.MUXF7    |
    | dataflow_in_loop_VITIS_LOOP_149_1_1_U0/conv_kernel_U0/grp_conv_kernel_Pipeline_VITIS_LOOP_101_1_fu_18054/flow_control_loop_pipe_sequential_init_U/tmp_47_reg_24072_reg[17]_i_2 | CLB.MUXF.MUXF8    |
    | dataflow_in_loop_VITIS_LOOP_149_1_1_U0/conv_kernel_U0/grp_conv_kernel_Pipeline_VITIS_LOOP_101_1_fu_18054/flow_control_loop_pipe_sequential_init_U/tmp_47_reg_24072[17]_i_1     | CLB.LUT.LUT6      |
    | dataflow_in_loop_VITIS_LOOP_149_1_1_U0/conv_kernel_U0/grp_conv_kernel_Pipeline_VITIS_LOOP_101_1_fu_18054/tmp_47_reg_24072_reg[17]                                              | REGISTER.SDR.FDRE |
    | dataflow_in_loop_VITIS_LOOP_149_1_1_U0/conv_kernel_U0/grp_conv_kernel_Pipeline_VITIS_LOOP_101_1_fu_18054/ap_CS_fsm_reg[0]_replica                                              | REGISTER.SDR.FDSE |
    | dataflow_in_loop_VITIS_LOOP_149_1_1_U0/conv_kernel_U0/grp_conv_kernel_Pipeline_VITIS_LOOP_101_1_fu_18054/flow_control_loop_pipe_sequential_init_U/tmp_51_reg_24094[31]_i_9     | CLB.LUT.LUT4      |
    | dataflow_in_loop_VITIS_LOOP_149_1_1_U0/conv_kernel_U0/grp_conv_kernel_Pipeline_VITIS_LOOP_101_1_fu_18054/flow_control_loop_pipe_sequential_init_U/tmp_51_reg_24094[14]_i_11    | CLB.LUT.LUT6      |
    | dataflow_in_loop_VITIS_LOOP_149_1_1_U0/conv_kernel_U0/grp_conv_kernel_Pipeline_VITIS_LOOP_101_1_fu_18054/flow_control_loop_pipe_sequential_init_U/tmp_51_reg_24094_reg[14]_i_7 | CLB.MUXF.MUXF7    |
    | dataflow_in_loop_VITIS_LOOP_149_1_1_U0/conv_kernel_U0/grp_conv_kernel_Pipeline_VITIS_LOOP_101_1_fu_18054/flow_control_loop_pipe_sequential_init_U/tmp_51_reg_24094_reg[14]_i_2 | CLB.MUXF.MUXF8    |
    | dataflow_in_loop_VITIS_LOOP_149_1_1_U0/conv_kernel_U0/grp_conv_kernel_Pipeline_VITIS_LOOP_101_1_fu_18054/flow_control_loop_pipe_sequential_init_U/tmp_51_reg_24094[14]_i_1     | CLB.LUT.LUT6      |
    | dataflow_in_loop_VITIS_LOOP_149_1_1_U0/conv_kernel_U0/grp_conv_kernel_Pipeline_VITIS_LOOP_101_1_fu_18054/tmp_51_reg_24094_reg[14]                                              | REGISTER.SDR.FDRE |
    | dataflow_in_loop_VITIS_LOOP_149_1_1_U0/conv_kernel_U0/grp_conv_kernel_Pipeline_VITIS_LOOP_101_1_fu_18054/ap_CS_fsm_reg[0]_replica                                              | REGISTER.SDR.FDSE |
    | dataflow_in_loop_VITIS_LOOP_149_1_1_U0/conv_kernel_U0/grp_conv_kernel_Pipeline_VITIS_LOOP_101_1_fu_18054/flow_control_loop_pipe_sequential_init_U/tmp_51_reg_24094[31]_i_9     | CLB.LUT.LUT4      |
    | dataflow_in_loop_VITIS_LOOP_149_1_1_U0/conv_kernel_U0/grp_conv_kernel_Pipeline_VITIS_LOOP_101_1_fu_18054/flow_control_loop_pipe_sequential_init_U/tmp_49_reg_24083[17]_i_11    | CLB.LUT.LUT6      |
    | dataflow_in_loop_VITIS_LOOP_149_1_1_U0/conv_kernel_U0/grp_conv_kernel_Pipeline_VITIS_LOOP_101_1_fu_18054/flow_control_loop_pipe_sequential_init_U/tmp_49_reg_24083_reg[17]_i_7 | CLB.MUXF.MUXF7    |
    | dataflow_in_loop_VITIS_LOOP_149_1_1_U0/conv_kernel_U0/grp_conv_kernel_Pipeline_VITIS_LOOP_101_1_fu_18054/flow_control_loop_pipe_sequential_init_U/tmp_49_reg_24083_reg[17]_i_2 | CLB.MUXF.MUXF8    |
    | dataflow_in_loop_VITIS_LOOP_149_1_1_U0/conv_kernel_U0/grp_conv_kernel_Pipeline_VITIS_LOOP_101_1_fu_18054/flow_control_loop_pipe_sequential_init_U/tmp_49_reg_24083[17]_i_1     | CLB.LUT.LUT6      |
    | dataflow_in_loop_VITIS_LOOP_149_1_1_U0/conv_kernel_U0/grp_conv_kernel_Pipeline_VITIS_LOOP_101_1_fu_18054/tmp_49_reg_24083_reg[17]                                              | REGISTER.SDR.FDRE |
    | dataflow_in_loop_VITIS_LOOP_149_1_1_U0/conv_kernel_U0/grp_conv_kernel_Pipeline_VITIS_LOOP_101_1_fu_18054/ap_CS_fsm_reg[0]_replica                                              | REGISTER.SDR.FDSE |
    | dataflow_in_loop_VITIS_LOOP_149_1_1_U0/conv_kernel_U0/grp_conv_kernel_Pipeline_VITIS_LOOP_101_1_fu_18054/flow_control_loop_pipe_sequential_init_U/tmp_25_reg_23951[31]_i_9     | CLB.LUT.LUT4      |
    | dataflow_in_loop_VITIS_LOOP_149_1_1_U0/conv_kernel_U0/grp_conv_kernel_Pipeline_VITIS_LOOP_101_1_fu_18054/flow_control_loop_pipe_sequential_init_U/tmp_19_reg_23918[14]_i_9     | CLB.LUT.LUT6      |
    | dataflow_in_loop_VITIS_LOOP_149_1_1_U0/conv_kernel_U0/grp_conv_kernel_Pipeline_VITIS_LOOP_101_1_fu_18054/flow_control_loop_pipe_sequential_init_U/tmp_19_reg_23918_reg[14]_i_6 | CLB.MUXF.MUXF7    |
    | dataflow_in_loop_VITIS_LOOP_149_1_1_U0/conv_kernel_U0/grp_conv_kernel_Pipeline_VITIS_LOOP_101_1_fu_18054/flow_control_loop_pipe_sequential_init_U/tmp_19_reg_23918_reg[14]_i_2 | CLB.MUXF.MUXF8    |
    | dataflow_in_loop_VITIS_LOOP_149_1_1_U0/conv_kernel_U0/grp_conv_kernel_Pipeline_VITIS_LOOP_101_1_fu_18054/flow_control_loop_pipe_sequential_init_U/tmp_19_reg_23918[14]_i_1     | CLB.LUT.LUT6      |
    | dataflow_in_loop_VITIS_LOOP_149_1_1_U0/conv_kernel_U0/grp_conv_kernel_Pipeline_VITIS_LOOP_101_1_fu_18054/tmp_19_reg_23918_reg[14]                                              | REGISTER.SDR.FDRE |
    +--------------------------------------------------------------------------------------------------------------------------------------------------------------------------------+-------------------+


================================================================
== Place & Route Vivado Reports
================================================================
+--------------------------+---------------------------------------------------------------------+
| Report Type              | Report Location                                                     |
+--------------------------+---------------------------------------------------------------------+
| design_analysis          | impl/verilog/report/reconstruct_design_analysis_routed.rpt          |
| failfast                 | impl/verilog/report/reconstruct_failfast_routed.rpt                 |
| power                    | impl/verilog/report/reconstruct_power_routed.rpt                    |
| status                   | impl/verilog/report/reconstruct_status_routed.rpt                   |
| timing                   | impl/verilog/report/reconstruct_timing_routed.rpt                   |
| timing_paths             | impl/verilog/report/reconstruct_timing_paths_routed.rpt             |
| utilization              | impl/verilog/report/reconstruct_utilization_routed.rpt              |
| utilization_hierarchical | impl/verilog/report/reconstruct_utilization_hierarchical_routed.rpt |
+--------------------------+---------------------------------------------------------------------+


