================================================================
== Vivado RTL Synthesis Results
================================================================
+ General Information:
    * Date:            Fri Jun 27 14:47:11 +0200 2025
    * Version:         2024.2 (Build 5238294 on Nov  8 2024)
    * Project:         reconstruct
    * Solution:        hls (Vivado IP Flow Target)
    * Product family:  zynquplusRFSOC
    * Target device:   xczu49dr-ffvf1760-2-e


================================================================
== Run Constraints & Options
================================================================
+ Design Constraints & Options:
    * RTL Synthesis target clock:  10 ns
    * C-Synthesis uncertainty:     27%

+ RTL Synthesis Options:
    * config_export -vivado_synth_strategy:     default
    * config_export -vivado_synth_design_args:  -directive sdx_optimization_effort_high

+ Reporting Options:
    * config_export -vivado_report_level:      2
    * config_export -vivado_max_timing_paths:  10


================================================================
== RTL Synthesis Resource Summary
================================================================
LUT:              59310
FF:               85402
DSP:              18
BRAM:             6
URAM:             0
SRL:              807


================================================================
== RTL Synthesis Timing Summary
================================================================
* Timing was met
+----------------+-------------+
| Timing         | Period (ns) |
+----------------+-------------+
| Target         | 10.000      |
| Post-Synthesis | 3.822       |
+----------------+-------------+


================================================================
== RTL Synthesis Resources
================================================================
+-------------------------------------------------------------------+-------+-------+-----+------+------+-----+--------+------+---------+----------+--------+
| Name                                                              | LUT   | FF    | DSP | BRAM | URAM | SRL | Pragma | Impl | Latency | Variable | Source |
+-------------------------------------------------------------------+-------+-------+-----+------+------+-----+--------+------+---------+----------+--------+
| inst                                                              | 59310 | 85402 | 18  | 6    |      |     |        |      |         |          |        |
|   (inst)                                                          | 6     | 65    |     |      |      |     |        |      |         |          |        |
|   ap_bound_U                                                      | 104   | 13    |     |      |      |     |        |      |         |          |        |
|     (ap_bound_U)                                                  | 7     | 13    |     |      |      |     |        |      |         |          |        |
|   atomLocations_m_axi_U                                           | 593   | 900   |     | 2    |      |     |        |      |         |          |        |
|   control_s_axi_U                                                 | 501   | 438   |     |      |      |     |        |      |         |          |        |
|   dataflow_in_loop_VITIS_LOOP_149_1_1_U0                          | 55378 | 80098 | 18  |      |      |     |        |      |         |          |        |
|     (dataflow_in_loop_VITIS_LOOP_149_1_1_U0)                      | 134   | 8     |     |      |      |     |        |      |         |          |        |
|     call_ret_U                                                    | 71    | 7     |     |      |      |     |        |      |         |          |        |
|     conv_kernel_U0                                                | 20457 | 64877 | 5   |      |      |     |        |      |         |          |        |
|       (conv_kernel_U0)                                            | 94    | 61559 |     |      |      |     |        |      |         |          |        |
|         fadd_32ns_32ns_32_4_full_dsp_1_U163                       | 1232  | 201   | 2   |      |      |     |        |      |         |          |        |
|         flow_control_loop_pipe_sequential_init_U                  | 18008 | 2     |     |      |      |     |        |      |         |          |        |
|         fmul_32ns_32ns_32_3_max_dsp_1_U164                        | 1049  | 97    | 3   |      |      |     |        |      |         |          |        |
|     curr_fullImage_10_122_U                                       | 510   | 199   |     |      |      |     |        |      |         |          |        |
|     curr_fullImage_10_U                                           | 510   | 199   |     |      |      |     |        |      |         |          |        |
|     curr_fullImage_11_123_U                                       | 510   | 199   |     |      |      |     |        |      |         |          |        |
|     curr_fullImage_11_U                                           | 510   | 199   |     |      |      |     |        |      |         |          |        |
|     curr_fullImage_12_124_U                                       | 510   | 199   |     |      |      |     |        |      |         |          |        |
|     curr_fullImage_12_U                                           | 510   | 199   |     |      |      |     |        |      |         |          |        |
|     curr_fullImage_13_125_U                                       | 510   | 199   |     |      |      |     |        |      |         |          |        |
|     curr_fullImage_13_U                                           | 510   | 199   |     |      |      |     |        |      |         |          |        |
|     curr_fullImage_14_126_U                                       | 510   | 199   |     |      |      |     |        |      |         |          |        |
|     curr_fullImage_14_U                                           | 510   | 199   |     |      |      |     |        |      |         |          |        |
|     curr_fullImage_15_U                                           | 510   | 199   |     |      |      |     |        |      |         |          |        |
|     curr_fullImage_16_U                                           | 510   | 199   |     |      |      |     |        |      |         |          |        |
|     curr_fullImage_1_113_U                                        | 510   | 199   |     |      |      |     |        |      |         |          |        |
|     curr_fullImage_1_U                                            | 510   | 199   |     |      |      |     |        |      |         |          |        |
|     curr_fullImage_2_114_U                                        | 510   | 199   |     |      |      |     |        |      |         |          |        |
|     curr_fullImage_2_U                                            | 510   | 199   |     |      |      |     |        |      |         |          |        |
|     curr_fullImage_3_115_U                                        | 510   | 199   |     |      |      |     |        |      |         |          |        |
|     curr_fullImage_3_U                                            | 510   | 199   |     |      |      |     |        |      |         |          |        |
|     curr_fullImage_4_116_U                                        | 510   | 199   |     |      |      |     |        |      |         |          |        |
|     curr_fullImage_4_U                                            | 510   | 199   |     |      |      |     |        |      |         |          |        |
|     curr_fullImage_5_117_U                                        | 510   | 199   |     |      |      |     |        |      |         |          |        |
|     curr_fullImage_5_U                                            | 510   | 199   |     |      |      |     |        |      |         |          |        |
|     curr_fullImage_6_118_U                                        | 510   | 199   |     |      |      |     |        |      |         |          |        |
|     curr_fullImage_6_U                                            | 510   | 199   |     |      |      |     |        |      |         |          |        |
|     curr_fullImage_7_119_U                                        | 510   | 199   |     |      |      |     |        |      |         |          |        |
|     curr_fullImage_7_U                                            | 510   | 199   |     |      |      |     |        |      |         |          |        |
|     curr_fullImage_8_120_U                                        | 510   | 199   |     |      |      |     |        |      |         |          |        |
|     curr_fullImage_8_U                                            | 510   | 199   |     |      |      |     |        |      |         |          |        |
|     curr_fullImage_9_121_U                                        | 510   | 199   |     |      |      |     |        |      |         |          |        |
|     curr_fullImage_9_U                                            | 510   | 199   |     |      |      |     |        |      |         |          |        |
|     curr_fullImage_U                                              | 510   | 199   |     |      |      |     |        |      |         |          |        |
|     curr_imageProjs_U                                             | 40    | 7     |     |      |      |     |        |      |         |          |        |
|     curr_localImage_10_108_U                                      | 508   | 199   |     |      |      |     |        |      |         |          |        |
|     curr_localImage_10_U                                          | 510   | 199   |     |      |      |     |        |      |         |          |        |
|     curr_localImage_11_109_U                                      | 510   | 199   |     |      |      |     |        |      |         |          |        |
|     curr_localImage_11_U                                          | 510   | 199   |     |      |      |     |        |      |         |          |        |
|     curr_localImage_12_110_U                                      | 510   | 199   |     |      |      |     |        |      |         |          |        |
|     curr_localImage_12_U                                          | 510   | 199   |     |      |      |     |        |      |         |          |        |
|     curr_localImage_13_111_U                                      | 510   | 199   |     |      |      |     |        |      |         |          |        |
|     curr_localImage_13_U                                          | 510   | 199   |     |      |      |     |        |      |         |          |        |
|     curr_localImage_14_112_U                                      | 510   | 199   |     |      |      |     |        |      |         |          |        |
|     curr_localImage_14_U                                          | 510   | 199   |     |      |      |     |        |      |         |          |        |
|     curr_localImage_15_U                                          | 510   | 199   |     |      |      |     |        |      |         |          |        |
|     curr_localImage_16_U                                          | 510   | 199   |     |      |      |     |        |      |         |          |        |
|     curr_localImage_1_99_U                                        | 508   | 199   |     |      |      |     |        |      |         |          |        |
|     curr_localImage_1_U                                           | 510   | 199   |     |      |      |     |        |      |         |          |        |
|     curr_localImage_2_100_U                                       | 508   | 199   |     |      |      |     |        |      |         |          |        |
|     curr_localImage_2_U                                           | 510   | 199   |     |      |      |     |        |      |         |          |        |
|     curr_localImage_3_101_U                                       | 508   | 199   |     |      |      |     |        |      |         |          |        |
|     curr_localImage_3_U                                           | 510   | 201   |     |      |      |     |        |      |         |          |        |
|     curr_localImage_4_102_U                                       | 508   | 199   |     |      |      |     |        |      |         |          |        |
|     curr_localImage_4_U                                           | 510   | 199   |     |      |      |     |        |      |         |          |        |
|     curr_localImage_5_103_U                                       | 508   | 199   |     |      |      |     |        |      |         |          |        |
|     curr_localImage_5_U                                           | 510   | 199   |     |      |      |     |        |      |         |          |        |
|     curr_localImage_6_104_U                                       | 508   | 199   |     |      |      |     |        |      |         |          |        |
|     curr_localImage_6_U                                           | 510   | 199   |     |      |      |     |        |      |         |          |        |
|     curr_localImage_7_105_U                                       | 508   | 199   |     |      |      |     |        |      |         |          |        |
|     curr_localImage_7_U                                           | 510   | 199   |     |      |      |     |        |      |         |          |        |
|     curr_localImage_8_106_U                                       | 508   | 199   |     |      |      |     |        |      |         |          |        |
|     curr_localImage_8_U                                           | 510   | 199   |     |      |      |     |        |      |         |          |        |
|     curr_localImage_9_107_U                                       | 508   | 199   |     |      |      |     |        |      |         |          |        |
|     curr_localImage_9_U                                           | 510   | 199   |     |      |      |     |        |      |         |          |        |
|     curr_localImage_U                                             | 511   | 199   |     |      |      |     |        |      |         |          |        |
|     dataflow_in_loop_VITIS_LOOP_149_1_1_Block_newFuncRoot_proc_U0 | 144   | 66    |     |      |      |     |        |      |         |          |        |
|     getLocalImages_single_U0                                      | 1708  | 1438  | 10  |      |      |     |        |      |         |          |        |
|       (getLocalImages_single_U0)                                  | 275   | 642   |     |      |      |     |        |      |         |          |        |
|       fmul_32ns_32ns_32_3_max_dsp_1_U5                            | 43    | 37    | 3   |      |      |     |        |      |         |          |        |
|       fmul_32ns_32ns_32_3_max_dsp_1_U6                            | 43    | 37    | 3   |      |      |     |        |      |         |          |        |
|       fsub_32ns_32ns_32_4_full_dsp_1_U3                           | 220   | 201   | 2   |      |      |     |        |      |         |          |        |
|       fsub_32ns_32ns_32_4_full_dsp_1_U4                           | 220   | 201   | 2   |      |      |     |        |      |         |          |        |
|       mask_table_U                                                | 82    | 46    |     |      |      |     |        |      |         |          |        |
|       one_half_table_U                                            | 505   | 48    |     |      |      |     |        |      |         |          |        |
|       sitofp_32ns_32_4_no_dsp_1_U7                                | 168   | 113   |     |      |      |     |        |      |         |          |        |
|       sitofp_32ns_32_4_no_dsp_1_U8                                | 152   | 113   |     |      |      |     |        |      |         |          |        |
|     localImages_U                                                 | 66    | 7     |     |      |      |     |        |      |         |          |        |
|     post_process_U0                                               | 896   | 762   | 3   |      |      |     |        |      |         |          |        |
|       (post_process_U0)                                           | 8     | 241   |     |      |      |     |        |      |         |          |        |
|       fdiv_32ns_32ns_32_9_no_dsp_1_U2216                          | 792   | 391   |     |      |      |     |        |      |         |          |        |
|       fmul_32ns_32ns_32_3_max_dsp_1_U2215                         | 96    | 130   | 3   |      |      |     |        |      |         |          |        |
|     projSumUsed_U                                                 | 25    | 70    |     |      |      |     |        |      |         |          |        |
|     sum_U                                                         | 23    | 70    |     |      |      |     |        |      |         |          |        |
|   emissions_m_axi_U                                               | 780   | 1072  |     | 1    |      |     |        |      |         |          |        |
|   fullImage_m_axi_U                                               | 569   | 850   |     | 1    |      |     |        |      |         |          |        |
|   imageProjs_local_m_axi_U                                        | 561   | 850   |     | 1    |      |     |        |      |         |          |        |
|   imageProjs_m_axi_U                                              | 569   | 850   |     | 1    |      |     |        |      |         |          |        |
|   scalar_data_s_axi_U                                             | 249   | 266   |     |      |      |     |        |      |         |          |        |
+-------------------------------------------------------------------+-------+-------+-----+------+------+-----+--------+------+---------+----------+--------+


================================================================
== RTL Synthesis Fail Fast
================================================================
+-----------------------------------------------------------+-----------+--------+--------+
| Criteria                                                  | Guideline | Actual | Status |
+-----------------------------------------------------------+-----------+--------+--------+
| LUT                                                       | 70%       | 13.95% | OK     |
| FD                                                        | 50%       | 10.04% | OK     |
| LUTRAM+SRL                                                | 25%       | 7.81%  | OK     |
| CARRY8                                                    | 25%       | 0.77%  | OK     |
| MUXF7                                                     | 15%       | 1.88%  | OK     |
| DSP                                                       | 80%       | 0.42%  | OK     |
| RAMB/FIFO                                                 | 80%       | 0.28%  | OK     |
| URAM                                                      | 80%       | 0.00%  | OK     |
| DSP+RAMB+URAM (Avg)                                       | 70%       | 0.35%  | OK     |
| BUFGCE* + BUFGCTRL                                        | 24        | 0      | OK     |
| DONT_TOUCH (cells/nets)                                   | 0         | 0      | OK     |
| MARK_DEBUG (nets)                                         | 0         | 0      | OK     |
| Control Sets                                              | 7974      | 825    | OK     |
| Average Fanout for modules > 100k cells                   | 4         | 3.11   | OK     |
| Max Average Fanout for modules > 100k cells               | 4         | 3.15   | OK     |
| Non-FD high fanout nets > 10k loads                       | 0         | 0      | OK     |
+-----------------------------------------------------------+-----------+--------+--------+
| TIMING-6 (No common primary clock between related clocks) | 0         | 0      | OK     |
| TIMING-7 (No common node between related clocks)          | 0         | 0      | OK     |
| TIMING-8 (No common period between related clocks)        | 0         | 0      | OK     |
| TIMING-14 (LUT on the clock tree)                         | 0         | 0      | OK     |
| TIMING-35 (No common node in paths with the same clock)   | 0         | 0      | OK     |
+-----------------------------------------------------------+-----------+--------+--------+
| Number of paths above max LUT budgeting (0.300ns)         | 0         | 0      | OK     |
| Number of paths above max Net budgeting (0.208ns)         | 0         | 0      | OK     |
+-----------------------------------------------------------+-----------+--------+--------+


================================================================
== RTL Synthesis Timing Paths
================================================================
* Timing was met
+-------+-------+-----------------------------------------------------------------------------------------------------------------------+-----------------------------------------------------------------+--------------+------------+----------------+----------------+--------------+
| Path  | SLACK | STARTPOINT PIN                                                                                                        | ENDPOINT PIN                                                    | LOGIC LEVELS | MAX FANOUT | DATAPATH DELAY | DATAPATH LOGIC | DATAPATH NET |
|       |       |                                                                                                                       |                                                                 |              |            |                |          DELAY |        DELAY |
+-------+-------+-----------------------------------------------------------------------------------------------------------------------+-----------------------------------------------------------------+--------------+------------+----------------+----------------+--------------+
| Path1 | 6.178 | dataflow_in_loop_VITIS_LOOP_149_1_1_U0/getLocalImages_single_U0/fsub_32ns_32ns_32_4_full_dsp_1_U3/din1_buf1_reg[15]/C | i_synth/MULT.OP/i_non_prim.OP/RESULT_REG.NORMAL.exp_op_reg[0]/D |           12 |          8 |          3.804 |          3.100 |        0.704 |
| Path2 | 6.178 | dataflow_in_loop_VITIS_LOOP_149_1_1_U0/getLocalImages_single_U0/fsub_32ns_32ns_32_4_full_dsp_1_U3/din1_buf1_reg[15]/C | i_synth/MULT.OP/i_non_prim.OP/RESULT_REG.NORMAL.exp_op_reg[1]/D |           12 |          8 |          3.804 |          3.100 |        0.704 |
| Path3 | 6.178 | dataflow_in_loop_VITIS_LOOP_149_1_1_U0/getLocalImages_single_U0/fsub_32ns_32ns_32_4_full_dsp_1_U3/din1_buf1_reg[15]/C | i_synth/MULT.OP/i_non_prim.OP/RESULT_REG.NORMAL.exp_op_reg[2]/D |           12 |          8 |          3.804 |          3.100 |        0.704 |
| Path4 | 6.178 | dataflow_in_loop_VITIS_LOOP_149_1_1_U0/getLocalImages_single_U0/fsub_32ns_32ns_32_4_full_dsp_1_U3/din1_buf1_reg[15]/C | i_synth/MULT.OP/i_non_prim.OP/RESULT_REG.NORMAL.exp_op_reg[3]/D |           12 |          8 |          3.804 |          3.100 |        0.704 |
| Path5 | 6.178 | dataflow_in_loop_VITIS_LOOP_149_1_1_U0/getLocalImages_single_U0/fsub_32ns_32ns_32_4_full_dsp_1_U3/din1_buf1_reg[15]/C | i_synth/MULT.OP/i_non_prim.OP/RESULT_REG.NORMAL.exp_op_reg[4]/D |           12 |          8 |          3.804 |          3.100 |        0.704 |
+-------+-------+-----------------------------------------------------------------------------------------------------------------------+-----------------------------------------------------------------+--------------+------------+----------------+----------------+--------------+

    +---------------------------------------------------------------------------------------------------------------------------------------+------------------------+
    | Path1 Cells                                                                                                                           | Primitive Type         |
    +---------------------------------------------------------------------------------------------------------------------------------------+------------------------+
    | dataflow_in_loop_VITIS_LOOP_149_1_1_U0/getLocalImages_single_U0/fsub_32ns_32ns_32_4_full_dsp_1_U3/din1_buf1_reg[15]                   | REGISTER.SDR.FDRE      |
    | i_synth/MULT.OP/i_non_prim.MULT/DSP48E1_SPD_SGL_VARIANT.FIX_MULT/DSP1/i_no_versal_es1_workaround.DSP/DSP_A_B_DATA_INST                | ARITHMETIC.DSP.DSP48E2 |
    | i_synth/MULT.OP/i_non_prim.MULT/DSP48E1_SPD_SGL_VARIANT.FIX_MULT/DSP1/i_no_versal_es1_workaround.DSP/DSP_PREADD_DATA_INST             | ARITHMETIC.DSP.DSP48E2 |
    | i_synth/MULT.OP/i_non_prim.MULT/DSP48E1_SPD_SGL_VARIANT.FIX_MULT/DSP1/i_no_versal_es1_workaround.DSP/DSP_MULTIPLIER_INST              | ARITHMETIC.DSP.DSP48E2 |
    | i_synth/MULT.OP/i_non_prim.MULT/DSP48E1_SPD_SGL_VARIANT.FIX_MULT/DSP1/i_no_versal_es1_workaround.DSP/DSP_M_DATA_INST                  | ARITHMETIC.DSP.DSP48E2 |
    | i_synth/MULT.OP/i_non_prim.MULT/DSP48E1_SPD_SGL_VARIANT.FIX_MULT/DSP1/i_no_versal_es1_workaround.DSP/DSP_ALU_INST                     | ARITHMETIC.DSP.DSP48E2 |
    | i_synth/MULT.OP/i_non_prim.MULT/DSP48E1_SPD_SGL_VARIANT.FIX_MULT/DSP1/i_no_versal_es1_workaround.DSP/DSP_OUTPUT_INST                  | ARITHMETIC.DSP.DSP48E2 |
    | i_synth/MULT.OP/i_non_prim.MULT/DSP48E1_SPD_SGL_VARIANT.FIX_MULT/DSP2/i_no_versal_es1_workaround.DSP/DSP_ALU_INST                     | ARITHMETIC.DSP.DSP48E2 |
    | i_synth/MULT.OP/i_non_prim.MULT/DSP48E1_SPD_SGL_VARIANT.FIX_MULT/DSP2/i_no_versal_es1_workaround.DSP/DSP_OUTPUT_INST                  | ARITHMETIC.DSP.DSP48E2 |
    | i_synth/MULT.OP/i_non_prim.R_AND_R/LAT_OPT.FULL.R_AND_R/DSP48E1_SGL_EXP_IP.OLD_ADD.ADD/i_no_versal_es1_workaround.DSP/DSP_ALU_INST    | ARITHMETIC.DSP.DSP48E2 |
    | i_synth/MULT.OP/i_non_prim.R_AND_R/LAT_OPT.FULL.R_AND_R/DSP48E1_SGL_EXP_IP.OLD_ADD.ADD/i_no_versal_es1_workaround.DSP/DSP_OUTPUT_INST | ARITHMETIC.DSP.DSP48E2 |
    | i_synth/MULT.OP/i_non_prim.MULT/DSP48E1_SPD_SGL_VARIANT.FIX_MULT/DSP2/RESULT_REG.NORMAL.exp_op[4]_i_3                                 | CLB.LUT.LUT4           |
    | i_synth/MULT.OP/i_non_prim.EXP/EXP_ADD.C_CHAIN/RESULT_REG.NORMAL.exp_op[0]_i_1                                                        | CLB.LUT.LUT5           |
    | i_synth/MULT.OP/i_non_prim.OP/RESULT_REG.NORMAL.exp_op_reg[0]                                                                         | REGISTER.SDR.FDRE      |
    | dataflow_in_loop_VITIS_LOOP_149_1_1_U0/getLocalImages_single_U0/fsub_32ns_32ns_32_4_full_dsp_1_U3/din1_buf1_reg[15]                   | REGISTER.SDR.FDRE      |
    | i_synth/MULT.OP/i_non_prim.MULT/DSP48E1_SPD_SGL_VARIANT.FIX_MULT/DSP1/i_no_versal_es1_workaround.DSP/DSP_A_B_DATA_INST                | ARITHMETIC.DSP.DSP48E2 |
    | i_synth/MULT.OP/i_non_prim.MULT/DSP48E1_SPD_SGL_VARIANT.FIX_MULT/DSP1/i_no_versal_es1_workaround.DSP/DSP_PREADD_DATA_INST             | ARITHMETIC.DSP.DSP48E2 |
    | i_synth/MULT.OP/i_non_prim.MULT/DSP48E1_SPD_SGL_VARIANT.FIX_MULT/DSP1/i_no_versal_es1_workaround.DSP/DSP_MULTIPLIER_INST              | ARITHMETIC.DSP.DSP48E2 |
    | i_synth/MULT.OP/i_non_prim.MULT/DSP48E1_SPD_SGL_VARIANT.FIX_MULT/DSP1/i_no_versal_es1_workaround.DSP/DSP_M_DATA_INST                  | ARITHMETIC.DSP.DSP48E2 |
    | i_synth/MULT.OP/i_non_prim.MULT/DSP48E1_SPD_SGL_VARIANT.FIX_MULT/DSP1/i_no_versal_es1_workaround.DSP/DSP_ALU_INST                     | ARITHMETIC.DSP.DSP48E2 |
    | i_synth/MULT.OP/i_non_prim.MULT/DSP48E1_SPD_SGL_VARIANT.FIX_MULT/DSP1/i_no_versal_es1_workaround.DSP/DSP_OUTPUT_INST                  | ARITHMETIC.DSP.DSP48E2 |
    | i_synth/MULT.OP/i_non_prim.MULT/DSP48E1_SPD_SGL_VARIANT.FIX_MULT/DSP2/i_no_versal_es1_workaround.DSP/DSP_ALU_INST                     | ARITHMETIC.DSP.DSP48E2 |
    | i_synth/MULT.OP/i_non_prim.MULT/DSP48E1_SPD_SGL_VARIANT.FIX_MULT/DSP2/i_no_versal_es1_workaround.DSP/DSP_OUTPUT_INST                  | ARITHMETIC.DSP.DSP48E2 |
    | i_synth/MULT.OP/i_non_prim.R_AND_R/LAT_OPT.FULL.R_AND_R/DSP48E1_SGL_EXP_IP.OLD_ADD.ADD/i_no_versal_es1_workaround.DSP/DSP_ALU_INST    | ARITHMETIC.DSP.DSP48E2 |
    | i_synth/MULT.OP/i_non_prim.R_AND_R/LAT_OPT.FULL.R_AND_R/DSP48E1_SGL_EXP_IP.OLD_ADD.ADD/i_no_versal_es1_workaround.DSP/DSP_OUTPUT_INST | ARITHMETIC.DSP.DSP48E2 |
    | i_synth/MULT.OP/i_non_prim.MULT/DSP48E1_SPD_SGL_VARIANT.FIX_MULT/DSP2/RESULT_REG.NORMAL.exp_op[4]_i_3                                 | CLB.LUT.LUT4           |
    | i_synth/MULT.OP/i_non_prim.EXP/EXP_ADD.C_CHAIN/RESULT_REG.NORMAL.exp_op[1]_i_1                                                        | CLB.LUT.LUT5           |
    | i_synth/MULT.OP/i_non_prim.OP/RESULT_REG.NORMAL.exp_op_reg[1]                                                                         | REGISTER.SDR.FDRE      |
    | dataflow_in_loop_VITIS_LOOP_149_1_1_U0/getLocalImages_single_U0/fsub_32ns_32ns_32_4_full_dsp_1_U3/din1_buf1_reg[15]                   | REGISTER.SDR.FDRE      |
    | i_synth/MULT.OP/i_non_prim.MULT/DSP48E1_SPD_SGL_VARIANT.FIX_MULT/DSP1/i_no_versal_es1_workaround.DSP/DSP_A_B_DATA_INST                | ARITHMETIC.DSP.DSP48E2 |
    | i_synth/MULT.OP/i_non_prim.MULT/DSP48E1_SPD_SGL_VARIANT.FIX_MULT/DSP1/i_no_versal_es1_workaround.DSP/DSP_PREADD_DATA_INST             | ARITHMETIC.DSP.DSP48E2 |
    | i_synth/MULT.OP/i_non_prim.MULT/DSP48E1_SPD_SGL_VARIANT.FIX_MULT/DSP1/i_no_versal_es1_workaround.DSP/DSP_MULTIPLIER_INST              | ARITHMETIC.DSP.DSP48E2 |
    | i_synth/MULT.OP/i_non_prim.MULT/DSP48E1_SPD_SGL_VARIANT.FIX_MULT/DSP1/i_no_versal_es1_workaround.DSP/DSP_M_DATA_INST                  | ARITHMETIC.DSP.DSP48E2 |
    | i_synth/MULT.OP/i_non_prim.MULT/DSP48E1_SPD_SGL_VARIANT.FIX_MULT/DSP1/i_no_versal_es1_workaround.DSP/DSP_ALU_INST                     | ARITHMETIC.DSP.DSP48E2 |
    | i_synth/MULT.OP/i_non_prim.MULT/DSP48E1_SPD_SGL_VARIANT.FIX_MULT/DSP1/i_no_versal_es1_workaround.DSP/DSP_OUTPUT_INST                  | ARITHMETIC.DSP.DSP48E2 |
    | i_synth/MULT.OP/i_non_prim.MULT/DSP48E1_SPD_SGL_VARIANT.FIX_MULT/DSP2/i_no_versal_es1_workaround.DSP/DSP_ALU_INST                     | ARITHMETIC.DSP.DSP48E2 |
    | i_synth/MULT.OP/i_non_prim.MULT/DSP48E1_SPD_SGL_VARIANT.FIX_MULT/DSP2/i_no_versal_es1_workaround.DSP/DSP_OUTPUT_INST                  | ARITHMETIC.DSP.DSP48E2 |
    | i_synth/MULT.OP/i_non_prim.R_AND_R/LAT_OPT.FULL.R_AND_R/DSP48E1_SGL_EXP_IP.OLD_ADD.ADD/i_no_versal_es1_workaround.DSP/DSP_ALU_INST    | ARITHMETIC.DSP.DSP48E2 |
    | i_synth/MULT.OP/i_non_prim.R_AND_R/LAT_OPT.FULL.R_AND_R/DSP48E1_SGL_EXP_IP.OLD_ADD.ADD/i_no_versal_es1_workaround.DSP/DSP_OUTPUT_INST | ARITHMETIC.DSP.DSP48E2 |
    | i_synth/MULT.OP/i_non_prim.MULT/DSP48E1_SPD_SGL_VARIANT.FIX_MULT/DSP2/RESULT_REG.NORMAL.exp_op[4]_i_3                                 | CLB.LUT.LUT4           |
    | i_synth/MULT.OP/i_non_prim.EXP/EXP_ADD.C_CHAIN/RESULT_REG.NORMAL.exp_op[2]_i_1                                                        | CLB.LUT.LUT5           |
    | i_synth/MULT.OP/i_non_prim.OP/RESULT_REG.NORMAL.exp_op_reg[2]                                                                         | REGISTER.SDR.FDRE      |
    | dataflow_in_loop_VITIS_LOOP_149_1_1_U0/getLocalImages_single_U0/fsub_32ns_32ns_32_4_full_dsp_1_U3/din1_buf1_reg[15]                   | REGISTER.SDR.FDRE      |
    | i_synth/MULT.OP/i_non_prim.MULT/DSP48E1_SPD_SGL_VARIANT.FIX_MULT/DSP1/i_no_versal_es1_workaround.DSP/DSP_A_B_DATA_INST                | ARITHMETIC.DSP.DSP48E2 |
    | i_synth/MULT.OP/i_non_prim.MULT/DSP48E1_SPD_SGL_VARIANT.FIX_MULT/DSP1/i_no_versal_es1_workaround.DSP/DSP_PREADD_DATA_INST             | ARITHMETIC.DSP.DSP48E2 |
    | i_synth/MULT.OP/i_non_prim.MULT/DSP48E1_SPD_SGL_VARIANT.FIX_MULT/DSP1/i_no_versal_es1_workaround.DSP/DSP_MULTIPLIER_INST              | ARITHMETIC.DSP.DSP48E2 |
    | i_synth/MULT.OP/i_non_prim.MULT/DSP48E1_SPD_SGL_VARIANT.FIX_MULT/DSP1/i_no_versal_es1_workaround.DSP/DSP_M_DATA_INST                  | ARITHMETIC.DSP.DSP48E2 |
    | i_synth/MULT.OP/i_non_prim.MULT/DSP48E1_SPD_SGL_VARIANT.FIX_MULT/DSP1/i_no_versal_es1_workaround.DSP/DSP_ALU_INST                     | ARITHMETIC.DSP.DSP48E2 |
    | i_synth/MULT.OP/i_non_prim.MULT/DSP48E1_SPD_SGL_VARIANT.FIX_MULT/DSP1/i_no_versal_es1_workaround.DSP/DSP_OUTPUT_INST                  | ARITHMETIC.DSP.DSP48E2 |
    | i_synth/MULT.OP/i_non_prim.MULT/DSP48E1_SPD_SGL_VARIANT.FIX_MULT/DSP2/i_no_versal_es1_workaround.DSP/DSP_ALU_INST                     | ARITHMETIC.DSP.DSP48E2 |
    | i_synth/MULT.OP/i_non_prim.MULT/DSP48E1_SPD_SGL_VARIANT.FIX_MULT/DSP2/i_no_versal_es1_workaround.DSP/DSP_OUTPUT_INST                  | ARITHMETIC.DSP.DSP48E2 |
    | i_synth/MULT.OP/i_non_prim.R_AND_R/LAT_OPT.FULL.R_AND_R/DSP48E1_SGL_EXP_IP.OLD_ADD.ADD/i_no_versal_es1_workaround.DSP/DSP_ALU_INST    | ARITHMETIC.DSP.DSP48E2 |
    | i_synth/MULT.OP/i_non_prim.R_AND_R/LAT_OPT.FULL.R_AND_R/DSP48E1_SGL_EXP_IP.OLD_ADD.ADD/i_no_versal_es1_workaround.DSP/DSP_OUTPUT_INST | ARITHMETIC.DSP.DSP48E2 |
    | i_synth/MULT.OP/i_non_prim.MULT/DSP48E1_SPD_SGL_VARIANT.FIX_MULT/DSP2/RESULT_REG.NORMAL.exp_op[4]_i_3                                 | CLB.LUT.LUT4           |
    | i_synth/MULT.OP/i_non_prim.EXP/EXP_ADD.C_CHAIN/RESULT_REG.NORMAL.exp_op[3]_i_1                                                        | CLB.LUT.LUT5           |
    | i_synth/MULT.OP/i_non_prim.OP/RESULT_REG.NORMAL.exp_op_reg[3]                                                                         | REGISTER.SDR.FDRE      |
    | dataflow_in_loop_VITIS_LOOP_149_1_1_U0/getLocalImages_single_U0/fsub_32ns_32ns_32_4_full_dsp_1_U3/din1_buf1_reg[15]                   | REGISTER.SDR.FDRE      |
    | i_synth/MULT.OP/i_non_prim.MULT/DSP48E1_SPD_SGL_VARIANT.FIX_MULT/DSP1/i_no_versal_es1_workaround.DSP/DSP_A_B_DATA_INST                | ARITHMETIC.DSP.DSP48E2 |
    | i_synth/MULT.OP/i_non_prim.MULT/DSP48E1_SPD_SGL_VARIANT.FIX_MULT/DSP1/i_no_versal_es1_workaround.DSP/DSP_PREADD_DATA_INST             | ARITHMETIC.DSP.DSP48E2 |
    | i_synth/MULT.OP/i_non_prim.MULT/DSP48E1_SPD_SGL_VARIANT.FIX_MULT/DSP1/i_no_versal_es1_workaround.DSP/DSP_MULTIPLIER_INST              | ARITHMETIC.DSP.DSP48E2 |
    | i_synth/MULT.OP/i_non_prim.MULT/DSP48E1_SPD_SGL_VARIANT.FIX_MULT/DSP1/i_no_versal_es1_workaround.DSP/DSP_M_DATA_INST                  | ARITHMETIC.DSP.DSP48E2 |
    | i_synth/MULT.OP/i_non_prim.MULT/DSP48E1_SPD_SGL_VARIANT.FIX_MULT/DSP1/i_no_versal_es1_workaround.DSP/DSP_ALU_INST                     | ARITHMETIC.DSP.DSP48E2 |
    | i_synth/MULT.OP/i_non_prim.MULT/DSP48E1_SPD_SGL_VARIANT.FIX_MULT/DSP1/i_no_versal_es1_workaround.DSP/DSP_OUTPUT_INST                  | ARITHMETIC.DSP.DSP48E2 |
    | i_synth/MULT.OP/i_non_prim.MULT/DSP48E1_SPD_SGL_VARIANT.FIX_MULT/DSP2/i_no_versal_es1_workaround.DSP/DSP_ALU_INST                     | ARITHMETIC.DSP.DSP48E2 |
    | i_synth/MULT.OP/i_non_prim.MULT/DSP48E1_SPD_SGL_VARIANT.FIX_MULT/DSP2/i_no_versal_es1_workaround.DSP/DSP_OUTPUT_INST                  | ARITHMETIC.DSP.DSP48E2 |
    | i_synth/MULT.OP/i_non_prim.R_AND_R/LAT_OPT.FULL.R_AND_R/DSP48E1_SGL_EXP_IP.OLD_ADD.ADD/i_no_versal_es1_workaround.DSP/DSP_ALU_INST    | ARITHMETIC.DSP.DSP48E2 |
    | i_synth/MULT.OP/i_non_prim.R_AND_R/LAT_OPT.FULL.R_AND_R/DSP48E1_SGL_EXP_IP.OLD_ADD.ADD/i_no_versal_es1_workaround.DSP/DSP_OUTPUT_INST | ARITHMETIC.DSP.DSP48E2 |
    | i_synth/MULT.OP/i_non_prim.MULT/DSP48E1_SPD_SGL_VARIANT.FIX_MULT/DSP2/RESULT_REG.NORMAL.exp_op[4]_i_3                                 | CLB.LUT.LUT4           |
    | i_synth/MULT.OP/i_non_prim.EXP/EXP_ADD.C_CHAIN/RESULT_REG.NORMAL.exp_op[4]_i_1                                                        | CLB.LUT.LUT5           |
    | i_synth/MULT.OP/i_non_prim.OP/RESULT_REG.NORMAL.exp_op_reg[4]                                                                         | REGISTER.SDR.FDRE      |
    +---------------------------------------------------------------------------------------------------------------------------------------+------------------------+

    +---------------------------------------------------------------------------------------------------------------------------------------+------------------------+
    | Path2 Cells                                                                                                                           | Primitive Type         |
    +---------------------------------------------------------------------------------------------------------------------------------------+------------------------+
    | dataflow_in_loop_VITIS_LOOP_149_1_1_U0/getLocalImages_single_U0/fsub_32ns_32ns_32_4_full_dsp_1_U3/din1_buf1_reg[15]                   | REGISTER.SDR.FDRE      |
    | i_synth/MULT.OP/i_non_prim.MULT/DSP48E1_SPD_SGL_VARIANT.FIX_MULT/DSP1/i_no_versal_es1_workaround.DSP/DSP_A_B_DATA_INST                | ARITHMETIC.DSP.DSP48E2 |
    | i_synth/MULT.OP/i_non_prim.MULT/DSP48E1_SPD_SGL_VARIANT.FIX_MULT/DSP1/i_no_versal_es1_workaround.DSP/DSP_PREADD_DATA_INST             | ARITHMETIC.DSP.DSP48E2 |
    | i_synth/MULT.OP/i_non_prim.MULT/DSP48E1_SPD_SGL_VARIANT.FIX_MULT/DSP1/i_no_versal_es1_workaround.DSP/DSP_MULTIPLIER_INST              | ARITHMETIC.DSP.DSP48E2 |
    | i_synth/MULT.OP/i_non_prim.MULT/DSP48E1_SPD_SGL_VARIANT.FIX_MULT/DSP1/i_no_versal_es1_workaround.DSP/DSP_M_DATA_INST                  | ARITHMETIC.DSP.DSP48E2 |
    | i_synth/MULT.OP/i_non_prim.MULT/DSP48E1_SPD_SGL_VARIANT.FIX_MULT/DSP1/i_no_versal_es1_workaround.DSP/DSP_ALU_INST                     | ARITHMETIC.DSP.DSP48E2 |
    | i_synth/MULT.OP/i_non_prim.MULT/DSP48E1_SPD_SGL_VARIANT.FIX_MULT/DSP1/i_no_versal_es1_workaround.DSP/DSP_OUTPUT_INST                  | ARITHMETIC.DSP.DSP48E2 |
    | i_synth/MULT.OP/i_non_prim.MULT/DSP48E1_SPD_SGL_VARIANT.FIX_MULT/DSP2/i_no_versal_es1_workaround.DSP/DSP_ALU_INST                     | ARITHMETIC.DSP.DSP48E2 |
    | i_synth/MULT.OP/i_non_prim.MULT/DSP48E1_SPD_SGL_VARIANT.FIX_MULT/DSP2/i_no_versal_es1_workaround.DSP/DSP_OUTPUT_INST                  | ARITHMETIC.DSP.DSP48E2 |
    | i_synth/MULT.OP/i_non_prim.R_AND_R/LAT_OPT.FULL.R_AND_R/DSP48E1_SGL_EXP_IP.OLD_ADD.ADD/i_no_versal_es1_workaround.DSP/DSP_ALU_INST    | ARITHMETIC.DSP.DSP48E2 |
    | i_synth/MULT.OP/i_non_prim.R_AND_R/LAT_OPT.FULL.R_AND_R/DSP48E1_SGL_EXP_IP.OLD_ADD.ADD/i_no_versal_es1_workaround.DSP/DSP_OUTPUT_INST | ARITHMETIC.DSP.DSP48E2 |
    | i_synth/MULT.OP/i_non_prim.MULT/DSP48E1_SPD_SGL_VARIANT.FIX_MULT/DSP2/RESULT_REG.NORMAL.exp_op[4]_i_3                                 | CLB.LUT.LUT4           |
    | i_synth/MULT.OP/i_non_prim.EXP/EXP_ADD.C_CHAIN/RESULT_REG.NORMAL.exp_op[0]_i_1                                                        | CLB.LUT.LUT5           |
    | i_synth/MULT.OP/i_non_prim.OP/RESULT_REG.NORMAL.exp_op_reg[0]                                                                         | REGISTER.SDR.FDRE      |
    | dataflow_in_loop_VITIS_LOOP_149_1_1_U0/getLocalImages_single_U0/fsub_32ns_32ns_32_4_full_dsp_1_U3/din1_buf1_reg[15]                   | REGISTER.SDR.FDRE      |
    | i_synth/MULT.OP/i_non_prim.MULT/DSP48E1_SPD_SGL_VARIANT.FIX_MULT/DSP1/i_no_versal_es1_workaround.DSP/DSP_A_B_DATA_INST                | ARITHMETIC.DSP.DSP48E2 |
    | i_synth/MULT.OP/i_non_prim.MULT/DSP48E1_SPD_SGL_VARIANT.FIX_MULT/DSP1/i_no_versal_es1_workaround.DSP/DSP_PREADD_DATA_INST             | ARITHMETIC.DSP.DSP48E2 |
    | i_synth/MULT.OP/i_non_prim.MULT/DSP48E1_SPD_SGL_VARIANT.FIX_MULT/DSP1/i_no_versal_es1_workaround.DSP/DSP_MULTIPLIER_INST              | ARITHMETIC.DSP.DSP48E2 |
    | i_synth/MULT.OP/i_non_prim.MULT/DSP48E1_SPD_SGL_VARIANT.FIX_MULT/DSP1/i_no_versal_es1_workaround.DSP/DSP_M_DATA_INST                  | ARITHMETIC.DSP.DSP48E2 |
    | i_synth/MULT.OP/i_non_prim.MULT/DSP48E1_SPD_SGL_VARIANT.FIX_MULT/DSP1/i_no_versal_es1_workaround.DSP/DSP_ALU_INST                     | ARITHMETIC.DSP.DSP48E2 |
    | i_synth/MULT.OP/i_non_prim.MULT/DSP48E1_SPD_SGL_VARIANT.FIX_MULT/DSP1/i_no_versal_es1_workaround.DSP/DSP_OUTPUT_INST                  | ARITHMETIC.DSP.DSP48E2 |
    | i_synth/MULT.OP/i_non_prim.MULT/DSP48E1_SPD_SGL_VARIANT.FIX_MULT/DSP2/i_no_versal_es1_workaround.DSP/DSP_ALU_INST                     | ARITHMETIC.DSP.DSP48E2 |
    | i_synth/MULT.OP/i_non_prim.MULT/DSP48E1_SPD_SGL_VARIANT.FIX_MULT/DSP2/i_no_versal_es1_workaround.DSP/DSP_OUTPUT_INST                  | ARITHMETIC.DSP.DSP48E2 |
    | i_synth/MULT.OP/i_non_prim.R_AND_R/LAT_OPT.FULL.R_AND_R/DSP48E1_SGL_EXP_IP.OLD_ADD.ADD/i_no_versal_es1_workaround.DSP/DSP_ALU_INST    | ARITHMETIC.DSP.DSP48E2 |
    | i_synth/MULT.OP/i_non_prim.R_AND_R/LAT_OPT.FULL.R_AND_R/DSP48E1_SGL_EXP_IP.OLD_ADD.ADD/i_no_versal_es1_workaround.DSP/DSP_OUTPUT_INST | ARITHMETIC.DSP.DSP48E2 |
    | i_synth/MULT.OP/i_non_prim.MULT/DSP48E1_SPD_SGL_VARIANT.FIX_MULT/DSP2/RESULT_REG.NORMAL.exp_op[4]_i_3                                 | CLB.LUT.LUT4           |
    | i_synth/MULT.OP/i_non_prim.EXP/EXP_ADD.C_CHAIN/RESULT_REG.NORMAL.exp_op[1]_i_1                                                        | CLB.LUT.LUT5           |
    | i_synth/MULT.OP/i_non_prim.OP/RESULT_REG.NORMAL.exp_op_reg[1]                                                                         | REGISTER.SDR.FDRE      |
    | dataflow_in_loop_VITIS_LOOP_149_1_1_U0/getLocalImages_single_U0/fsub_32ns_32ns_32_4_full_dsp_1_U3/din1_buf1_reg[15]                   | REGISTER.SDR.FDRE      |
    | i_synth/MULT.OP/i_non_prim.MULT/DSP48E1_SPD_SGL_VARIANT.FIX_MULT/DSP1/i_no_versal_es1_workaround.DSP/DSP_A_B_DATA_INST                | ARITHMETIC.DSP.DSP48E2 |
    | i_synth/MULT.OP/i_non_prim.MULT/DSP48E1_SPD_SGL_VARIANT.FIX_MULT/DSP1/i_no_versal_es1_workaround.DSP/DSP_PREADD_DATA_INST             | ARITHMETIC.DSP.DSP48E2 |
    | i_synth/MULT.OP/i_non_prim.MULT/DSP48E1_SPD_SGL_VARIANT.FIX_MULT/DSP1/i_no_versal_es1_workaround.DSP/DSP_MULTIPLIER_INST              | ARITHMETIC.DSP.DSP48E2 |
    | i_synth/MULT.OP/i_non_prim.MULT/DSP48E1_SPD_SGL_VARIANT.FIX_MULT/DSP1/i_no_versal_es1_workaround.DSP/DSP_M_DATA_INST                  | ARITHMETIC.DSP.DSP48E2 |
    | i_synth/MULT.OP/i_non_prim.MULT/DSP48E1_SPD_SGL_VARIANT.FIX_MULT/DSP1/i_no_versal_es1_workaround.DSP/DSP_ALU_INST                     | ARITHMETIC.DSP.DSP48E2 |
    | i_synth/MULT.OP/i_non_prim.MULT/DSP48E1_SPD_SGL_VARIANT.FIX_MULT/DSP1/i_no_versal_es1_workaround.DSP/DSP_OUTPUT_INST                  | ARITHMETIC.DSP.DSP48E2 |
    | i_synth/MULT.OP/i_non_prim.MULT/DSP48E1_SPD_SGL_VARIANT.FIX_MULT/DSP2/i_no_versal_es1_workaround.DSP/DSP_ALU_INST                     | ARITHMETIC.DSP.DSP48E2 |
    | i_synth/MULT.OP/i_non_prim.MULT/DSP48E1_SPD_SGL_VARIANT.FIX_MULT/DSP2/i_no_versal_es1_workaround.DSP/DSP_OUTPUT_INST                  | ARITHMETIC.DSP.DSP48E2 |
    | i_synth/MULT.OP/i_non_prim.R_AND_R/LAT_OPT.FULL.R_AND_R/DSP48E1_SGL_EXP_IP.OLD_ADD.ADD/i_no_versal_es1_workaround.DSP/DSP_ALU_INST    | ARITHMETIC.DSP.DSP48E2 |
    | i_synth/MULT.OP/i_non_prim.R_AND_R/LAT_OPT.FULL.R_AND_R/DSP48E1_SGL_EXP_IP.OLD_ADD.ADD/i_no_versal_es1_workaround.DSP/DSP_OUTPUT_INST | ARITHMETIC.DSP.DSP48E2 |
    | i_synth/MULT.OP/i_non_prim.MULT/DSP48E1_SPD_SGL_VARIANT.FIX_MULT/DSP2/RESULT_REG.NORMAL.exp_op[4]_i_3                                 | CLB.LUT.LUT4           |
    | i_synth/MULT.OP/i_non_prim.EXP/EXP_ADD.C_CHAIN/RESULT_REG.NORMAL.exp_op[2]_i_1                                                        | CLB.LUT.LUT5           |
    | i_synth/MULT.OP/i_non_prim.OP/RESULT_REG.NORMAL.exp_op_reg[2]                                                                         | REGISTER.SDR.FDRE      |
    | dataflow_in_loop_VITIS_LOOP_149_1_1_U0/getLocalImages_single_U0/fsub_32ns_32ns_32_4_full_dsp_1_U3/din1_buf1_reg[15]                   | REGISTER.SDR.FDRE      |
    | i_synth/MULT.OP/i_non_prim.MULT/DSP48E1_SPD_SGL_VARIANT.FIX_MULT/DSP1/i_no_versal_es1_workaround.DSP/DSP_A_B_DATA_INST                | ARITHMETIC.DSP.DSP48E2 |
    | i_synth/MULT.OP/i_non_prim.MULT/DSP48E1_SPD_SGL_VARIANT.FIX_MULT/DSP1/i_no_versal_es1_workaround.DSP/DSP_PREADD_DATA_INST             | ARITHMETIC.DSP.DSP48E2 |
    | i_synth/MULT.OP/i_non_prim.MULT/DSP48E1_SPD_SGL_VARIANT.FIX_MULT/DSP1/i_no_versal_es1_workaround.DSP/DSP_MULTIPLIER_INST              | ARITHMETIC.DSP.DSP48E2 |
    | i_synth/MULT.OP/i_non_prim.MULT/DSP48E1_SPD_SGL_VARIANT.FIX_MULT/DSP1/i_no_versal_es1_workaround.DSP/DSP_M_DATA_INST                  | ARITHMETIC.DSP.DSP48E2 |
    | i_synth/MULT.OP/i_non_prim.MULT/DSP48E1_SPD_SGL_VARIANT.FIX_MULT/DSP1/i_no_versal_es1_workaround.DSP/DSP_ALU_INST                     | ARITHMETIC.DSP.DSP48E2 |
    | i_synth/MULT.OP/i_non_prim.MULT/DSP48E1_SPD_SGL_VARIANT.FIX_MULT/DSP1/i_no_versal_es1_workaround.DSP/DSP_OUTPUT_INST                  | ARITHMETIC.DSP.DSP48E2 |
    | i_synth/MULT.OP/i_non_prim.MULT/DSP48E1_SPD_SGL_VARIANT.FIX_MULT/DSP2/i_no_versal_es1_workaround.DSP/DSP_ALU_INST                     | ARITHMETIC.DSP.DSP48E2 |
    | i_synth/MULT.OP/i_non_prim.MULT/DSP48E1_SPD_SGL_VARIANT.FIX_MULT/DSP2/i_no_versal_es1_workaround.DSP/DSP_OUTPUT_INST                  | ARITHMETIC.DSP.DSP48E2 |
    | i_synth/MULT.OP/i_non_prim.R_AND_R/LAT_OPT.FULL.R_AND_R/DSP48E1_SGL_EXP_IP.OLD_ADD.ADD/i_no_versal_es1_workaround.DSP/DSP_ALU_INST    | ARITHMETIC.DSP.DSP48E2 |
    | i_synth/MULT.OP/i_non_prim.R_AND_R/LAT_OPT.FULL.R_AND_R/DSP48E1_SGL_EXP_IP.OLD_ADD.ADD/i_no_versal_es1_workaround.DSP/DSP_OUTPUT_INST | ARITHMETIC.DSP.DSP48E2 |
    | i_synth/MULT.OP/i_non_prim.MULT/DSP48E1_SPD_SGL_VARIANT.FIX_MULT/DSP2/RESULT_REG.NORMAL.exp_op[4]_i_3                                 | CLB.LUT.LUT4           |
    | i_synth/MULT.OP/i_non_prim.EXP/EXP_ADD.C_CHAIN/RESULT_REG.NORMAL.exp_op[3]_i_1                                                        | CLB.LUT.LUT5           |
    | i_synth/MULT.OP/i_non_prim.OP/RESULT_REG.NORMAL.exp_op_reg[3]                                                                         | REGISTER.SDR.FDRE      |
    | dataflow_in_loop_VITIS_LOOP_149_1_1_U0/getLocalImages_single_U0/fsub_32ns_32ns_32_4_full_dsp_1_U3/din1_buf1_reg[15]                   | REGISTER.SDR.FDRE      |
    | i_synth/MULT.OP/i_non_prim.MULT/DSP48E1_SPD_SGL_VARIANT.FIX_MULT/DSP1/i_no_versal_es1_workaround.DSP/DSP_A_B_DATA_INST                | ARITHMETIC.DSP.DSP48E2 |
    | i_synth/MULT.OP/i_non_prim.MULT/DSP48E1_SPD_SGL_VARIANT.FIX_MULT/DSP1/i_no_versal_es1_workaround.DSP/DSP_PREADD_DATA_INST             | ARITHMETIC.DSP.DSP48E2 |
    | i_synth/MULT.OP/i_non_prim.MULT/DSP48E1_SPD_SGL_VARIANT.FIX_MULT/DSP1/i_no_versal_es1_workaround.DSP/DSP_MULTIPLIER_INST              | ARITHMETIC.DSP.DSP48E2 |
    | i_synth/MULT.OP/i_non_prim.MULT/DSP48E1_SPD_SGL_VARIANT.FIX_MULT/DSP1/i_no_versal_es1_workaround.DSP/DSP_M_DATA_INST                  | ARITHMETIC.DSP.DSP48E2 |
    | i_synth/MULT.OP/i_non_prim.MULT/DSP48E1_SPD_SGL_VARIANT.FIX_MULT/DSP1/i_no_versal_es1_workaround.DSP/DSP_ALU_INST                     | ARITHMETIC.DSP.DSP48E2 |
    | i_synth/MULT.OP/i_non_prim.MULT/DSP48E1_SPD_SGL_VARIANT.FIX_MULT/DSP1/i_no_versal_es1_workaround.DSP/DSP_OUTPUT_INST                  | ARITHMETIC.DSP.DSP48E2 |
    | i_synth/MULT.OP/i_non_prim.MULT/DSP48E1_SPD_SGL_VARIANT.FIX_MULT/DSP2/i_no_versal_es1_workaround.DSP/DSP_ALU_INST                     | ARITHMETIC.DSP.DSP48E2 |
    | i_synth/MULT.OP/i_non_prim.MULT/DSP48E1_SPD_SGL_VARIANT.FIX_MULT/DSP2/i_no_versal_es1_workaround.DSP/DSP_OUTPUT_INST                  | ARITHMETIC.DSP.DSP48E2 |
    | i_synth/MULT.OP/i_non_prim.R_AND_R/LAT_OPT.FULL.R_AND_R/DSP48E1_SGL_EXP_IP.OLD_ADD.ADD/i_no_versal_es1_workaround.DSP/DSP_ALU_INST    | ARITHMETIC.DSP.DSP48E2 |
    | i_synth/MULT.OP/i_non_prim.R_AND_R/LAT_OPT.FULL.R_AND_R/DSP48E1_SGL_EXP_IP.OLD_ADD.ADD/i_no_versal_es1_workaround.DSP/DSP_OUTPUT_INST | ARITHMETIC.DSP.DSP48E2 |
    | i_synth/MULT.OP/i_non_prim.MULT/DSP48E1_SPD_SGL_VARIANT.FIX_MULT/DSP2/RESULT_REG.NORMAL.exp_op[4]_i_3                                 | CLB.LUT.LUT4           |
    | i_synth/MULT.OP/i_non_prim.EXP/EXP_ADD.C_CHAIN/RESULT_REG.NORMAL.exp_op[4]_i_1                                                        | CLB.LUT.LUT5           |
    | i_synth/MULT.OP/i_non_prim.OP/RESULT_REG.NORMAL.exp_op_reg[4]                                                                         | REGISTER.SDR.FDRE      |
    +---------------------------------------------------------------------------------------------------------------------------------------+------------------------+

    +---------------------------------------------------------------------------------------------------------------------------------------+------------------------+
    | Path3 Cells                                                                                                                           | Primitive Type         |
    +---------------------------------------------------------------------------------------------------------------------------------------+------------------------+
    | dataflow_in_loop_VITIS_LOOP_149_1_1_U0/getLocalImages_single_U0/fsub_32ns_32ns_32_4_full_dsp_1_U3/din1_buf1_reg[15]                   | REGISTER.SDR.FDRE      |
    | i_synth/MULT.OP/i_non_prim.MULT/DSP48E1_SPD_SGL_VARIANT.FIX_MULT/DSP1/i_no_versal_es1_workaround.DSP/DSP_A_B_DATA_INST                | ARITHMETIC.DSP.DSP48E2 |
    | i_synth/MULT.OP/i_non_prim.MULT/DSP48E1_SPD_SGL_VARIANT.FIX_MULT/DSP1/i_no_versal_es1_workaround.DSP/DSP_PREADD_DATA_INST             | ARITHMETIC.DSP.DSP48E2 |
    | i_synth/MULT.OP/i_non_prim.MULT/DSP48E1_SPD_SGL_VARIANT.FIX_MULT/DSP1/i_no_versal_es1_workaround.DSP/DSP_MULTIPLIER_INST              | ARITHMETIC.DSP.DSP48E2 |
    | i_synth/MULT.OP/i_non_prim.MULT/DSP48E1_SPD_SGL_VARIANT.FIX_MULT/DSP1/i_no_versal_es1_workaround.DSP/DSP_M_DATA_INST                  | ARITHMETIC.DSP.DSP48E2 |
    | i_synth/MULT.OP/i_non_prim.MULT/DSP48E1_SPD_SGL_VARIANT.FIX_MULT/DSP1/i_no_versal_es1_workaround.DSP/DSP_ALU_INST                     | ARITHMETIC.DSP.DSP48E2 |
    | i_synth/MULT.OP/i_non_prim.MULT/DSP48E1_SPD_SGL_VARIANT.FIX_MULT/DSP1/i_no_versal_es1_workaround.DSP/DSP_OUTPUT_INST                  | ARITHMETIC.DSP.DSP48E2 |
    | i_synth/MULT.OP/i_non_prim.MULT/DSP48E1_SPD_SGL_VARIANT.FIX_MULT/DSP2/i_no_versal_es1_workaround.DSP/DSP_ALU_INST                     | ARITHMETIC.DSP.DSP48E2 |
    | i_synth/MULT.OP/i_non_prim.MULT/DSP48E1_SPD_SGL_VARIANT.FIX_MULT/DSP2/i_no_versal_es1_workaround.DSP/DSP_OUTPUT_INST                  | ARITHMETIC.DSP.DSP48E2 |
    | i_synth/MULT.OP/i_non_prim.R_AND_R/LAT_OPT.FULL.R_AND_R/DSP48E1_SGL_EXP_IP.OLD_ADD.ADD/i_no_versal_es1_workaround.DSP/DSP_ALU_INST    | ARITHMETIC.DSP.DSP48E2 |
    | i_synth/MULT.OP/i_non_prim.R_AND_R/LAT_OPT.FULL.R_AND_R/DSP48E1_SGL_EXP_IP.OLD_ADD.ADD/i_no_versal_es1_workaround.DSP/DSP_OUTPUT_INST | ARITHMETIC.DSP.DSP48E2 |
    | i_synth/MULT.OP/i_non_prim.MULT/DSP48E1_SPD_SGL_VARIANT.FIX_MULT/DSP2/RESULT_REG.NORMAL.exp_op[4]_i_3                                 | CLB.LUT.LUT4           |
    | i_synth/MULT.OP/i_non_prim.EXP/EXP_ADD.C_CHAIN/RESULT_REG.NORMAL.exp_op[0]_i_1                                                        | CLB.LUT.LUT5           |
    | i_synth/MULT.OP/i_non_prim.OP/RESULT_REG.NORMAL.exp_op_reg[0]                                                                         | REGISTER.SDR.FDRE      |
    | dataflow_in_loop_VITIS_LOOP_149_1_1_U0/getLocalImages_single_U0/fsub_32ns_32ns_32_4_full_dsp_1_U3/din1_buf1_reg[15]                   | REGISTER.SDR.FDRE      |
    | i_synth/MULT.OP/i_non_prim.MULT/DSP48E1_SPD_SGL_VARIANT.FIX_MULT/DSP1/i_no_versal_es1_workaround.DSP/DSP_A_B_DATA_INST                | ARITHMETIC.DSP.DSP48E2 |
    | i_synth/MULT.OP/i_non_prim.MULT/DSP48E1_SPD_SGL_VARIANT.FIX_MULT/DSP1/i_no_versal_es1_workaround.DSP/DSP_PREADD_DATA_INST             | ARITHMETIC.DSP.DSP48E2 |
    | i_synth/MULT.OP/i_non_prim.MULT/DSP48E1_SPD_SGL_VARIANT.FIX_MULT/DSP1/i_no_versal_es1_workaround.DSP/DSP_MULTIPLIER_INST              | ARITHMETIC.DSP.DSP48E2 |
    | i_synth/MULT.OP/i_non_prim.MULT/DSP48E1_SPD_SGL_VARIANT.FIX_MULT/DSP1/i_no_versal_es1_workaround.DSP/DSP_M_DATA_INST                  | ARITHMETIC.DSP.DSP48E2 |
    | i_synth/MULT.OP/i_non_prim.MULT/DSP48E1_SPD_SGL_VARIANT.FIX_MULT/DSP1/i_no_versal_es1_workaround.DSP/DSP_ALU_INST                     | ARITHMETIC.DSP.DSP48E2 |
    | i_synth/MULT.OP/i_non_prim.MULT/DSP48E1_SPD_SGL_VARIANT.FIX_MULT/DSP1/i_no_versal_es1_workaround.DSP/DSP_OUTPUT_INST                  | ARITHMETIC.DSP.DSP48E2 |
    | i_synth/MULT.OP/i_non_prim.MULT/DSP48E1_SPD_SGL_VARIANT.FIX_MULT/DSP2/i_no_versal_es1_workaround.DSP/DSP_ALU_INST                     | ARITHMETIC.DSP.DSP48E2 |
    | i_synth/MULT.OP/i_non_prim.MULT/DSP48E1_SPD_SGL_VARIANT.FIX_MULT/DSP2/i_no_versal_es1_workaround.DSP/DSP_OUTPUT_INST                  | ARITHMETIC.DSP.DSP48E2 |
    | i_synth/MULT.OP/i_non_prim.R_AND_R/LAT_OPT.FULL.R_AND_R/DSP48E1_SGL_EXP_IP.OLD_ADD.ADD/i_no_versal_es1_workaround.DSP/DSP_ALU_INST    | ARITHMETIC.DSP.DSP48E2 |
    | i_synth/MULT.OP/i_non_prim.R_AND_R/LAT_OPT.FULL.R_AND_R/DSP48E1_SGL_EXP_IP.OLD_ADD.ADD/i_no_versal_es1_workaround.DSP/DSP_OUTPUT_INST | ARITHMETIC.DSP.DSP48E2 |
    | i_synth/MULT.OP/i_non_prim.MULT/DSP48E1_SPD_SGL_VARIANT.FIX_MULT/DSP2/RESULT_REG.NORMAL.exp_op[4]_i_3                                 | CLB.LUT.LUT4           |
    | i_synth/MULT.OP/i_non_prim.EXP/EXP_ADD.C_CHAIN/RESULT_REG.NORMAL.exp_op[1]_i_1                                                        | CLB.LUT.LUT5           |
    | i_synth/MULT.OP/i_non_prim.OP/RESULT_REG.NORMAL.exp_op_reg[1]                                                                         | REGISTER.SDR.FDRE      |
    | dataflow_in_loop_VITIS_LOOP_149_1_1_U0/getLocalImages_single_U0/fsub_32ns_32ns_32_4_full_dsp_1_U3/din1_buf1_reg[15]                   | REGISTER.SDR.FDRE      |
    | i_synth/MULT.OP/i_non_prim.MULT/DSP48E1_SPD_SGL_VARIANT.FIX_MULT/DSP1/i_no_versal_es1_workaround.DSP/DSP_A_B_DATA_INST                | ARITHMETIC.DSP.DSP48E2 |
    | i_synth/MULT.OP/i_non_prim.MULT/DSP48E1_SPD_SGL_VARIANT.FIX_MULT/DSP1/i_no_versal_es1_workaround.DSP/DSP_PREADD_DATA_INST             | ARITHMETIC.DSP.DSP48E2 |
    | i_synth/MULT.OP/i_non_prim.MULT/DSP48E1_SPD_SGL_VARIANT.FIX_MULT/DSP1/i_no_versal_es1_workaround.DSP/DSP_MULTIPLIER_INST              | ARITHMETIC.DSP.DSP48E2 |
    | i_synth/MULT.OP/i_non_prim.MULT/DSP48E1_SPD_SGL_VARIANT.FIX_MULT/DSP1/i_no_versal_es1_workaround.DSP/DSP_M_DATA_INST                  | ARITHMETIC.DSP.DSP48E2 |
    | i_synth/MULT.OP/i_non_prim.MULT/DSP48E1_SPD_SGL_VARIANT.FIX_MULT/DSP1/i_no_versal_es1_workaround.DSP/DSP_ALU_INST                     | ARITHMETIC.DSP.DSP48E2 |
    | i_synth/MULT.OP/i_non_prim.MULT/DSP48E1_SPD_SGL_VARIANT.FIX_MULT/DSP1/i_no_versal_es1_workaround.DSP/DSP_OUTPUT_INST                  | ARITHMETIC.DSP.DSP48E2 |
    | i_synth/MULT.OP/i_non_prim.MULT/DSP48E1_SPD_SGL_VARIANT.FIX_MULT/DSP2/i_no_versal_es1_workaround.DSP/DSP_ALU_INST                     | ARITHMETIC.DSP.DSP48E2 |
    | i_synth/MULT.OP/i_non_prim.MULT/DSP48E1_SPD_SGL_VARIANT.FIX_MULT/DSP2/i_no_versal_es1_workaround.DSP/DSP_OUTPUT_INST                  | ARITHMETIC.DSP.DSP48E2 |
    | i_synth/MULT.OP/i_non_prim.R_AND_R/LAT_OPT.FULL.R_AND_R/DSP48E1_SGL_EXP_IP.OLD_ADD.ADD/i_no_versal_es1_workaround.DSP/DSP_ALU_INST    | ARITHMETIC.DSP.DSP48E2 |
    | i_synth/MULT.OP/i_non_prim.R_AND_R/LAT_OPT.FULL.R_AND_R/DSP48E1_SGL_EXP_IP.OLD_ADD.ADD/i_no_versal_es1_workaround.DSP/DSP_OUTPUT_INST | ARITHMETIC.DSP.DSP48E2 |
    | i_synth/MULT.OP/i_non_prim.MULT/DSP48E1_SPD_SGL_VARIANT.FIX_MULT/DSP2/RESULT_REG.NORMAL.exp_op[4]_i_3                                 | CLB.LUT.LUT4           |
    | i_synth/MULT.OP/i_non_prim.EXP/EXP_ADD.C_CHAIN/RESULT_REG.NORMAL.exp_op[2]_i_1                                                        | CLB.LUT.LUT5           |
    | i_synth/MULT.OP/i_non_prim.OP/RESULT_REG.NORMAL.exp_op_reg[2]                                                                         | REGISTER.SDR.FDRE      |
    | dataflow_in_loop_VITIS_LOOP_149_1_1_U0/getLocalImages_single_U0/fsub_32ns_32ns_32_4_full_dsp_1_U3/din1_buf1_reg[15]                   | REGISTER.SDR.FDRE      |
    | i_synth/MULT.OP/i_non_prim.MULT/DSP48E1_SPD_SGL_VARIANT.FIX_MULT/DSP1/i_no_versal_es1_workaround.DSP/DSP_A_B_DATA_INST                | ARITHMETIC.DSP.DSP48E2 |
    | i_synth/MULT.OP/i_non_prim.MULT/DSP48E1_SPD_SGL_VARIANT.FIX_MULT/DSP1/i_no_versal_es1_workaround.DSP/DSP_PREADD_DATA_INST             | ARITHMETIC.DSP.DSP48E2 |
    | i_synth/MULT.OP/i_non_prim.MULT/DSP48E1_SPD_SGL_VARIANT.FIX_MULT/DSP1/i_no_versal_es1_workaround.DSP/DSP_MULTIPLIER_INST              | ARITHMETIC.DSP.DSP48E2 |
    | i_synth/MULT.OP/i_non_prim.MULT/DSP48E1_SPD_SGL_VARIANT.FIX_MULT/DSP1/i_no_versal_es1_workaround.DSP/DSP_M_DATA_INST                  | ARITHMETIC.DSP.DSP48E2 |
    | i_synth/MULT.OP/i_non_prim.MULT/DSP48E1_SPD_SGL_VARIANT.FIX_MULT/DSP1/i_no_versal_es1_workaround.DSP/DSP_ALU_INST                     | ARITHMETIC.DSP.DSP48E2 |
    | i_synth/MULT.OP/i_non_prim.MULT/DSP48E1_SPD_SGL_VARIANT.FIX_MULT/DSP1/i_no_versal_es1_workaround.DSP/DSP_OUTPUT_INST                  | ARITHMETIC.DSP.DSP48E2 |
    | i_synth/MULT.OP/i_non_prim.MULT/DSP48E1_SPD_SGL_VARIANT.FIX_MULT/DSP2/i_no_versal_es1_workaround.DSP/DSP_ALU_INST                     | ARITHMETIC.DSP.DSP48E2 |
    | i_synth/MULT.OP/i_non_prim.MULT/DSP48E1_SPD_SGL_VARIANT.FIX_MULT/DSP2/i_no_versal_es1_workaround.DSP/DSP_OUTPUT_INST                  | ARITHMETIC.DSP.DSP48E2 |
    | i_synth/MULT.OP/i_non_prim.R_AND_R/LAT_OPT.FULL.R_AND_R/DSP48E1_SGL_EXP_IP.OLD_ADD.ADD/i_no_versal_es1_workaround.DSP/DSP_ALU_INST    | ARITHMETIC.DSP.DSP48E2 |
    | i_synth/MULT.OP/i_non_prim.R_AND_R/LAT_OPT.FULL.R_AND_R/DSP48E1_SGL_EXP_IP.OLD_ADD.ADD/i_no_versal_es1_workaround.DSP/DSP_OUTPUT_INST | ARITHMETIC.DSP.DSP48E2 |
    | i_synth/MULT.OP/i_non_prim.MULT/DSP48E1_SPD_SGL_VARIANT.FIX_MULT/DSP2/RESULT_REG.NORMAL.exp_op[4]_i_3                                 | CLB.LUT.LUT4           |
    | i_synth/MULT.OP/i_non_prim.EXP/EXP_ADD.C_CHAIN/RESULT_REG.NORMAL.exp_op[3]_i_1                                                        | CLB.LUT.LUT5           |
    | i_synth/MULT.OP/i_non_prim.OP/RESULT_REG.NORMAL.exp_op_reg[3]                                                                         | REGISTER.SDR.FDRE      |
    | dataflow_in_loop_VITIS_LOOP_149_1_1_U0/getLocalImages_single_U0/fsub_32ns_32ns_32_4_full_dsp_1_U3/din1_buf1_reg[15]                   | REGISTER.SDR.FDRE      |
    | i_synth/MULT.OP/i_non_prim.MULT/DSP48E1_SPD_SGL_VARIANT.FIX_MULT/DSP1/i_no_versal_es1_workaround.DSP/DSP_A_B_DATA_INST                | ARITHMETIC.DSP.DSP48E2 |
    | i_synth/MULT.OP/i_non_prim.MULT/DSP48E1_SPD_SGL_VARIANT.FIX_MULT/DSP1/i_no_versal_es1_workaround.DSP/DSP_PREADD_DATA_INST             | ARITHMETIC.DSP.DSP48E2 |
    | i_synth/MULT.OP/i_non_prim.MULT/DSP48E1_SPD_SGL_VARIANT.FIX_MULT/DSP1/i_no_versal_es1_workaround.DSP/DSP_MULTIPLIER_INST              | ARITHMETIC.DSP.DSP48E2 |
    | i_synth/MULT.OP/i_non_prim.MULT/DSP48E1_SPD_SGL_VARIANT.FIX_MULT/DSP1/i_no_versal_es1_workaround.DSP/DSP_M_DATA_INST                  | ARITHMETIC.DSP.DSP48E2 |
    | i_synth/MULT.OP/i_non_prim.MULT/DSP48E1_SPD_SGL_VARIANT.FIX_MULT/DSP1/i_no_versal_es1_workaround.DSP/DSP_ALU_INST                     | ARITHMETIC.DSP.DSP48E2 |
    | i_synth/MULT.OP/i_non_prim.MULT/DSP48E1_SPD_SGL_VARIANT.FIX_MULT/DSP1/i_no_versal_es1_workaround.DSP/DSP_OUTPUT_INST                  | ARITHMETIC.DSP.DSP48E2 |
    | i_synth/MULT.OP/i_non_prim.MULT/DSP48E1_SPD_SGL_VARIANT.FIX_MULT/DSP2/i_no_versal_es1_workaround.DSP/DSP_ALU_INST                     | ARITHMETIC.DSP.DSP48E2 |
    | i_synth/MULT.OP/i_non_prim.MULT/DSP48E1_SPD_SGL_VARIANT.FIX_MULT/DSP2/i_no_versal_es1_workaround.DSP/DSP_OUTPUT_INST                  | ARITHMETIC.DSP.DSP48E2 |
    | i_synth/MULT.OP/i_non_prim.R_AND_R/LAT_OPT.FULL.R_AND_R/DSP48E1_SGL_EXP_IP.OLD_ADD.ADD/i_no_versal_es1_workaround.DSP/DSP_ALU_INST    | ARITHMETIC.DSP.DSP48E2 |
    | i_synth/MULT.OP/i_non_prim.R_AND_R/LAT_OPT.FULL.R_AND_R/DSP48E1_SGL_EXP_IP.OLD_ADD.ADD/i_no_versal_es1_workaround.DSP/DSP_OUTPUT_INST | ARITHMETIC.DSP.DSP48E2 |
    | i_synth/MULT.OP/i_non_prim.MULT/DSP48E1_SPD_SGL_VARIANT.FIX_MULT/DSP2/RESULT_REG.NORMAL.exp_op[4]_i_3                                 | CLB.LUT.LUT4           |
    | i_synth/MULT.OP/i_non_prim.EXP/EXP_ADD.C_CHAIN/RESULT_REG.NORMAL.exp_op[4]_i_1                                                        | CLB.LUT.LUT5           |
    | i_synth/MULT.OP/i_non_prim.OP/RESULT_REG.NORMAL.exp_op_reg[4]                                                                         | REGISTER.SDR.FDRE      |
    +---------------------------------------------------------------------------------------------------------------------------------------+------------------------+

    +---------------------------------------------------------------------------------------------------------------------------------------+------------------------+
    | Path4 Cells                                                                                                                           | Primitive Type         |
    +---------------------------------------------------------------------------------------------------------------------------------------+------------------------+
    | dataflow_in_loop_VITIS_LOOP_149_1_1_U0/getLocalImages_single_U0/fsub_32ns_32ns_32_4_full_dsp_1_U3/din1_buf1_reg[15]                   | REGISTER.SDR.FDRE      |
    | i_synth/MULT.OP/i_non_prim.MULT/DSP48E1_SPD_SGL_VARIANT.FIX_MULT/DSP1/i_no_versal_es1_workaround.DSP/DSP_A_B_DATA_INST                | ARITHMETIC.DSP.DSP48E2 |
    | i_synth/MULT.OP/i_non_prim.MULT/DSP48E1_SPD_SGL_VARIANT.FIX_MULT/DSP1/i_no_versal_es1_workaround.DSP/DSP_PREADD_DATA_INST             | ARITHMETIC.DSP.DSP48E2 |
    | i_synth/MULT.OP/i_non_prim.MULT/DSP48E1_SPD_SGL_VARIANT.FIX_MULT/DSP1/i_no_versal_es1_workaround.DSP/DSP_MULTIPLIER_INST              | ARITHMETIC.DSP.DSP48E2 |
    | i_synth/MULT.OP/i_non_prim.MULT/DSP48E1_SPD_SGL_VARIANT.FIX_MULT/DSP1/i_no_versal_es1_workaround.DSP/DSP_M_DATA_INST                  | ARITHMETIC.DSP.DSP48E2 |
    | i_synth/MULT.OP/i_non_prim.MULT/DSP48E1_SPD_SGL_VARIANT.FIX_MULT/DSP1/i_no_versal_es1_workaround.DSP/DSP_ALU_INST                     | ARITHMETIC.DSP.DSP48E2 |
    | i_synth/MULT.OP/i_non_prim.MULT/DSP48E1_SPD_SGL_VARIANT.FIX_MULT/DSP1/i_no_versal_es1_workaround.DSP/DSP_OUTPUT_INST                  | ARITHMETIC.DSP.DSP48E2 |
    | i_synth/MULT.OP/i_non_prim.MULT/DSP48E1_SPD_SGL_VARIANT.FIX_MULT/DSP2/i_no_versal_es1_workaround.DSP/DSP_ALU_INST                     | ARITHMETIC.DSP.DSP48E2 |
    | i_synth/MULT.OP/i_non_prim.MULT/DSP48E1_SPD_SGL_VARIANT.FIX_MULT/DSP2/i_no_versal_es1_workaround.DSP/DSP_OUTPUT_INST                  | ARITHMETIC.DSP.DSP48E2 |
    | i_synth/MULT.OP/i_non_prim.R_AND_R/LAT_OPT.FULL.R_AND_R/DSP48E1_SGL_EXP_IP.OLD_ADD.ADD/i_no_versal_es1_workaround.DSP/DSP_ALU_INST    | ARITHMETIC.DSP.DSP48E2 |
    | i_synth/MULT.OP/i_non_prim.R_AND_R/LAT_OPT.FULL.R_AND_R/DSP48E1_SGL_EXP_IP.OLD_ADD.ADD/i_no_versal_es1_workaround.DSP/DSP_OUTPUT_INST | ARITHMETIC.DSP.DSP48E2 |
    | i_synth/MULT.OP/i_non_prim.MULT/DSP48E1_SPD_SGL_VARIANT.FIX_MULT/DSP2/RESULT_REG.NORMAL.exp_op[4]_i_3                                 | CLB.LUT.LUT4           |
    | i_synth/MULT.OP/i_non_prim.EXP/EXP_ADD.C_CHAIN/RESULT_REG.NORMAL.exp_op[0]_i_1                                                        | CLB.LUT.LUT5           |
    | i_synth/MULT.OP/i_non_prim.OP/RESULT_REG.NORMAL.exp_op_reg[0]                                                                         | REGISTER.SDR.FDRE      |
    | dataflow_in_loop_VITIS_LOOP_149_1_1_U0/getLocalImages_single_U0/fsub_32ns_32ns_32_4_full_dsp_1_U3/din1_buf1_reg[15]                   | REGISTER.SDR.FDRE      |
    | i_synth/MULT.OP/i_non_prim.MULT/DSP48E1_SPD_SGL_VARIANT.FIX_MULT/DSP1/i_no_versal_es1_workaround.DSP/DSP_A_B_DATA_INST                | ARITHMETIC.DSP.DSP48E2 |
    | i_synth/MULT.OP/i_non_prim.MULT/DSP48E1_SPD_SGL_VARIANT.FIX_MULT/DSP1/i_no_versal_es1_workaround.DSP/DSP_PREADD_DATA_INST             | ARITHMETIC.DSP.DSP48E2 |
    | i_synth/MULT.OP/i_non_prim.MULT/DSP48E1_SPD_SGL_VARIANT.FIX_MULT/DSP1/i_no_versal_es1_workaround.DSP/DSP_MULTIPLIER_INST              | ARITHMETIC.DSP.DSP48E2 |
    | i_synth/MULT.OP/i_non_prim.MULT/DSP48E1_SPD_SGL_VARIANT.FIX_MULT/DSP1/i_no_versal_es1_workaround.DSP/DSP_M_DATA_INST                  | ARITHMETIC.DSP.DSP48E2 |
    | i_synth/MULT.OP/i_non_prim.MULT/DSP48E1_SPD_SGL_VARIANT.FIX_MULT/DSP1/i_no_versal_es1_workaround.DSP/DSP_ALU_INST                     | ARITHMETIC.DSP.DSP48E2 |
    | i_synth/MULT.OP/i_non_prim.MULT/DSP48E1_SPD_SGL_VARIANT.FIX_MULT/DSP1/i_no_versal_es1_workaround.DSP/DSP_OUTPUT_INST                  | ARITHMETIC.DSP.DSP48E2 |
    | i_synth/MULT.OP/i_non_prim.MULT/DSP48E1_SPD_SGL_VARIANT.FIX_MULT/DSP2/i_no_versal_es1_workaround.DSP/DSP_ALU_INST                     | ARITHMETIC.DSP.DSP48E2 |
    | i_synth/MULT.OP/i_non_prim.MULT/DSP48E1_SPD_SGL_VARIANT.FIX_MULT/DSP2/i_no_versal_es1_workaround.DSP/DSP_OUTPUT_INST                  | ARITHMETIC.DSP.DSP48E2 |
    | i_synth/MULT.OP/i_non_prim.R_AND_R/LAT_OPT.FULL.R_AND_R/DSP48E1_SGL_EXP_IP.OLD_ADD.ADD/i_no_versal_es1_workaround.DSP/DSP_ALU_INST    | ARITHMETIC.DSP.DSP48E2 |
    | i_synth/MULT.OP/i_non_prim.R_AND_R/LAT_OPT.FULL.R_AND_R/DSP48E1_SGL_EXP_IP.OLD_ADD.ADD/i_no_versal_es1_workaround.DSP/DSP_OUTPUT_INST | ARITHMETIC.DSP.DSP48E2 |
    | i_synth/MULT.OP/i_non_prim.MULT/DSP48E1_SPD_SGL_VARIANT.FIX_MULT/DSP2/RESULT_REG.NORMAL.exp_op[4]_i_3                                 | CLB.LUT.LUT4           |
    | i_synth/MULT.OP/i_non_prim.EXP/EXP_ADD.C_CHAIN/RESULT_REG.NORMAL.exp_op[1]_i_1                                                        | CLB.LUT.LUT5           |
    | i_synth/MULT.OP/i_non_prim.OP/RESULT_REG.NORMAL.exp_op_reg[1]                                                                         | REGISTER.SDR.FDRE      |
    | dataflow_in_loop_VITIS_LOOP_149_1_1_U0/getLocalImages_single_U0/fsub_32ns_32ns_32_4_full_dsp_1_U3/din1_buf1_reg[15]                   | REGISTER.SDR.FDRE      |
    | i_synth/MULT.OP/i_non_prim.MULT/DSP48E1_SPD_SGL_VARIANT.FIX_MULT/DSP1/i_no_versal_es1_workaround.DSP/DSP_A_B_DATA_INST                | ARITHMETIC.DSP.DSP48E2 |
    | i_synth/MULT.OP/i_non_prim.MULT/DSP48E1_SPD_SGL_VARIANT.FIX_MULT/DSP1/i_no_versal_es1_workaround.DSP/DSP_PREADD_DATA_INST             | ARITHMETIC.DSP.DSP48E2 |
    | i_synth/MULT.OP/i_non_prim.MULT/DSP48E1_SPD_SGL_VARIANT.FIX_MULT/DSP1/i_no_versal_es1_workaround.DSP/DSP_MULTIPLIER_INST              | ARITHMETIC.DSP.DSP48E2 |
    | i_synth/MULT.OP/i_non_prim.MULT/DSP48E1_SPD_SGL_VARIANT.FIX_MULT/DSP1/i_no_versal_es1_workaround.DSP/DSP_M_DATA_INST                  | ARITHMETIC.DSP.DSP48E2 |
    | i_synth/MULT.OP/i_non_prim.MULT/DSP48E1_SPD_SGL_VARIANT.FIX_MULT/DSP1/i_no_versal_es1_workaround.DSP/DSP_ALU_INST                     | ARITHMETIC.DSP.DSP48E2 |
    | i_synth/MULT.OP/i_non_prim.MULT/DSP48E1_SPD_SGL_VARIANT.FIX_MULT/DSP1/i_no_versal_es1_workaround.DSP/DSP_OUTPUT_INST                  | ARITHMETIC.DSP.DSP48E2 |
    | i_synth/MULT.OP/i_non_prim.MULT/DSP48E1_SPD_SGL_VARIANT.FIX_MULT/DSP2/i_no_versal_es1_workaround.DSP/DSP_ALU_INST                     | ARITHMETIC.DSP.DSP48E2 |
    | i_synth/MULT.OP/i_non_prim.MULT/DSP48E1_SPD_SGL_VARIANT.FIX_MULT/DSP2/i_no_versal_es1_workaround.DSP/DSP_OUTPUT_INST                  | ARITHMETIC.DSP.DSP48E2 |
    | i_synth/MULT.OP/i_non_prim.R_AND_R/LAT_OPT.FULL.R_AND_R/DSP48E1_SGL_EXP_IP.OLD_ADD.ADD/i_no_versal_es1_workaround.DSP/DSP_ALU_INST    | ARITHMETIC.DSP.DSP48E2 |
    | i_synth/MULT.OP/i_non_prim.R_AND_R/LAT_OPT.FULL.R_AND_R/DSP48E1_SGL_EXP_IP.OLD_ADD.ADD/i_no_versal_es1_workaround.DSP/DSP_OUTPUT_INST | ARITHMETIC.DSP.DSP48E2 |
    | i_synth/MULT.OP/i_non_prim.MULT/DSP48E1_SPD_SGL_VARIANT.FIX_MULT/DSP2/RESULT_REG.NORMAL.exp_op[4]_i_3                                 | CLB.LUT.LUT4           |
    | i_synth/MULT.OP/i_non_prim.EXP/EXP_ADD.C_CHAIN/RESULT_REG.NORMAL.exp_op[2]_i_1                                                        | CLB.LUT.LUT5           |
    | i_synth/MULT.OP/i_non_prim.OP/RESULT_REG.NORMAL.exp_op_reg[2]                                                                         | REGISTER.SDR.FDRE      |
    | dataflow_in_loop_VITIS_LOOP_149_1_1_U0/getLocalImages_single_U0/fsub_32ns_32ns_32_4_full_dsp_1_U3/din1_buf1_reg[15]                   | REGISTER.SDR.FDRE      |
    | i_synth/MULT.OP/i_non_prim.MULT/DSP48E1_SPD_SGL_VARIANT.FIX_MULT/DSP1/i_no_versal_es1_workaround.DSP/DSP_A_B_DATA_INST                | ARITHMETIC.DSP.DSP48E2 |
    | i_synth/MULT.OP/i_non_prim.MULT/DSP48E1_SPD_SGL_VARIANT.FIX_MULT/DSP1/i_no_versal_es1_workaround.DSP/DSP_PREADD_DATA_INST             | ARITHMETIC.DSP.DSP48E2 |
    | i_synth/MULT.OP/i_non_prim.MULT/DSP48E1_SPD_SGL_VARIANT.FIX_MULT/DSP1/i_no_versal_es1_workaround.DSP/DSP_MULTIPLIER_INST              | ARITHMETIC.DSP.DSP48E2 |
    | i_synth/MULT.OP/i_non_prim.MULT/DSP48E1_SPD_SGL_VARIANT.FIX_MULT/DSP1/i_no_versal_es1_workaround.DSP/DSP_M_DATA_INST                  | ARITHMETIC.DSP.DSP48E2 |
    | i_synth/MULT.OP/i_non_prim.MULT/DSP48E1_SPD_SGL_VARIANT.FIX_MULT/DSP1/i_no_versal_es1_workaround.DSP/DSP_ALU_INST                     | ARITHMETIC.DSP.DSP48E2 |
    | i_synth/MULT.OP/i_non_prim.MULT/DSP48E1_SPD_SGL_VARIANT.FIX_MULT/DSP1/i_no_versal_es1_workaround.DSP/DSP_OUTPUT_INST                  | ARITHMETIC.DSP.DSP48E2 |
    | i_synth/MULT.OP/i_non_prim.MULT/DSP48E1_SPD_SGL_VARIANT.FIX_MULT/DSP2/i_no_versal_es1_workaround.DSP/DSP_ALU_INST                     | ARITHMETIC.DSP.DSP48E2 |
    | i_synth/MULT.OP/i_non_prim.MULT/DSP48E1_SPD_SGL_VARIANT.FIX_MULT/DSP2/i_no_versal_es1_workaround.DSP/DSP_OUTPUT_INST                  | ARITHMETIC.DSP.DSP48E2 |
    | i_synth/MULT.OP/i_non_prim.R_AND_R/LAT_OPT.FULL.R_AND_R/DSP48E1_SGL_EXP_IP.OLD_ADD.ADD/i_no_versal_es1_workaround.DSP/DSP_ALU_INST    | ARITHMETIC.DSP.DSP48E2 |
    | i_synth/MULT.OP/i_non_prim.R_AND_R/LAT_OPT.FULL.R_AND_R/DSP48E1_SGL_EXP_IP.OLD_ADD.ADD/i_no_versal_es1_workaround.DSP/DSP_OUTPUT_INST | ARITHMETIC.DSP.DSP48E2 |
    | i_synth/MULT.OP/i_non_prim.MULT/DSP48E1_SPD_SGL_VARIANT.FIX_MULT/DSP2/RESULT_REG.NORMAL.exp_op[4]_i_3                                 | CLB.LUT.LUT4           |
    | i_synth/MULT.OP/i_non_prim.EXP/EXP_ADD.C_CHAIN/RESULT_REG.NORMAL.exp_op[3]_i_1                                                        | CLB.LUT.LUT5           |
    | i_synth/MULT.OP/i_non_prim.OP/RESULT_REG.NORMAL.exp_op_reg[3]                                                                         | REGISTER.SDR.FDRE      |
    | dataflow_in_loop_VITIS_LOOP_149_1_1_U0/getLocalImages_single_U0/fsub_32ns_32ns_32_4_full_dsp_1_U3/din1_buf1_reg[15]                   | REGISTER.SDR.FDRE      |
    | i_synth/MULT.OP/i_non_prim.MULT/DSP48E1_SPD_SGL_VARIANT.FIX_MULT/DSP1/i_no_versal_es1_workaround.DSP/DSP_A_B_DATA_INST                | ARITHMETIC.DSP.DSP48E2 |
    | i_synth/MULT.OP/i_non_prim.MULT/DSP48E1_SPD_SGL_VARIANT.FIX_MULT/DSP1/i_no_versal_es1_workaround.DSP/DSP_PREADD_DATA_INST             | ARITHMETIC.DSP.DSP48E2 |
    | i_synth/MULT.OP/i_non_prim.MULT/DSP48E1_SPD_SGL_VARIANT.FIX_MULT/DSP1/i_no_versal_es1_workaround.DSP/DSP_MULTIPLIER_INST              | ARITHMETIC.DSP.DSP48E2 |
    | i_synth/MULT.OP/i_non_prim.MULT/DSP48E1_SPD_SGL_VARIANT.FIX_MULT/DSP1/i_no_versal_es1_workaround.DSP/DSP_M_DATA_INST                  | ARITHMETIC.DSP.DSP48E2 |
    | i_synth/MULT.OP/i_non_prim.MULT/DSP48E1_SPD_SGL_VARIANT.FIX_MULT/DSP1/i_no_versal_es1_workaround.DSP/DSP_ALU_INST                     | ARITHMETIC.DSP.DSP48E2 |
    | i_synth/MULT.OP/i_non_prim.MULT/DSP48E1_SPD_SGL_VARIANT.FIX_MULT/DSP1/i_no_versal_es1_workaround.DSP/DSP_OUTPUT_INST                  | ARITHMETIC.DSP.DSP48E2 |
    | i_synth/MULT.OP/i_non_prim.MULT/DSP48E1_SPD_SGL_VARIANT.FIX_MULT/DSP2/i_no_versal_es1_workaround.DSP/DSP_ALU_INST                     | ARITHMETIC.DSP.DSP48E2 |
    | i_synth/MULT.OP/i_non_prim.MULT/DSP48E1_SPD_SGL_VARIANT.FIX_MULT/DSP2/i_no_versal_es1_workaround.DSP/DSP_OUTPUT_INST                  | ARITHMETIC.DSP.DSP48E2 |
    | i_synth/MULT.OP/i_non_prim.R_AND_R/LAT_OPT.FULL.R_AND_R/DSP48E1_SGL_EXP_IP.OLD_ADD.ADD/i_no_versal_es1_workaround.DSP/DSP_ALU_INST    | ARITHMETIC.DSP.DSP48E2 |
    | i_synth/MULT.OP/i_non_prim.R_AND_R/LAT_OPT.FULL.R_AND_R/DSP48E1_SGL_EXP_IP.OLD_ADD.ADD/i_no_versal_es1_workaround.DSP/DSP_OUTPUT_INST | ARITHMETIC.DSP.DSP48E2 |
    | i_synth/MULT.OP/i_non_prim.MULT/DSP48E1_SPD_SGL_VARIANT.FIX_MULT/DSP2/RESULT_REG.NORMAL.exp_op[4]_i_3                                 | CLB.LUT.LUT4           |
    | i_synth/MULT.OP/i_non_prim.EXP/EXP_ADD.C_CHAIN/RESULT_REG.NORMAL.exp_op[4]_i_1                                                        | CLB.LUT.LUT5           |
    | i_synth/MULT.OP/i_non_prim.OP/RESULT_REG.NORMAL.exp_op_reg[4]                                                                         | REGISTER.SDR.FDRE      |
    +---------------------------------------------------------------------------------------------------------------------------------------+------------------------+

    +---------------------------------------------------------------------------------------------------------------------------------------+------------------------+
    | Path5 Cells                                                                                                                           | Primitive Type         |
    +---------------------------------------------------------------------------------------------------------------------------------------+------------------------+
    | dataflow_in_loop_VITIS_LOOP_149_1_1_U0/getLocalImages_single_U0/fsub_32ns_32ns_32_4_full_dsp_1_U3/din1_buf1_reg[15]                   | REGISTER.SDR.FDRE      |
    | i_synth/MULT.OP/i_non_prim.MULT/DSP48E1_SPD_SGL_VARIANT.FIX_MULT/DSP1/i_no_versal_es1_workaround.DSP/DSP_A_B_DATA_INST                | ARITHMETIC.DSP.DSP48E2 |
    | i_synth/MULT.OP/i_non_prim.MULT/DSP48E1_SPD_SGL_VARIANT.FIX_MULT/DSP1/i_no_versal_es1_workaround.DSP/DSP_PREADD_DATA_INST             | ARITHMETIC.DSP.DSP48E2 |
    | i_synth/MULT.OP/i_non_prim.MULT/DSP48E1_SPD_SGL_VARIANT.FIX_MULT/DSP1/i_no_versal_es1_workaround.DSP/DSP_MULTIPLIER_INST              | ARITHMETIC.DSP.DSP48E2 |
    | i_synth/MULT.OP/i_non_prim.MULT/DSP48E1_SPD_SGL_VARIANT.FIX_MULT/DSP1/i_no_versal_es1_workaround.DSP/DSP_M_DATA_INST                  | ARITHMETIC.DSP.DSP48E2 |
    | i_synth/MULT.OP/i_non_prim.MULT/DSP48E1_SPD_SGL_VARIANT.FIX_MULT/DSP1/i_no_versal_es1_workaround.DSP/DSP_ALU_INST                     | ARITHMETIC.DSP.DSP48E2 |
    | i_synth/MULT.OP/i_non_prim.MULT/DSP48E1_SPD_SGL_VARIANT.FIX_MULT/DSP1/i_no_versal_es1_workaround.DSP/DSP_OUTPUT_INST                  | ARITHMETIC.DSP.DSP48E2 |
    | i_synth/MULT.OP/i_non_prim.MULT/DSP48E1_SPD_SGL_VARIANT.FIX_MULT/DSP2/i_no_versal_es1_workaround.DSP/DSP_ALU_INST                     | ARITHMETIC.DSP.DSP48E2 |
    | i_synth/MULT.OP/i_non_prim.MULT/DSP48E1_SPD_SGL_VARIANT.FIX_MULT/DSP2/i_no_versal_es1_workaround.DSP/DSP_OUTPUT_INST                  | ARITHMETIC.DSP.DSP48E2 |
    | i_synth/MULT.OP/i_non_prim.R_AND_R/LAT_OPT.FULL.R_AND_R/DSP48E1_SGL_EXP_IP.OLD_ADD.ADD/i_no_versal_es1_workaround.DSP/DSP_ALU_INST    | ARITHMETIC.DSP.DSP48E2 |
    | i_synth/MULT.OP/i_non_prim.R_AND_R/LAT_OPT.FULL.R_AND_R/DSP48E1_SGL_EXP_IP.OLD_ADD.ADD/i_no_versal_es1_workaround.DSP/DSP_OUTPUT_INST | ARITHMETIC.DSP.DSP48E2 |
    | i_synth/MULT.OP/i_non_prim.MULT/DSP48E1_SPD_SGL_VARIANT.FIX_MULT/DSP2/RESULT_REG.NORMAL.exp_op[4]_i_3                                 | CLB.LUT.LUT4           |
    | i_synth/MULT.OP/i_non_prim.EXP/EXP_ADD.C_CHAIN/RESULT_REG.NORMAL.exp_op[0]_i_1                                                        | CLB.LUT.LUT5           |
    | i_synth/MULT.OP/i_non_prim.OP/RESULT_REG.NORMAL.exp_op_reg[0]                                                                         | REGISTER.SDR.FDRE      |
    | dataflow_in_loop_VITIS_LOOP_149_1_1_U0/getLocalImages_single_U0/fsub_32ns_32ns_32_4_full_dsp_1_U3/din1_buf1_reg[15]                   | REGISTER.SDR.FDRE      |
    | i_synth/MULT.OP/i_non_prim.MULT/DSP48E1_SPD_SGL_VARIANT.FIX_MULT/DSP1/i_no_versal_es1_workaround.DSP/DSP_A_B_DATA_INST                | ARITHMETIC.DSP.DSP48E2 |
    | i_synth/MULT.OP/i_non_prim.MULT/DSP48E1_SPD_SGL_VARIANT.FIX_MULT/DSP1/i_no_versal_es1_workaround.DSP/DSP_PREADD_DATA_INST             | ARITHMETIC.DSP.DSP48E2 |
    | i_synth/MULT.OP/i_non_prim.MULT/DSP48E1_SPD_SGL_VARIANT.FIX_MULT/DSP1/i_no_versal_es1_workaround.DSP/DSP_MULTIPLIER_INST              | ARITHMETIC.DSP.DSP48E2 |
    | i_synth/MULT.OP/i_non_prim.MULT/DSP48E1_SPD_SGL_VARIANT.FIX_MULT/DSP1/i_no_versal_es1_workaround.DSP/DSP_M_DATA_INST                  | ARITHMETIC.DSP.DSP48E2 |
    | i_synth/MULT.OP/i_non_prim.MULT/DSP48E1_SPD_SGL_VARIANT.FIX_MULT/DSP1/i_no_versal_es1_workaround.DSP/DSP_ALU_INST                     | ARITHMETIC.DSP.DSP48E2 |
    | i_synth/MULT.OP/i_non_prim.MULT/DSP48E1_SPD_SGL_VARIANT.FIX_MULT/DSP1/i_no_versal_es1_workaround.DSP/DSP_OUTPUT_INST                  | ARITHMETIC.DSP.DSP48E2 |
    | i_synth/MULT.OP/i_non_prim.MULT/DSP48E1_SPD_SGL_VARIANT.FIX_MULT/DSP2/i_no_versal_es1_workaround.DSP/DSP_ALU_INST                     | ARITHMETIC.DSP.DSP48E2 |
    | i_synth/MULT.OP/i_non_prim.MULT/DSP48E1_SPD_SGL_VARIANT.FIX_MULT/DSP2/i_no_versal_es1_workaround.DSP/DSP_OUTPUT_INST                  | ARITHMETIC.DSP.DSP48E2 |
    | i_synth/MULT.OP/i_non_prim.R_AND_R/LAT_OPT.FULL.R_AND_R/DSP48E1_SGL_EXP_IP.OLD_ADD.ADD/i_no_versal_es1_workaround.DSP/DSP_ALU_INST    | ARITHMETIC.DSP.DSP48E2 |
    | i_synth/MULT.OP/i_non_prim.R_AND_R/LAT_OPT.FULL.R_AND_R/DSP48E1_SGL_EXP_IP.OLD_ADD.ADD/i_no_versal_es1_workaround.DSP/DSP_OUTPUT_INST | ARITHMETIC.DSP.DSP48E2 |
    | i_synth/MULT.OP/i_non_prim.MULT/DSP48E1_SPD_SGL_VARIANT.FIX_MULT/DSP2/RESULT_REG.NORMAL.exp_op[4]_i_3                                 | CLB.LUT.LUT4           |
    | i_synth/MULT.OP/i_non_prim.EXP/EXP_ADD.C_CHAIN/RESULT_REG.NORMAL.exp_op[1]_i_1                                                        | CLB.LUT.LUT5           |
    | i_synth/MULT.OP/i_non_prim.OP/RESULT_REG.NORMAL.exp_op_reg[1]                                                                         | REGISTER.SDR.FDRE      |
    | dataflow_in_loop_VITIS_LOOP_149_1_1_U0/getLocalImages_single_U0/fsub_32ns_32ns_32_4_full_dsp_1_U3/din1_buf1_reg[15]                   | REGISTER.SDR.FDRE      |
    | i_synth/MULT.OP/i_non_prim.MULT/DSP48E1_SPD_SGL_VARIANT.FIX_MULT/DSP1/i_no_versal_es1_workaround.DSP/DSP_A_B_DATA_INST                | ARITHMETIC.DSP.DSP48E2 |
    | i_synth/MULT.OP/i_non_prim.MULT/DSP48E1_SPD_SGL_VARIANT.FIX_MULT/DSP1/i_no_versal_es1_workaround.DSP/DSP_PREADD_DATA_INST             | ARITHMETIC.DSP.DSP48E2 |
    | i_synth/MULT.OP/i_non_prim.MULT/DSP48E1_SPD_SGL_VARIANT.FIX_MULT/DSP1/i_no_versal_es1_workaround.DSP/DSP_MULTIPLIER_INST              | ARITHMETIC.DSP.DSP48E2 |
    | i_synth/MULT.OP/i_non_prim.MULT/DSP48E1_SPD_SGL_VARIANT.FIX_MULT/DSP1/i_no_versal_es1_workaround.DSP/DSP_M_DATA_INST                  | ARITHMETIC.DSP.DSP48E2 |
    | i_synth/MULT.OP/i_non_prim.MULT/DSP48E1_SPD_SGL_VARIANT.FIX_MULT/DSP1/i_no_versal_es1_workaround.DSP/DSP_ALU_INST                     | ARITHMETIC.DSP.DSP48E2 |
    | i_synth/MULT.OP/i_non_prim.MULT/DSP48E1_SPD_SGL_VARIANT.FIX_MULT/DSP1/i_no_versal_es1_workaround.DSP/DSP_OUTPUT_INST                  | ARITHMETIC.DSP.DSP48E2 |
    | i_synth/MULT.OP/i_non_prim.MULT/DSP48E1_SPD_SGL_VARIANT.FIX_MULT/DSP2/i_no_versal_es1_workaround.DSP/DSP_ALU_INST                     | ARITHMETIC.DSP.DSP48E2 |
    | i_synth/MULT.OP/i_non_prim.MULT/DSP48E1_SPD_SGL_VARIANT.FIX_MULT/DSP2/i_no_versal_es1_workaround.DSP/DSP_OUTPUT_INST                  | ARITHMETIC.DSP.DSP48E2 |
    | i_synth/MULT.OP/i_non_prim.R_AND_R/LAT_OPT.FULL.R_AND_R/DSP48E1_SGL_EXP_IP.OLD_ADD.ADD/i_no_versal_es1_workaround.DSP/DSP_ALU_INST    | ARITHMETIC.DSP.DSP48E2 |
    | i_synth/MULT.OP/i_non_prim.R_AND_R/LAT_OPT.FULL.R_AND_R/DSP48E1_SGL_EXP_IP.OLD_ADD.ADD/i_no_versal_es1_workaround.DSP/DSP_OUTPUT_INST | ARITHMETIC.DSP.DSP48E2 |
    | i_synth/MULT.OP/i_non_prim.MULT/DSP48E1_SPD_SGL_VARIANT.FIX_MULT/DSP2/RESULT_REG.NORMAL.exp_op[4]_i_3                                 | CLB.LUT.LUT4           |
    | i_synth/MULT.OP/i_non_prim.EXP/EXP_ADD.C_CHAIN/RESULT_REG.NORMAL.exp_op[2]_i_1                                                        | CLB.LUT.LUT5           |
    | i_synth/MULT.OP/i_non_prim.OP/RESULT_REG.NORMAL.exp_op_reg[2]                                                                         | REGISTER.SDR.FDRE      |
    | dataflow_in_loop_VITIS_LOOP_149_1_1_U0/getLocalImages_single_U0/fsub_32ns_32ns_32_4_full_dsp_1_U3/din1_buf1_reg[15]                   | REGISTER.SDR.FDRE      |
    | i_synth/MULT.OP/i_non_prim.MULT/DSP48E1_SPD_SGL_VARIANT.FIX_MULT/DSP1/i_no_versal_es1_workaround.DSP/DSP_A_B_DATA_INST                | ARITHMETIC.DSP.DSP48E2 |
    | i_synth/MULT.OP/i_non_prim.MULT/DSP48E1_SPD_SGL_VARIANT.FIX_MULT/DSP1/i_no_versal_es1_workaround.DSP/DSP_PREADD_DATA_INST             | ARITHMETIC.DSP.DSP48E2 |
    | i_synth/MULT.OP/i_non_prim.MULT/DSP48E1_SPD_SGL_VARIANT.FIX_MULT/DSP1/i_no_versal_es1_workaround.DSP/DSP_MULTIPLIER_INST              | ARITHMETIC.DSP.DSP48E2 |
    | i_synth/MULT.OP/i_non_prim.MULT/DSP48E1_SPD_SGL_VARIANT.FIX_MULT/DSP1/i_no_versal_es1_workaround.DSP/DSP_M_DATA_INST                  | ARITHMETIC.DSP.DSP48E2 |
    | i_synth/MULT.OP/i_non_prim.MULT/DSP48E1_SPD_SGL_VARIANT.FIX_MULT/DSP1/i_no_versal_es1_workaround.DSP/DSP_ALU_INST                     | ARITHMETIC.DSP.DSP48E2 |
    | i_synth/MULT.OP/i_non_prim.MULT/DSP48E1_SPD_SGL_VARIANT.FIX_MULT/DSP1/i_no_versal_es1_workaround.DSP/DSP_OUTPUT_INST                  | ARITHMETIC.DSP.DSP48E2 |
    | i_synth/MULT.OP/i_non_prim.MULT/DSP48E1_SPD_SGL_VARIANT.FIX_MULT/DSP2/i_no_versal_es1_workaround.DSP/DSP_ALU_INST                     | ARITHMETIC.DSP.DSP48E2 |
    | i_synth/MULT.OP/i_non_prim.MULT/DSP48E1_SPD_SGL_VARIANT.FIX_MULT/DSP2/i_no_versal_es1_workaround.DSP/DSP_OUTPUT_INST                  | ARITHMETIC.DSP.DSP48E2 |
    | i_synth/MULT.OP/i_non_prim.R_AND_R/LAT_OPT.FULL.R_AND_R/DSP48E1_SGL_EXP_IP.OLD_ADD.ADD/i_no_versal_es1_workaround.DSP/DSP_ALU_INST    | ARITHMETIC.DSP.DSP48E2 |
    | i_synth/MULT.OP/i_non_prim.R_AND_R/LAT_OPT.FULL.R_AND_R/DSP48E1_SGL_EXP_IP.OLD_ADD.ADD/i_no_versal_es1_workaround.DSP/DSP_OUTPUT_INST | ARITHMETIC.DSP.DSP48E2 |
    | i_synth/MULT.OP/i_non_prim.MULT/DSP48E1_SPD_SGL_VARIANT.FIX_MULT/DSP2/RESULT_REG.NORMAL.exp_op[4]_i_3                                 | CLB.LUT.LUT4           |
    | i_synth/MULT.OP/i_non_prim.EXP/EXP_ADD.C_CHAIN/RESULT_REG.NORMAL.exp_op[3]_i_1                                                        | CLB.LUT.LUT5           |
    | i_synth/MULT.OP/i_non_prim.OP/RESULT_REG.NORMAL.exp_op_reg[3]                                                                         | REGISTER.SDR.FDRE      |
    | dataflow_in_loop_VITIS_LOOP_149_1_1_U0/getLocalImages_single_U0/fsub_32ns_32ns_32_4_full_dsp_1_U3/din1_buf1_reg[15]                   | REGISTER.SDR.FDRE      |
    | i_synth/MULT.OP/i_non_prim.MULT/DSP48E1_SPD_SGL_VARIANT.FIX_MULT/DSP1/i_no_versal_es1_workaround.DSP/DSP_A_B_DATA_INST                | ARITHMETIC.DSP.DSP48E2 |
    | i_synth/MULT.OP/i_non_prim.MULT/DSP48E1_SPD_SGL_VARIANT.FIX_MULT/DSP1/i_no_versal_es1_workaround.DSP/DSP_PREADD_DATA_INST             | ARITHMETIC.DSP.DSP48E2 |
    | i_synth/MULT.OP/i_non_prim.MULT/DSP48E1_SPD_SGL_VARIANT.FIX_MULT/DSP1/i_no_versal_es1_workaround.DSP/DSP_MULTIPLIER_INST              | ARITHMETIC.DSP.DSP48E2 |
    | i_synth/MULT.OP/i_non_prim.MULT/DSP48E1_SPD_SGL_VARIANT.FIX_MULT/DSP1/i_no_versal_es1_workaround.DSP/DSP_M_DATA_INST                  | ARITHMETIC.DSP.DSP48E2 |
    | i_synth/MULT.OP/i_non_prim.MULT/DSP48E1_SPD_SGL_VARIANT.FIX_MULT/DSP1/i_no_versal_es1_workaround.DSP/DSP_ALU_INST                     | ARITHMETIC.DSP.DSP48E2 |
    | i_synth/MULT.OP/i_non_prim.MULT/DSP48E1_SPD_SGL_VARIANT.FIX_MULT/DSP1/i_no_versal_es1_workaround.DSP/DSP_OUTPUT_INST                  | ARITHMETIC.DSP.DSP48E2 |
    | i_synth/MULT.OP/i_non_prim.MULT/DSP48E1_SPD_SGL_VARIANT.FIX_MULT/DSP2/i_no_versal_es1_workaround.DSP/DSP_ALU_INST                     | ARITHMETIC.DSP.DSP48E2 |
    | i_synth/MULT.OP/i_non_prim.MULT/DSP48E1_SPD_SGL_VARIANT.FIX_MULT/DSP2/i_no_versal_es1_workaround.DSP/DSP_OUTPUT_INST                  | ARITHMETIC.DSP.DSP48E2 |
    | i_synth/MULT.OP/i_non_prim.R_AND_R/LAT_OPT.FULL.R_AND_R/DSP48E1_SGL_EXP_IP.OLD_ADD.ADD/i_no_versal_es1_workaround.DSP/DSP_ALU_INST    | ARITHMETIC.DSP.DSP48E2 |
    | i_synth/MULT.OP/i_non_prim.R_AND_R/LAT_OPT.FULL.R_AND_R/DSP48E1_SGL_EXP_IP.OLD_ADD.ADD/i_no_versal_es1_workaround.DSP/DSP_OUTPUT_INST | ARITHMETIC.DSP.DSP48E2 |
    | i_synth/MULT.OP/i_non_prim.MULT/DSP48E1_SPD_SGL_VARIANT.FIX_MULT/DSP2/RESULT_REG.NORMAL.exp_op[4]_i_3                                 | CLB.LUT.LUT4           |
    | i_synth/MULT.OP/i_non_prim.EXP/EXP_ADD.C_CHAIN/RESULT_REG.NORMAL.exp_op[4]_i_1                                                        | CLB.LUT.LUT5           |
    | i_synth/MULT.OP/i_non_prim.OP/RESULT_REG.NORMAL.exp_op_reg[4]                                                                         | REGISTER.SDR.FDRE      |
    +---------------------------------------------------------------------------------------------------------------------------------------+------------------------+


================================================================
== RTL Synthesis Vivado Reports
================================================================
+--------------------------+--------------------------------------------------------------------+
| Report Type              | Report Location                                                    |
+--------------------------+--------------------------------------------------------------------+
| design_analysis          | impl/verilog/report/reconstruct_design_analysis_synth.rpt          |
| failfast                 | impl/verilog/report/reconstruct_failfast_synth.rpt                 |
| power                    | impl/verilog/report/reconstruct_power_synth.rpt                    |
| timing                   | impl/verilog/report/reconstruct_timing_synth.rpt                   |
| timing_paths             | impl/verilog/report/reconstruct_timing_paths_synth.rpt             |
| utilization              | impl/verilog/report/reconstruct_utilization_synth.rpt              |
| utilization_hierarchical | impl/verilog/report/reconstruct_utilization_hierarchical_synth.rpt |
+--------------------------+--------------------------------------------------------------------+


